16:31:42 apf.py[line:161] INFO 
16:31:42 apf.py[line:162] INFO 0
16:31:42 apf.py[line:84] INFO [0.         6.         0.39269908 0.         0.        ]
16:31:42 apf.py[line:85] INFO [array([0., 2.]), array([4., 2.]), array([5., 4.]), array([5., 6.]), array([7., 9.])]
16:31:42 apf.py[line:49] INFO n = [0.01079711 0.00223887 0.00287811 0.00410819 0.00023082]
16:31:42 apf.py[line:50] INFO beta = [0.12071541 0.03539967 0.04332132 0.05741375 0.00491335]
16:31:42 apf.py[line:58] INFO theta_robo_ob = [-1.5707963267948966, -0.7853981633974483, -0.3805063771123649, 0.0, 0.40489178628508343]
16:31:42 apf.py[line:59] INFO psi = -0.4636476090008061
16:31:42 apf.py[line:60] INFO tan(psi_hat) = [-0.28731316839472704, 0.7672431827291459]
16:31:42 apf.py[line:62] INFO psi_hat = -0.35831006258676046
16:31:42 apf.py[line:65] INFO term1 = 0.0 * cos(-1.5707963267948966 - -0.4636476090008061) + 0.04 * 8.94427190999916 = 0.35777087639996635
16:31:42 apf.py[line:69] INFO term1 = 0.35777087639996635
16:31:42 apf.py[line:73] INFO theta_term_tmp = 0.0 * sin(-1.5707963267948966 - -0.35831006258676046)/0.35777087639996635 = -0.0
16:31:42 apf.py[line:78] INFO [v, theta] = [0.35777087639996635, -0.35831006258676046]
16:31:43 apf.py[line:161] INFO 
16:31:43 apf.py[line:162] INFO 1
16:31:43 apf.py[line:84] INFO [ 2.58910119e-04  6.00010661e+00  3.90604687e-01  1.40000000e-02
 -1.04719755e-01]
16:31:43 apf.py[line:85] INFO [array([0., 2.]), array([4., 2.]), array([5., 4.]), array([5., 6.]), array([7., 9.])]
16:31:43 apf.py[line:49] INFO n = [0.01079594 0.0022391  0.00287864 0.00410918 0.00023094]
16:31:43 apf.py[line:50] INFO beta = [0.12070625 0.03540276 0.043328   0.05742496 0.00491577]
16:31:43 apf.py[line:58] INFO theta_robo_ob = [-1.5708610525994282, -0.7854438541990167, -0.38054261525369926, -2.13229711822618e-05, 0.4048923115631907]
16:31:43 apf.py[line:59] INFO psi = -0.4636991863926548
16:31:43 apf.py[line:60] INFO tan(psi_hat) = [-0.287360921555444, 0.7672078305410784]
16:31:43 apf.py[line:62] INFO psi_hat = -0.3583797819052878
16:31:43 apf.py[line:65] INFO term1 = 0.013999999999999999 * cos(-1.5687019316925035 - -0.4636991863926548) + 0.04 * 8.944213766840969 = 0.3640563983995686
16:31:43 apf.py[line:69] INFO term1 = 0.3640563983995686
16:31:43 apf.py[line:73] INFO theta_term_tmp = 0.013999999999999999 * sin(-1.5687019316925035 - -0.3583797819052878)/0.36429202140816763 = -0.03596075325267932
16:31:43 apf.py[line:78] INFO [v, theta] = [0.36429202140816763, -0.3943482902675624]
16:31:43 apf.py[line:161] INFO 
16:31:43 apf.py[line:162] INFO 2
16:31:43 apf.py[line:84] INFO [ 7.77618939e-04  6.00031766e+00  3.86415896e-01  2.80000000e-02
 -2.09439510e-01]
16:31:43 apf.py[line:85] INFO [array([0., 2.]), array([4., 2.]), array([5., 4.]), array([5., 6.]), array([7., 9.])]
16:31:43 apf.py[line:49] INFO n = [0.01079361 0.00223955 0.00287971 0.00411116 0.00023118]
16:31:43 apf.py[line:50] INFO beta = [0.12068811 0.03540901 0.04334143 0.05744741 0.0049206 ]
16:31:43 apf.py[line:58] INFO theta_robo_ob = [-1.5709907160900214, -0.7855350807737461, -0.38061478662974557, -6.354130230352853e-05, 0.40489367023614287]
16:31:43 apf.py[line:59] INFO psi = -0.46380205224718296
16:31:43 apf.py[line:60] INFO tan(psi_hat) = [-0.28745595277312275, 0.7671371341749869]
16:31:43 apf.py[line:62] INFO psi_hat = -0.35851868239437706
16:31:43 apf.py[line:65] INFO term1 = 0.027999999999999997 * cos(-1.5645131414877174 - -0.46380205224718296) + 0.04 * 8.944097879537821 = 0.3704468589888704
16:31:43 apf.py[line:69] INFO term1 = 0.3704468589888704
16:31:43 apf.py[line:73] INFO theta_term_tmp = 0.027999999999999997 * sin(-1.5645131414877174 - -0.35851868239437706)/0.3713692061361287 = -0.07043514813875232
16:31:43 apf.py[line:78] INFO [v, theta] = [0.3713692061361287, -0.42901220035858956]
16:31:43 apf.py[line:161] INFO 
16:31:43 apf.py[line:162] INFO 3
16:31:43 apf.py[line:84] INFO [ 1.55765588e-03  6.00062933e+00  3.80132711e-01  4.20000000e-02
 -3.14159265e-01]
16:31:43 apf.py[line:85] INFO [array([0., 2.]), array([4., 2.]), array([5., 4.]), array([5., 6.]), array([7., 9.])]
16:31:43 apf.py[line:49] INFO n = [0.01079016 0.00224024 0.00288133 0.00411414 0.00023154]
16:31:43 apf.py[line:50] INFO beta = [0.12066135 0.03541851 0.04336169 0.05748117 0.00492786]
16:31:43 apf.py[line:58] INFO theta_robo_ob = [-1.5711856794863228, -0.7856715688285303, -0.3807223561125109, -0.00012590598649971674, 0.40489640162897866]
16:31:43 apf.py[line:59] INFO psi = -0.4639556963094867
16:31:43 apf.py[line:60] INFO tan(psi_hat) = [-0.28759742598237314, 0.7670311064260884]
16:31:43 apf.py[line:62] INFO psi_hat = -0.3587258196384259
16:31:43 apf.py[line:65] INFO term1 = 0.041999999999999996 * cos(-1.5582299561805382 - -0.4639556963094867) + 0.04 * 8.943924968016256 = 0.3770220408780649
16:31:43 apf.py[line:69] INFO term1 = 0.3770220408780649
16:31:43 apf.py[line:73] INFO theta_term_tmp = 0.041999999999999996 * sin(-1.5582299561805382 - -0.3587258196384259)/0.37904803048620167 = -0.10325364358034286
16:31:43 apf.py[line:78] INFO [v, theta] = [0.37904803048620167, -0.46216381899432735]
16:31:43 apf.py[line:161] INFO 
16:31:43 apf.py[line:162] INFO 4
16:31:43 apf.py[line:84] INFO [ 2.60115005e-03  6.00103618e+00  3.71755131e-01  5.60000000e-02
 -4.18879020e-01]
16:31:43 apf.py[line:85] INFO [array([0., 2.]), array([4., 2.]), array([5., 4.]), array([5., 6.]), array([7., 9.])]
16:31:43 apf.py[line:49] INFO n = [0.01078567 0.00224117 0.0028835  0.00411813 0.00023202]
16:31:43 apf.py[line:50] INFO beta = [0.12062644 0.03543139 0.04338891 0.05752636 0.00493754]
16:31:43 apf.py[line:58] INFO theta_robo_ob = [-1.571446445807014, -0.7858529179820279, -0.380864552688772, -0.00020734290218119895, 0.4049012763899563]
16:31:43 apf.py[line:59] INFO psi = -0.46415937883173775
16:31:43 apf.py[line:60] INFO tan(psi_hat) = [-0.2877841372553672, 0.7668897706450734]
16:31:43 apf.py[line:62] INFO psi_hat = -0.3589998326371228
16:31:43 apf.py[line:65] INFO term1 = 0.055999999999999994 * cos(-1.549852375770966 - -0.46415937883173775) + 0.04 * 8.943696078815693 = 0.38386063028911677
16:31:43 apf.py[line:69] INFO term1 = 0.38386063028911677
16:31:43 apf.py[line:73] INFO theta_term_tmp = 0.055999999999999994 * sin(-1.549852375770966 - -0.3589998326371228)/0.38736758743683697 = -0.1342559080756209
16:31:43 apf.py[line:78] INFO [v, theta] = [0.38736758743683697, -0.49366236687362014]
16:31:43 apf.py[line:161] INFO 
16:31:43 apf.py[line:162] INFO 5
16:31:43 apf.py[line:84] INFO [ 3.91077170e-03  6.00153104e+00  3.61283155e-01  7.00000000e-02
 -5.23598776e-01]
16:31:43 apf.py[line:85] INFO [array([0., 2.]), array([4., 2.]), array([5., 4.]), array([5., 6.]), array([7., 9.])]
16:31:43 apf.py[line:49] INFO n = [0.0107802  0.00224237 0.00288625 0.00412314 0.00023263]
16:31:43 apf.py[line:50] INFO beta = [0.12058403 0.03544784 0.04342326 0.05758309 0.00494964]
16:31:43 apf.py[line:58] INFO theta_robo_ob = [-1.5717736453290008, -0.7860785921562496, -0.3810403615315914, -0.00030644767520245157, 0.4049092965441101]
16:31:43 apf.py[line:59] INFO psi = -0.4644121191117735
16:31:43 apf.py[line:60] INFO tan(psi_hat) = [-0.28801450520750826, 0.7667131689360307]
16:31:43 apf.py[line:62] INFO psi_hat = -0.3593389293635259
16:31:43 apf.py[line:65] INFO term1 = 0.06999999999999999 * cos(-1.5393804002589997 - -0.4644121191117735) + 0.04 * 8.943412592838913 = 0.39103971369506324
16:31:43 apf.py[line:69] INFO term1 = 0.39103971369506324
16:31:43 apf.py[line:73] INFO theta_term_tmp = 0.06999999999999999 * sin(-1.5393804002589997 - -0.3593389293635259)/0.39635992807711296 = -0.1632948288628795
16:31:43 apf.py[line:78] INFO [v, theta] = [0.39635992807711296, -0.523368322010732]
16:31:43 apf.py[line:161] INFO 
16:31:43 apf.py[line:162] INFO 6
16:31:43 apf.py[line:84] INFO [ 5.48965577e-03  6.00210508e+00  3.48716785e-01  8.40000000e-02
 -6.28318531e-01]
16:31:43 apf.py[line:85] INFO [array([0., 2.]), array([4., 2.]), array([5., 4.]), array([5., 6.]), array([7., 9.])]
16:31:43 apf.py[line:49] INFO n = [0.01077385 0.00224385 0.00288958 0.00412919 0.00023335]
16:31:43 apf.py[line:50] INFO beta = [0.1205349  0.03546807 0.04346494 0.05765153 0.00496417]
16:31:43 apf.py[line:58] INFO theta_robo_ob = [-1.5721680179965651, -0.78634790723311, -0.38124851390714865, -0.0004214792739559754, 0.40492169536280315]
16:31:43 apf.py[line:59] INFO psi = -0.4647126808571404
16:31:43 apf.py[line:60] INFO tan(psi_hat) = [-0.28828655888284926, 0.7665013727982721]
16:31:43 apf.py[line:62] INFO psi_hat = -0.3597408683589546
16:31:43 apf.py[line:65] INFO term1 = 0.08399999999999999 * cos(-1.5268140296446404 - -0.4647126808571404) + 0.04 * 8.94307623493461 = 0.3986342313784368
16:31:43 apf.py[line:69] INFO term1 = 0.3986342313784368
16:31:43 apf.py[line:73] INFO theta_term_tmp = 0.08399999999999999 * sin(-1.5268140296446404 - -0.3597408683589546)/0.40604965005756105 = -0.19023978602705247
16:31:43 apf.py[line:78] INFO [v, theta] = [0.40604965005756105, -0.55114725565424]
16:31:43 apf.py[line:161] INFO 
16:31:43 apf.py[line:162] INFO 7
16:31:43 apf.py[line:84] INFO [ 0.00734131  6.00274772  0.33405602  0.098      -0.73303829]
16:31:43 apf.py[line:85] INFO [array([0., 2.]), array([4., 2.]), array([5., 4.]), array([5., 6.]), array([7., 9.])]
16:31:43 apf.py[line:49] INFO n = [0.01076674 0.00224562 0.00289353 0.0041363  0.0002342 ]
16:31:43 apf.py[line:50] INFO beta = [0.12048004 0.03549237 0.04351421 0.05773187 0.00498111]
16:31:43 apf.py[line:58] INFO theta_robo_ob = [-1.5726303917227975, -0.7866600160437905, -0.3814874750494822, -0.0005503525366585744, 0.4049399368900852]
16:31:43 apf.py[line:59] INFO psi = -0.4650597836776518
16:31:43 apf.py[line:60] INFO tan(psi_hat) = [-0.28859806456110815, 0.7662543427343559]
16:31:43 apf.py[line:62] INFO psi_hat = -0.3602031640498345
16:31:43 apf.py[line:65] INFO term1 = 0.09799999999999999 * cos(-1.5142476590302811 - -0.4650597836776518) + 0.04 * 8.942685528053602 = 0.40653840439411415
16:31:43 apf.py[line:69] INFO term1 = 0.40653840439411415
16:31:43 apf.py[line:73] INFO theta_term_tmp = 0.09799999999999999 * sin(-1.5142476590302811 - -0.3602031640498345)/0.4162977208520497 = -0.2152595075355743
16:31:43 apf.py[line:78] INFO [v, theta] = [0.4162977208520497, -0.577160723357542]
16:31:43 apf.py[line:161] INFO 
16:31:43 apf.py[line:162] INFO 8
16:31:43 apf.py[line:84] INFO [ 0.00946949  6.00344661  0.31730086  0.112      -0.83775804]
16:31:43 apf.py[line:85] INFO [array([0., 2.]), array([4., 2.]), array([5., 4.]), array([5., 6.]), array([7., 9.])]
16:31:43 apf.py[line:49] INFO n = [0.010759   0.00224773 0.00289811 0.00414448 0.00023517]
16:31:43 apf.py[line:50] INFO beta = [0.12042059 0.03552103 0.04357135 0.05782432 0.00500048]
16:31:43 apf.py[line:58] INFO theta_robo_ob = [-1.5731616565195452, -0.7870138907795314, -0.38175543017125574, -0.0006906298804293853, 0.4049657149296255]
16:31:43 apf.py[line:59] INFO psi = -0.46545197233055846
16:31:43 apf.py[line:60] INFO tan(psi_hat) = [-0.28894644882823456, 0.7659720232610657]
16:31:43 apf.py[line:62] INFO psi_hat = -0.36072295820263517
16:31:43 apf.py[line:65] INFO term1 = 0.11199999999999999 * cos(-1.5016812884159219 - -0.46545197233055846) + 0.04 * 8.94223794612109 = 0.41474999035382826
16:31:43 apf.py[line:69] INFO term1 = 0.41474999035382826
16:31:43 apf.py[line:73] INFO theta_term_tmp = 0.11199999999999999 * sin(-1.5016812884159219 - -0.36072295820263517)/0.4270634404272885 = -0.23839953705519804
16:31:43 apf.py[line:78] INFO [v, theta] = [0.4270634404272885, -0.6014404961737511]
16:31:43 apf.py[line:161] INFO 
16:31:43 apf.py[line:162] INFO 9
16:31:43 apf.py[line:84] INFO [ 0.01187809  6.00418759  0.2984513   0.126      -0.9424778 ]
16:31:43 apf.py[line:85] INFO [array([0., 2.]), array([4., 2.]), array([5., 4.]), array([5., 6.]), array([7., 9.])]
16:31:43 apf.py[line:49] INFO n = [0.01075078 0.00225018 0.00290334 0.00415376 0.00023626]
16:31:43 apf.py[line:50] INFO beta = [0.1203579  0.03555443 0.0436367  0.05792915 0.00502225]
16:31:43 apf.py[line:58] INFO theta_robo_ob = [-1.5737627343900367, -0.7874083029366286, -0.3820502688176717, -0.0008395124953307135, 0.4050009512585063]
16:31:43 apf.py[line:59] INFO psi = -0.4658876069763249
16:31:43 apf.py[line:60] INFO tan(psi_hat) = [-0.2893287935623543, 0.7656543556484443]
16:31:43 apf.py[line:62] INFO psi_hat = -0.3612970087627175
16:31:43 apf.py[line:65] INFO term1 = 0.126 * cos(-1.4891149178015626 - -0.4658876069763249) + 0.04 * 8.941730006025086 = 0.4232664650810304
16:31:43 apf.py[line:69] INFO term1 = 0.4232664650810304
16:31:43 apf.py[line:73] INFO theta_term_tmp = 0.126 * sin(-1.4891149178015626 - -0.3612970087627175)/0.43830773671191253 = -0.25972244565616776
16:31:43 apf.py[line:78] INFO [v, theta] = [0.43830773671191253, -0.6240317829935959]
16:31:43 apf.py[line:161] INFO 
16:31:43 apf.py[line:162] INFO 10
16:31:43 apf.py[line:84] INFO [ 0.01457096  6.00495468  0.27750735  0.14       -1.04719755]
16:31:43 apf.py[line:85] INFO [array([0., 2.]), array([4., 2.]), array([5., 4.]), array([5., 6.]), array([7., 9.])]
16:31:43 apf.py[line:49] INFO n = [0.01074225 0.00225301 0.00290927 0.00416416 0.00023747]
16:31:43 apf.py[line:50] INFO beta = [0.12029346 0.03559295 0.0437106  0.0580466  0.00504643]
16:31:43 apf.py[line:58] INFO theta_robo_ob = [-1.574434544920929, -0.7878418009365894, -0.38236956781377174, -0.0009938313838217523, 0.4050477927963449]
16:31:43 apf.py[line:59] INFO psi = -0.466364852590309
16:31:43 apf.py[line:60] INFO tan(psi_hat) = [-0.28974183112902047, 0.765301292612117]
16:31:43 apf.py[line:62] INFO psi_hat = -0.3619216779609802
16:31:43 apf.py[line:65] INFO term1 = 0.14 * cos(-1.4765485471872033 - -0.466364852590309) + 0.04 * 8.941157376420103 = 0.43208501661224297
16:31:43 apf.py[line:69] INFO term1 = 0.43208501661224297
16:31:43 apf.py[line:73] INFO theta_term_tmp = 0.14 * sin(-1.4765485471872033 - -0.3619216779609802)/0.44999339660095955 = -0.27930300391613033
16:31:43 apf.py[line:78] INFO [v, theta] = [0.44999339660095955, -0.6449898263751229]
16:31:43 apf.py[line:161] INFO 
16:31:43 apf.py[line:162] INFO 11
16:31:43 apf.py[line:84] INFO [ 0.01755178  6.00573001  0.254469    0.154      -1.15191731]
16:31:43 apf.py[line:85] INFO [array([0., 2.]), array([4., 2.]), array([5., 4.]), array([5., 6.]), array([7., 9.])]
16:31:43 apf.py[line:49] INFO n = [0.01073361 0.00225626 0.00291592 0.00417571 0.00023879]
16:31:43 apf.py[line:50] INFO beta = [0.12022895 0.03563704 0.04379346 0.05817694 0.00507299]
16:31:43 apf.py[line:58] INFO theta_robo_ob = [-1.575177966518444, -0.7883126855952339, -0.38271057310318546, -0.0011500386674485623, 0.405108607420314]
16:31:43 apf.py[line:59] INFO psi = -0.4668816677100256
16:31:43 apf.py[line:60] INFO tan(psi_hat) = [-0.2901819401066042, 0.7649128150451311]
16:31:43 apf.py[line:62] INFO psi_hat = -0.3625929199542013
16:31:43 apf.py[line:65] INFO term1 = 0.15400000000000003 * cos(-1.463982176572844 - -0.4668816677100256) + 0.04 * 8.940515004687553 = 0.4412025400042311
16:31:43 apf.py[line:69] INFO term1 = 0.4412025400042311
16:31:43 apf.py[line:73] INFO theta_term_tmp = 0.15400000000000003 * sin(-1.463982176572844 - -0.3625929199542013)/0.46208520708548817 = -0.29722406977191673
16:31:43 apf.py[line:78] INFO [v, theta] = [0.46208520708548817, -0.6643769346037218]
16:31:43 apf.py[line:161] INFO 
16:31:43 apf.py[line:162] INFO 12
16:31:43 apf.py[line:84] INFO [ 0.0208238   6.00649384  0.22933626  0.168      -1.25663706]
16:31:43 apf.py[line:85] INFO [array([0., 2.]), array([4., 2.]), array([5., 4.]), array([5., 6.]), array([7., 9.])]
16:31:43 apf.py[line:49] INFO n = [0.01072506 0.00225996 0.00292332 0.00418842 0.00024024]
16:31:43 apf.py[line:50] INFO beta = [0.12016622 0.03568716 0.04388568 0.05832043 0.00510191]
16:31:43 apf.py[line:58] INFO theta_robo_ob = [-1.575993793247149, -0.788818983652637, -0.3830701808294654, -0.0013041996483211008, 0.40518597807901935]
16:31:43 apf.py[line:59] INFO psi = -0.46743579272886543
16:31:43 apf.py[line:60] INFO tan(psi_hat) = [-0.29064514190265245, 0.7644889508736838]
16:31:43 apf.py[line:62] INFO psi_hat = -0.3633062683048465
16:31:43 apf.py[line:65] INFO term1 = 0.16800000000000004 * cos(-1.4514158059584847 - -0.46743579272886543) + 0.04 * 8.93979726346253 = 0.45061563307904406
16:31:43 apf.py[line:69] INFO term1 = 0.45061563307904406
16:31:43 apf.py[line:73] INFO theta_term_tmp = 0.16800000000000004 * sin(-1.4514158059584847 - -0.3633062683048465)/0.4745500241104752 = -0.3135732034760553
16:31:43 apf.py[line:78] INFO [v, theta] = [0.4745500241104752, -0.6822599681800801]
16:31:44 apf.py[line:161] INFO 
16:31:44 apf.py[line:162] INFO 13
16:31:44 apf.py[line:84] INFO [ 0.02438971  6.00722452  0.20210913  0.182      -1.36135682]
16:31:44 apf.py[line:85] INFO [array([0., 2.]), array([4., 2.]), array([5., 4.]), array([5., 6.]), array([7., 9.])]
16:31:44 apf.py[line:49] INFO n = [0.01071683 0.00226414 0.00293151 0.00420232 0.0002418 ]
16:31:44 apf.py[line:50] INFO beta = [0.12010729 0.03574382 0.04398767 0.05847733 0.00513315]
16:31:44 apf.py[line:58] INFO theta_robo_ob = [-1.5768826872504198, -0.7893584196198524, -0.38344491806999953, -0.0014519861831248316, 0.40528269482143436]
16:31:44 apf.py[line:59] INFO psi = -0.4680247379813734
16:31:44 apf.py[line:60] INFO tan(psi_hat) = [-0.2911270986628222, 0.7640297961145509]
16:31:44 apf.py[line:62] INFO psi_hat = -0.3640568236499984
16:31:44 apf.py[line:65] INFO term1 = 0.18200000000000005 * cos(-1.4388494353441255 - -0.4680247379813734) + 0.04 * 8.938998118169538 = 0.46032059326962926
16:31:44 apf.py[line:69] INFO term1 = 0.46032059326962926
16:31:44 apf.py[line:73] INFO theta_term_tmp = 0.18200000000000005 * sin(-1.4388494353441255 - -0.3640568236499984)/0.4873567854894395 = -0.3284399691252354
16:31:44 apf.py[line:78] INFO [v, theta] = [0.4873567854894395, -0.6987082666927398]
16:31:44 apf.py[line:161] INFO 
16:31:44 apf.py[line:162] INFO 14
16:31:44 apf.py[line:84] INFO [ 0.02825134  6.00789848  0.1727876   0.196      -1.46607657]
16:31:44 apf.py[line:85] INFO [array([0., 2.]), array([4., 2.]), array([5., 4.]), array([5., 6.]), array([7., 9.])]
16:31:44 apf.py[line:49] INFO n = [0.01070918 0.00226886 0.00294052 0.00421743 0.00024348]
16:31:44 apf.py[line:50] INFO beta = [0.12005434 0.03580754 0.04409987 0.05864786 0.00516667]
16:31:44 apf.py[line:58] INFO theta_robo_ob = [-1.5778451267593372, -0.789928386248942, -0.38383092369755833, -0.0015886720020108578, 0.40540174432191417]
16:31:44 apf.py[line:59] INFO psi = -0.46864577190258033
16:31:44 apf.py[line:60] INFO tan(psi_hat) = [-0.2916231129155555, 0.763535538199778]
16:31:44 apf.py[line:62] INFO psi_hat = -0.36483924195787304
16:31:44 apf.py[line:65] INFO term1 = 0.19600000000000006 * cos(-1.4262830647297662 - -0.46864577190258033) + 0.04 * 8.938111317001619 = 0.4703134157594178
16:31:44 apf.py[line:69] INFO term1 = 0.4703134157594178
16:31:44 apf.py[line:73] INFO theta_term_tmp = 0.19600000000000006 * sin(-1.4262830647297662 - -0.36483924195787304)/0.5004764822743527 = -0.3419138518716615
16:31:44 apf.py[line:78] INFO [v, theta] = [0.5004764822743527, -0.7137919816820613]
16:31:44 apf.py[line:161] INFO 
16:31:44 apf.py[line:162] INFO 15
16:31:44 apf.py[line:84] INFO [ 0.03240944  6.00849027  0.14137167  0.21       -1.57079633]
16:31:44 apf.py[line:85] INFO [array([0., 2.]), array([4., 2.]), array([5., 4.]), array([5., 6.]), array([7., 9.])]
16:31:44 apf.py[line:49] INFO n = [0.01070236 0.00227414 0.00295039 0.00423377 0.00024527]
16:31:44 apf.py[line:50] INFO beta = [0.12000973 0.03587888 0.04422272 0.05883221 0.00520239]
16:31:44 apf.py[line:58] INFO theta_robo_ob = [-1.5788813497323537, -0.7905259139906026, -0.384223929916161, -0.0017091306833512821, 0.4055462964497013]
16:31:44 apf.py[line:59] INFO psi = -0.4692959095844575
16:31:44 apf.py[line:60] INFO tan(psi_hat) = [-0.2921281294378694, 0.7630064816152423]
16:31:44 apf.py[line:62] INFO psi_hat = -0.3656477238250878
16:31:44 apf.py[line:65] INFO term1 = 0.21000000000000008 * cos(-1.413716694115407 - -0.4692959095844575) + 0.04 * 8.937130604720718 = 0.4805897931394178
16:31:44 apf.py[line:69] INFO term1 = 0.4805897931394178
16:31:44 apf.py[line:73] INFO theta_term_tmp = 0.21000000000000008 * sin(-1.413716694115407 - -0.3656477238250878)/0.5138821007810117 = -0.3540827058576318
16:31:44 apf.py[line:78] INFO [v, theta] = [0.5138821007810117, -0.7275807701066522]
16:31:44 apf.py[line:161] INFO 
16:31:44 apf.py[line:162] INFO 16
16:31:44 apf.py[line:84] INFO [ 0.03686341  6.00897255  0.10786135  0.224      -1.67551608]
16:31:44 apf.py[line:85] INFO [array([0., 2.]), array([4., 2.]), array([5., 4.]), array([5., 6.]), array([7., 9.])]
16:31:44 apf.py[line:49] INFO n = [0.01069667 0.00228003 0.00296115 0.00425134 0.00024716]
16:31:44 apf.py[line:50] INFO beta = [0.11997599 0.0359584  0.04435664 0.05903053 0.00524025]
16:31:44 apf.py[line:58] INFO theta_robo_ob = [-1.5799912932121791, -0.7911476398691998, -0.38461924509632217, -0.00180783707738205, 0.40571968740252556]
16:31:44 apf.py[line:59] INFO psi = -0.46997190209624895
16:31:44 apf.py[line:60] INFO tan(psi_hat) = [-0.2926367398704155, 0.762443075872776]
16:31:44 apf.py[line:62] INFO psi_hat = -0.36647600532962726
16:31:44 apf.py[line:65] INFO term1 = 0.2240000000000001 * cos(-1.4011503235010476 - -0.46997190209624895) + 0.04 * 8.936049961544898 = 0.4911451168352309
16:31:44 apf.py[line:69] INFO term1 = 0.4911451168352309
16:31:44 apf.py[line:73] INFO theta_term_tmp = 0.2240000000000001 * sin(-1.4011503235010476 - -0.36647600532962726)/0.5275485452658887 = -0.36503164515095526
16:31:44 apf.py[line:78] INFO [v, theta] = [0.5275485452658887, -0.7401427988520045]
16:31:44 apf.py[line:161] INFO 
16:31:44 apf.py[line:162] INFO 17
16:31:44 apf.py[line:84] INFO [ 0.04161099  6.00931619  0.07225663  0.238      -1.78023584]
16:31:44 apf.py[line:85] INFO [array([0., 2.]), array([4., 2.]), array([5., 4.]), array([5., 6.]), array([7., 9.])]
16:31:44 apf.py[line:49] INFO n = [0.0106924  0.00228658 0.00297283 0.00427015 0.00024916]
16:31:44 apf.py[line:50] INFO beta = [0.11995577 0.03604669 0.04450204 0.05924291 0.00528013]
16:31:44 apf.py[line:58] INFO theta_robo_ob = [-1.5811745285397378, -0.791789776278872, -0.3850117386199125, -0.001878873056117968, 0.4059253989004094]
16:31:44 apf.py[line:59] INFO psi = -0.4706702269820561
16:31:44 apf.py[line:60] INFO tan(psi_hat) = [-0.29314319065304406, 0.7618459457992577]
16:31:44 apf.py[line:62] INFO psi_hat = -0.367317351024537
16:31:44 apf.py[line:65] INFO term1 = 0.2380000000000001 * cos(-1.3885839528866883 - -0.4706702269820561) + 0.04 * 8.934863868211703 = 0.5019744805831898
16:31:44 apf.py[line:69] INFO term1 = 0.5019744805831898
16:31:44 apf.py[line:73] INFO theta_term_tmp = 0.2380000000000001 * sin(-1.3885839528866883 - -0.367317351024537)/0.5414525492008707 = -0.3748422943480299
16:31:44 apf.py[line:78] INFO [v, theta] = [0.5414525492008707, -0.7515440111663463]
16:31:44 apf.py[line:161] INFO 
16:31:44 apf.py[line:162] INFO 18
16:31:44 apf.py[line:84] INFO [ 0.04664798  6.00949033  0.03455752  0.252      -1.88495559]
16:31:44 apf.py[line:85] INFO [array([0., 2.]), array([4., 2.]), array([5., 4.]), array([5., 6.]), array([7., 9.])]
16:31:44 apf.py[line:49] INFO n = [0.0106899  0.00229383 0.00298547 0.00429021 0.00025125]
16:31:44 apf.py[line:50] INFO beta = [0.11995191 0.03614434 0.0446593  0.05946934 0.00532192]
16:31:44 apf.py[line:58] INFO theta_robo_ob = [-1.582430192628523, -0.7924480802869974, -0.3853958285365618, -0.0019159385520129118, 0.4061670329194893]
16:31:44 apf.py[line:59] INFO psi = -0.4713870803982208
16:31:44 apf.py[line:60] INFO tan(psi_hat) = [-0.293641394895183, 0.7612159240788414]
16:31:44 apf.py[line:62] INFO psi_hat = -0.3681645497370905
16:31:44 apf.py[line:65] INFO term1 = 0.2520000000000001 * cos(-1.376017582272329 - -0.4713870803982208) + 0.04 * 8.933567598057984 = 0.5130726862585188
16:31:44 apf.py[line:69] INFO term1 = 0.5130726862585188
16:31:44 apf.py[line:73] INFO theta_term_tmp = 0.2520000000000001 * sin(-1.376017582272329 - -0.3681645497370905)/0.5555725812805965 = -0.38359232388354564
16:31:44 apf.py[line:78] INFO [v, theta] = [0.5555725812805965, -0.7618476092083943]
16:31:44 apf.py[line:161] INFO 
16:31:44 apf.py[line:162] INFO 19
16:31:44 apf.py[line:84] INFO [ 5.19679042e-02  6.00946247e+00 -5.23598776e-03  2.66000000e-01
 -1.98967535e+00]
16:31:44 apf.py[line:85] INFO [array([0., 2.]), array([4., 2.]), array([5., 4.]), array([5., 6.]), array([7., 9.])]
16:31:44 apf.py[line:49] INFO n = [0.01068949 0.00230183 0.0029991  0.0043115  0.00025343]
16:31:44 apf.py[line:50] INFO beta = [0.11996737 0.03625192 0.04482877 0.05970973 0.00536547]
16:31:44 apf.py[line:58] INFO theta_robo_ob = [-1.583756915577167, -0.7931178241231411, -0.3857654729312167, -0.0019123689314693617, 0.4064482814387284]
16:31:44 apf.py[line:59] INFO psi = -0.47211837140425794
16:31:44 apf.py[line:60] INFO tan(psi_hat) = [-0.2941249488379133, 0.7605540859244946]
16:31:44 apf.py[line:62] INFO psi_hat = -0.3690099139288766
16:31:44 apf.py[line:65] INFO term1 = 0.2660000000000001 * cos(-1.3634512116579698 - -0.47211837140425794) + 0.04 * 8.932157536625366 = 0.5244342523779193
16:31:44 apf.py[line:69] INFO term1 = 0.5244342523779193
16:31:44 apf.py[line:73] INFO theta_term_tmp = 0.2660000000000001 * sin(-1.3634512116579698 - -0.3690099139288766)/0.5698887507532656 = -0.3913552052020283
16:31:44 apf.py[line:78] INFO [v, theta] = [0.5698887507532656, -0.7711137117349703]
16:31:44 apf.py[line:161] INFO 
16:31:44 apf.py[line:162] INFO 20
16:31:44 apf.py[line:84] INFO [ 0.05756169  6.00919868 -0.04712389  0.28       -2.0943951 ]
16:31:44 apf.py[line:85] INFO [array([0., 2.]), array([4., 2.]), array([5., 4.]), array([5., 6.]), array([7., 9.])]
16:31:44 apf.py[line:49] INFO n = [0.01069153 0.00231062 0.00301374 0.00433401 0.00025569]
16:31:44 apf.py[line:50] INFO beta = [0.12000523 0.03637    0.04501072 0.05996385 0.00541059]
16:31:44 apf.py[line:58] INFO theta_robo_ob = [-1.5851527449846645, -0.7937937676328044, -0.3861141660051138, -0.0018611598284955626, 0.4067728906774136]
16:31:44 apf.py[line:59] INFO psi = -0.47285971897352824
16:31:44 apf.py[line:60] INFO tan(psi_hat) = [-0.294587153606066, 0.7598617856802949]
16:31:44 apf.py[line:62] INFO psi_hat = -0.3698452834752464
16:31:44 apf.py[line:65] INFO term1 = 0.28000000000000014 * cos(-1.3508848410436105 - -0.47285971897352824) + 0.04 * 8.930631528878001 = 0.5360534256130014
16:31:44 apf.py[line:69] INFO term1 = 0.5360534256130014
16:31:44 apf.py[line:73] INFO theta_term_tmp = 0.28000000000000014 * sin(-1.3508848410436105 - -0.3698452834752464)/0.5843827153858394 = -0.39820013134003757
16:31:44 apf.py[line:78] INFO [v, theta] = [0.5843827153858394, -0.779399151428722]
16:31:44 apf.py[line:161] INFO 
16:31:44 apf.py[line:162] INFO 21
16:31:44 apf.py[line:84] INFO [ 0.06341841  6.00867598 -0.08901179  0.294      -2.0943951 ]
16:31:44 apf.py[line:85] INFO [array([0., 2.]), array([4., 2.]), array([5., 4.]), array([5., 6.]), array([7., 9.])]
16:31:44 apf.py[line:49] INFO n = [0.01069628 0.00232023 0.0030294  0.00435771 0.00025802]
16:31:44 apf.py[line:50] INFO beta = [0.1200675  0.0364989  0.04520524 0.06023139 0.00545714]
16:31:44 apf.py[line:58] INFO theta_robo_ob = [-1.5866152952679589, -0.7944718038147872, -0.3864371499236733, -0.0017574855605977913, 0.4071431864627307]
16:31:44 apf.py[line:59] INFO psi = -0.4736077313518211
16:31:44 apf.py[line:60] INFO tan(psi_hat) = [-0.29502333227121225, 0.7591404349610434]
16:31:44 apf.py[line:62] INFO psi_hat = -0.3706647704564284
16:31:44 apf.py[line:65] INFO term1 = 0.29400000000000015 * cos(-1.3383184704292512 - -0.4736077313518211) + 0.04 * 8.928993862045076 = 0.5479246661193611
16:31:44 apf.py[line:69] INFO term1 = 0.5479246661193611
16:31:44 apf.py[line:73] INFO theta_term_tmp = 0.29400000000000015 * sin(-1.3383184704292512 - -0.3706647704564284)/0.5990378402580403 = -0.40419113075750107
16:31:44 apf.py[line:78] INFO [v, theta] = [0.5990378402580403, -0.7867591034634183]
16:31:44 apf.py[line:161] INFO 
16:31:44 apf.py[line:162] INFO 22
16:31:44 apf.py[line:84] INFO [ 0.06952571  6.00787194 -0.13089969  0.308      -2.0943951 ]
16:31:44 apf.py[line:85] INFO [array([0., 2.]), array([4., 2.]), array([5., 4.]), array([5., 6.]), array([7., 9.])]
16:31:44 apf.py[line:49] INFO n = [0.01070396 0.00233069 0.00304609 0.00438257 0.00026041]
16:31:44 apf.py[line:50] INFO beta = [0.12015614 0.03663889 0.04541235 0.06051191 0.00550493]
16:31:44 apf.py[line:58] INFO theta_robo_ob = [-1.588141875143971, -0.7951476997886056, -0.3867296256801629, -0.0015965871234024907, 0.4075613633209223]
16:31:44 apf.py[line:59] INFO psi = -0.47435898113078634
16:31:44 apf.py[line:60] INFO tan(psi_hat) = [-0.29542887389861616, 0.758391598930538]
16:31:44 apf.py[line:62] INFO psi_hat = -0.37146247703153956
16:31:44 apf.py[line:65] INFO term1 = 0.30800000000000016 * cos(-1.325752099814892 - -0.47435898113078634) + 0.04 * 8.927250159768432 = 0.560042258358831
16:31:44 apf.py[line:69] INFO term1 = 0.560042258358831
16:31:44 apf.py[line:73] INFO theta_term_tmp = 0.30800000000000016 * sin(-1.325752099814892 - -0.37146247703153956)/0.6138388318311677 = -0.409387899569632
16:31:44 apf.py[line:78] INFO [v, theta] = [0.6138388318311677, -0.7932455405429643]
16:31:44 apf.py[line:161] INFO 
16:31:44 apf.py[line:162] INFO 23
16:31:44 apf.py[line:84] INFO [ 0.07586981  6.00676472 -0.1727876   0.322      -2.0943951 ]
16:31:44 apf.py[line:85] INFO [array([0., 2.]), array([4., 2.]), array([5., 4.]), array([5., 6.]), array([7., 9.])]
16:31:44 apf.py[line:49] INFO n = [0.01071482 0.00234201 0.00306382 0.00440856 0.00026285]
16:31:44 apf.py[line:50] INFO beta = [0.12027306 0.03679022 0.04563201 0.06080493 0.00555378]
16:31:44 apf.py[line:58] INFO theta_robo_ob = [-1.5897294943250255, -0.795817105939425, -0.38698676530657594, -0.0013737879657293758, 0.4080294743992135]
16:31:44 apf.py[line:59] INFO psi = -0.4751100136682684
16:31:44 apf.py[line:60] INFO tan(psi_hat) = [-0.29579924341949493, 0.7576169981604132]
16:31:44 apf.py[line:62] INFO psi_hat = -0.37223250241464795
16:31:44 apf.py[line:65] INFO term1 = 0.3220000000000002 * cos(-1.3131857292005327 - -0.4751100136682684) + 0.04 * 8.925407392112636 = 0.5724003228757899
16:31:44 apf.py[line:69] INFO term1 = 0.5724003228757899
16:31:44 apf.py[line:73] INFO theta_term_tmp = 0.3220000000000002 * sin(-1.3131857292005327 - -0.37223250241464795)/0.6287716418820645 = -0.4138459844449473
16:31:44 apf.py[line:78] INFO [v, theta] = [0.6287716418820645, -0.7989072738709875]
16:31:44 apf.py[line:161] INFO 
16:31:44 apf.py[line:162] INFO 24
16:31:44 apf.py[line:84] INFO [ 0.08243556  6.00533315 -0.2146755   0.336      -2.0943951 ]
16:31:44 apf.py[line:85] INFO [array([0., 2.]), array([4., 2.]), array([5., 4.]), array([5., 6.]), array([7., 9.])]
16:31:44 apf.py[line:49] INFO n = [0.01072908 0.00235423 0.00308257 0.00443563 0.00026534]
16:31:44 apf.py[line:50] INFO beta = [0.12042013 0.0369531  0.04586416 0.06110988 0.0056035 ]
16:31:44 apf.py[line:58] INFO theta_robo_ob = [-1.5913748703754, -0.7964755652504303, -0.3872037244121893, -0.0010845101931579741, 0.4085494214774748]
16:31:44 apf.py[line:59] INFO psi = -0.47585735564287307
16:31:44 apf.py[line:60] INFO tan(psi_hat) = [-0.2961299911304665, 0.7568185101944617]
16:31:44 apf.py[line:62] INFO psi_hat = -0.37296894958847504
16:31:44 apf.py[line:65] INFO term1 = 0.3360000000000002 * cos(-1.3006193585861734 - -0.47585735564287307) + 0.04 * 8.923473882712123 = 0.5849928288910426
16:31:44 apf.py[line:69] INFO term1 = 0.5849928288910426
16:31:44 apf.py[line:73] INFO theta_term_tmp = 0.3360000000000002 * sin(-1.3006193585861734 - -0.37296894958847504)/0.6438233775808739 = -0.4176170032184654
16:31:44 apf.py[line:78] INFO [v, theta] = [0.6438233775808739, -0.8037900381693162]
16:31:44 apf.py[line:161] INFO 
16:31:44 apf.py[line:162] INFO 25
16:31:44 apf.py[line:84] INFO [ 0.08920643  6.00355685 -0.2565634   0.35       -2.0943951 ]
16:31:44 apf.py[line:85] INFO [array([0., 2.]), array([4., 2.]), array([5., 4.]), array([5., 6.]), array([7., 9.])]
16:31:44 apf.py[line:49] INFO n = [0.01074698 0.00236736 0.00310236 0.00446372 0.00026786]
16:31:44 apf.py[line:50] INFO beta = [0.12059918 0.03712773 0.04610867 0.06142612 0.00565387]
16:31:44 apf.py[line:58] INFO theta_robo_ob = [-1.5930744356677864, -0.7971185228396, -0.38737565507964883, -0.000724291210785882, 0.40912294510284386]
16:31:44 apf.py[line:59] INFO psi = -0.476597523742129
16:31:44 apf.py[line:60] INFO tan(psi_hat) = [-0.29641676184665433, 0.7559981707729341]
16:31:44 apf.py[line:62] INFO psi_hat = -0.3736659318587216
16:31:44 apf.py[line:65] INFO term1 = 0.3500000000000002 * cos(-1.2880529879718141 - -0.476597523742129) + 0.04 * 8.921459313043803 = 0.5978136076511866
16:31:44 apf.py[line:69] INFO term1 = 0.5978136076511866
16:31:44 apf.py[line:73] INFO theta_term_tmp = 0.3500000000000002 * sin(-1.2880529879718141 - -0.3736659318587216)/0.6589822178925883 = -0.4207488869731858
16:31:44 apf.py[line:78] INFO [v, theta] = [0.6589822178925883, -0.8079366075407771]
16:31:45 apf.py[line:161] INFO 
16:31:45 apf.py[line:162] INFO 26
16:31:45 apf.py[line:84] INFO [ 0.09616461  6.00141623 -0.2984513   0.364      -2.0943951 ]
16:31:45 apf.py[line:85] INFO [array([0., 2.]), array([4., 2.]), array([5., 4.]), array([5., 6.]), array([7., 9.])]
16:31:45 apf.py[line:49] INFO n = [0.01076875 0.00238141 0.00312317 0.00449279 0.0002704 ]
16:31:45 apf.py[line:50] INFO beta = [0.12081198 0.03731423 0.04636534 0.0617529  0.00570466]
16:31:45 apf.py[line:58] INFO theta_robo_ob = [-1.5948243443850803, -0.7977413357212597, -0.3874977191484609, -0.0002888008098415011, 0.4097516148844711]
16:31:45 apf.py[line:59] INFO psi = -0.4773270334833516
16:31:45 apf.py[line:60] INFO tan(psi_hat) = [-0.29665530373479093, 0.7551581746662412]
16:31:45 apf.py[line:62] INFO psi_hat = -0.37431757935681115
16:31:45 apf.py[line:65] INFO term1 = 0.3640000000000002 * cos(-1.2754866173574548 - -0.4773270334833516) + 0.04 * 8.91937472380758 = 0.6108563664663668
16:31:45 apf.py[line:69] INFO term1 = 0.6108563664663668
16:31:45 apf.py[line:73] INFO theta_term_tmp = 0.3640000000000002 * sin(-1.2754866173574548 - -0.37431757935681115)/0.6742373362453716 = -0.42328613153026623
16:31:45 apf.py[line:78] INFO [v, theta] = [0.6742373362453716, -0.8113869318561757]
16:31:45 apf.py[line:161] INFO 
16:31:45 apf.py[line:162] INFO 27
16:31:45 apf.py[line:84] INFO [ 0.10329098  5.99889265 -0.3403392   0.378      -2.0943951 ]
16:31:45 apf.py[line:85] INFO [array([0., 2.]), array([4., 2.]), array([5., 4.]), array([5., 6.]), array([7., 9.])]
16:31:45 apf.py[line:49] INFO n = [0.01079461 0.00239642 0.003145   0.00452276 0.00027295]
16:31:45 apf.py[line:50] INFO beta = [0.12106026 0.03751272 0.04663394 0.06208942 0.00575565]
16:31:45 apf.py[line:58] INFO theta_robo_ob = [-1.5966204795198153, -0.7983392828159305, -0.3875651019151681, 0.00022614130418606483, 0.41043681998952836]
16:31:45 apf.py[line:59] INFO psi = -0.47804240816582205
16:31:45 apf.py[line:60] INFO tan(psi_hat) = [-0.2968414768521133, 0.754300876061875]
16:31:45 apf.py[line:62] INFO psi_hat = -0.37491804560327113
16:31:45 apf.py[line:65] INFO term1 = 0.3780000000000002 * cos(-1.2629202467430956 - -0.47804240816582205) + 0.04 * 8.917232513391056 = 0.6241147033645191
16:31:45 apf.py[line:69] INFO term1 = 0.6241147033645191
16:31:45 apf.py[line:73] INFO theta_term_tmp = 0.3780000000000002 * sin(-1.2629202467430956 - -0.37491804560327113)/0.6895788292444877 = -0.4252700495853206
16:31:45 apf.py[line:78] INFO [v, theta] = [0.6895788292444877, -0.8141782857085067]
16:31:45 apf.py[line:161] INFO 
16:31:45 apf.py[line:162] INFO 28
16:31:45 apf.py[line:84] INFO [ 0.11056521  5.99596843 -0.38222711  0.392      -2.0943951 ]
16:31:45 apf.py[line:85] INFO [array([0., 2.]), array([4., 2.]), array([5., 4.]), array([5., 6.]), array([7., 9.])]
16:31:45 apf.py[line:49] INFO n = [0.0108248  0.00241237 0.00316781 0.00455356 0.0002755 ]
16:31:45 apf.py[line:50] INFO beta = [0.12134569 0.03772327 0.04691415 0.06243477 0.00580658]
16:31:45 apf.py[line:58] INFO theta_robo_ob = [-1.5984584598306688, -0.7989075752348458, -0.38757302627821444, 0.0008245475522110029, 0.4111797598855614]
16:31:45 apf.py[line:59] INFO psi = -0.4787401879521634
16:31:45 apf.py[line:60] INFO tan(psi_hat) = [-0.29697126141604097, 0.7534287884422931]
16:31:45 apf.py[line:62] INFO psi_hat = -0.37546151424812074
16:31:45 apf.py[line:65] INFO term1 = 0.39200000000000024 * cos(-1.2503538761287363 - -0.4787401879521634) + 0.04 * 8.915046433388282 = 0.6375821222856497
16:31:45 apf.py[line:69] INFO term1 = 0.6375821222856497
16:31:45 apf.py[line:73] INFO theta_term_tmp = 0.39200000000000024 * sin(-1.2503538761287363 - -0.37546151424812074)/0.7049976511016529 = -0.4267390172868156
16:31:45 apf.py[line:78] INFO [v, theta] = [0.7049976511016529, -0.8163454238886393]
16:31:45 apf.py[line:161] INFO 
16:31:45 apf.py[line:162] INFO 29
16:31:45 apf.py[line:84] INFO [ 0.11796581  5.99262693 -0.42411501  0.406      -2.0943951 ]
16:31:45 apf.py[line:85] INFO [array([0., 2.]), array([4., 2.]), array([5., 4.]), array([5., 6.]), array([7., 9.])]
16:31:45 apf.py[line:49] INFO n = [0.01085952 0.0024293  0.00319161 0.00458512 0.00027804]
16:31:45 apf.py[line:50] INFO beta = [0.12166991 0.03794592 0.04720562 0.06278795 0.00585719]
16:31:45 apf.py[line:58] INFO theta_robo_ob = [-1.600333646722714, -0.79944136686804, -0.38751676735351515, 0.0015102441102756853, 0.41198143537811177]
16:31:45 apf.py[line:59] INFO psi = -0.47941693907581895
16:31:45 apf.py[line:60] INFO tan(psi_hat) = [-0.2970407658287274, 0.7525445838850409]
16:31:45 apf.py[line:62] INFO psi_hat = -0.3759422061085931
16:31:45 apf.py[line:65] INFO term1 = 0.40600000000000025 * cos(-1.237787505514377 - -0.47941693907581895) + 0.04 * 8.912831581136063 = 0.6512520487354012
16:31:45 apf.py[line:69] INFO term1 = 0.6512520487354012
16:31:45 apf.py[line:73] INFO theta_term_tmp = 0.40600000000000025 * sin(-1.237787505514377 - -0.3759422061085931)/0.7204855533816905 = -0.4277287110108025
16:31:45 apf.py[line:78] INFO [v, theta] = [0.7204855533816905, -0.8179207388649176]
16:31:45 apf.py[line:161] INFO 
16:31:45 apf.py[line:162] INFO 30
16:31:45 apf.py[line:84] INFO [ 0.12547013  5.98885265 -0.46600291  0.42       -2.0943951 ]
16:31:45 apf.py[line:85] INFO [array([0., 2.]), array([4., 2.]), array([5., 4.]), array([5., 6.]), array([7., 9.])]
16:31:45 apf.py[line:49] INFO n = [0.01089901 0.0024472  0.00321635 0.00461734 0.00028054]
16:31:45 apf.py[line:50] INFO beta = [0.12203449 0.03818064 0.04750791 0.06314788 0.00590723]
16:31:45 apf.py[line:58] INFO theta_robo_ob = [-1.6022411510254697, -0.7999357653070813, -0.3873916675839742, 0.0022868521555494633, 0.41284263999622295]
16:31:45 apf.py[line:59] INFO psi = -0.4800692631703082
16:31:45 apf.py[line:60] INFO tan(psi_hat) = [-0.2970462344797107, 0.7516510917096195]
16:31:45 apf.py[line:62] INFO psi_hat = -0.37635438662829723
16:31:45 apf.py[line:65] INFO term1 = 0.42000000000000026 * cos(-1.2252211349000177 - -0.4800692631703082) + 0.04 * 8.910604389224888 = 0.665117845813163
16:31:45 apf.py[line:69] INFO term1 = 0.665117845813163
16:31:45 apf.py[line:73] INFO theta_term_tmp = 0.42000000000000026 * sin(-1.2252211349000177 - -0.37635438662829723)/0.7360350296304661 = -0.4282723315643808
16:31:45 apf.py[line:78] INFO [v, theta] = [0.7360350296304661, -0.818934416958458]
16:31:45 apf.py[line:161] INFO 
16:31:45 apf.py[line:162] INFO 31
16:31:45 apf.py[line:84] INFO [ 0.13306329  5.98464715 -0.50579642  0.434      -1.98967535]
16:31:45 apf.py[line:85] INFO [array([0., 2.]), array([4., 2.]), array([5., 4.]), array([5., 6.]), array([7., 9.])]
16:31:45 apf.py[line:49] INFO n = [0.0109433  0.00246608 0.00324202 0.00465017 0.00028301]
16:31:45 apf.py[line:50] INFO beta = [0.12243944 0.03842723 0.0478206  0.06351379 0.00595654]
16:31:45 apf.py[line:58] INFO theta_robo_ob = [-1.6041779187943204, -0.8003889771512163, -0.3871965863910404, 0.003154508847864918, 0.41376248446170905]
16:31:45 apf.py[line:59] INFO psi = -0.48069584671797144
16:31:45 apf.py[line:60] INFO tan(psi_hat) = [-0.2969870795151506, 0.7507501962641842]
16:31:45 apf.py[line:62] INFO psi_hat = -0.376696358248715
16:31:45 apf.py[line:65] INFO term1 = 0.4340000000000003 * cos(-1.2126547642856584 - -0.48069584671797144) + 0.04 * 8.908382136621743 = 0.6791734032264083
16:31:45 apf.py[line:69] INFO term1 = 0.6791734032264083
16:31:45 apf.py[line:73] INFO theta_term_tmp = 0.4340000000000003 * sin(-1.2126547642856584 - -0.376696358248715)/0.7516392852398376 = -0.4283992598241724
16:31:45 apf.py[line:78] INFO [v, theta] = [0.7516392852398376, -0.8194168550483321]
16:31:45 apf.py[line:161] INFO 
16:31:45 apf.py[line:162] INFO 32
16:31:45 apf.py[line:84] INFO [ 0.14073221  5.98001366 -0.54349553  0.448      -1.88495559]
16:31:45 apf.py[line:85] INFO [array([0., 2.]), array([4., 2.]), array([5., 4.]), array([5., 6.]), array([7., 9.])]
16:31:45 apf.py[line:49] INFO n = [0.01099242 0.00248592 0.00326859 0.00468356 0.00028544]
16:31:45 apf.py[line:50] INFO beta = [0.12288466 0.03868549 0.04814329 0.06388499 0.00600499]
16:31:45 apf.py[line:58] INFO theta_robo_ob = [-1.606141332582195, -0.8007996168243338, -0.3869307783698885, 0.004113012016848448, 0.41473995954043125]
16:31:45 apf.py[line:59] INFO psi = -0.48129561877561544
16:31:45 apf.py[line:60] INFO tan(psi_hat) = [-0.29686297959715746, 0.7498436215391227]
16:31:45 apf.py[line:62] INFO psi_hat = -0.37696677801626227
16:31:45 apf.py[line:65] INFO term1 = 0.4480000000000003 * cos(-1.2000883936712992 - -0.48129561877561544) + 0.04 * 8.906181167910345 = 0.693412587380293
16:31:45 apf.py[line:69] INFO term1 = 0.693412587380293
16:31:45 apf.py[line:73] INFO theta_term_tmp = 0.4480000000000003 * sin(-1.2000883936712992 - -0.37696677801626227)/0.7672920456097363 = -0.4281366025433513
16:31:45 apf.py[line:78] INFO [v, theta] = [0.7672920456097363, -0.8193966127690493]
16:31:45 apf.py[line:161] INFO 
16:31:45 apf.py[line:162] INFO 33
16:31:45 apf.py[line:84] INFO [ 0.14846568  5.97495688 -0.57910025  0.462      -1.78023584]
16:31:45 apf.py[line:85] INFO [array([0., 2.]), array([4., 2.]), array([5., 4.]), array([5., 6.]), array([7., 9.])]
16:31:45 apf.py[line:49] INFO n = [0.01104639 0.00250672 0.00329606 0.00471745 0.00028782]
16:31:45 apf.py[line:50] INFO beta = [0.12336997 0.03895525 0.04847563 0.06426086 0.00605248]
16:31:45 apf.py[line:58] INFO theta_robo_ob = [-1.6081292354342638, -0.8011667020089316, -0.3865938752045094, 0.005161851991332127, 0.4157739631085752]
16:31:45 apf.py[line:59] INFO psi = -0.48186774082114386
16:31:45 apf.py[line:60] INFO tan(psi_hat) = [-0.2966738523900311, 0.7489329178914136]
16:31:45 apf.py[line:62] INFO psi_hat = -0.3771646346535809
16:31:45 apf.py[line:65] INFO term1 = 0.4620000000000003 * cos(-1.1875220230569399 - -0.48186774082114386) + 0.04 * 8.904016725626805 = 0.7078292440145543
16:31:45 apf.py[line:69] INFO term1 = 0.7078292440145543
16:31:45 apf.py[line:73] INFO theta_term_tmp = 0.4620000000000003 * sin(-1.1875220230569399 - -0.3771646346535809)/0.7829874987930918 = -0.4275093780709772
16:31:45 apf.py[line:78] INFO [v, theta] = [0.7829874987930918, -0.818900531482708]
16:31:45 apf.py[line:161] INFO 
16:31:45 apf.py[line:162] INFO 34
16:31:45 apf.py[line:84] INFO [ 0.15625447  5.96948283 -0.61261057  0.476      -1.67551608]
16:31:45 apf.py[line:85] INFO [array([0., 2.]), array([4., 2.]), array([5., 4.]), array([5., 6.]), array([7., 9.])]
16:31:45 apf.py[line:49] INFO n = [0.01110521 0.00252848 0.00332439 0.00475182 0.00029015]
16:31:45 apf.py[line:50] INFO beta = [0.1238951  0.03923631 0.04881732 0.06464086 0.00609893]
16:31:45 apf.py[line:58] INFO theta_robo_ob = [-1.610139949995968, -0.8014896476106871, -0.3861858673456364, 0.0063002423482245145, 0.41686332522864156]
16:31:45 apf.py[line:59] INFO psi = -0.4824115963218764
16:31:45 apf.py[line:60] INFO tan(psi_hat) = [-0.29641982912395365, 0.7480194506068553]
16:31:45 apf.py[line:62] INFO psi_hat = -0.37728922722375063
16:31:45 apf.py[line:65] INFO term1 = 0.4760000000000003 * cos(-1.1749556524425806 - -0.4824115963218764) + 0.04 * 8.901902807090796 = 0.7224172003500262
16:31:45 apf.py[line:69] INFO term1 = 0.7224172003500262
16:31:45 apf.py[line:73] INFO theta_term_tmp = 0.4760000000000003 * sin(-1.1749556524425806 - -0.37728922722375063)/0.7987202427292566 = -0.4265406872498079
16:31:45 apf.py[line:78] INFO [v, theta] = [0.7987202427292566, -0.8179538475008198]
16:31:45 apf.py[line:161] INFO 
16:31:45 apf.py[line:162] INFO 35
16:31:45 apf.py[line:84] INFO [ 0.16409138  5.96359871 -0.64402649  0.49       -1.57079633]
16:31:45 apf.py[line:85] INFO [array([0., 2.]), array([4., 2.]), array([5., 4.]), array([5., 6.]), array([7., 9.])]
16:31:45 apf.py[line:49] INFO n = [0.01116889 0.00255119 0.00335358 0.00478663 0.00029242]
16:31:45 apf.py[line:50] INFO beta = [0.12445973 0.03952855 0.04916808 0.06502454 0.00614426]
16:31:45 apf.py[line:58] INFO theta_robo_ob = [-1.612172293255929, -0.8017682587512307, -0.38570708595696734, 0.007527149099153744, 0.41800683101565567]
16:31:45 apf.py[line:59] INFO psi = -0.48292678034224645
16:31:45 apf.py[line:60] INFO tan(psi_hat) = [-0.29610123160387486, 0.7471043901649737]
16:31:45 apf.py[line:62] INFO psi_hat = -0.3773401458069654
16:31:45 apf.py[line:65] INFO term1 = 0.4900000000000003 * cos(-1.1623892818282213 - -0.48292678034224645) + 0.04 * 8.899852044920356 = 0.7371702668437835
16:31:45 apf.py[line:69] INFO term1 = 0.7371702668437835
16:31:45 apf.py[line:73] INFO theta_term_tmp = 0.4900000000000003 * sin(-1.1623892818282213 - -0.3773401458069654)/0.8144852367307324 = -0.4252518698237571
16:31:45 apf.py[line:78] INFO [v, theta] = [0.8144852367307324, -0.816580299348837]
16:31:45 apf.py[line:161] INFO 
16:31:45 apf.py[line:162] INFO 36
16:31:45 apf.py[line:84] INFO [ 0.1719713   5.95731275 -0.67334803  0.504      -1.46607657]
16:31:45 apf.py[line:85] INFO [array([0., 2.]), array([4., 2.]), array([5., 4.]), array([5., 6.]), array([7., 9.])]
16:31:45 apf.py[line:49] INFO n = [0.01123742 0.00257486 0.00338363 0.00482185 0.00029464]
16:31:45 apf.py[line:50] INFO beta = [0.12506348 0.03983183 0.04952772 0.06541154 0.00618843]
16:31:45 apf.py[line:58] INFO theta_robo_ob = [-1.6142255874086526, -0.8020027232431669, -0.3851581855846829, 0.008841317891292427, 0.41920324111935214]
16:31:45 apf.py[line:59] INFO psi = -0.4834130894723706
16:31:45 apf.py[line:60] INFO tan(psi_hat) = [-0.295718551978646, 0.7461887040647198]
16:31:45 apf.py[line:62] INFO psi_hat = -0.377317254565758
16:31:45 apf.py[line:65] INFO term1 = 0.5040000000000003 * cos(-1.149822911213862 - -0.4834130894723706) + 0.04 * 8.89787561028161 = 0.7520822386506496
16:31:45 apf.py[line:69] INFO term1 = 0.7520822386506496
16:31:45 apf.py[line:73] INFO theta_term_tmp = 0.5040000000000003 * sin(-1.149822911213862 - -0.377317254565758)/0.8302777568880466 = -0.42366264685914107
16:31:45 apf.py[line:78] INFO [v, theta] = [0.8302777568880466, -0.8148022290729654]
16:31:45 apf.py[line:161] INFO 
16:31:45 apf.py[line:162] INFO 37
16:31:45 apf.py[line:84] INFO [ 0.17989122  5.9506341  -0.70057516  0.518      -1.36135682]
16:31:45 apf.py[line:85] INFO [array([0., 2.]), array([4., 2.]), array([5., 4.]), array([5., 6.]), array([7., 9.])]
16:31:45 apf.py[line:49] INFO n = [0.01131079 0.00259949 0.00341452 0.00485748 0.00029681]
16:31:45 apf.py[line:50] INFO beta = [0.12570592 0.04014607 0.04989608 0.06580161 0.00623142]
16:31:45 apf.py[line:58] INFO theta_robo_ob = [-1.6162996672765522, -0.8021936039571623, -0.3845401279565055, 0.010241298853393458, 0.4204513096884971]
16:31:45 apf.py[line:59] INFO psi = -0.4838705123234641
16:31:45 apf.py[line:60] INFO tan(psi_hat) = [-0.2952724355400496, 0.7452731500650397]
16:31:45 apf.py[line:62] INFO psi_hat = -0.37722067753906874
16:31:45 apf.py[line:65] INFO term1 = 0.5180000000000003 * cos(-1.1372565405995028 - -0.4838705123234641) + 0.04 * 8.895983137843858 = 0.7671468968848795
16:31:45 apf.py[line:69] INFO term1 = 0.7671468968848795
16:31:45 apf.py[line:73] INFO theta_term_tmp = 0.5180000000000003 * sin(-1.1372565405995028 - -0.37722067753906874)/0.8460933550605408 = -0.4217912497825302
16:31:45 apf.py[line:78] INFO [v, theta] = [0.8460933550605408, -0.8126406777350681]
16:31:45 apf.py[line:161] INFO 
16:31:45 apf.py[line:162] INFO 38
16:31:45 apf.py[line:84] INFO [ 0.18785026  5.9435727  -0.7257079   0.532      -1.25663706]
16:31:45 apf.py[line:85] INFO [array([0., 2.]), array([4., 2.]), array([5., 4.]), array([5., 6.]), array([7., 9.])]
16:31:45 apf.py[line:49] INFO n = [0.01138898 0.00262508 0.00344627 0.0048935  0.00029891]
16:31:45 apf.py[line:50] INFO beta = [0.12638657 0.0404712  0.05027309 0.06619461 0.00627324]
16:31:45 apf.py[line:58] INFO theta_robo_ob = [-1.6183948846783245, -0.8023418314465368, -0.3838541672698032, 0.011725468768955524, 0.4217497997190196]
16:31:45 apf.py[line:59] INFO psi = -0.4842992208015795
16:31:45 apf.py[line:60] INFO tan(psi_hat) = [-0.29476366678263044, 0.744358270692691]
16:31:45 apf.py[line:62] INFO psi_hat = -0.37705078747648874
16:31:45 apf.py[line:65] INFO term1 = 0.5320000000000004 * cos(-1.1246901699851435 - -0.4842992208015795) + 0.04 * 8.894182671379168 = 0.7823580097695877
16:31:45 apf.py[line:69] INFO term1 = 0.7823580097695877
16:31:45 apf.py[line:73] INFO theta_term_tmp = 0.5320000000000004 * sin(-1.1246901699851435 - -0.37705078747648874)/0.8619278211257347 = -0.4196545366825227
16:31:45 apf.py[line:78] INFO [v, theta] = [0.8619278211257347, -0.8101154753414843]
16:31:46 apf.py[line:161] INFO 
16:31:46 apf.py[line:162] INFO 39
16:31:46 apf.py[line:84] INFO [ 0.19584963  5.93613923 -0.74874625  0.546      -1.15191731]
16:31:46 apf.py[line:85] INFO [array([0., 2.]), array([4., 2.]), array([5., 4.]), array([5., 6.]), array([7., 9.])]
16:31:46 apf.py[line:49] INFO n = [0.01147197 0.00265164 0.00347888 0.00492992 0.00030097]
16:31:46 apf.py[line:50] INFO beta = [0.12710492 0.04080721 0.05065873 0.06659049 0.00631391]
16:31:46 apf.py[line:58] INFO theta_robo_ob = [-1.620512110072453, -0.8024486971506165, -0.3831018372837106, 0.013292050305425228, 0.4230974957182772]
16:31:46 apf.py[line:59] INFO psi = -0.4846995623378775
16:31:46 apf.py[line:60] INFO tan(psi_hat) = [-0.2941931589224847, 0.7434443888699915]
16:31:46 apf.py[line:62] INFO psi_hat = -0.37680819800096627
16:31:46 apf.py[line:65] INFO term1 = 0.5460000000000004 * cos(-1.1121237993707842 - -0.4846995623378775) + 0.04 * 8.892480628957772 = 0.7977093337532728
16:31:46 apf.py[line:69] INFO term1 = 0.7977093337532728
16:31:46 apf.py[line:73] INFO theta_term_tmp = 0.5460000000000004 * sin(-1.1121237993707842 - -0.37680819800096627)/0.8777771481662578 = -0.41726809652840036
16:31:46 apf.py[line:78] INFO [v, theta] = [0.8777771481662578, -0.8072453255164069]
16:31:46 apf.py[line:161] INFO 
16:31:46 apf.py[line:162] INFO 40
16:31:46 apf.py[line:84] INFO [ 0.20389264  5.92834501 -0.7696902   0.56       -1.04719755]
16:31:46 apf.py[line:85] INFO [array([0., 2.]), array([4., 2.]), array([5., 4.]), array([5., 6.]), array([7., 9.])]
16:31:46 apf.py[line:49] INFO n = [0.01155971 0.00267918 0.00351236 0.00496676 0.00030296]
16:31:46 apf.py[line:50] INFO beta = [0.1278604  0.04115409 0.05105305 0.06698932 0.00635346]
16:31:46 apf.py[line:58] INFO theta_robo_ob = [-1.6226527317415564, -0.8025158474543183, -0.38228494048798606, 0.014939128071359133, 0.42449321364372367]
16:31:46 apf.py[line:59] INFO psi = -0.4850720532217396
16:31:46 apf.py[line:60] INFO tan(psi_hat) = [-0.29356194704569655, 0.7425316045172492]
16:31:46 apf.py[line:62] INFO psi_hat = -0.3764937593702837
16:31:46 apf.py[line:65] INFO term1 = 0.5600000000000004 * cos(-1.099557428756425 - -0.4850720532217396) + 0.04 * 8.89088178674065 = 0.8131946146629128
16:31:46 apf.py[line:69] INFO term1 = 0.8131946146629128
16:31:46 apf.py[line:73] INFO theta_term_tmp = 0.5600000000000004 * sin(-1.099557428756425 - -0.3764937593702837)/0.8936375002807843 = -0.41464634193701405
16:31:46 apf.py[line:78] INFO [v, theta] = [0.8936375002807843, -0.804047885268708]
16:31:46 apf.py[line:161] INFO 
16:31:46 apf.py[line:162] INFO 41
16:31:46 apf.py[line:84] INFO [ 0.21198469  5.92020196 -0.78853976  0.574      -0.9424778 ]
16:31:46 apf.py[line:85] INFO [array([0., 2.]), array([4., 2.]), array([5., 4.]), array([5., 6.]), array([7., 9.])]
16:31:46 apf.py[line:49] INFO n = [0.01165218 0.00270771 0.00354673 0.00500403 0.00030491]
16:31:46 apf.py[line:50] INFO beta = [0.12865241 0.04151192 0.05145618 0.0673913  0.00639198]
16:31:46 apf.py[line:58] INFO theta_robo_ob = [-1.6248186527162396, -0.8025452788381353, -0.3814055395813556, 0.016664661312494933, 0.4259358080956882]
16:31:46 apf.py[line:59] INFO psi = -0.4854173731525417
16:31:46 apf.py[line:60] INFO tan(psi_hat) = [-0.2928711850340776, 0.7416197919881423]
16:31:46 apf.py[line:62] INFO psi_hat = -0.37610855809376254
16:31:46 apf.py[line:65] INFO term1 = 0.5740000000000004 * cos(-1.0869910581420656 - -0.4854173731525417) + 0.04 * 8.889389280452654 = 0.8288075889518647
16:31:46 apf.py[line:69] INFO term1 = 0.8288075889518647
16:31:46 apf.py[line:73] INFO theta_term_tmp = 0.5740000000000004 * sin(-1.0869910581420656 - -0.37610855809376254)/0.9095051827138317 = -0.4118025910790993
16:31:46 apf.py[line:78] INFO [v, theta] = [0.9095051827138317, -0.8005398402193242]
16:31:46 apf.py[line:161] INFO 
16:31:46 apf.py[line:162] INFO 42
16:31:46 apf.py[line:84] INFO [ 0.22013318  5.91172259 -0.80529492  0.588      -0.83775804]
16:31:46 apf.py[line:85] INFO [array([0., 2.]), array([4., 2.]), array([5., 4.]), array([5., 6.]), array([7., 9.])]
16:31:46 apf.py[line:49] INFO n = [0.01174933 0.00273725 0.00358203 0.00504177 0.00030682]
16:31:46 apf.py[line:50] INFO beta = [0.12948028 0.04188079 0.05186834 0.06779673 0.00642953]
16:31:46 apf.py[line:58] INFO theta_robo_ob = [-1.627012285566548, -0.8025393343098166, -0.3804659514543096, 0.018466493092792722, 0.4274241767612061]
16:31:46 apf.py[line:59] INFO psi = -0.485736361096802
16:31:46 apf.py[line:60] INFO tan(psi_hat) = [-0.2921221463964149, 0.7407085982010694]
16:31:46 apf.py[line:62] INFO psi_hat = -0.3756539206500053
16:31:46 apf.py[line:65] INFO term1 = 0.5880000000000004 * cos(-1.0744246875277064 - -0.485736361096802) + 0.04 * 8.888004623728303 = 0.8445419850884495
16:31:46 apf.py[line:69] INFO term1 = 0.8445419850884495
16:31:46 apf.py[line:73] INFO theta_term_tmp = 0.5880000000000004 * sin(-1.0744246875277064 - -0.3756539206500053)/0.9253766140087163 = -0.4087491392640976
16:31:46 apf.py[line:78] INFO [v, theta] = [0.9253766140087163, -0.7967369756595974]
16:31:46 apf.py[line:161] INFO 
16:31:46 apf.py[line:162] INFO 43
16:31:46 apf.py[line:84] INFO [ 0.22834751  5.90291996 -0.81995568  0.602      -0.73303829]
16:31:46 apf.py[line:85] INFO [array([0., 2.]), array([4., 2.]), array([5., 4.]), array([5., 6.]), array([7., 9.])]
16:31:46 apf.py[line:49] INFO n = [0.01185111 0.00276782 0.00361827 0.00508003 0.00030868]
16:31:46 apf.py[line:50] INFO beta = [0.13034331 0.04226083 0.05228979 0.06820603 0.00646624]
16:31:46 apf.py[line:58] INFO theta_robo_ob = [-1.6292365451154842, -0.8025007012664481, -0.3794687438355355, 0.020342355837855264, 0.4289572621192101]
16:31:46 apf.py[line:59] INFO psi = -0.48603001250960326
16:31:46 apf.py[line:60] INFO tan(psi_hat) = [-0.29131622911654076, 0.7397974413352474]
16:31:46 apf.py[line:62] INFO psi_hat = -0.3751314215429676
16:31:46 apf.py[line:65] INFO term1 = 0.6020000000000004 * cos(-1.061858316913347 - -0.48603001250960326) + 0.04 * 8.886727742652942 = 0.86039152511791
16:31:46 apf.py[line:69] INFO term1 = 0.86039152511791
16:31:46 apf.py[line:73] INFO theta_term_tmp = 0.6020000000000004 * sin(-1.061858316913347 - -0.3751314215429676)/0.9412482998985908 = -0.4054973206833745
16:31:46 apf.py[line:78] INFO [v, theta] = [0.9412482998985908, -0.7926542438029786]
16:31:46 apf.py[line:161] INFO 
16:31:46 apf.py[line:162] INFO 44
16:31:46 apf.py[line:84] INFO [ 0.23663902  5.8938077  -0.83252205  0.616      -0.62831853]
16:31:46 apf.py[line:85] INFO [array([0., 2.]), array([4., 2.]), array([5., 4.]), array([5., 6.]), array([7., 9.])]
16:31:46 apf.py[line:49] INFO n = [0.01195744 0.00279943 0.0036555  0.00511885 0.00031052]
16:31:46 apf.py[line:50] INFO beta = [0.13124071 0.04265222 0.05272091 0.06861975 0.00650224]
16:31:46 apf.py[line:58] INFO theta_robo_ob = [-1.631494839052552, -0.8024324108931173, -0.37841673472715565, 0.02228987314592925, 0.43053405042729387]
16:31:46 apf.py[line:59] INFO psi = -0.48629947795252293
16:31:46 apf.py[line:60] INFO tan(psi_hat) = [-0.2904549646141234, 0.7388855099668994]
16:31:46 apf.py[line:62] INFO psi_hat = -0.3745428959261448
16:31:46 apf.py[line:65] INFO term1 = 0.6160000000000004 * cos(-1.0492919462989878 - -0.48629947795252293) + 0.04 * 8.885557025969328 = 0.876349926416565
16:31:46 apf.py[line:69] INFO term1 = 0.876349926416565
16:31:46 apf.py[line:73] INFO theta_term_tmp = 0.6160000000000004 * sin(-1.0492919462989878 - -0.3745428959261448)/0.9571168086625974 = -0.40205756072922094
16:31:46 apf.py[line:78] INFO [v, theta] = [0.9571168086625974, -0.7883058275760623]
16:31:46 apf.py[line:161] INFO 
16:31:46 apf.py[line:162] INFO 45
16:31:46 apf.py[line:84] INFO [ 0.24502093  5.88440006 -0.84299403  0.63       -0.52359878]
16:31:46 apf.py[line:85] INFO [array([0., 2.]), array([4., 2.]), array([5., 4.]), array([5., 6.]), array([7., 9.])]
16:31:46 apf.py[line:49] INFO n = [0.01206826 0.00283213 0.00369377 0.00515831 0.00031233]
16:31:46 apf.py[line:50] INFO beta = [0.13217164 0.04305518 0.05316215 0.06903855 0.00653768]
16:31:46 apf.py[line:58] INFO theta_robo_ob = [-1.6337910563461964, -0.8023378391615363, -0.3773129947213456, 0.02430655779622731, 0.43215356801713517]
16:31:46 apf.py[line:59] INFO psi = -0.4865460631145899
16:31:46 apf.py[line:60] INFO tan(psi_hat) = [-0.2895400308988819, 0.737971762528128]
16:31:46 apf.py[line:62] INFO psi_hat = -0.373890457016805
16:31:46 apf.py[line:65] INFO term1 = 0.6300000000000004 * cos(-1.0367255756846285 - -0.4865460631145899) + 0.04 * 8.884489390579633 = 0.892410903642677
16:31:46 apf.py[line:69] INFO term1 = 0.892410903642677
16:31:46 apf.py[line:73] INFO theta_term_tmp = 0.6300000000000004 * sin(-1.0367255756846285 - -0.373890457016805)/0.9729787476882279 = -0.3984394192440874
16:31:46 apf.py[line:78] INFO [v, theta] = [0.9729787476882279, -0.7837052012718628]
16:31:46 apf.py[line:161] INFO 
16:31:46 apf.py[line:162] INFO 46
16:31:46 apf.py[line:84] INFO [ 0.25350823  5.87471192 -0.85137161  0.644      -0.41887902]
16:31:46 apf.py[line:85] INFO [array([0., 2.]), array([4., 2.]), array([5., 4.]), array([5., 6.]), array([7., 9.])]
16:31:46 apf.py[line:49] INFO n = [0.01218347 0.00286592 0.00373312 0.00519848 0.00031412]
16:31:46 apf.py[line:50] INFO beta = [0.13313514 0.04346998 0.05361401 0.06946323 0.00657272]
16:31:46 apf.py[line:58] INFO theta_robo_ob = [-1.6361295532724383, -0.8022207094485294, -0.37616085225934587, 0.02638980590596087, 0.43381487492999976]
16:31:46 apf.py[line:59] INFO psi = -0.4867712302177847
16:31:46 apf.py[line:60] INFO tan(psi_hat) = [-0.288573269982512, 0.7370549269788735]
16:31:46 apf.py[line:62] INFO psi_hat = -0.3731765185124342
16:31:46 apf.py[line:65] INFO term1 = 0.6440000000000005 * cos(-1.0241592050702693 - -0.4867712302177847) + 0.04 * 8.883520362140796 = 0.9085681708739113
16:31:46 apf.py[line:69] INFO term1 = 0.9085681708739113
16:31:46 apf.py[line:73] INFO theta_term_tmp = 0.6440000000000005 * sin(-1.0241592050702693 - -0.3731765185124342)/0.9888307409975461 = -0.394651624993485
16:31:46 apf.py[line:78] INFO [v, theta] = [0.9888307409975461, -0.778865188359849]
16:31:46 apf.py[line:161] INFO 
16:31:46 apf.py[line:162] INFO 47
16:31:46 apf.py[line:84] INFO [ 0.26211767  5.86475887 -0.85765479  0.658      -0.31415927]
16:31:46 apf.py[line:85] INFO [array([0., 2.]), array([4., 2.]), array([5., 4.]), array([5., 6.]), array([7., 9.])]
16:31:46 apf.py[line:49] INFO n = [0.01230296 0.00290086 0.00377361 0.00523945 0.00031591]
16:31:46 apf.py[line:50] INFO beta = [0.13413016 0.04389691 0.0540771  0.06989469 0.00660756]
16:31:46 apf.py[line:58] INFO theta_robo_ob = [-1.638515136793244, -0.8020850967496684, -0.3749639018628643, 0.02853688720665281, 0.4355170559260229]
16:31:46 apf.py[line:59] INFO psi = -0.4869766007640388
16:31:46 apf.py[line:60] INFO tan(psi_hat) = [-0.2875567095933868, 0.7361335005907857]
16:31:46 apf.py[line:62] INFO psi_hat = -0.37240382220804846
16:31:46 apf.py[line:65] INFO term1 = 0.6580000000000005 * cos(-1.01159283445591 - -0.4869766007640388) + 0.04 * 8.882644170723264 = 0.9248154439064871
16:31:46 apf.py[line:69] INFO term1 = 0.9248154439064871
16:31:46 apf.py[line:73] INFO theta_term_tmp = 0.6580000000000005 * sin(-1.01159283445591 - -0.37240382220804846)/1.0046694075147806 = -0.39070210159890845
16:31:46 apf.py[line:78] INFO [v, theta] = [1.0046694075147806, -0.773798016714207]
16:31:46 apf.py[line:161] INFO 
16:31:46 apf.py[line:162] INFO 48
16:31:46 apf.py[line:84] INFO [ 0.27086764  5.85455732 -0.86184358  0.672      -0.20943951]
16:31:46 apf.py[line:85] INFO [array([0., 2.]), array([4., 2.]), array([5., 4.]), array([5., 6.]), array([7., 9.])]
16:31:46 apf.py[line:49] INFO n = [0.01242663 0.00293696 0.00381532 0.00528131 0.0003177 ]
16:31:46 apf.py[line:50] INFO beta = [0.13515552 0.04433631 0.05455211 0.07033397 0.00664242]
16:31:46 apf.py[line:58] INFO theta_robo_ob = [-1.6409530449325045, -0.801935433417022, -0.37372601533683686, 0.03074493142753449, 0.43725920890171704]
16:31:46 apf.py[line:59] INFO psi = -0.4871639595562675
16:31:46 apf.py[line:60] INFO tan(psi_hat) = [-0.28649258921518267, 0.7352057497509079]
16:31:46 apf.py[line:62] INFO psi_hat = -0.37157547099353627
16:31:46 apf.py[line:65] INFO term1 = 0.6720000000000005 * cos(-0.9990264638415507 - -0.4871639595562675) + 0.04 * 8.881853861675127 = 0.9411464426762672
16:31:46 apf.py[line:69] INFO term1 = 0.9411464426762672
16:31:46 apf.py[line:73] INFO theta_term_tmp = 0.6720000000000005 * sin(-0.9990264638415507 - -0.37157547099353627)/1.0204913398768531 = -0.3865979851158952
16:31:46 apf.py[line:78] INFO [v, theta] = [1.0204913398768531, -0.7685153714843282]
16:31:46 apf.py[line:161] INFO 
16:31:46 apf.py[line:162] INFO 49
16:31:46 apf.py[line:84] INFO [ 0.27977806  5.84412455 -0.86393798  0.686      -0.10471976]
16:31:46 apf.py[line:85] INFO [array([0., 2.]), array([4., 2.]), array([5., 4.]), array([5., 6.]), array([7., 9.])]
16:31:46 apf.py[line:49] INFO n = [0.0125543  0.00297427 0.00385831 0.00532419 0.00031951]
16:31:46 apf.py[line:50] INFO beta = [0.13620986 0.04478855 0.05503981 0.07078221 0.00667753]
16:31:46 apf.py[line:58] INFO theta_robo_ob = [-1.643448923710463, -0.801776516301369, -0.3724513559108465, 0.03301091078966689, 0.4390404307499095]
16:31:46 apf.py[line:59] INFO psi = -0.4873352599013638
16:31:46 apf.py[line:60] INFO tan(psi_hat) = [-0.2853833904398941, 0.7342697097031246]
16:31:46 apf.py[line:62] INFO psi_hat = -0.37069496738208557
16:31:46 apf.py[line:65] INFO term1 = 0.6860000000000005 * cos(-0.9864600932271914 - -0.4873352599013638) + 0.04 * 8.88114142200192 = 0.9575548937472655
16:31:46 apf.py[line:69] INFO term1 = 0.9575548937472655
16:31:46 apf.py[line:73] INFO theta_term_tmp = 0.6860000000000005 * sin(-0.9864600932271914 - -0.37069496738208557)/1.0362930836178312 = -0.38234563339889543
16:31:46 apf.py[line:78] INFO [v, theta] = [1.0362930836178312, -0.7630284457894758]
16:31:46 apf.py[line:161] INFO 
16:31:46 apf.py[line:162] INFO 50
16:31:46 apf.py[line:84] INFO [ 2.88870338e-01  5.83347887e+00 -8.63937980e-01  7.00000000e-01
 -4.71844785e-16]
16:31:46 apf.py[line:85] INFO [array([0., 2.]), array([4., 2.]), array([5., 4.]), array([5., 6.]), array([7., 9.])]
16:31:46 apf.py[line:49] INFO n = [0.01268583 0.00301284 0.00390267 0.00536821 0.00032135]
16:31:46 apf.py[line:50] INFO beta = [0.13729167 0.04525402 0.05554101 0.07124071 0.00671313]
16:31:46 apf.py[line:58] INFO theta_robo_ob = [-1.6460088001097184, -0.8016135151276373, -0.3711443952534458, 0.035331618629529694, 0.44085980069561637]
16:31:46 apf.py[line:59] INFO psi = -0.487492629877948
16:31:46 apf.py[line:60] INFO tan(psi_hat) = [-0.28423187158584995, 0.7333231841567339]
16:31:46 apf.py[line:62] INFO psi_hat = -0.3697662576808853
16:31:46 apf.py[line:65] INFO term1 = 0.7000000000000005 * cos(-0.9738937226128321 - -0.487492629877948) + 0.04 * 8.880497922732566 = 0.9740345327984492
16:31:46 apf.py[line:69] INFO term1 = 0.9740345327984492
16:31:46 apf.py[line:73] INFO theta_term_tmp = 0.7000000000000005 * sin(-0.9738937226128321 - -0.3697662576808853)/1.0520711165944954 = -0.37795062736111573
16:31:46 apf.py[line:78] INFO [v, theta] = [1.0520711165944954, -0.7573479893725159]
16:31:46 apf.py[line:161] INFO 
16:31:46 apf.py[line:162] INFO 51
16:31:46 apf.py[line:84] INFO [ 0.29816718  5.82263972 -0.86184358  0.714       0.10471976]
16:31:46 apf.py[line:85] INFO [array([0., 2.]), array([4., 2.]), array([5., 4.]), array([5., 6.]), array([7., 9.])]
16:31:46 apf.py[line:49] INFO n = [0.012821   0.00305269 0.00394847 0.00541349 0.00032324]
16:31:46 apf.py[line:50] INFO beta = [0.13839921 0.04573316 0.05605665 0.07171084 0.0067495 ]
16:31:46 apf.py[line:58] INFO theta_robo_ob = [-1.648639050458627, -0.8014519818770559, -0.36980993325840755, 0.03770364418588744, 0.4427163611407676]
16:31:46 apf.py[line:59] INFO psi = -0.4876383795256584
16:31:46 apf.py[line:60] INFO tan(psi_hat) = [-0.2830411064796623, 0.7323637447050408]
16:31:46 apf.py[line:62] INFO psi_hat = -0.36879378185994793
16:31:46 apf.py[line:65] INFO term1 = 0.7140000000000005 * cos(-0.9613273519984729 - -0.4876383795256584) + 0.04 * 8.87991367789044 = 0.9905791070253914
16:31:46 apf.py[line:69] INFO term1 = 0.9905791070253914
16:31:46 apf.py[line:73] INFO theta_term_tmp = 0.7140000000000005 * sin(-0.9613273519984729 - -0.36879378185994793)/1.0678218285648147 = -0.3734177642164329
16:31:46 apf.py[line:78] INFO [v, theta] = [1.0678218285648147, -0.7514843552947809]
16:31:47 apf.py[line:161] INFO 
16:31:47 apf.py[line:162] INFO 52
16:31:47 apf.py[line:84] INFO [ 0.30769252  5.81162784 -0.85765479  0.728       0.20943951]
16:31:47 apf.py[line:85] INFO [array([0., 2.]), array([4., 2.]), array([5., 4.]), array([5., 6.]), array([7., 9.])]
16:31:47 apf.py[line:49] INFO n = [0.01295958 0.00309388 0.00399582 0.0054602  0.00032518]
16:31:47 apf.py[line:50] INFO beta = [0.13953051 0.04622639 0.05658769 0.07219413 0.00678692]
16:31:47 apf.py[line:58] INFO theta_robo_ob = [-1.651346363532494, -0.8012978608897932, -0.368453120463607, 0.040123343599575464, 0.44460909605076576]
16:31:47 apf.py[line:59] INFO psi = -0.4877750087855273
16:31:47 apf.py[line:60] INFO tan(psi_hat) = [-0.28181452723456146, 0.731388730013479]
16:31:47 apf.py[line:62] INFO psi_hat = -0.36778252909976966
16:31:47 apf.py[line:65] INFO term1 = 0.7280000000000005 * cos(-0.9487609813841136 - -0.4877750087855273) + 0.04 * 8.879378420820812 = 1.0071823773594397
16:31:47 apf.py[line:69] INFO term1 = 1.0071823773594397
16:31:47 apf.py[line:73] INFO theta_term_tmp = 0.7280000000000005 * sin(-0.9487609813841136 - -0.36778252909976966)/1.0835415008861413 = -0.3687510427847746
16:31:47 apf.py[line:78] INFO [v, theta] = [1.0835415008861413, -0.7454475446946374]
16:31:47 apf.py[line:161] INFO 
16:31:47 apf.py[line:162] INFO 53
16:31:47 apf.py[line:84] INFO [ 0.31747137  5.80046541 -0.85137161  0.742       0.31415927]
16:31:47 apf.py[line:85] INFO [array([0., 2.]), array([4., 2.]), array([5., 4.]), array([5., 6.]), array([7., 9.])]
16:31:47 apf.py[line:49] INFO n = [0.01310129 0.00313645 0.00404482 0.00550848 0.0003272 ]
16:31:47 apf.py[line:50] INFO beta = [0.14068332 0.04673416 0.05713519 0.07269219 0.00682571]
16:31:47 apf.py[line:58] INFO theta_robo_ob = [-1.6541376975913542, -0.801157499336932, -0.3670794829208363, 0.04258680719331608, 0.44653690691715786]
16:31:47 apf.py[line:59] INFO psi = -0.4879052159921764
16:31:47 apf.py[line:60] INFO tan(psi_hat) = [-0.2805559707731093, 0.7303952447579244]
16:31:47 apf.py[line:62] INFO psi_hat = -0.36673809889865877
16:31:47 apf.py[line:65] INFO term1 = 0.7420000000000005 * cos(-0.9361946107697543 - -0.4879052159921764) + 0.04 * 8.878881498737735 = 1.023838120393721
16:31:47 apf.py[line:69] INFO term1 = 1.023838120393721
16:31:47 apf.py[line:73] INFO theta_term_tmp = 0.7420000000000005 * sin(-0.9361946107697543 - -0.36673809889865877)/1.0992262863675424 = -0.36395364095557753
16:31:47 apf.py[line:78] INFO [v, theta] = [1.0992262863675424, -0.7392472495651679]
16:31:47 apf.py[line:161] INFO 
16:31:47 apf.py[line:162] INFO 54
16:31:47 apf.py[line:84] INFO [ 0.32752965  5.78917624 -0.84299403  0.756       0.41887902]
16:31:47 apf.py[line:85] INFO [array([0., 2.]), array([4., 2.]), array([5., 4.]), array([5., 6.]), array([7., 9.])]
16:31:47 apf.py[line:49] INFO n = [0.01324582 0.00318045 0.00409558 0.00555851 0.0003293 ]
16:31:47 apf.py[line:50] INFO beta = [0.14185505 0.04725694 0.05770025 0.07320678 0.00686619]
16:31:47 apf.py[line:58] INFO theta_robo_ob = [-1.6570202304980086, -0.8010376576397038, -0.36569494928724666, 0.0450898231187556, 0.44849858633380735]
16:31:47 apf.py[line:59] INFO psi = -0.4880319066878447
16:31:47 apf.py[line:60] INFO tan(psi_hat) = [-0.27926972873640693, 0.7293801583213934]
16:31:47 apf.py[line:62] INFO psi_hat = -0.36566676749032523
16:31:47 apf.py[line:65] INFO term1 = 0.7560000000000006 * cos(-0.923628240155395 - -0.4880319066878447) + 0.04 * 8.878412086440067 = 1.0405401298927457
16:31:47 apf.py[line:69] INFO term1 = 1.0405401298927457
16:31:47 apf.py[line:73] INFO theta_term_tmp = 0.7560000000000006 * sin(-0.923628240155395 - -0.36566676749032523)/1.1148721893934945 = -0.35902788544023256
16:31:47 apf.py[line:78] INFO [v, theta] = [1.1148721893934945, -0.7328928934304224]
16:31:47 apf.py[line:161] INFO 
16:31:47 apf.py[line:162] INFO 55
16:31:47 apf.py[line:84] INFO [ 0.33789404  5.77778593 -0.83252205  0.77        0.52359878]
16:31:47 apf.py[line:85] INFO [array([0., 2.]), array([4., 2.]), array([5., 4.]), array([5., 6.]), array([7., 9.])]
16:31:47 apf.py[line:49] INFO n = [0.0133928  0.00322591 0.0041482  0.00561048 0.00033152]
16:31:47 apf.py[line:50] INFO beta = [0.14304276 0.04779515 0.05828404 0.07373974 0.00690871]
16:31:47 apf.py[line:58] INFO theta_robo_ob = [-1.660001301994662, -0.8009455193362449, -0.3643058798550989, 0.04762783748167598, 0.4504927892294533]
16:31:47 apf.py[line:59] INFO psi = -0.48815820249534153
16:31:47 apf.py[line:60] INFO tan(psi_hat) = [-0.27796060029116004, 0.7283401032936911]
16:31:47 apf.py[line:62] INFO psi_hat = -0.3645755591555739
16:31:47 apf.py[line:65] INFO term1 = 0.7700000000000006 * cos(-0.9110618695410357 - -0.48815820249534153) + 0.04 * 8.87795942020224 = 1.0572822177507954
16:31:47 apf.py[line:69] INFO term1 = 1.0572822177507954
16:31:47 apf.py[line:73] INFO theta_term_tmp = 0.7700000000000006 * sin(-0.9110618695410357 - -0.3645755591555739)/1.1304750465368663 = -0.3539752140087806
16:31:47 apf.py[line:78] INFO [v, theta] = [1.1304750465368663, -0.7263936697140536]
16:31:47 apf.py[line:161] INFO 
16:31:47 apf.py[line:162] INFO 56
16:31:47 apf.py[line:84] INFO [ 0.34857749  5.76630871 -0.82120169  0.784       0.56601805]
16:31:47 apf.py[line:85] INFO [array([0., 2.]), array([4., 2.]), array([5., 4.]), array([5., 6.]), array([7., 9.])]
16:31:47 apf.py[line:49] INFO n = [0.01354202 0.0032729  0.00420278 0.0056645  0.00033386]
16:31:47 apf.py[line:50] INFO beta = [0.14424468 0.04834918 0.05888735 0.07429216 0.00695344]
16:31:47 apf.py[line:58] INFO theta_robo_ob = [-1.6630849091524746, -0.8008849761076009, -0.36291557454917833, 0.05019861366209138, 0.4525187766718436]
16:31:47 apf.py[line:59] INFO psi = -0.48828536936387035
16:31:47 apf.py[line:60] INFO tan(psi_hat) = [-0.2766310822460396, 0.7272733627632245]
16:31:47 apf.py[line:62] INFO psi_hat = -0.36346801736812184
16:31:47 apf.py[line:65] INFO term1 = 0.7840000000000006 * cos(-0.8984954989266765 - -0.48828536936387035) + 0.04 * 8.877519426186016 = 1.0740578187327277
16:31:47 apf.py[line:69] INFO term1 = 1.0740578187327277
16:31:47 apf.py[line:73] INFO theta_term_tmp = 0.7840000000000006 * sin(-0.8984954989266765 - -0.36346801736812184)/1.1460311499068914 = -0.348798468302921
16:31:47 apf.py[line:78] INFO [v, theta] = [1.1460311499068914, -0.7197567675190768]
16:31:47 apf.py[line:161] INFO 
16:31:47 apf.py[line:162] INFO 57
16:31:47 apf.py[line:84] INFO [ 0.35957748  5.7547449  -0.8103809   0.798       0.5410396 ]
16:31:47 apf.py[line:85] INFO [array([0., 2.]), array([4., 2.]), array([5., 4.]), array([5., 6.]), array([7., 9.])]
16:31:47 apf.py[line:49] INFO n = [0.01369347 0.00332144 0.00425937 0.00572061 0.00033632]
16:31:47 apf.py[line:50] INFO beta = [0.1454606  0.04891934 0.05951056 0.07486423 0.00700036]
16:31:47 apf.py[line:58] INFO theta_robo_ob = [-1.666271319126766, -0.8008559974209347, -0.3615236283198344, 0.05280276174262674, 0.4545766118786737]
16:31:47 apf.py[line:59] INFO psi = -0.48841246548467
16:31:47 apf.py[line:60] INFO tan(psi_hat) = [-0.2752807417674976, 0.7261801797188813]
16:31:47 apf.py[line:62] INFO psi_hat = -0.362343282284162
16:31:47 apf.py[line:65] INFO term1 = 0.7980000000000006 * cos(-0.8859291283123172 - -0.48841246548467) + 0.04 * 8.877094991400146 = 1.090859917220571
16:31:47 apf.py[line:69] INFO term1 = 1.090859917220571
16:31:47 apf.py[line:73] INFO theta_term_tmp = 0.7980000000000006 * sin(-0.8859291283123172 - -0.362343282284162)/1.1615374417310949 = -0.34350254254199736
16:31:47 apf.py[line:78] INFO [v, theta] = [1.1615374417310949, -0.7129871227863105]
16:31:47 apf.py[line:161] INFO 
16:31:47 apf.py[line:162] INFO 58
16:31:47 apf.py[line:84] INFO [ 0.37089209  5.74309512 -0.79999223  0.812       0.51943348]
16:31:47 apf.py[line:85] INFO [array([0., 2.]), array([4., 2.]), array([5., 4.]), array([5., 6.]), array([7., 9.])]
16:31:47 apf.py[line:49] INFO n = [0.01384713 0.00337159 0.00431803 0.00577884 0.00033889]
16:31:47 apf.py[line:50] INFO beta = [0.14669024 0.04950599 0.06015408 0.0754562  0.00704946]
16:31:47 apf.py[line:58] INFO theta_robo_ob = [-1.6695609424315903, -0.8008586880153367, -0.3601297400077734, 0.05544083493059372, 0.45666635285048574]
16:31:47 apf.py[line:59] INFO psi = -0.48853861091166334
16:31:47 apf.py[line:60] INFO tan(psi_hat) = [-0.27390924791013804, 0.7250606974194296]
16:31:47 apf.py[line:62] INFO psi_hat = -0.36120065229689935
16:31:47 apf.py[line:65] INFO term1 = 0.8120000000000006 * cos(-0.8733627576979579 - -0.48853861091166334) + 0.04 * 8.876688520243931 = 1.1076814836481672
16:31:47 apf.py[line:69] INFO term1 = 1.1076814836481672
16:31:47 apf.py[line:73] INFO theta_term_tmp = 0.8120000000000006 * sin(-0.8733627576979579 - -0.36120065229689935)/1.1769908747990334 = -0.3380920118828282
16:31:47 apf.py[line:78] INFO [v, theta] = [1.1769908747990334, -0.7060894356316609]
16:31:47 apf.py[line:161] INFO 
16:31:47 apf.py[line:162] INFO 59
16:31:47 apf.py[line:84] INFO [ 0.38251989  5.73136037 -0.78997593  0.826       0.50081491]
16:31:47 apf.py[line:85] INFO [array([0., 2.]), array([4., 2.]), array([5., 4.]), array([5., 6.]), array([7., 9.])]
16:31:47 apf.py[line:49] INFO n = [0.01400298 0.00342339 0.00437881 0.00583925 0.00034158]
16:31:47 apf.py[line:50] INFO beta = [0.14793324 0.05010948 0.06081836 0.07606833 0.00710073]
16:31:47 apf.py[line:58] INFO theta_robo_ob = [-1.6729543165203864, -0.8008932807088605, -0.35873370751411804, 0.05811333143190896, 0.458788050414454]
16:31:47 apf.py[line:59] INFO psi = -0.48866298401878877
16:31:47 apf.py[line:60] INFO tan(psi_hat) = [-0.27251637372001186, 0.7239149617078054]
16:31:47 apf.py[line:62] INFO psi_hat = -0.360039586384766
16:31:47 apf.py[line:65] INFO term1 = 0.8260000000000006 * cos(-0.8607963870835986 - -0.48866298401878877) + 0.04 * 8.876301984195972 = 1.124515479362235
16:31:47 apf.py[line:69] INFO term1 = 1.124515479362235
16:31:47 apf.py[line:73] INFO theta_term_tmp = 0.8260000000000006 * sin(-0.8607963870835986 - -0.360039586384766)/1.192388408721967 = -0.33257114094526047
16:31:47 apf.py[line:78] INFO [v, theta] = [1.192388408721967, -0.6990681841417987]
16:31:47 apf.py[line:161] INFO 
16:31:47 apf.py[line:162] INFO 60
16:31:47 apf.py[line:84] INFO [ 0.39445994  5.71954194 -0.78027911  0.84        0.48484132]
16:31:47 apf.py[line:85] INFO [array([0., 2.]), array([4., 2.]), array([5., 4.]), array([5., 6.]), array([7., 9.])]
16:31:47 apf.py[line:49] INFO n = [0.01416099 0.00347689 0.00444179 0.00590188 0.00034439]
16:31:47 apf.py[line:50] INFO beta = [0.14918921 0.0507302  0.06150388 0.07670095 0.00715417]
16:31:47 apf.py[line:58] INFO theta_robo_ob = [-1.6764520905241262, -0.800960129628284, -0.3573354229878758, 0.0608206967762244, 0.46094174684957334]
16:31:47 apf.py[line:59] INFO psi = -0.4887848180021487
16:31:47 apf.py[line:60] INFO tan(psi_hat) = [-0.27110199787718675, 0.7227429224935815]
16:31:47 apf.py[line:62] INFO psi_hat = -0.3588597064088493
16:31:47 apf.py[line:65] INFO term1 = 0.8400000000000006 * cos(-0.8482300164692393 - -0.4887848180021487) + 0.04 * 8.875936965384216 = 1.1413548610246396
16:31:47 apf.py[line:69] INFO term1 = 1.1413548610246396
16:31:47 apf.py[line:73] INFO theta_term_tmp = 0.8400000000000006 * sin(-0.8482300164692393 - -0.3588597064088493)/1.2077270066472172 = -0.3269438911290531
16:31:47 apf.py[line:78] INFO [v, theta] = [1.2077270066472172, -0.6919276370193892]
16:31:47 apf.py[line:161] INFO 
16:31:47 apf.py[line:162] INFO 61
16:31:47 apf.py[line:84] INFO [ 0.40671169  5.70764147 -0.77085495  0.854       0.47120783]
16:31:47 apf.py[line:85] INFO [array([0., 2.]), array([4., 2.]), array([5., 4.]), array([5., 6.]), array([7., 9.])]
16:31:47 apf.py[line:49] INFO n = [0.01432111 0.00353214 0.00450703 0.00596679 0.00034732]
16:31:47 apf.py[line:50] INFO beta = [0.15045766 0.05136855 0.06221118 0.07735442 0.00720979]
16:31:47 apf.py[line:58] INFO theta_robo_ob = [-1.6800550110014272, -0.801059703881139, -0.35593486811874947, 0.06356332644293063, 0.4631274749682715]
16:31:47 apf.py[line:59] INFO psi = -0.4889033974725072
16:31:47 apf.py[line:60] INFO tan(psi_hat) = [-0.2696661060034695, 0.721544434444584]
16:31:47 apf.py[line:62] INFO psi_hat = -0.35766079948473267
16:31:47 apf.py[line:65] INFO term1 = 0.8540000000000006 * cos(-0.8356636458548801 - -0.4889033974725072) + 0.04 * 8.875594694910745 = 1.1581925846251795
16:31:47 apf.py[line:69] INFO term1 = 1.1581925846251795
16:31:47 apf.py[line:73] INFO theta_term_tmp = 0.8540000000000006 * sin(-0.8356636458548801 - -0.35766079948473267)/1.223003632475089 = -0.3212139267543645
16:31:47 apf.py[line:78] INFO [v, theta] = [1.223003632475089, -0.6846718651996935]
16:31:47 apf.py[line:161] INFO 
16:31:47 apf.py[line:162] INFO 62
16:31:47 apf.py[line:84] INFO [ 0.41927494  5.6956609  -0.76166209  0.868       0.45964312]
16:31:47 apf.py[line:85] INFO [array([0., 2.]), array([4., 2.]), array([5., 4.]), array([5., 6.]), array([7., 9.])]
16:31:47 apf.py[line:49] INFO n = [0.01448329 0.00358921 0.00457461 0.00603404 0.00035038]
16:31:47 apf.py[line:50] INFO beta = [0.15173803 0.05202494 0.06294079 0.07802915 0.00726759]
16:31:47 apf.py[line:58] INFO theta_robo_ob = [-1.6837639085705018, -0.8011925816773547, -0.35453210959942, 0.06634156867154302, 0.46534525755399675]
16:31:47 apf.py[line:59] INFO psi = -0.48901805517023156
16:31:47 apf.py[line:60] INFO tan(psi_hat) = [-0.26820879172863576, 0.7203192569224933]
16:31:47 apf.py[line:62] INFO psi_hat = -0.3564428205203791
16:31:47 apf.py[line:65] INFO term1 = 0.8680000000000007 * cos(-0.8230972752405208 - -0.48901805517023156) + 0.04 * 8.875276086669036 = 1.1750216091630412
16:31:47 apf.py[line:69] INFO term1 = 1.1750216091630412
16:31:47 apf.py[line:73] INFO theta_term_tmp = 0.8680000000000007 * sin(-0.8230972752405208 - -0.3564428205203791)/1.2382152486244324 = -0.31538462006600343
16:31:47 apf.py[line:78] INFO [v, theta] = [1.2382152486244324, -0.6773047525401557]
16:31:47 apf.py[line:161] INFO 
16:31:47 apf.py[line:162] INFO 63
16:31:47 apf.py[line:84] INFO [ 0.43214986  5.68360245 -0.75266397  0.882       0.44990578]
16:31:47 apf.py[line:85] INFO [array([0., 2.]), array([4., 2.]), array([5., 4.]), array([5., 6.]), array([7., 9.])]
16:31:47 apf.py[line:49] INFO n = [0.01464745 0.00364814 0.00464461 0.00610369 0.00035355]
16:31:47 apf.py[line:50] INFO beta = [0.15302967 0.05269982 0.06369333 0.07872559 0.0073276 ]
16:31:47 apf.py[line:58] INFO theta_robo_ob = [-1.687579685306912, -0.8013594448989855, -0.3531272948029726, 0.0691557273669209, 0.4675951070742491]
16:31:47 apf.py[line:59] INFO psi = -0.48912816882441307
16:31:47 apf.py[line:60] INFO tan(psi_hat) = [-0.26673025758184166, 0.719067053191758]
16:31:47 apf.py[line:62] INFO psi_hat = -0.3552058949842787
16:31:47 apf.py[line:65] INFO term1 = 0.8820000000000007 * cos(-0.8105309046261615 - -0.48912816882441307) + 0.04 * 8.874981767276882 = 1.19183490004565
16:31:47 apf.py[line:69] INFO term1 = 1.19183490004565
16:31:47 apf.py[line:73] INFO theta_term_tmp = 0.8820000000000007 * sin(-0.8105309046261615 - -0.3552058949842787)/1.2533588143923988 = -0.30945905514796984
16:31:47 apf.py[line:78] INFO [v, theta] = [1.2533588143923988, -0.6698300056681638]
16:31:48 apf.py[line:161] INFO 
16:31:48 apf.py[line:162] INFO 64
16:31:48 apf.py[line:84] INFO [ 0.44533686  5.67146864 -0.74382835  0.896       0.44178115]
16:31:48 apf.py[line:85] INFO [array([0., 2.]), array([4., 2.]), array([5., 4.]), array([5., 6.]), array([7., 9.])]
16:31:48 apf.py[line:49] INFO n = [0.01481353 0.00370899 0.00471711 0.0061758  0.00035685]
16:31:48 apf.py[line:50] INFO beta = [0.15433189 0.05339363 0.06446941 0.07944421 0.00738984]
16:31:48 apf.py[line:58] INFO theta_robo_ob = [-1.6915033028038506, -0.8015610741101067, -0.35172064770686196, 0.0720060650311859, 0.46987702560466127]
16:31:48 apf.py[line:59] INFO psi = -0.4892331581699605
16:31:48 apf.py[line:60] INFO tan(psi_hat) = [-0.26523081575292956, 0.7177873889263421]
16:31:48 apf.py[line:62] INFO psi_hat = -0.3539503219455853
16:31:48 apf.py[line:65] INFO term1 = 0.8960000000000007 * cos(-0.7979645340118022 - -0.4892331581699605) + 0.04 * 8.87471210265186 = 1.208625432245728
16:31:48 apf.py[line:69] INFO term1 = 1.208625432245728
16:31:48 apf.py[line:73] INFO theta_term_tmp = 0.8960000000000007 * sin(-0.7979645340118022 - -0.3539503219455853)/1.2684312849544668 = -0.30344003080008347
16:31:48 apf.py[line:78] INFO [v, theta] = [1.2684312849544668, -0.6622511630587794]
16:31:48 apf.py[line:161] INFO 
16:31:48 apf.py[line:162] INFO 65
16:31:48 apf.py[line:84] INFO [ 0.45883663  5.65926224 -0.73512678  0.91        0.43507832]
16:31:48 apf.py[line:85] INFO [array([0., 2.]), array([4., 2.]), array([5., 4.]), array([5., 6.]), array([7., 9.])]
16:31:48 apf.py[line:49] INFO n = [0.01498143 0.00377184 0.0047922  0.00625046 0.00036027]
16:31:48 apf.py[line:50] INFO beta = [0.15564388 0.05410685 0.0652697  0.08018553 0.00745432]
16:31:48 apf.py[line:58] INFO theta_robo_ob = [-1.6955357708031087, -0.8017983439944851, -0.3503124650838511, 0.07489280567117028, 0.47219100491279187]
16:31:48 apf.py[line:59] INFO psi = -0.48933248213039654
16:31:48 apf.py[line:60] INFO tan(psi_hat) = [-0.26371088875015003, 0.7164797300347252]
16:31:48 apf.py[line:62] INFO psi_hat = -0.35267657740932906
16:31:48 apf.py[line:65] INFO term1 = 0.9100000000000007 * cos(-0.785398163397443 - -0.48933248213039654) + 0.04 * 8.874467221675337 = 1.2253861932506733
16:31:48 apf.py[line:69] INFO term1 = 1.2253861932506733
16:31:48 apf.py[line:73] INFO theta_term_tmp = 0.9100000000000007 * sin(-0.785398163397443 - -0.35267657740932906)/1.2834296110521253 = -0.29733006243304977
16:31:48 apf.py[line:78] INFO [v, theta] = [1.2834296110521253, -0.6545716034033058]
16:31:48 apf.py[line:161] INFO 
16:31:48 apf.py[line:162] INFO 66
16:31:48 apf.py[line:84] INFO [ 0.47265008  5.64698629 -0.72653423  0.924       0.42962762]
16:31:48 apf.py[line:85] INFO [array([0., 2.]), array([4., 2.]), array([5., 4.]), array([5., 6.]), array([7., 9.])]
16:31:48 apf.py[line:49] INFO n = [0.01515104 0.00383673 0.00486998 0.00632774 0.00036382]
16:31:48 apf.py[line:50] INFO beta = [0.15696475 0.05483996 0.06609491 0.08095012 0.00752107]
16:31:48 apf.py[line:58] INFO theta_robo_ob = [-1.699678136315134, -0.8020722192055554, -0.34890311297198595, 0.07781613764363997, 0.4745370266608347]
16:31:48 apf.py[line:59] INFO psi = -0.48942563616950463
16:31:48 apf.py[line:60] INFO tan(psi_hat) = [-0.2621710099656702, 0.715143439820201]
16:31:48 apf.py[line:62] INFO psi_hat = -0.3513853179542169
16:31:48 apf.py[line:65] INFO term1 = 0.9240000000000007 * cos(-0.7728317927830837 - -0.48942563616950463) + 0.04 * 8.874247037323503 = 1.242110185832777
16:31:48 apf.py[line:69] INFO term1 = 1.242110185832777
16:31:48 apf.py[line:73] INFO theta_term_tmp = 0.9240000000000007 * sin(-0.7728317927830837 - -0.3513853179542169)/1.2983507394176075 = -0.2911313830424008
16:31:48 apf.py[line:78] INFO [v, theta] = [1.2983507394176075, -0.6467945533206425]
16:31:48 apf.py[line:161] INFO 
16:31:48 apf.py[line:162] INFO 67
16:31:48 apf.py[line:84] INFO [ 0.48677832  5.63464406 -0.71802866  0.938       0.42527827]
16:31:48 apf.py[line:85] INFO [array([0., 2.]), array([4., 2.]), array([5., 4.]), array([5., 6.]), array([7., 9.])]
16:31:48 apf.py[line:49] INFO n = [0.01532226 0.00390375 0.00495054 0.00640773 0.0003675 ]
16:31:48 apf.py[line:50] INFO beta = [0.15829354 0.05559347 0.06694577 0.08173858 0.00759014]
16:31:48 apf.py[line:58] INFO theta_robo_ob = [-1.7039314731557564, -0.8023837506112521, -0.34749302342935323, 0.08077621641108651, 0.47691506269493933]
16:31:48 apf.py[line:59] INFO psi = -0.4895121498115431
16:31:48 apf.py[line:60] INFO tan(psi_hat) = [-0.2606118241475365, 0.7137777754908438]
16:31:48 apf.py[line:62] INFO psi_hat = -0.3500773846674056
16:31:48 apf.py[line:65] INFO term1 = 0.9380000000000007 * cos(-0.7602654221687244 - -0.4895121498115431) + 0.04 * 8.874051265587184 = 1.2587904306640485
16:31:48 apf.py[line:69] INFO term1 = 1.2587904306640485
16:31:48 apf.py[line:73] INFO theta_term_tmp = 0.9380000000000007 * sin(-0.7602654221687244 - -0.3500773846674056)/1.313191613987538 = -0.28484594332560614
16:31:48 apf.py[line:78] INFO [v, theta] = [1.313191613987538, -0.6389230944561304]
16:31:48 apf.py[line:161] INFO 
16:31:48 apf.py[line:162] INFO 68
16:31:48 apf.py[line:84] INFO [ 0.5012226   5.62223905 -0.70959074  0.952       0.42189637]
16:31:48 apf.py[line:85] INFO [array([0., 2.]), array([4., 2.]), array([5., 4.]), array([5., 6.]), array([7., 9.])]
16:31:48 apf.py[line:49] INFO n = [0.01549495 0.00397295 0.00503398 0.0064905  0.00037131]
16:31:48 apf.py[line:50] INFO beta = [0.1596292  0.05636792 0.06782306 0.08255152 0.00766155]
16:31:48 apf.py[line:58] INFO theta_robo_ob = [-1.7082968718353762, -0.8027340719150526, -0.3460826915746618, 0.08377316718915685, 0.47932507539567437]
16:31:48 apf.py[line:59] INFO psi = -0.48959158432721545
16:31:48 apf.py[line:60] INFO tan(psi_hat) = [-0.2590340877660057, 0.7123818840315204]
16:31:48 apf.py[line:62] INFO psi_hat = -0.34875380735942785
16:31:48 apf.py[line:65] INFO term1 = 0.9520000000000007 * cos(-0.7476990515543651 - -0.48959158432721545) + 0.04 * 8.873879442454843 = 1.2754199687954482
16:31:48 apf.py[line:69] INFO term1 = 1.2754199687954482
16:31:48 apf.py[line:73] INFO theta_term_tmp = 0.9520000000000007 * sin(-0.7476990515543651 - -0.34875380735942785)/1.3279491779601753 = -0.27847541101045076
16:31:48 apf.py[line:78] INFO [v, theta] = [1.3279491779601753, -0.6309601700067542]
16:31:48 apf.py[line:161] INFO 
16:31:48 apf.py[line:162] INFO 69
16:31:48 apf.py[line:84] INFO [ 0.51598437  5.60977499 -0.70120348  0.966       0.41936302]
16:31:48 apf.py[line:85] INFO [array([0., 2.]), array([4., 2.]), array([5., 4.]), array([5., 6.]), array([7., 9.])]
16:31:48 apf.py[line:49] INFO n = [0.01566897 0.00404442 0.00512042 0.00657617 0.00037525]
16:31:48 apf.py[line:50] INFO beta = [0.16097056 0.05716382 0.0687276  0.08338964 0.00773535]
16:31:48 apf.py[line:58] INFO theta_robo_ob = [-1.7127754297438291, -0.8031243966339994, -0.34467267291125464, 0.08680708747322295, 0.48176701806963823]
16:31:48 apf.py[line:59] INFO psi = -0.4896635305807634
16:31:48 apf.py[line:60] INFO tan(psi_hat) = [-0.25743866925301667, 0.7109547974490076]
16:31:48 apf.py[line:62] INFO psi_hat = -0.3474158090328336
16:31:48 apf.py[line:65] INFO term1 = 0.9660000000000007 * cos(-0.7351326809400058 - -0.4896635305807634) + 0.04 * 8.87373093919369 = 1.2919918640169776
16:31:48 apf.py[line:69] INFO term1 = 1.2919918640169776
16:31:48 apf.py[line:73] INFO theta_term_tmp = 0.9660000000000007 * sin(-0.7351326809400058 - -0.3474158090328336)/1.3426203767540237 = -0.2720211694666294
16:31:48 apf.py[line:78] INFO [v, theta] = [1.3426203767540237, -0.6229085907069456]
16:31:48 apf.py[line:161] INFO 
16:31:48 apf.py[line:162] INFO 70
16:31:48 apf.py[line:84] INFO [ 0.53106514  5.5972558  -0.69285202  0.98        0.41757272]
16:31:48 apf.py[line:85] INFO [array([0., 2.]), array([4., 2.]), array([5., 4.]), array([5., 6.]), array([7., 9.])]
16:31:48 apf.py[line:49] INFO n = [0.01584416 0.00411822 0.00520998 0.00666482 0.00037934]
16:31:48 apf.py[line:50] INFO beta = [0.16231639 0.05798176 0.06966026 0.08425365 0.00781157]
16:31:48 apf.py[line:58] INFO theta_robo_ob = [-1.7173682415808664, -0.8035560154143205, -0.3432635809297218, 0.08987804943657272, 0.48424083536661433]
16:31:48 apf.py[line:59] INFO psi = -0.4897276070322751
16:31:48 apf.py[line:60] INFO tan(psi_hat) = [-0.25582654908570973, 0.7094954274005952]
16:31:48 apf.py[line:62] INFO psi_hat = -0.3460648105697656
16:31:48 apf.py[line:65] INFO term1 = 0.9800000000000008 * cos(-0.7225663103256466 - -0.4897276070322751) + 0.04 * 8.873604976130473 = 1.3084992051122635
16:31:48 apf.py[line:69] INFO term1 = 1.3084992051122635
16:31:48 apf.py[line:73] INFO theta_term_tmp = 0.9800000000000008 * sin(-0.7225663103256466 - -0.3460648105697656)/1.3572021619287535 = -0.26548431567652675
16:31:48 apf.py[line:78] INFO [v, theta] = [1.3572021619287535, -0.6147710403056756]
16:31:48 apf.py[line:161] INFO 
16:31:48 apf.py[line:162] INFO 71
16:31:48 apf.py[line:84] INFO [ 0.54646659  5.5846856  -0.68452338  0.994       0.4164319 ]
16:31:48 apf.py[line:85] INFO [array([0., 2.]), array([4., 2.]), array([5., 4.]), array([5., 6.]), array([7., 9.])]
16:31:48 apf.py[line:49] INFO n = [0.01602035 0.00419444 0.00530277 0.00675656 0.00038356]
16:31:48 apf.py[line:50] INFO beta = [0.16366536 0.0588223  0.07062192 0.08514429 0.00789027]
16:31:48 apf.py[line:58] INFO theta_robo_ob = [-1.722076389988336, -0.8040302936654441, -0.3418560849826331, 0.09298610219651438, 0.48674646371016483]
16:31:48 apf.py[line:59] INFO psi = -0.4897834578884512
16:31:48 apf.py[line:60] INFO tan(psi_hat) = [-0.25419881967812075, 0.7080025592165035]
16:31:48 apf.py[line:62] INFO psi_hat = -0.3447024355964437
16:31:48 apf.py[line:65] INFO term1 = 0.9940000000000008 * cos(-0.7099999397112873 - -0.4897834578884512) + 0.04 * 8.873500635105847 = 1.3249351080188918
16:31:48 apf.py[line:69] INFO term1 = 1.3249351080188918
16:31:48 apf.py[line:73] INFO theta_term_tmp = 0.9940000000000008 * sin(-0.7099999397112873 - -0.3447024355964437)/1.3716914961325737 = -0.258865657645384
16:31:48 apf.py[line:78] INFO [v, theta] = [1.3716914961325737, -0.6065500805629405]
16:31:48 apf.py[line:161] INFO 
16:31:48 apf.py[line:162] INFO 72
16:31:48 apf.py[line:84] INFO [ 0.56219043  5.5720687  -0.67620623  1.008       0.41585762]
16:31:48 apf.py[line:85] INFO [array([0., 2.]), array([4., 2.]), array([5., 4.]), array([5., 6.]), array([7., 9.])]
16:31:48 apf.py[line:49] INFO n = [0.01619735 0.00427315 0.00539892 0.0068515  0.00038793]
16:31:48 apf.py[line:50] INFO beta = [0.16501601 0.05968604 0.07161355 0.08606237 0.00797149]
16:31:48 apf.py[line:58] INFO theta_robo_ob = [-1.726900936345833, -0.8045486694935969, -0.34045090842386905, 0.09613127394756343, 0.4892838317323439]
16:31:48 apf.py[line:59] INFO psi = -0.48983075139455357
16:31:48 apf.py[line:60] INFO tan(psi_hat) = [-0.25255668503929696, 0.7064748453270258]
16:31:48 apf.py[line:62] INFO psi_hat = -0.34333051547624116
16:31:48 apf.py[line:65] INFO term1 = 1.0080000000000007 * cos(-0.697433569096928 - -0.48983075139455357) + 0.04 * 8.873416870752788 = 1.34129271790376
16:31:48 apf.py[line:69] INFO term1 = 1.34129271790376
16:31:48 apf.py[line:73] INFO theta_term_tmp = 1.0080000000000007 * sin(-0.697433569096928 - -0.34333051547624116)/1.3860853591433147 = -0.2521657113355238
16:31:48 apf.py[line:78] INFO [v, theta] = [1.3860853591433147, -0.5982481557920469]
16:31:49 apf.py[line:161] INFO 
16:31:49 apf.py[line:162] INFO 73
16:31:49 apf.py[line:84] INFO [ 0.57823848  5.55940957 -0.6678907   1.022       0.4157764 ]
16:31:49 apf.py[line:85] INFO [array([0., 2.]), array([4., 2.]), array([5., 4.]), array([5., 6.]), array([7., 9.])]
16:31:49 apf.py[line:49] INFO n = [0.01637495 0.00435445 0.00549857 0.00694976 0.00039244]
16:31:49 apf.py[line:50] INFO beta = [0.16636683 0.06057359 0.07263613 0.08700872 0.00805529]
16:31:49 apf.py[line:58] INFO theta_robo_ob = [-1.7318429116968779, -0.8051126519167443, -0.3390488270044709, 0.09931357396302772, 0.4918528607054182]
16:31:49 apf.py[line:59] INFO psi = -0.489869178259995
16:31:49 apf.py[line:60] INFO tan(psi_hat) = [-0.25090146015098086, 0.7049107981064605]
16:31:49 apf.py[line:62] INFO psi_hat = -0.34195109437763954
16:31:49 apf.py[line:65] INFO term1 = 1.0220000000000007 * cos(-0.6848671984825687 - -0.489869178259995) + 0.04 * 8.87335252072981 = 1.3575652111610295
16:31:49 apf.py[line:69] INFO term1 = 1.3575652111610295
16:31:49 apf.py[line:73] INFO theta_term_tmp = 1.0220000000000007 * sin(-0.6848671984825687 - -0.34195109437763954)/1.4003807550733964 = -0.2453846972140341
16:31:49 apf.py[line:78] INFO [v, theta] = [1.4003807550733964, -0.58986759697327]
16:31:49 apf.py[line:161] INFO 
16:31:49 apf.py[line:162] INFO 74
16:31:49 apf.py[line:84] INFO [ 0.59461261  5.54671285 -0.65956824  1.036       0.41612323]
16:31:49 apf.py[line:85] INFO [array([0., 2.]), array([4., 2.]), array([5., 4.]), array([5., 6.]), array([7., 9.])]
16:31:49 apf.py[line:49] INFO n = [0.01655294 0.00443842 0.00560186 0.00705146 0.00039711]
16:31:49 apf.py[line:50] INFO beta = [0.16771617 0.0614856  0.07369069 0.08798421 0.00814172]
16:31:49 apf.py[line:58] INFO theta_robo_ob = [-1.7369033077776619, -0.8057238193432763, -0.3376506675167371, 0.10253299446786059, 0.494453464965224]
16:31:49 apf.py[line:59] INFO psi = -0.48989845020995015
16:31:49 apf.py[line:60] INFO tan(psi_hat) = [-0.2492345700136185, 0.703308782147678]
16:31:49 apf.py[line:62] INFO psi_hat = -0.34056643435880507
16:31:49 apf.py[line:65] INFO term1 = 1.0360000000000007 * cos(-0.6723008278682094 - -0.48989845020995015) + 0.04 * 8.873306315023232 = 1.3737457973388452
16:31:49 apf.py[line:69] INFO term1 = 1.3737457973388452
16:31:49 apf.py[line:73] INFO theta_term_tmp = 1.0360000000000007 * sin(-0.6723008278682094 - -0.34056643435880507)/1.4145747208115036 = -0.23852253650826552
16:31:49 apf.py[line:78] INFO [v, theta] = [1.4145747208115036, -0.5814106254644396]
16:31:49 apf.py[line:161] INFO 
16:31:49 apf.py[line:162] INFO 75
16:31:49 apf.py[line:84] INFO [ 0.6113147   5.53398336 -0.65123143  1.05        0.4168406 ]
16:31:49 apf.py[line:85] INFO [array([0., 2.]), array([4., 2.]), array([5., 4.]), array([5., 6.]), array([7., 9.])]
16:31:49 apf.py[line:49] INFO n = [0.01673108 0.00452514 0.00570894 0.00715674 0.00040193]
16:31:49 apf.py[line:50] INFO beta = [0.16906229 0.06242271 0.07477834 0.08898978 0.00823084]
16:31:49 apf.py[line:58] INFO theta_robo_ob = [-1.7420830681251482, -0.8063838182975701, -0.3362573066783946, 0.10578951238675335, 0.4970855523221621]
16:31:49 apf.py[line:59] INFO psi = -0.4899182986554385
16:31:49 apf.py[line:60] INFO tan(psi_hat) = [-0.24755754830570864, 0.7016670059834902]
16:31:49 apf.py[line:62] INFO psi_hat = -0.3391790204068864
16:31:49 apf.py[line:65] INFO term1 = 1.0500000000000007 * cos(-0.6597344572538502 - -0.4899182986554385) + 0.04 * 8.873276884418551 = 1.3898277209997916
16:31:49 apf.py[line:69] INFO term1 = 1.3898277209997916
16:31:49 apf.py[line:73] INFO theta_term_tmp = 1.0500000000000007 * sin(-0.6597344572538502 - -0.3391790204068864)/1.4286643357760427 = -0.23157884726864136
16:31:49 apf.py[line:78] INFO [v, theta] = [1.4286643357760427, -0.5728793563348424]
16:31:49 apf.py[line:161] INFO 
16:31:49 apf.py[line:162] INFO 76
16:31:49 apf.py[line:84] INFO [ 0.62834671  5.52122604 -0.64287387  1.064       0.41787771]
16:31:49 apf.py[line:85] INFO [array([0., 2.]), array([4., 2.]), array([5., 4.]), array([5., 6.]), array([7., 9.])]
16:31:49 apf.py[line:49] INFO n = [0.01690911 0.00461473 0.00581997 0.00726572 0.00040691]
16:31:49 apf.py[line:50] INFO beta = [0.17040336 0.06338559 0.07590021 0.0900264  0.0083227 ]
16:31:49 apf.py[line:58] INFO theta_robo_ob = [-1.7473830792458647, -0.8070943623762871, -0.334869670248986, 0.10908309097217092, 0.49974902445689473]
16:31:49 apf.py[line:59] INFO psi = -0.48992847347450463
16:31:49 apf.py[line:60] INFO tan(psi_hat) = [-0.24587203559841803, 0.6999835132739097]
16:31:49 apf.py[line:62] INFO psi_hat = -0.3377915653674298
16:31:49 apf.py[line:65] INFO term1 = 1.0640000000000007 * cos(-0.6471680866394909 - -0.48992847347450463) + 0.04 * 8.873262768229116 = 1.4058042635190493
16:31:49 apf.py[line:69] INFO term1 = 1.4058042635190493
16:31:49 apf.py[line:73] INFO theta_term_tmp = 1.0640000000000007 * sin(-0.6471680866394909 - -0.3377915653674298)/1.4426467330572539 = -0.2245529403435438
16:31:49 apf.py[line:78] INFO [v, theta] = [1.4426467330572539, -0.5642758013504714]
16:31:49 apf.py[line:161] INFO 
16:31:49 apf.py[line:162] INFO 77
16:31:49 apf.py[line:84] INFO [ 0.64571057  5.50844599 -0.63449008  1.078       0.41918971]
16:31:49 apf.py[line:85] INFO [array([0., 2.]), array([4., 2.]), array([5., 4.]), array([5., 6.]), array([7., 9.])]
16:31:49 apf.py[line:49] INFO n = [0.01708677 0.00470726 0.00593512 0.00737855 0.00041206]
16:31:49 apf.py[line:50] INFO beta = [0.17173743 0.06437494 0.0770575  0.09109507 0.00841738]
16:31:49 apf.py[line:58] INFO theta_robo_ob = [-1.7528041618311423, -0.8078572314200008, -0.33348873237109194, 0.11241368131749702, 0.5024437772986442]
16:31:49 apf.py[line:59] INFO psi = -0.4899287418973656
16:31:49 apf.py[line:60] INFO tan(psi_hat) = [-0.24417977706494362, 0.6982561734818226]
16:31:49 apf.py[line:62] INFO psi_hat = -0.3364070146976568
16:31:49 apf.py[line:65] INFO term1 = 1.0780000000000007 * cos(-0.6346017160251316 - -0.4899287418973656) + 0.04 * 8.873262421360065 = 1.4216687448233662
16:31:49 apf.py[line:69] INFO term1 = 1.4216687448233662
16:31:49 apf.py[line:73] INFO theta_term_tmp = 1.0780000000000007 * sin(-0.6346017160251316 - -0.3364070146976568)/1.4565191120260674 = -0.21744381537634289
16:31:49 apf.py[line:78] INFO [v, theta] = [1.4565191120260674, -0.555601871641178]
16:31:49 apf.py[line:161] INFO 
16:31:49 apf.py[line:162] INFO 78
16:31:49 apf.py[line:84] INFO [ 0.66340826  5.49564842 -0.62607534  1.092       0.4207371 ]
16:31:49 apf.py[line:85] INFO [array([0., 2.]), array([4., 2.]), array([5., 4.]), array([5., 6.]), array([7., 9.])]
16:31:49 apf.py[line:49] INFO n = [0.01726377 0.00480285 0.00605456 0.00749539 0.00041737]
16:31:49 apf.py[line:50] INFO beta = [0.17306246 0.06539147 0.07825145 0.09219688 0.00851493]
16:31:49 apf.py[line:58] INFO theta_robo_ob = [-1.7583470620088648, -0.8086742708854541, -0.33211551512961107, 0.11578122376068989, 0.5051697013846247]
16:31:49 apf.py[line:59] INFO psi = -0.4899188874886993
16:31:49 apf.py[line:60] INFO tan(psi_hat) = [-0.2424826196223389, 0.6964826720635681]
16:31:49 apf.py[line:62] INFO psi_hat = -0.33502855097686635
16:31:49 apf.py[line:65] INFO term1 = 1.0920000000000007 * cos(-0.6220353454107723 - -0.4899188874886993) + 0.04 * 8.873274220776823 = 1.4374145250732315
16:31:49 apf.py[line:69] INFO term1 = 1.4374145250732315
16:31:49 apf.py[line:73] INFO theta_term_tmp = 1.0920000000000007 * sin(-0.6220353454107723 - -0.33502855097686635)/1.4702787524883616 = -0.21025015693986385
16:31:49 apf.py[line:78] INFO [v, theta] = [1.4702787524883616, -0.5468593800836793]
16:31:49 apf.py[line:161] INFO 
16:31:49 apf.py[line:162] INFO 79
16:31:49 apf.py[line:84] INFO [ 0.68144171  5.48283871 -0.61762563  1.106       0.4224851 ]
16:31:49 apf.py[line:85] INFO [array([0., 2.]), array([4., 2.]), array([5., 4.]), array([5., 6.]), array([7., 9.])]
16:31:49 apf.py[line:49] INFO n = [0.0174398  0.0049016  0.00617847 0.00761639 0.00042286]
16:31:49 apf.py[line:50] INFO beta = [0.17437629 0.06643591 0.07948338 0.09333293 0.00861544]
16:31:49 apf.py[line:58] INFO theta_robo_ob = [-1.7640124426260195, -0.8095473914044024, -0.33075108832300537, 0.11918564918393472, 0.5079266821996294]
16:31:49 apf.py[line:59] INFO psi = -0.48989870922057616
16:31:49 apf.py[line:60] INFO tan(psi_hat) = [-0.24078250844249433, 0.6946605002053763]
16:31:49 apf.py[line:62] INFO psi_hat = -0.33365959810807516
16:31:49 apf.py[line:65] INFO term1 = 1.1060000000000008 * cos(-0.609468974796413 - -0.48989870922057616) + 0.04 * 8.873296471439883 = 1.4530350062900428
16:31:49 apf.py[line:69] INFO term1 = 1.4530350062900428
16:31:49 apf.py[line:73] INFO theta_term_tmp = 1.1060000000000008 * sin(-0.609468974796413 - -0.33365959810807516)/1.4839230304631097 = -0.20297033092861308
16:31:49 apf.py[line:78] INFO [v, theta] = [1.4839230304631097, -0.5380500434386845]
16:31:49 apf.py[line:161] INFO 
16:31:49 apf.py[line:162] INFO 80
16:31:49 apf.py[line:84] INFO [ 0.69981289  5.47002232 -0.60913757  1.12        0.42440315]
16:31:49 apf.py[line:85] INFO [array([0., 2.]), array([4., 2.]), array([5., 4.]), array([5., 6.]), array([7., 9.])]
16:31:49 apf.py[line:49] INFO n = [0.01761454 0.00500362 0.00630706 0.00774172 0.00042852]
16:31:49 apf.py[line:50] INFO beta = [0.17567667 0.06750901 0.08075465 0.09450441 0.00871896]
16:31:49 apf.py[line:58] INFO theta_robo_ob = [-1.7698008745605338, -0.8104785685155981, -0.32939656944116197, 0.12262688021473382, 0.5107146004951618]
16:31:49 apf.py[line:59] INFO psi = -0.4898680206298849
16:31:49 apf.py[line:60] INFO tan(psi_hat) = [-0.23908148276872132, 0.6927869441415053]
16:31:49 apf.py[line:62] INFO psi_hat = -0.33230382514736534
16:31:49 apf.py[line:65] INFO term1 = 1.1200000000000008 * cos(-0.5969026041820538 - -0.4898680206298849) + 0.04 * 8.873327411761279 = 1.4685236339295304
16:31:49 apf.py[line:69] INFO term1 = 1.4685236339295304
16:31:49 apf.py[line:73] INFO theta_term_tmp = 1.1200000000000008 * sin(-0.5969026041820538 - -0.33230382514736534)/1.4974494356619077 = -0.195602381333754
16:31:49 apf.py[line:78] INFO [v, theta] = [1.4974494356619077, -0.5291754842856807]
16:31:49 apf.py[line:161] INFO 
16:31:49 apf.py[line:162] INFO 81
16:31:49 apf.py[line:84] INFO [ 0.71852371  5.45720484 -0.60060828  1.134       0.42646446]
16:31:49 apf.py[line:85] INFO [array([0., 2.]), array([4., 2.]), array([5., 4.]), array([5., 6.]), array([7., 9.])]
16:31:49 apf.py[line:49] INFO n = [0.01778765 0.00510902 0.00644052 0.00787157 0.00043437]
16:31:49 apf.py[line:50] INFO beta = [0.17696125 0.06861154 0.08206672 0.09571253 0.00882558]
16:31:49 apf.py[line:58] INFO theta_robo_ob = [-1.7757128280650116, -0.8114698425569942, -0.3280531238453089, 0.1261048323337494, 0.5135333325877717]
16:31:49 apf.py[line:59] INFO psi = -0.4898266490544515
16:31:49 apf.py[line:60] INFO tan(psi_hat) = [-0.23738167097502677, 0.6908590740952179]
16:31:49 apf.py[line:62] INFO psi_hat = -0.33096514970146834
16:31:49 apf.py[line:65] INFO term1 = 1.1340000000000008 * cos(-0.5843362335676945 - -0.4898266490544515) + 0.04 * 8.873365218632477 = 1.4838738984022806
16:31:49 apf.py[line:69] INFO term1 = 1.4838738984022806
16:31:49 apf.py[line:73] INFO theta_term_tmp = 1.1340000000000008 * sin(-0.5843362335676945 - -0.33096514970146834)/1.510855590745502 = -0.18814402752996714
16:31:49 apf.py[line:78] INFO [v, theta] = [1.510855590745502, -0.5202372328051577]
16:31:49 apf.py[line:161] INFO 
16:31:49 apf.py[line:162] INFO 82
16:31:49 apf.py[line:84] INFO [ 0.73757607  5.44439199 -0.59203537  1.148       0.4286456 ]
16:31:49 apf.py[line:85] INFO [array([0., 2.]), array([4., 2.]), array([5., 4.]), array([5., 6.]), array([7., 9.])]
16:31:49 apf.py[line:49] INFO n = [0.01795879 0.00521793 0.00657908 0.00800611 0.0004404 ]
16:31:49 apf.py[line:50] INFO beta = [0.17822756 0.06974429 0.08342108 0.0969586  0.00893537]
16:31:49 apf.py[line:58] INFO theta_robo_ob = [-1.7817486641491067, -0.8125233187056791, -0.3267219651462132, 0.12961941489453452, 0.5163827506364664]
16:31:49 apf.py[line:59] INFO psi = -0.48977443494239714
16:31:49 apf.py[line:60] INFO tan(psi_hat) = [-0.23568528480675008, 0.6888737328893448]
16:31:49 apf.py[line:62] INFO psi_hat = -0.32964774084009685
16:31:49 apf.py[line:65] INFO term1 = 1.1480000000000008 * cos(-0.5717698629533352 - -0.48977443494239714) + 0.04 * 8.873408012068596 = 1.4990793365418105
16:31:49 apf.py[line:69] INFO term1 = 1.4990793365418105
16:31:49 apf.py[line:73] INFO theta_term_tmp = 1.1480000000000008 * sin(-0.5717698629533352 - -0.32964774084009685)/1.524139272430114 = -0.1805926622067533
16:31:49 apf.py[line:78] INFO [v, theta] = [1.524139272430114, -0.5112367284653161]
16:31:49 apf.py[line:161] INFO 
16:31:49 apf.py[line:162] INFO 83
16:31:49 apf.py[line:84] INFO [ 0.75697183  5.43158956 -0.58341685  1.162       0.43092609]
16:31:49 apf.py[line:85] INFO [array([0., 2.]), array([4., 2.]), array([5., 4.]), array([5., 6.]), array([7., 9.])]
16:31:49 apf.py[line:49] INFO n = [0.01812756 0.00533045 0.00672296 0.00814555 0.00044662]
16:31:49 apf.py[line:50] INFO beta = [0.17947305 0.07090808 0.08481931 0.09824396 0.0090484 ]
16:31:49 apf.py[line:58] INFO theta_robo_ob = [-1.7879086260113484, -0.813641167153392, -0.32540435577769306, 0.1331705320600741, 0.519262722899215]
16:31:49 apf.py[line:59] INFO psi = -0.48971123122960564
16:31:49 apf.py[line:60] INFO tan(psi_hat) = [-0.23399461274387828, 0.6868275242790413]
16:31:49 apf.py[line:62] INFO psi_hat = -0.3283560214776746
16:31:49 apf.py[line:65] INFO term1 = 1.1620000000000008 * cos(-0.5592034923389759 - -0.48971123122960564) + 0.04 * 8.873453859509675 = 1.5141335330203671
16:31:49 apf.py[line:69] INFO term1 = 1.5141335330203671
16:31:49 apf.py[line:73] INFO theta_term_tmp = 1.1620000000000008 * sin(-0.5592034923389759 - -0.3283560214776746)/1.5372984345125944 = -0.172945350079215
16:31:49 apf.py[line:78] INFO [v, theta] = [1.5372984345125944, -0.5021753216785972]
16:31:50 apf.py[line:161] INFO 
16:31:50 apf.py[line:162] INFO 84
16:31:50 apf.py[line:84] INFO [ 0.77671282  5.41880348 -0.57475109  1.176       0.43328814]
16:31:50 apf.py[line:85] INFO [array([0., 2.]), array([4., 2.]), array([5., 4.]), array([5., 6.]), array([7., 9.])]
16:31:50 apf.py[line:49] INFO n = [0.01829359 0.00544672 0.00687241 0.00829009 0.00045305]
16:31:50 apf.py[line:50] INFO beta = [0.18069509 0.07210374 0.08626307 0.09957003 0.00916478]
16:31:50 apf.py[line:58] INFO theta_robo_ob = [-1.794192830535303, -0.8148256234056969, -0.32410160776325475, 0.13675808366083284, 0.5221731139686757]
16:31:50 apf.py[line:59] INFO psi = -0.489636902780476
16:31:50 apf.py[line:60] INFO tan(psi_hat) = [-0.23231201243212285, 0.6847168010653482]
16:31:50 apf.py[line:62] INFO psi_hat = -0.32709467018961913
16:31:50 apf.py[line:65] INFO term1 = 1.1760000000000008 * cos(-0.5466371217246166 - -0.489636902780476) + 0.04 * 8.873500779815977 = 1.5290301217123288
16:31:50 apf.py[line:69] INFO term1 = 1.5290301217123288
16:31:50 apf.py[line:73] INFO theta_term_tmp = 1.1760000000000008 * sin(-0.5466371217246166 - -0.32709467018961913)/1.550331232878675 = -0.1651988275146836
16:31:50 apf.py[line:78] INFO [v, theta] = [1.550331232878675, -0.4930542755027119]
16:31:50 apf.py[line:161] INFO 
16:31:50 apf.py[line:162] INFO 85
16:31:50 apf.py[line:84] INFO [ 0.7968008   5.40603975 -0.56603676  1.19        0.43571632]
16:31:50 apf.py[line:85] INFO [array([0., 2.]), array([4., 2.]), array([5., 4.]), array([5., 6.]), array([7., 9.])]
16:31:50 apf.py[line:49] INFO n = [0.01845647 0.00556686 0.00702767 0.00843995 0.00045968]
16:31:50 apf.py[line:50] INFO beta = [0.18189091 0.07333212 0.08775409 0.10093828 0.00928457]
16:31:50 apf.py[line:58] INFO theta_robo_ob = [-1.8006012598689674, -0.8160789886929966, -0.32281508367442563, 0.1403819659787968, 0.5251137849873732]
16:31:50 apf.py[line:59] INFO psi = -0.4895513258874144
16:31:50 apf.py[line:60] INFO tan(psi_hat) = [-0.23063990213185703, 0.6825376530541931]
16:31:50 apf.py[line:62] INFO psi_hat = -0.3258686224414914
16:31:50 apf.py[line:65] INFO term1 = 1.1900000000000008 * cos(-0.5340707511102574 - -0.4895513258874144) + 0.04 * 8.873546746991023 = 1.5437627870048962
16:31:50 apf.py[line:69] INFO term1 = 1.5437627870048962
16:31:50 apf.py[line:73] INFO theta_term_tmp = 1.1900000000000008 * sin(-0.5340707511102574 - -0.3258686224414914)/1.5632360525529054 = -0.15734950321144486
16:31:50 apf.py[line:78] INFO [v, theta] = [1.5632360525529054, -0.4838747674712444]
16:31:50 apf.py[line:161] INFO 
16:31:50 apf.py[line:162] INFO 86
16:31:50 apf.py[line:84] INFO [ 0.81723751  5.39330448 -0.55727281  1.204       0.43819729]
16:31:50 apf.py[line:85] INFO [array([0., 2.]), array([4., 2.]), array([5., 4.]), array([5., 6.]), array([7., 9.])]
16:31:50 apf.py[line:49] INFO n = [0.01861577 0.00569102 0.00718903 0.00859536 0.00046652]
16:31:50 apf.py[line:50] INFO beta = [0.1830577  0.07459408 0.08929419 0.10235028 0.00940786]
16:31:50 apf.py[line:58] INFO theta_robo_ob = [-1.807133753110274, -0.8174036304815444, -0.32154619778006777, 0.1440420724618018, 0.5280845938426183]
16:31:50 apf.py[line:59] INFO psi = -0.489454387824756
16:31:50 apf.py[line:60] INFO tan(psi_hat) = [-0.22898075114133795, 0.6802858949313955]
16:31:50 apf.py[line:62] INFO psi_hat = -0.3246830712253426
16:31:50 apf.py[line:65] INFO term1 = 1.2040000000000008 * cos(-0.5215043804958981 - -0.489454387824756) + 0.04 * 8.873589693663186 = 1.5583252650555812
16:31:50 apf.py[line:69] INFO term1 = 1.5583252650555812
16:31:50 apf.py[line:73] INFO theta_term_tmp = 1.2040000000000008 * sin(-0.5215043804958981 - -0.3246830712253426)/1.576011536842336 = -0.1493934600640304
16:31:50 apf.py[line:78] INFO [v, theta] = [1.576011536842336, -0.4746378916503482]
16:31:50 apf.py[line:161] INFO 
16:31:50 apf.py[line:162] INFO 87
16:31:50 apf.py[line:84] INFO [ 0.83802461  5.38060385 -0.54845842  1.218       0.44071958]
16:31:50 apf.py[line:85] INFO [array([0., 2.]), array([4., 2.]), array([5., 4.]), array([5., 6.]), array([7., 9.])]
16:31:50 apf.py[line:49] INFO n = [0.01877107 0.00581932 0.00735676 0.00875657 0.00047357]
16:31:50 apf.py[line:50] INFO beta = [0.18419255 0.07589053 0.09088528 0.10380766 0.00953476]
16:31:50 apf.py[line:58] INFO theta_robo_ob = [-1.8137899981254963, -0.8188019830724412, -0.3202964173866253, 0.14773829437229777, 0.5310853953415441]
16:31:50 apf.py[line:59] INFO psi = -0.4893459864530122
16:31:50 apf.py[line:60] INFO tan(psi_hat) = [-0.22733706915836618, 0.6779570541298986]
16:31:50 apf.py[line:62] INFO psi_hat = -0.32354346711673676
16:31:50 apf.py[line:65] INFO term1 = 1.2180000000000009 * cos(-0.5089380098815388 - -0.4893459864530122) + 0.04 * 8.873627514354052 = 1.5727113449958594
16:31:50 apf.py[line:69] INFO term1 = 1.5727113449958594
16:31:50 apf.py[line:73] INFO theta_term_tmp = 1.2180000000000009 * sin(-0.5089380098815388 - -0.32354346711673676)/1.5886566186187123 = -0.14132645834578209
16:31:50 apf.py[line:78] INFO [v, theta] = [1.5886566186187123, -0.4653446610305314]
16:31:50 apf.py[line:161] INFO 
16:31:50 apf.py[line:162] INFO 88
16:31:50 apf.py[line:84] INFO [ 0.85916371  5.36794414 -0.53959295  1.232       0.44327339]
16:31:50 apf.py[line:85] INFO [array([0., 2.]), array([4., 2.]), array([5., 4.]), array([5., 6.]), array([7., 9.])]
16:31:50 apf.py[line:49] INFO n = [0.01892192 0.00595192 0.00753116 0.00892384 0.00048085]
16:31:50 apf.py[line:50] INFO beta = [0.18529246 0.07722237 0.09252935 0.10531213 0.00966535]
16:31:50 apf.py[line:58] INFO theta_robo_ob = [-1.8205695235311712, -0.8202765482762816, -0.3190672643698586, 0.1514705213746041, 0.5341160413667022]
16:31:50 apf.py[line:59] INFO psi = -0.48922602986949143
16:31:50 apf.py[line:60] INFO tan(psi_hat) = [-0.2257113945537222, 0.6755463587706902]
16:31:50 apf.py[line:62] INFO psi_hat = -0.3224555177884319
16:31:50 apf.py[line:65] INFO term1 = 1.2320000000000009 * cos(-0.49637163926717953 - -0.48922602986949143) + 0.04 * 8.873658068559346 = 1.586914870080268
16:31:50 apf.py[line:69] INFO term1 = 1.586914870080268
16:31:50 apf.py[line:73] INFO theta_term_tmp = 1.2320000000000009 * sin(-0.49637163926717953 - -0.3224555177884319)/1.601170553776192 = -0.133143940333372
16:31:50 apf.py[line:78] INFO [v, theta] = [1.601170553776192, -0.45599601037600557]
16:31:50 apf.py[line:161] INFO 
16:31:50 apf.py[line:162] INFO 89
16:31:50 apf.py[line:84] INFO [ 0.88065634  5.35533172 -0.53067595  1.246       0.44585036]
16:31:50 apf.py[line:85] INFO [array([0., 2.]), array([4., 2.]), array([5., 4.]), array([5., 6.]), array([7., 9.])]
16:31:50 apf.py[line:49] INFO n = [0.01906786 0.00608895 0.00771256 0.00909744 0.00048837]
16:31:50 apf.py[line:50] INFO beta = [0.1863544  0.07859053 0.09422851 0.10686549 0.00979973]
16:31:50 apf.py[line:58] INFO theta_robo_ob = [-1.827471690873883, -0.8218298961506151, -0.317860316899143, 0.15523864206469334, 0.5371763810127629]
16:31:50 apf.py[line:59] INFO psi = -0.48909443610145364
16:31:50 apf.py[line:60] INFO tan(psi_hat) = [-0.22410628154042347, 0.673048725763469]
16:31:50 apf.py[line:62] INFO psi_hat = -0.3214251870428389
16:31:50 apf.py[line:65] INFO term1 = 1.2460000000000009 * cos(-0.48380526865282025 - -0.48909443610145364) + 0.04 * 8.873679183666086 = 1.6009297387801724
16:31:50 apf.py[line:69] INFO term1 = 1.6009297387801724
16:31:50 apf.py[line:73] INFO theta_term_tmp = 1.2460000000000009 * sin(-0.48380526865282025 - -0.3214251870428389)/1.6135529568935447 = -0.12484103648935913
16:31:50 apf.py[line:78] INFO [v, theta] = [1.6135529568935447, -0.4465927996685368]
16:31:50 apf.py[line:161] INFO 
16:31:50 apf.py[line:162] INFO 90
16:31:50 apf.py[line:84] INFO [ 0.90250398  5.34277302 -0.52170708  1.26        0.44844345]
16:31:50 apf.py[line:85] INFO [array([0., 2.]), array([4., 2.]), array([5., 4.]), array([5., 6.]), array([7., 9.])]
16:31:50 apf.py[line:49] INFO n = [0.01920841 0.00623058 0.0079013  0.00927765 0.00049611]
16:31:50 apf.py[line:50] INFO beta = [0.18737523 0.07999595 0.09598496 0.10846961 0.009938  ]
16:31:50 apf.py[line:58] INFO theta_robo_ob = [-1.8344956870458378, -0.823464665786721, -0.3166772113558447, 0.15904254444660684, 0.5402662607049694]
16:31:50 apf.py[line:59] INFO psi = -0.4889511328380066
16:31:50 apf.py[line:60] INFO tan(psi_hat) = [-0.22252428623507098, 0.6704587491568879]
16:31:50 apf.py[line:62] INFO psi_hat = -0.3204586934553396
16:31:50 apf.py[line:65] INFO term1 = 1.260000000000001 * cos(-0.471238898038461 - -0.4889511328380066) + 0.04 * 8.873688657727513 = 1.614749905821413
16:31:50 apf.py[line:69] INFO term1 = 1.614749905821413
16:31:50 apf.py[line:73] INFO theta_term_tmp = 1.260000000000001 * sin(-0.471238898038461 - -0.3204586934553396)/1.6258038391219225 = -0.11641257330739707
16:31:50 apf.py[line:78] INFO [v, theta] = [1.6258038391219225, -0.43713581829812603]
16:31:50 apf.py[line:161] INFO 
16:31:50 apf.py[line:162] INFO 91
16:31:50 apf.py[line:84] INFO [ 0.92470802  5.33027458 -0.51268614  1.274       0.45104672]
16:31:50 apf.py[line:85] INFO [array([0., 2.]), array([4., 2.]), array([5., 4.]), array([5., 6.]), array([7., 9.])]
16:31:50 apf.py[line:49] INFO n = [0.01934309 0.00637695 0.00809771 0.00946478 0.00050411]
16:31:50 apf.py[line:50] INFO beta = [0.1883518  0.08143961 0.09780101 0.11012649 0.01008027]
16:31:50 apf.py[line:58] INFO theta_robo_ob = [-1.8416405169775913, -0.8251835661313185, -0.31551964444761366, 0.16288211635977956, 0.5433855243001487]
16:31:50 apf.py[line:59] INFO psi = -0.48879605719695485
16:31:50 apf.py[line:60] INFO tan(psi_hat) = [-0.22096795162132904, 0.6677706888309196]
16:31:50 apf.py[line:62] INFO psi_hat = -0.31956250875465075
16:31:50 apf.py[line:65] INFO term1 = 1.274000000000001 * cos(-0.4586725274241017 - -0.48879605719695485) + 0.04 * 8.873684262115358 = 1.6283693831650887
16:31:50 apf.py[line:69] INFO term1 = 1.6283693831650887
16:31:50 apf.py[line:73] INFO theta_term_tmp = 1.274000000000001 * sin(-0.4586725274241017 - -0.31956250875465075)/1.6379236483120458 = -0.10785308291002246
16:31:50 apf.py[line:78] INFO [v, theta] = [1.6379236483120458, -0.42762579016915786]
16:31:50 apf.py[line:161] INFO 
16:31:50 apf.py[line:162] INFO 92
16:31:50 apf.py[line:84] INFO [ 0.94726977  5.31784298 -0.50361304  1.288       0.45365522]
16:31:50 apf.py[line:85] INFO [array([0., 2.]), array([4., 2.]), array([5., 4.]), array([5., 6.]), array([7., 9.])]
16:31:50 apf.py[line:49] INFO n = [0.01947142 0.00652824 0.0083022  0.00965915 0.00051235]
16:31:50 apf.py[line:50] INFO beta = [0.18928088 0.08292247 0.09967909 0.11183819 0.01022664]
16:31:50 apf.py[line:58] INFO theta_robo_ob = [-1.8489049966525335, -0.8269893768277605, -0.31438937552064056, 0.16675724586184246, 0.5465340131712574]
16:31:50 apf.py[line:59] INFO psi = -0.4886291555227422
16:31:50 apf.py[line:60] INFO tan(psi_hat) = [-0.2194397914408314, 0.6649784596252912]
16:31:50 apf.py[line:62] INFO psi_hat = -0.3187433561048579
16:31:50 apf.py[line:65] INFO term1 = 1.288000000000001 * cos(-0.4461061568097424 - -0.4886291555227422) + 0.04 * 8.873663744067066 = 1.6417822409308207
16:31:50 apf.py[line:69] INFO term1 = 1.6417822409308207
16:31:50 apf.py[line:73] INFO theta_term_tmp = 1.288000000000001 * sin(-0.4461061568097424 - -0.3187433561048579)/1.6499133113886681 = -0.09915681447078259
16:31:50 apf.py[line:78] INFO [v, theta] = [1.6499133113886681, -0.4180633799078483]
16:31:50 apf.py[line:161] INFO 
16:31:50 apf.py[line:162] INFO 93
16:31:50 apf.py[line:84] INFO [ 0.97019049  5.3054849  -0.49448774  1.302       0.45626485]
16:31:50 apf.py[line:85] INFO [array([0., 2.]), array([4., 2.]), array([5., 4.]), array([5., 6.]), array([7., 9.])]
16:31:50 apf.py[line:49] INFO n = [0.01959291 0.0066846  0.00851515 0.0098611  0.00052086]
16:31:50 apf.py[line:50] INFO beta = [0.19015924 0.08444554 0.10162176 0.11360691 0.01037722]
16:31:50 apf.py[line:58] INFO theta_robo_ob = [-1.8562877464907457, -0.8288849490599582, -0.3132882290719882, 0.17066782157190824, 0.5497115662766785]
16:31:50 apf.py[line:59] INFO psi = -0.4884503832115011
16:31:50 apf.py[line:60] INFO tan(psi_hat) = [-0.21794227305350017, 0.6620756209977959]
16:31:50 apf.py[line:62] INFO psi_hat = -0.3180082084968731
16:31:50 apf.py[line:65] INFO term1 = 1.302000000000001 * cos(-0.43353978619538314 - -0.4884503832115011) + 0.04 * 8.873624829143544 = 1.6549826082619963
16:31:50 apf.py[line:69] INFO term1 = 1.6549826082619963
16:31:50 apf.py[line:73] INFO theta_term_tmp = 1.302000000000001 * sin(-0.43353978619538314 - -0.3180082084968731)/1.6617742789762575 = -0.09031774751044767
16:31:50 apf.py[line:78] INFO [v, theta] = [1.6617742789762575, -0.4084492003749285]
16:31:51 apf.py[line:161] INFO 
16:31:51 apf.py[line:162] INFO 94
16:31:51 apf.py[line:84] INFO [ 0.99347133  5.29320707 -0.4853103   1.316       0.45887222]
16:31:51 apf.py[line:85] INFO [array([0., 2.]), array([4., 2.]), array([5., 4.]), array([5., 6.]), array([7., 9.])]
16:31:51 apf.py[line:49] INFO n = [0.01970705 0.0068462  0.00873699 0.010071   0.00052964]
16:31:51 apf.py[line:50] INFO beta = [0.19098362 0.08600981 0.10363171 0.11543493 0.01053214]
16:31:51 apf.py[line:58] INFO theta_robo_ob = [-1.863787185152612, -0.8308732063807424, -0.31221809746401313, 0.17461373297994026, 0.5529180202157661]
16:31:51 apf.py[line:59] INFO psi = -0.48825970455901796
16:31:51 apf.py[line:60] INFO tan(psi_hat) = [-0.21647779932725358, 0.6590553673043593]
16:31:51 apf.py[line:62] INFO psi_hat = -0.3173642875051435
16:31:51 apf.py[line:65] INFO term1 = 1.316000000000001 * cos(-0.42097341558102386 - -0.48825970455901796) + 0.04 * 8.873565223610923 = 1.6679646741327272
16:31:51 apf.py[line:69] INFO term1 = 1.6679646741327272
16:31:51 apf.py[line:73] INFO theta_term_tmp = 1.316000000000001 * sin(-0.42097341558102386 - -0.3173642875051435)/1.673508572278949 = -0.0813296070909471
16:31:51 apf.py[line:78] INFO [v, theta] = [1.673508572278949, -0.39878382170655924]
16:31:51 apf.py[line:161] INFO 
16:31:51 apf.py[line:162] INFO 95
16:31:51 apf.py[line:84] INFO [ 1.01711335  5.2810163  -0.47608081  1.33        0.46147454]
16:31:51 apf.py[line:85] INFO [array([0., 2.]), array([4., 2.]), array([5., 4.]), array([5., 6.]), array([7., 9.])]
16:31:51 apf.py[line:49] INFO n = [0.01981334 0.00701322 0.00896817 0.01028921 0.00053869]
16:31:51 apf.py[line:50] INFO beta = [0.19175073 0.08761632 0.10571174 0.11732468 0.01069151]
16:31:51 apf.py[line:58] INFO theta_robo_ob = [-1.8714015238150483, -0.8329571455045894, -0.31118094384261447, 0.17859487072858599, 0.5561532092724877]
16:31:51 apf.py[line:59] INFO psi = -0.4880570926271537
16:31:51 apf.py[line:60] INFO tan(psi_hat) = [-0.21504868963624038, 0.6559105187887152]
16:31:51 apf.py[line:62] INFO psi_hat = -0.3168190627189259
16:31:51 apf.py[line:65] INFO term1 = 1.330000000000001 * cos(-0.4084070449666646 - -0.4880570926271537) + 0.04 * 8.873482616757581 = 1.6807226880965582
16:31:51 apf.py[line:69] INFO term1 = 1.6807226880965582
16:31:51 apf.py[line:73] INFO theta_term_tmp = 1.330000000000001 * sin(-0.4084070449666646 - -0.3168190627189259)/1.6851188322211015 = -0.07218588090013014
16:31:51 apf.py[line:78] INFO [v, theta] = [1.6851188322211015, -0.38906778212662574]
16:31:51 apf.py[line:161] INFO 
16:31:51 apf.py[line:162] INFO 96
16:31:51 apf.py[line:84] INFO [ 1.04111755  5.26891949 -0.46679942  1.344       0.46406946]
16:31:51 apf.py[line:85] INFO [array([0., 2.]), array([4., 2.]), array([5., 4.]), array([5., 6.]), array([7., 9.])]
16:31:51 apf.py[line:49] INFO n = [0.01991129 0.00718585 0.00920917 0.01051616 0.00054803]
16:31:51 apf.py[line:50] INFO beta = [0.19245731 0.08926608 0.10786484 0.11927869 0.01085545]
16:31:51 apf.py[line:58] INFO theta_robo_ob = [-1.87912876097537, -0.8351398370425829, -0.3101788052605552, 0.18261112687485087, 0.559416965449441]
16:31:51 apf.py[line:59] INFO psi = -0.4878425291238994
16:31:51 apf.py[line:60] INFO tan(psi_hat) = [-0.21365716006684157, 0.6526335133632502]
16:31:51 apf.py[line:62] INFO psi_hat = -0.31638025221674104
16:31:51 apf.py[line:65] INFO term1 = 1.344000000000001 * cos(-0.3958406743523053 - -0.4878425291238994) + 0.04 * 8.87337468315519 = 1.6932509609773765
16:31:51 apf.py[line:69] INFO term1 = 1.6932509609773765
16:31:51 apf.py[line:73] INFO theta_term_tmp = 1.344000000000001 * sin(-0.3958406743523053 - -0.31638025221674104)/1.6966083708637194 = -0.06287983818527804
16:31:51 apf.py[line:78] INFO [v, theta] = [1.6966083708637194, -0.3793016007950182]
16:31:51 apf.py[line:161] INFO 
16:31:51 apf.py[line:162] INFO 97
16:31:51 apf.py[line:84] INFO [ 1.06548481  5.25692356 -0.45746632  1.358       0.46665502]
16:31:51 apf.py[line:85] INFO [array([0., 2.]), array([4., 2.]), array([5., 4.]), array([5., 6.]), array([7., 9.])]
16:31:51 apf.py[line:49] INFO n = [0.0200004  0.00736425 0.00946049 0.01075227 0.00055767]
16:31:51 apf.py[line:50] INFO beta = [0.19310012 0.09096014 0.11009413 0.12129964 0.0110241 ]
16:31:51 apf.py[line:58] INFO theta_robo_ob = [-1.8869666778396474, -0.8374244261551642, -0.3092137960063784, 0.18666239514021735, 0.5627091184950322]
16:31:51 apf.py[line:59] INFO psi = -0.4876160042918202
16:31:51 apf.py[line:60] INFO tan(psi_hat) = [-0.21230530295150304, 0.6492163992537006]
16:31:51 apf.py[line:62] INFO psi_hat = -0.3160558245184173
16:31:51 apf.py[line:65] INFO term1 = 1.358000000000001 * cos(-0.383274303737946 - -0.4876160042918202) + 0.04 * 8.873239084869837 = 1.705543865503487
16:31:51 apf.py[line:69] INFO term1 = 1.705543865503487
16:31:51 apf.py[line:73] INFO theta_term_tmp = 1.358000000000001 * sin(-0.383274303737946 - -0.3160558245184173)/1.707981225128201 = -0.053404550453187725
16:31:51 apf.py[line:78] INFO [v, theta] = [1.707981225128201, -0.3694857929796328]
16:31:51 apf.py[line:161] INFO 
16:31:51 apf.py[line:162] INFO 98
16:31:51 apf.py[line:84] INFO [ 1.09021592  5.24503552 -0.44808173  1.372       0.46922946]
16:31:51 apf.py[line:85] INFO [array([0., 2.]), array([4., 2.]), array([5., 4.]), array([5., 6.]), array([7., 9.])]
16:31:51 apf.py[line:49] INFO n = [0.02008018 0.00754863 0.00972266 0.01099799 0.00056761]
16:31:51 apf.py[line:50] INFO beta = [0.19367594 0.09269955 0.11240289 0.12339035 0.01119757]
16:31:51 apf.py[line:58] INFO theta_robo_ob = [-1.89491283435385, -0.8398141330956183, -0.3082881111384419, 0.19074857115932214, 0.5660294959272134]
16:31:51 apf.py[line:59] INFO psi = -0.4873775167991077
16:31:51 apf.py[line:60] INFO tan(psi_hat) = [-0.21099506587166952, 0.6456508285687458]
16:31:51 apf.py[line:62] INFO psi_hat = -0.31585400252214046
16:31:51 apf.py[line:65] INFO term1 = 1.372000000000001 * cos(-0.37070793312358674 - -0.4873775167991077) + 0.04 * 8.87307347362614 = 1.7175958368864597
16:31:51 apf.py[line:69] INFO term1 = 1.7175958368864597
16:31:51 apf.py[line:73] INFO theta_term_tmp = 1.372000000000001 * sin(-0.37070793312358674 - -0.31585400252214046)/1.719242212884395 = -0.043752913809468524
16:31:51 apf.py[line:78] INFO [v, theta] = [1.719242212884395, -0.3596208878651579]
16:31:51 apf.py[line:161] INFO 
16:31:51 apf.py[line:162] INFO 99
16:31:51 apf.py[line:84] INFO [ 1.11531161  5.23326245 -0.4386459   1.386       0.47179115]
16:31:51 apf.py[line:85] INFO [array([0., 2.]), array([4., 2.]), array([5., 4.]), array([5., 6.]), array([7., 9.])]
16:31:51 apf.py[line:49] INFO n = [0.02015015 0.00773916 0.00999628 0.0112538  0.00057786]
16:31:51 apf.py[line:50] INFO beta = [0.1941816  0.09448534 0.11479458 0.12555379 0.01137602]
16:31:51 apf.py[line:58] INFO theta_robo_ob = [-1.9029645659371506, -0.8423122536143415, -0.30740403022229024, 0.19486955273911918, 0.5693779230578956]
16:31:51 apf.py[line:59] INFO psi = -0.4871270736268561
16:31:51 apf.py[line:60] INFO tan(psi_hat) = [-0.20972823029239152, 0.641928051840931]
16:31:51 apf.py[line:62] INFO psi_hat = -0.31578327001524875
16:31:51 apf.py[line:65] INFO term1 = 1.386000000000001 * cos(-0.35814156250922746 - -0.4871270736268561) + 0.04 * 8.872875492923809 = 1.7294013733471574
16:31:51 apf.py[line:69] INFO term1 = 1.7294013733471574
16:31:51 apf.py[line:73] INFO theta_term_tmp = 1.386000000000001 * sin(-0.35814156250922746 - -0.31578327001524875)/1.7303969914971324 = -0.033917672759211634
16:31:51 apf.py[line:78] INFO [v, theta] = [1.7303969914971324, -0.34970744934001796]
16:31:51 apf.py[line:161] INFO 
16:31:51 apf.py[line:162] INFO 100
16:31:51 apf.py[line:84] INFO [ 1.14077245  5.22161147 -0.42915914  1.4         0.47433843]
16:31:51 apf.py[line:85] INFO [array([0., 2.]), array([4., 2.]), array([5., 4.]), array([5., 6.]), array([7., 9.])]
16:31:51 apf.py[line:49] INFO n = [0.02020985 0.00793605 0.01028192 0.01152023 0.00058845]
16:31:51 apf.py[line:50] INFO beta = [0.194614   0.09631856 0.11727286 0.12779309 0.01155957]
16:31:51 apf.py[line:58] INFO theta_robo_ob = [-1.9111189809774245, -0.8449221591907436, -0.3065639212679324, 0.1990252401426238, 0.5727542230230009]
16:31:51 apf.py[line:59] INFO psi = -0.4868646899454629
16:31:51 apf.py[line:60] INFO tan(psi_hat) = [-0.2085063900121009, 0.6380389135675881]
16:31:51 apf.py[line:62] INFO psi_hat = -0.3158523814383873
16:31:51 apf.py[line:65] INFO term1 = 1.400000000000001 * cos(-0.3455751918948682 - -0.4868646899454629) + 0.04 * 8.872642780102032 = 1.740955036592287
16:31:51 apf.py[line:69] INFO term1 = 1.740955036592287
16:31:51 apf.py[line:73] INFO theta_term_tmp = 1.400000000000001 * sin(-0.3455751918948682 - -0.3158523814383873)/1.7414521189770356 = -0.02389144523538048
16:31:51 apf.py[line:78] INFO [v, theta] = [1.7414521189770356, -0.3397461001352029]
16:31:51 apf.py[line:161] INFO 
16:31:51 apf.py[line:162] INFO 101
16:31:51 apf.py[line:84] INFO [ 1.16659897  5.21008978 -0.41962175  1.414       0.47686953]
16:31:51 apf.py[line:85] INFO [array([0., 2.]), array([4., 2.]), array([5., 4.]), array([5., 6.]), array([7., 9.])]
16:31:51 apf.py[line:49] INFO n = [0.0202588  0.0081395  0.01058026 0.01179781 0.00059936]
16:31:51 apf.py[line:50] INFO beta = [0.19497014 0.09820027 0.11984156 0.13011154 0.01174839]
16:31:51 apf.py[line:58] INFO theta_robo_ob = [-1.9193729591492412, -0.8476472970561387, -0.30577024486153936, 0.20321553641390774, 0.5761582168241016]
16:31:51 apf.py[line:59] INFO psi = -0.48659038897223533
16:31:51 apf.py[line:60] INFO tan(psi_hat) = [-0.20733092963123814, 0.6339738487593984]
16:31:51 apf.py[line:62] INFO psi_hat = -0.3160703756848842
16:31:51 apf.py[line:65] INFO term1 = 1.414000000000001 * cos(-0.3330088212805089 - -0.48659038897223533) + 0.04 * 8.872372968342491 = 1.7522514522459791
16:31:51 apf.py[line:69] INFO term1 = 1.7522514522459791
16:31:51 apf.py[line:73] INFO theta_term_tmp = 1.414000000000001 * sin(-0.3330088212805089 - -0.3160703756848842)/1.7524151179507692 = -0.013666748560017181
16:31:51 apf.py[line:78] INFO [v, theta] = [1.7524151179507692, -0.3297375497265841]
16:31:51 apf.py[line:161] INFO 
16:31:51 apf.py[line:162] INFO 102
16:31:51 apf.py[line:84] INFO [ 1.19279155  5.1987046  -0.4100341   1.428       0.47938238]
16:31:51 apf.py[line:85] INFO [array([0., 2.]), array([4., 2.]), array([5., 4.]), array([5., 6.]), array([7., 9.])]
16:31:51 apf.py[line:49] INFO n = [0.02029659 0.00834969 0.01089196 0.01208713 0.00061063]
16:31:51 apf.py[line:50] INFO beta = [0.19524709 0.10013148 0.12250473 0.13251263 0.01194261]
16:31:51 apf.py[line:58] INFO theta_robo_ob = [-1.9277231506144816, -0.8504911899671789, -0.305025558483567, 0.2074403477640505, 0.5795897233887443]
16:31:51 apf.py[line:59] INFO psi = -0.48630420180136325
16:31:51 apf.py[line:60] INFO tan(psi_hat) = [-0.20620300326233582, 0.6297228804798477]
16:31:51 apf.py[line:62] INFO psi_hat = -0.3164465948330375
16:31:51 apf.py[line:65] INFO term1 = 1.428000000000001 * cos(-0.3204424506661496 - -0.48630420180136325) + 0.04 * 8.87206368859642 = 1.7632853102422397
16:31:51 apf.py[line:69] INFO term1 = 1.7632853102422397
16:31:51 apf.py[line:73] INFO theta_term_tmp = 1.428000000000001 * sin(-0.3204424506661496 - -0.3164465948330375)/1.7632945427568396 = -0.003236025976731585
16:31:51 apf.py[line:78] INFO [v, theta] = [1.7632945427568396, -0.31968262645766643]
16:31:51 apf.py[line:161] INFO 
16:31:51 apf.py[line:162] INFO 103
16:31:51 apf.py[line:84] INFO [ 1.21935049  5.18746324 -0.40039661  1.442       0.48187452]
16:31:51 apf.py[line:85] INFO [array([0., 2.]), array([4., 2.]), array([5., 4.]), array([5., 6.]), array([7., 9.])]
16:31:51 apf.py[line:49] INFO n = [0.02032279 0.00856684 0.01121777 0.01238881 0.00062226]
16:31:51 apf.py[line:50] INFO beta = [0.19544207 0.10211322 0.12526666 0.13500005 0.01214239]
16:31:51 apf.py[line:58] INFO theta_robo_ob = [-1.936165976165167, -0.8534574356852906, -0.30433252100227826, 0.21169958404131936, 0.5830485596578884]
16:31:51 apf.py[line:59] INFO psi = -0.48600616719636547
16:31:51 apf.py[line:60] INFO tan(psi_hat) = [-0.20512351372134005, 0.6252756183310496]
16:31:51 apf.py[line:62] INFO psi_hat = -0.3169907088413326
16:31:51 apf.py[line:65] INFO term1 = 1.442000000000001 * cos(-0.30787608005179035 - -0.48600616719636547) + 0.04 * 8.87171257141506 = 1.7740513651857188
16:31:51 apf.py[line:69] INFO term1 = 1.7740513651857188
16:31:51 apf.py[line:73] INFO theta_term_tmp = 1.442000000000001 * sin(-0.30787608005179035 - -0.3169907088413326)/1.7741000500900743 = 0.007408326678952955
16:31:51 apf.py[line:78] INFO [v, theta] = [1.7741000500900743, -0.30958231439513156]
16:31:52 apf.py[line:161] INFO 
16:31:52 apf.py[line:162] INFO 104
16:31:52 apf.py[line:84] INFO [ 1.24627598  5.17637304 -0.39070975  1.456       0.4843429 ]
16:31:52 apf.py[line:85] INFO [array([0., 2.]), array([4., 2.]), array([5., 4.]), array([5., 6.]), array([7., 9.])]
16:31:52 apf.py[line:49] INFO n = [0.02033702 0.00879115 0.01155845 0.0127035  0.00063426]
16:31:52 apf.py[line:50] INFO beta = [0.19555242 0.10414651 0.12813183 0.13757767 0.01234791]
16:31:52 apf.py[line:58] INFO theta_robo_ob = [-1.944697628367137, -0.8565497061131804, -0.30369389732799673, 0.2159931593130368, 0.5865345407104282]
16:31:52 apf.py[line:59] INFO psi = -0.48569633133393575
16:31:52 apf.py[line:60] INFO tan(psi_hat) = [-0.20409309245484128, 0.620621257810252]
16:31:52 apf.py[line:62] INFO psi_hat = -0.31771274738921534
16:31:52 apf.py[line:65] INFO term1 = 1.456000000000001 * cos(-0.29530970943743107 - -0.48569633133393575) + 0.04 * 8.871317248655762 = 1.784544436690102
16:31:52 apf.py[line:69] INFO term1 = 1.784544436690102
16:31:52 apf.py[line:73] INFO theta_term_tmp = 1.456000000000001 * sin(-0.29530970943743107 - -0.31771274738921534)/1.7848424737663764 = 0.01827393468176948
16:31:52 apf.py[line:78] INFO [v, theta] = [1.7848424737663764, -0.29943779549837457]
16:31:52 apf.py[line:161] INFO 
16:31:52 apf.py[line:162] INFO 105
16:31:52 apf.py[line:84] INFO [ 1.27356809  5.16544139 -0.38097407  1.47        0.48678376]
16:31:52 apf.py[line:85] INFO [array([0., 2.]), array([4., 2.]), array([5., 4.]), array([5., 6.]), array([7., 9.])]
16:31:52 apf.py[line:49] INFO n = [0.0203389  0.00902282 0.01191485 0.01303191 0.00064664]
16:31:52 apf.py[line:50] INFO beta = [0.19557562 0.10623232 0.13110502 0.14024961 0.01255931]
16:31:52 apf.py[line:58] INFO theta_robo_ob = [-1.953314073761928, -0.8597717460348051, -0.30311256320907987, 0.22032099259149782, 0.5900474799365534]
16:31:52 apf.py[line:59] INFO psi = -0.4853747474867824
16:31:52 apf.py[line:60] INFO tan(psi_hat) = [-0.20311208046994342, 0.6157485804268912]
16:31:52 apf.py[line:62] INFO psi_hat = -0.31862314022372995
16:31:52 apf.py[line:65] INFO term1 = 1.470000000000001 * cos(-0.2827433388230718 - -0.4853747474867824) + 0.04 * 8.870875355027861 = 1.7947594097055863
16:31:52 apf.py[line:69] INFO term1 = 1.7947594097055863
16:31:52 apf.py[line:73] INFO theta_term_tmp = 1.470000000000001 * sin(-0.2827433388230718 - -0.31862314022372995)/1.7955339043655554 = 0.02936841908341587
16:31:52 apf.py[line:78] INFO [v, theta] = [1.7955339043655554, -0.2892504977708904]
16:31:52 apf.py[line:161] INFO 
16:31:52 apf.py[line:162] INFO 106
16:31:52 apf.py[line:84] INFO [ 1.30122677  5.15467572 -0.37119023  1.484       0.48919241]
16:31:52 apf.py[line:85] INFO [array([0., 2.]), array([4., 2.]), array([5., 4.]), array([5., 6.]), array([7., 9.])]
16:31:52 apf.py[line:49] INFO n = [0.02032811 0.00926206 0.01228784 0.01337478 0.00065943]
16:31:52 apf.py[line:50] INFO beta = [0.19550937 0.1083716  0.13419125 0.14302022 0.01277679]
16:31:52 apf.py[line:58] INFO theta_robo_ob = [-1.9620110561826123, -0.8631273714002542, -0.30259151014541874, 0.224683008742052, 0.5935871892737674]
16:31:52 apf.py[line:59] INFO psi = -0.4850414756315437
16:31:52 apf.py[line:60] INFO tan(psi_hat) = [-0.20218051054217454, 0.6106459544324464]
16:31:52 apf.py[line:62] INFO psi_hat = -0.31973276758129676
16:31:52 apf.py[line:65] INFO term1 = 1.484000000000001 * cos(-0.2701769682087125 - -0.4850414756315437) + 0.04 * 8.870384529433068 = 1.8046912348494395
16:31:52 apf.py[line:69] INFO term1 = 1.8046912348494395
16:31:52 apf.py[line:73] INFO theta_term_tmp = 1.484000000000001 * sin(-0.2701769682087125 - -0.31973276758129676)/1.8061877747415531 = 0.040699373021710096
16:31:52 apf.py[line:78] INFO [v, theta] = [1.8061877747415531, -0.27902215017147974]
16:31:52 apf.py[line:161] INFO 
16:31:52 apf.py[line:162] INFO 107
16:31:52 apf.py[line:84] INFO [ 1.32925187  5.14408348 -0.36135897  1.498       0.49156307]
16:31:52 apf.py[line:85] INFO [array([0., 2.]), array([4., 2.]), array([5., 4.]), array([5., 6.]), array([7., 9.])]
16:31:52 apf.py[line:49] INFO n = [0.02030436 0.00950908 0.01267837 0.01373291 0.00067262]
16:31:52 apf.py[line:50] INFO beta = [0.19535151 0.11056529 0.13739581 0.14589408 0.01300052]
16:31:52 apf.py[line:58] INFO theta_robo_ob = [-1.97078410123753, -0.8666204670917866, -0.30213385038912177, 0.22907913961821194, 0.5971534795217779]
16:31:52 apf.py[line:59] INFO psi = -0.4846965819661602
16:31:52 apf.py[line:60] INFO tan(psi_hat) = [-0.20129809098157458, 0.6053013359747655]
16:31:52 apf.py[line:62] INFO psi_hat = -0.321053022502043
16:31:52 apf.py[line:65] INFO term1 = 1.498000000000001 * cos(-0.25761059759435323 - -0.4846965819661602) + 0.04 * 8.869842416044351 = 1.8143349287565211
16:31:52 apf.py[line:69] INFO term1 = 1.8143349287565211
16:31:52 apf.py[line:73] INFO theta_term_tmp = 1.498000000000001 * sin(-0.25761059759435323 - -0.321053022502043)/1.8168189526751446 = 0.05227434043957768
16:31:52 apf.py[line:78] INFO [v, theta] = [1.8168189526751446, -0.2687548452040634]
16:31:52 apf.py[line:161] INFO 
16:31:52 apf.py[line:162] INFO 108
16:31:52 apf.py[line:84] INFO [ 1.35764311  5.13367219 -0.35148119  1.512       0.49388864]
16:31:52 apf.py[line:85] INFO [array([0., 2.]), array([4., 2.]), array([5., 4.]), array([5., 6.]), array([7., 9.])]
16:31:52 apf.py[line:49] INFO n = [0.02026737 0.00976407 0.01308744 0.01410716 0.00068624]
16:31:52 apf.py[line:50] INFO beta = [0.19510012 0.11281425 0.14072431 0.14887608 0.01323068]
16:31:52 apf.py[line:58] INFO theta_robo_ob = [-1.9796285220138778, -0.870254984101818, -0.30174282199471214, 0.23350932547659414, 0.6007461607552581]
16:31:52 apf.py[line:59] INFO psi = -0.4843401383191319
16:31:52 apf.py[line:60] INFO tan(psi_hat) = [-0.20046419123735895, 0.5997022704452273]
16:31:52 apf.py[line:62] INFO psi_hat = -0.32259588715154375
16:31:52 apf.py[line:65] INFO term1 = 1.5120000000000011 * cos(-0.24504422697999395 - -0.4843401383191319) + 0.04 * 8.869246665054755 = 1.8236855744700198
16:31:52 apf.py[line:69] INFO term1 = 1.8236855744700198
16:31:52 apf.py[line:73] INFO theta_term_tmp = 1.5120000000000011 * sin(-0.24504422697999395 - -0.32259588715154375)/1.8274438422952037 = 0.06410079807350429
16:31:52 apf.py[line:78] INFO [v, theta] = [1.8274438422952037, -0.2584511102857423]
16:31:52 apf.py[line:161] INFO 
16:31:52 apf.py[line:162] INFO 109
16:31:52 apf.py[line:84] INFO [ 1.38640009  5.12344935 -0.34155798  1.526       0.49616044]
16:31:52 apf.py[line:85] INFO [array([0., 2.]), array([4., 2.]), array([5., 4.]), array([5., 6.]), array([7., 9.])]
16:31:52 apf.py[line:49] INFO n = [0.02021692 0.01002724 0.01351614 0.01449844 0.0007003 ]
16:31:52 apf.py[line:50] INFO beta = [0.19475349 0.11511933 0.14418268 0.15197138 0.01346748]
16:31:52 apf.py[line:58] INFO theta_robo_ob = [-1.988539426051129, -0.8740349360479599, -0.3014217938724292, 0.237973516733883, 0.6043650428567339]
16:31:52 apf.py[line:59] INFO psi = -0.48397222143084856
16:31:52 apf.py[line:60] INFO tan(psi_hat) = [-0.19967782961681507, 0.593835893741392]
16:31:52 apf.py[line:62] INFO psi_hat = -0.32437402562449125
16:31:52 apf.py[line:65] INFO term1 = 1.5260000000000011 * cos(-0.23247785636563467 - -0.48397222143084856) + 0.04 * 8.868594933013249 = 1.8327383218965414
16:31:52 apf.py[line:69] INFO term1 = 1.8327383218965414
16:31:52 apf.py[line:73] INFO theta_term_tmp = 1.5260000000000011 * sin(-0.23247785636563467 - -0.32437402562449125)/1.8380804963240114 = 0.07618614166502849
16:31:52 apf.py[line:78] INFO [v, theta] = [1.8380804963240114, -0.2481139892255847]
16:31:52 apf.py[line:161] INFO 
16:31:52 apf.py[line:162] INFO 110
16:31:52 apf.py[line:84] INFO [ 1.41552228  5.11342249 -0.33159062  1.54        0.49836797]
16:31:52 apf.py[line:85] INFO [array([0., 2.]), array([4., 2.]), array([5., 4.]), array([5., 6.]), array([7., 9.])]
16:31:52 apf.py[line:49] INFO n = [0.02015285 0.01029878 0.01396561 0.01490773 0.00071483]
16:31:52 apf.py[line:50] INFO beta = [0.19431017 0.11748129 0.14777718 0.15518543 0.0137111 ]
16:31:52 apf.py[line:58] INFO theta_robo_ob = [-1.9975117236323932, -0.8779643949443119, -0.301174270787788, 0.2424716761391306, 0.6080099361956581]
16:31:52 apf.py[line:59] INFO psi = -0.48359291208458355
16:31:52 apf.py[line:60] INFO tan(psi_hat) = [-0.19893766338386995, 0.5876889331199869]
16:31:52 apf.py[line:62] INFO psi_hat = -0.3264008961432969
16:31:52 apf.py[line:65] INFO term1 = 1.5400000000000011 * cos(-0.2199114857512754 - -0.48359291208458355) + 0.04 * 8.867884882647912 = 1.8414883883541735
16:31:52 apf.py[line:69] INFO term1 = 1.8414883883541735
16:31:52 apf.py[line:73] INFO theta_term_tmp = 1.5400000000000011 * sin(-0.2199114857512754 - -0.3264008961432969)/1.8487487417261437 = 0.0885376774431621
16:31:52 apf.py[line:78] INFO [v, theta] = [1.8487487417261437, -0.23774713544689333]
16:31:52 apf.py[line:161] INFO 
16:31:52 apf.py[line:162] INFO 111
16:31:52 apf.py[line:84] INFO [ 1.44500903  5.10359914 -0.32158065  1.554       0.50049861]
16:31:52 apf.py[line:85] INFO [array([0., 2.]), array([4., 2.]), array([5., 4.]), array([5., 6.]), array([7., 9.])]
16:31:52 apf.py[line:49] INFO n = [0.02007501 0.01057888 0.01443707 0.01533606 0.00072982]
16:31:52 apf.py[line:50] INFO beta = [0.19376895 0.11990083 0.15151444 0.15852406 0.01396176]
16:31:52 apf.py[line:58] INFO theta_robo_ob = [-2.0065401374402954, -0.8820474861420544, -0.30100389823800444, 0.24700378144797155, 0.6116806524842439]
16:31:52 apf.py[line:59] INFO psi = -0.48320229406169296
16:31:52 apf.py[line:60] INFO tan(psi_hat) = [-0.19824198148660857, 0.5812477072655565]
16:31:52 apf.py[line:62] INFO psi_hat = -0.3286908861032518
16:31:52 apf.py[line:65] INFO term1 = 1.5540000000000012 * cos(-0.2073451151369161 - -0.48320229406169296) + 0.04 * 8.867114182057328 = 1.849931059247381
16:31:52 apf.py[line:69] INFO term1 = 1.849931059247381
16:31:52 apf.py[line:73] INFO theta_term_tmp = 1.5540000000000012 * sin(-0.2073451151369161 - -0.3286908861032518)/1.8594703219792321 = 0.10116262001860174
16:31:52 apf.py[line:78] INFO [v, theta] = [1.8594703219792321, -0.22735491897334542]
16:31:52 apf.py[line:161] INFO 
16:31:52 apf.py[line:162] INFO 112
16:31:52 apf.py[line:84] INFO [ 1.47485954  5.09398682 -0.31152991  1.568       0.50253724]
16:31:52 apf.py[line:85] INFO [array([0., 2.]), array([4., 2.]), array([5., 4.]), array([5., 6.]), array([7., 9.])]
16:31:52 apf.py[line:49] INFO n = [0.01998331 0.01086773 0.01493185 0.01578455 0.0007453 ]
16:31:52 apf.py[line:50] INFO beta = [0.1931289  0.12237859 0.15540148 0.16199341 0.01421968]
16:31:52 apf.py[line:58] INFO theta_robo_ob = [-2.015619213623006, -0.8862883823460064, -0.3009144671207602, 0.2515698287012347, 0.6153770058459669]
16:31:52 apf.py[line:59] INFO psi = -0.4828004528919452
16:31:52 apf.py[line:60] INFO tan(psi_hat) = [-0.19758870014048374, 0.5744981251492789]
16:31:52 apf.py[line:62] INFO psi_hat = -0.33125947408206635
16:31:52 apf.py[line:65] INFO term1 = 1.5680000000000012 * cos(-0.19477874452255683 - -0.4828004528919452) + 0.04 * 8.866280503128241 = 1.8580616889086814
16:31:52 apf.py[line:69] INFO term1 = 1.8580616889086814
16:31:52 apf.py[line:73] INFO theta_term_tmp = 1.5680000000000012 * sin(-0.19477874452255683 - -0.33125947408206635)/1.8702690599632457 = 0.1140680979200207
16:31:52 apf.py[line:78] INFO [v, theta] = [1.8702690599632457, -0.2169425497003068]
16:31:52 apf.py[line:161] INFO 
16:31:52 apf.py[line:162] INFO 113
16:31:52 apf.py[line:84] INFO [ 1.50507288  5.08459303 -0.30144059  1.582       0.50446591]
16:31:52 apf.py[line:85] INFO [array([0., 2.]), array([4., 2.]), array([5., 4.]), array([5., 6.]), array([7., 9.])]
16:31:52 apf.py[line:49] INFO n = [0.01987772 0.01116551 0.01545134 0.01625441 0.0007613 ]
16:31:52 apf.py[line:50] INFO beta = [0.19238937 0.12491512 0.15944572 0.16560002 0.01448507]
16:31:52 apf.py[line:58] INFO theta_robo_ob = [-2.0247433343160073, -0.8906912966071353, -0.30090991809242984, 0.25616983622961265, 0.6190988141390422]
16:31:52 apf.py[line:59] INFO psi = -0.48238747436556934
16:31:52 apf.py[line:60] INFO tan(psi_hat) = [-0.19697536146467934, 0.5674256832006559]
16:31:52 apf.py[line:62] INFO psi_hat = -0.33412342376104215
16:31:52 apf.py[line:65] INFO term1 = 1.5820000000000012 * cos(-0.18221237390819756 - -0.48238747436556934) + 0.04 * 8.865381519010707 = 1.8658757016542118
16:31:52 apf.py[line:69] INFO term1 = 1.8658757016542118
16:31:52 apf.py[line:73] INFO theta_term_tmp = 1.5820000000000012 * sin(-0.18221237390819756 - -0.33412342376104215)/1.8811710464142093 = 0.12726116808580484
16:31:52 apf.py[line:78] INFO [v, theta] = [1.8811710464142093, -0.20651622012067522]
16:31:52 apf.py[line:161] INFO 
16:31:52 apf.py[line:162] INFO 114
16:31:52 apf.py[line:84] INFO [ 1.53564799  5.07542521 -0.29131532  1.596       0.5062633 ]
16:31:52 apf.py[line:85] INFO [array([0., 2.]), array([4., 2.]), array([5., 4.]), array([5., 6.]), array([7., 9.])]
16:31:52 apf.py[line:49] INFO n = [0.01975826 0.01147239 0.01599705 0.01674692 0.00077782]
16:31:52 apf.py[line:50] INFO beta = [0.19155001 0.12751085 0.16365502 0.16935085 0.01475818]
16:31:52 apf.py[line:58] INFO theta_robo_ob = [-2.033906731666481, -0.8952604741839655, -0.30099434549047577, 0.2608038495293448, 0.6228459005848822]
16:31:52 apf.py[line:59] INFO psi = -0.4819634427683517
16:31:52 apf.py[line:60] INFO tan(psi_hat) = [-0.19639913533267836, 0.5600154602624513]
16:31:52 apf.py[line:62] INFO psi_hat = -0.3373010157440542
16:31:52 apf.py[line:65] INFO term1 = 1.5960000000000012 * cos(-0.16964600329383828 - -0.4819634427683517) + 0.04 * 8.86441490045019 = 1.8733685931087698
16:31:52 apf.py[line:69] INFO term1 = 1.8733685931087698
16:31:52 apf.py[line:73] INFO theta_term_tmp = 1.5960000000000012 * sin(-0.16964600329383828 - -0.3373010157440542)/1.8922048600477117 = 0.14074884069747987
16:31:52 apf.py[line:78] INFO [v, theta] = [1.8922048600477117, -0.1960832715143342]
16:31:53 apf.py[line:161] INFO 
16:31:53 apf.py[line:162] INFO 115
16:31:53 apf.py[line:84] INFO [ 1.56658366  5.06649075 -0.28115724  1.61        0.50790427]
16:31:53 apf.py[line:85] INFO [array([0., 2.]), array([4., 2.]), array([5., 4.]), array([5., 6.]), array([7., 9.])]
16:31:53 apf.py[line:49] INFO n = [0.01962498 0.01178851 0.0165706  0.01726345 0.00079489]
16:31:53 apf.py[line:50] INFO beta = [0.19061077 0.13016614 0.16803773 0.1732533  0.01503922]
16:31:53 apf.py[line:58] INFO theta_robo_ob = [-2.0431035034103293, -0.9000001831583212, -0.30117200066719635, 0.26547194718234135, 0.6266180957608946]
16:31:53 apf.py[line:59] INFO psi = -0.48152843879465
16:31:53 apf.py[line:60] INFO tan(psi_hat) = [-0.19585682455417433, 0.5522521097466222]
16:31:53 apf.py[line:62] INFO psi_hat = -0.3408123245696043
16:31:53 apf.py[line:65] INFO term1 = 1.6100000000000012 * cos(-0.157079632679479 - -0.48152843879465) + 0.04 * 8.863378310737994 = 1.8805359318660246
16:31:53 apf.py[line:69] INFO term1 = 1.8805359318660246
16:31:53 apf.py[line:73] INFO theta_term_tmp = 1.6100000000000012 * sin(-0.157079632679479 - -0.3408123245696043)/1.903401826877081 = 0.1545381157986017
16:31:53 apf.py[line:78] INFO [v, theta] = [1.903401826877081, -0.18565238870074902]
16:31:53 apf.py[line:161] INFO 
16:31:53 apf.py[line:162] INFO 116
16:31:53 apf.py[line:84] INFO [ 1.59787852  5.05779695 -0.27097005  1.624       0.50935919]
16:31:53 apf.py[line:85] INFO [array([0., 2.]), array([4., 2.]), array([5., 4.]), array([5., 6.]), array([7., 9.])]
16:31:53 apf.py[line:49] INFO n = [0.01947801 0.01211401 0.01717371 0.01780549 0.00081252]
16:31:53 apf.py[line:50] INFO beta = [0.18957193 0.13288119 0.17260269 0.17731521 0.01532846]
16:31:53 apf.py[line:58] INFO theta_robo_ob = [-2.052327630057537, -0.9049147036826468, -0.30144729454796754, 0.2701742480292348, 0.6304152400284312]
16:31:53 apf.py[line:59] INFO psi = -0.4810825370851991
16:31:53 apf.py[line:60] INFO tan(psi_hat) = [-0.19534487345369234, 0.5441198483563882]
16:31:53 apf.py[line:62] INFO psi_hat = -0.3446795498702731
16:31:53 apf.py[line:65] INFO term1 = 1.6240000000000012 * cos(-0.14451326206511972 - -0.4810825370851991) + 0.04 * 8.86226939899577 = 1.8873733615617867
16:31:53 apf.py[line:69] INFO term1 = 1.8873733615617867
16:31:53 apf.py[line:73] INFO theta_term_tmp = 1.6240000000000012 * sin(-0.14451326206511972 - -0.3446795498702731)/1.9147963279939748 = 0.16863603317779338
16:31:53 apf.py[line:78] INFO [v, theta] = [1.9147963279939748, -0.1752338298742683]
16:31:53 apf.py[line:161] INFO 
16:31:53 apf.py[line:162] INFO 117
16:31:53 apf.py[line:84] INFO [ 1.62953106  5.04935099 -0.26075819  1.638       0.51059319]
16:31:53 apf.py[line:85] INFO [array([0., 2.]), array([4., 2.]), array([5., 4.]), array([5., 6.]), array([7., 9.])]
16:31:53 apf.py[line:49] INFO n = [0.01931752 0.01244904 0.01780824 0.01837463 0.00083074]
16:31:53 apf.py[line:50] INFO beta = [0.18843407 0.1356561  0.17735927 0.18154495 0.01562615]
16:31:53 apf.py[line:58] INFO theta_robo_ob = [-2.061572993750686, -0.9100083157270141, -0.301824799184741, 0.27491091984730176, 0.634237186480813]
16:31:53 apf.py[line:59] INFO psi = -0.48062580332657745
16:31:53 apf.py[line:60] INFO tan(psi_hat) = [-0.19485937985118076, 0.5356024406871103]
16:31:53 apf.py[line:62] INFO psi_hat = -0.34892741274871825
16:31:53 apf.py[line:65] INFO term1 = 1.6380000000000012 * cos(-0.13194689145076044 - -0.48062580332657745) + 0.04 * 8.861085791454196 = 1.8938766034530423
16:31:53 apf.py[line:69] INFO term1 = 1.8938766034530423
16:31:53 apf.py[line:73] INFO theta_term_tmp = 1.6380000000000012 * sin(-0.13194689145076044 - -0.34892741274871825)/1.9264261672259664 = 0.18304973699650426
16:31:53 apf.py[line:78] INFO [v, theta] = [1.9264261672259664, -0.1648396998975138]
16:31:53 apf.py[line:161] INFO 
16:31:53 apf.py[line:162] INFO 118
16:31:53 apf.py[line:84] INFO [ 1.66153962  5.0411599  -0.25052688  1.652       0.51156528]
16:31:53 apf.py[line:85] INFO [array([0., 2.]), array([4., 2.]), array([5., 4.]), array([5., 6.]), array([7., 9.])]
16:31:53 apf.py[line:49] INFO n = [0.01914373 0.01279369 0.01847617 0.01897259 0.00084957]
16:31:53 apf.py[line:50] INFO beta = [0.18719811 0.1384908  0.18231742 0.18595145 0.01593254]
16:31:53 apf.py[line:58] INFO theta_robo_ob = [-2.0708333988750978, -0.9152852851834171, -0.3023092480224281, 0.2796821898394681, 0.6380838045139223]
16:31:53 apf.py[line:59] INFO psi = -0.4801582908365757
16:31:53 apf.py[line:60] INFO tan(psi_hat) = [-0.19439611038082885, 0.5266831789663415]
16:31:53 apf.py[line:62] INFO psi_hat = -0.35358363115103736
16:31:53 apf.py[line:65] INFO term1 = 1.6520000000000012 * cos(-0.11938052083640116 - -0.4801582908365757) + 0.04 * 8.859825080317849 = 1.9000414596137276
16:31:53 apf.py[line:69] INFO term1 = 1.9000414596137276
16:31:53 apf.py[line:73] INFO theta_term_tmp = 1.6520000000000012 * sin(-0.11938052083640116 - -0.35358363115103736)/1.9383330127392429 = 0.19778655659573796
16:31:53 apf.py[line:78] INFO [v, theta] = [1.9383330127392429, -0.1544842778640939]
16:31:53 apf.py[line:161] INFO 
16:31:53 apf.py[line:162] INFO 119
16:31:53 apf.py[line:84] INFO [ 1.69390236  5.03323051 -0.24028234  1.666       0.51222723]
16:31:53 apf.py[line:85] INFO [array([0., 2.]), array([4., 2.]), array([5., 4.]), array([5., 6.]), array([7., 9.])]
16:31:53 apf.py[line:49] INFO n = [0.01895692 0.01314804 0.01917965 0.0196012  0.00086903]
16:31:53 apf.py[line:50] INFO beta = [0.18586529 0.1413851  0.18748771 0.1905442  0.01624792]
16:31:53 apf.py[line:58] INFO theta_robo_ob = [-2.0801025945187797, -0.9207498481724835, -0.302905534528733, 0.28448835730883804, 0.6419549841438468]
16:31:53 apf.py[line:59] INFO psi = -0.47968003654366337
16:31:53 apf.py[line:60] INFO tan(psi_hat) = [-0.19395051900572471, 0.5173448571411097]
16:31:53 apf.py[line:62] INFO psi_hat = -0.35867949151643297
16:31:53 apf.py[line:65] INFO term1 = 1.6660000000000013 * cos(-0.10681415022204188 - -0.47968003654366337) + 0.04 * 8.85848480972408 = 1.9058638168809077
16:31:53 apf.py[line:69] INFO term1 = 1.9058638168809077
16:31:53 apf.py[line:73] INFO theta_term_tmp = 1.6660000000000013 * sin(-0.10681415022204188 - -0.35867949151643297)/1.9505629299453475 = 0.2128541047989642
16:31:53 apf.py[line:78] INFO [v, theta] = [1.9505629299453475, -0.14418441295537865]
16:31:53 apf.py[line:161] INFO 
16:31:53 apf.py[line:162] INFO 120
16:31:53 apf.py[line:84] INFO [ 1.72661731  5.02556942 -0.23003189  1.68        0.51252227]
16:31:53 apf.py[line:85] INFO [array([0., 2.]), array([4., 2.]), array([5., 4.]), array([5., 6.]), array([7., 9.])]
16:31:53 apf.py[line:49] INFO n = [0.01875743 0.01351217 0.01992096 0.02026245 0.00088915]
16:31:53 apf.py[line:50] INFO beta = [0.1844372  0.14433861 0.19288138 0.19533332 0.01657256]
16:31:53 apf.py[line:58] INFO theta_robo_ob = [-2.0893742989080484, -0.9264061933824342, -0.3036187087527318, 0.2893298089795986, 0.6458506412238241]
16:31:53 apf.py[line:59] INFO psi = -0.4791910562481802
16:31:53 apf.py[line:60] INFO tan(psi_hat) = [-0.19351776849654675, 0.5075697384678162]
16:31:53 apf.py[line:62] INFO psi_hat = -0.3642505385230503
16:31:53 apf.py[line:65] INFO term1 = 1.6800000000000013 * cos(-0.0942477796076826 - -0.4791910562481802) + 0.04 * 8.857062458198635 = 1.9113396517135484
16:31:53 apf.py[line:69] INFO term1 = 1.9113396517135484
16:31:53 apf.py[line:73] INFO theta_term_tmp = 1.6800000000000013 * sin(-0.0942477796076826 - -0.3642505385230503)/1.9631670271643333 = 0.22826039480681762
16:31:53 apf.py[line:78] INFO [v, theta] = [1.9631670271643333, -0.13396000688028672]
16:31:53 apf.py[line:161] INFO 
16:31:53 apf.py[line:162] INFO 121
16:31:53 apf.py[line:84] INFO [ 1.75968231  5.01818294 -0.21978423  1.694       0.5123834 ]
16:31:53 apf.py[line:85] INFO [array([0., 2.]), array([4., 2.]), array([5., 4.]), array([5., 6.]), array([7., 9.])]
16:31:53 apf.py[line:49] INFO n = [0.01854564 0.01388612 0.02070259 0.02095849 0.00090994]
16:31:53 apf.py[line:50] INFO beta = [0.18291574 0.14735078 0.19851034 0.20032962 0.01690674]
16:31:53 apf.py[line:58] INFO theta_robo_ob = [-2.098642225982903, -0.932258442250778, -0.30445397126833323, 0.29420703753533783, 0.6497707237480501]
16:31:53 apf.py[line:59] INFO psi = -0.47869133902636035
16:31:53 apf.py[line:60] INFO tan(psi_hat) = [-0.193092754540781, 0.49733951570643364]
16:31:53 apf.py[line:62] INFO psi_hat = -0.3703374106832504
16:31:53 apf.py[line:65] INFO term1 = 1.6940000000000013 * cos(-0.08168140899332332 - -0.47869133902636035) + 0.04 * 8.855555416878575 = 1.9164650361623334
16:31:53 apf.py[line:69] INFO term1 = 1.9164650361623334
16:31:53 apf.py[line:73] INFO theta_term_tmp = 1.6940000000000013 * sin(-0.08168140899332332 - -0.3703374106832504)/1.9762022406003383 = 0.244013976401908
16:31:53 apf.py[line:78] INFO [v, theta] = [1.9762022406003383, -0.1238346068827352]
16:31:53 apf.py[line:161] INFO 
16:31:53 apf.py[line:162] INFO 122
16:31:53 apf.py[line:84] INFO [ 1.79309505  5.01107699 -0.2095496   1.708       0.5117313 ]
16:31:53 apf.py[line:85] INFO [array([0., 2.]), array([4., 2.]), array([5., 4.]), array([5., 6.]), array([7., 9.])]
16:31:53 apf.py[line:49] INFO n = [0.01832198 0.0142699  0.02152718 0.02169162 0.00093144]
16:31:53 apf.py[line:50] INFO beta = [0.18130314 0.15042086 0.20438732 0.20554463 0.01725077]
16:31:53 apf.py[line:58] INFO theta_robo_ob = [-2.107900114328325, -0.9383106267741026, -0.3054166638179778, 0.2991206640873373, 0.653715219475127]
16:31:53 apf.py[line:59] INFO psi = -0.47818084060385085
16:31:53 apf.py[line:60] INFO tan(psi_hat) = [-0.1926701320326452, 0.48663526296501314]
16:31:53 apf.py[line:62] INFO psi_hat = -0.37698685734729687
16:31:53 apf.py[line:65] INFO term1 = 1.7080000000000013 * cos(-0.06911503837896404 - -0.47818084060385085) + 0.04 * 8.853960962605342 = 1.9212361451954894
16:31:53 apf.py[line:69] INFO term1 = 1.9212361451954894
16:31:53 apf.py[line:73] INFO theta_term_tmp = 1.7080000000000013 * sin(-0.06911503837896404 - -0.37698685734729687)/1.9897322915559856 = 0.26012409157106053
16:31:53 apf.py[line:78] INFO [v, theta] = [1.9897322915559856, -0.11383614096417416]
16:31:53 apf.py[line:161] INFO 
16:31:53 apf.py[line:162] INFO 123
16:31:53 apf.py[line:84] INFO [ 1.82685305  5.0042571  -0.19934016  1.722       0.51047178]
16:31:53 apf.py[line:85] INFO [array([0., 2.]), array([4., 2.]), array([5., 4.]), array([5., 6.]), array([7., 9.])]
16:31:53 apf.py[line:49] INFO n = [0.01808693 0.01466348 0.0223976  0.02246433 0.00095367]
16:31:53 apf.py[line:50] INFO beta = [0.17960197 0.15354793 0.21052583 0.21099065 0.01760495]
16:31:53 apf.py[line:58] INFO theta_robo_ob = [-2.117141758748227, -0.9445666646979517, -0.3065122557890258, 0.3040714654684711, 0.6576841651622699]
16:31:53 apf.py[line:59] INFO psi = -0.47765947548035376
16:31:53 apf.py[line:60] INFO tan(psi_hat) = [-0.19224434295970316, 0.4754373781814685]
16:31:53 apf.py[line:62] INFO psi_hat = -0.384252983016673
16:31:53 apf.py[line:65] INFO term1 = 1.7220000000000013 * cos(-0.056548667764604765 - -0.47765947548035376) + 0.04 * 8.852276224776318 = 1.9256492656858906
16:31:53 apf.py[line:69] INFO term1 = 1.9256492656858906
16:31:53 apf.py[line:73] INFO theta_term_tmp = 1.7220000000000013 * sin(-0.056548667764604765 - -0.384252983016673)/2.0038288567586626 = 0.276600848688181
16:31:53 apf.py[line:78] INFO [v, theta] = [2.0038288567586626, -0.10399783735885404]
16:31:54 apf.py[line:161] INFO 
16:31:54 apf.py[line:162] INFO 124
16:31:54 apf.py[line:84] INFO [ 1.86095366  4.99772821 -0.18917032  1.736       0.50849241]
16:31:54 apf.py[line:85] INFO [array([0., 2.]), array([4., 2.]), array([5., 4.]), array([5., 6.]), array([7., 9.])]
16:31:54 apf.py[line:49] INFO n = [0.01784103 0.01506683 0.02331694 0.02327931 0.00097665]
16:31:54 apf.py[line:50] INFO beta = [0.17781509 0.15673085 0.21694028 0.21668083 0.01796958]
16:31:54 apf.py[line:58] INFO theta_robo_ob = [-2.1263610448637853, -0.951030331793632, -0.3077463254158171, 0.30906040748689306, 0.6616776577771862]
16:31:54 apf.py[line:59] INFO psi = -0.4771271075277353
16:31:54 apf.py[line:60] INFO tan(psi_hat) = [-0.1918096451452102, 0.46372551516540367]
16:31:54 apf.py[line:62] INFO psi_hat = -0.392198778672841
16:31:54 apf.py[line:65] INFO term1 = 1.7360000000000013 * cos(-0.043982297150245486 - -0.4771271075277353) + 0.04 * 8.85049814456663 = 1.9297008074436979
16:31:54 apf.py[line:69] INFO term1 = 1.9297008074436979
16:31:54 apf.py[line:73] INFO theta_term_tmp = 1.7360000000000013 * sin(-0.043982297150245486 - -0.392198778672841)/2.0185730025518573 = 0.2934554128997892
16:31:54 apf.py[line:78] INFO [v, theta] = [2.0185730025518573, -0.09435938450644238]
16:31:54 apf.py[line:161] INFO 
16:31:54 apf.py[line:162] INFO 125
16:31:54 apf.py[line:84] INFO [ 1.89539409  4.99149464 -0.17905715  1.75        0.5056583 ]
16:31:54 apf.py[line:85] INFO [array([0., 2.]), array([4., 2.]), array([5., 4.]), array([5., 6.]), array([7., 9.])]
16:31:54 apf.py[line:49] INFO n = [0.01758485 0.01547987 0.02428853 0.02413947 0.00100042]
16:31:54 apf.py[line:50] INFO beta = [0.1759457  0.15996829 0.22364605 0.22262922 0.01834498]
16:31:54 apf.py[line:58] INFO theta_robo_ob = [-2.135551987245678, -0.957705230866812, -0.3091245342843138, 0.31408868558688974, 0.6656958681537442]
16:31:54 apf.py[line:59] INFO psi = -0.47658353870533193
16:31:54 apf.py[line:60] INFO tan(psi_hat) = [-0.191360140918508, 0.4514785040510804]
16:31:54 apf.py[line:62] INFO psi_hat = -0.4008980183948358
16:31:54 apf.py[line:65] INFO term1 = 1.7500000000000013 * cos(-0.03141592653588621 - -0.47658353870533193) + 0.04 * 8.848623424774042 = 1.93338731678316
16:31:54 apf.py[line:69] INFO term1 = 1.93338731678316
16:31:54 apf.py[line:73] INFO theta_term_tmp = 1.7500000000000013 * sin(-0.03141592653588621 - -0.4008980183948358)/2.0340569458974462 = 0.31070020803285525
16:31:54 apf.py[line:78] INFO [v, theta] = [2.0340569458974462, -0.0849684073653551]
16:31:54 apf.py[line:161] INFO 
16:31:54 apf.py[line:162] INFO 126
16:31:54 apf.py[line:84] INFO [ 1.93017134  4.98555993 -0.16902102  1.764       0.50180663]
16:31:54 apf.py[line:85] INFO [array([0., 2.]), array([4., 2.]), array([5., 4.]), array([5., 6.]), array([7., 9.])]
16:31:54 apf.py[line:49] INFO n = [0.01731899 0.01590249 0.02531595 0.02504794 0.001025  ]
16:31:54 apf.py[line:50] INFO beta = [0.1739973  0.16325872 0.23065956 0.22885082 0.01873147]
16:31:54 apf.py[line:58] INFO theta_robo_ob = [-2.1447087717616444, -0.9645947570566513, -0.3106525932955547, 0.31915777477865165, 0.6697390576883376]
16:31:54 apf.py[line:59] INFO psi = -0.47602849543114006
16:31:54 apf.py[line:60] INFO tan(psi_hat) = [-0.19088980455895707, 0.43867425893065093]
16:31:54 apf.py[line:62] INFO psi_hat = -0.4104376247100479
16:31:54 apf.py[line:65] INFO term1 = 1.7640000000000013 * cos(-0.018849555921526928 - -0.47602849543114006) + 0.04 * 8.846648468069885 = 1.9367054932515795
16:31:54 apf.py[line:69] INFO term1 = 1.9367054932515795
16:31:54 apf.py[line:73] INFO theta_term_tmp = 1.7640000000000013 * sin(-0.018849555921526928 - -0.4104376247100479)/2.0503862199715317 = 0.3283491217593261
16:31:54 apf.py[line:78] INFO [v, theta] = [2.0503862199715317, -0.07588236319937869]
16:31:54 apf.py[line:161] INFO 
16:31:54 apf.py[line:162] INFO 127
16:31:54 apf.py[line:84] INFO [ 1.96528231  4.97992666 -0.15908623  1.778       0.49673949]
16:31:54 apf.py[line:85] INFO [array([0., 2.]), array([4., 2.]), array([5., 4.]), array([5., 6.]), array([7., 9.])]
16:31:54 apf.py[line:49] INFO n = [0.01704413 0.01633453 0.02640311 0.02600813 0.00105042]
16:31:54 apf.py[line:50] INFO beta = [0.17197367 0.16660044 0.23799837 0.23536167 0.01912937]
16:31:54 apf.py[line:58] INFO theta_robo_ob = [-2.1538258030524258, -0.9717020588632325, -0.31233621767919356, 0.32426949125138343, 0.6738075988475969]
16:31:54 apf.py[line:59] INFO psi = -0.475461612006072
16:31:54 apf.py[line:60] INFO tan(psi_hat) = [-0.19039250707685418, 0.4252896713414133]
16:31:54 apf.py[line:62] INFO psi_hat = -0.42092064051904227
16:31:54 apf.py[line:65] INFO term1 = 1.7780000000000014 * cos(-0.006283185307167649 - -0.475461612006072) + 0.04 * 8.84456930082045 = 1.9396522103363298
16:31:54 apf.py[line:69] INFO term1 = 1.9396522103363298
16:31:54 apf.py[line:73] INFO theta_term_tmp = 1.7780000000000014 * sin(-0.006283185307167649 - -0.42092064051904227)/2.067682339739171 = 0.3464177002142339
16:31:54 apf.py[line:78] INFO [v, theta] = [2.067682339739171, -0.0671709983357558]
16:31:54 apf.py[line:161] INFO 
16:31:54 apf.py[line:162] INFO 128
16:31:54 apf.py[line:84] INFO [ 2.0007237   4.97459624 -0.14928194  1.792       0.49021456]
16:31:54 apf.py[line:85] INFO [array([0., 2.]), array([4., 2.]), array([5., 4.]), array([5., 6.]), array([7., 9.])]
16:31:54 apf.py[line:49] INFO n = [0.01676093 0.01677583 0.02755422 0.02702371 0.00107671]
16:31:54 apf.py[line:50] INFO beta = [0.1698789  0.16999158 0.24568131 0.24217891 0.019539  ]
16:31:54 apf.py[line:58] INFO theta_robo_ob = [-2.1628977583624724, -0.9790299941695327, -0.31418106788251976, 0.32942606882745334, 0.6779020004906775]
16:31:54 apf.py[line:59] INFO psi = -0.47488241029616407
16:31:54 apf.py[line:60] INFO tan(psi_hat) = [-0.18986203653519745, 0.41130048816893655]
16:31:54 apf.py[line:62] INFO psi_hat = -0.4324699928161906
16:31:54 apf.py[line:65] INFO term1 = 1.7920000000000014 * cos(0.006283185307191524 - -0.47488241029616407) + 0.04 * 8.842381478822508 = 1.9422245412216965
16:31:54 apf.py[line:69] INFO term1 = 1.9422245412216965
16:31:54 apf.py[line:73] INFO theta_term_tmp = 1.7920000000000014 * sin(0.006283185307191524 - -0.4324699928161906)/2.086086082829467 = 0.3649233096920712
16:31:54 apf.py[line:78] INFO [v, theta] = [2.086086082829467, -0.05891956186806924]
16:31:54 apf.py[line:161] INFO 
16:31:54 apf.py[line:162] INFO 129
16:31:54 apf.py[line:84] INFO [ 2.0364921   4.9695687  -0.13964328  1.806       0.48193267]
16:31:54 apf.py[line:85] INFO [array([0., 2.]), array([4., 2.]), array([5., 4.]), array([5., 6.]), array([7., 9.])]
16:31:54 apf.py[line:49] INFO n = [0.01647014 0.01722618 0.02877384 0.02809864 0.00110391]
16:31:54 apf.py[line:50] INFO beta = [0.16771938 0.1734322  0.25373159 0.24932382 0.01996092]
16:31:54 apf.py[line:58] INFO theta_robo_ob = [-2.1719196493776445, -0.9865810802785596, -0.3161926721116864, 0.3346302544235834, 0.682022939323177]
16:31:54 apf.py[line:59] INFO psi = -0.474296700794626
16:31:54 apf.py[line:60] INFO tan(psi_hat) = [-0.1892946309238769, 0.3966723433309186]
16:31:54 apf.py[line:62] INFO psi_hat = -0.44524712342102385
16:31:54 apf.py[line:65] INFO term1 = 1.8 * cos(0.018849555921550697 - -0.474296700794626) + 0.04 * 8.839974268284646 = 1.939124982145548
16:31:54 apf.py[line:69] INFO term1 = 1.939124982145548
16:31:54 apf.py[line:73] INFO theta_term_tmp = 1.8 * sin(0.018849555921550697 - -0.44524712342102385)/2.099850013354637 = 0.3836975854880343
16:31:54 apf.py[line:78] INFO [v, theta] = [2.099850013354637, -0.051450080400372133]
16:31:54 apf.py[line:161] INFO 
16:31:54 apf.py[line:162] INFO 130
16:31:54 apf.py[line:84] INFO [ 2.07258383  4.9648415  -0.13023601  1.82        0.47036375]
16:31:54 apf.py[line:85] INFO [array([0., 2.]), array([4., 2.]), array([5., 4.]), array([5., 6.]), array([7., 9.])]
16:31:54 apf.py[line:49] INFO n = [0.01617251 0.01768537 0.03006695 0.0292372  0.00113202]
16:31:54 apf.py[line:50] INFO beta = [0.16550238 0.17692324 0.2621754  0.25682016 0.02039578]
16:31:54 apf.py[line:58] INFO theta_robo_ob = [-2.1808870018444493, -0.9943572819100783, -0.31837605629194343, 0.3398856700076181, 0.686171389838872]
16:31:54 apf.py[line:59] INFO psi = -0.47371265418134534
16:31:54 apf.py[line:60] INFO tan(psi_hat) = [-0.1886876484554154, 0.3813656777214331]
16:31:54 apf.py[line:62] INFO psi_hat = -0.45945349747209796
16:31:54 apf.py[line:65] INFO term1 = 1.8 * cos(0.03141592653590987 - -0.47371265418134534) + 0.04 * 8.837202942142868 = 1.928690183677009
16:31:54 apf.py[line:69] INFO term1 = 1.928690183677009
16:31:54 apf.py[line:73] INFO theta_term_tmp = 1.8 * sin(0.03141592653590987 - -0.45945349747209796)/2.1070856930801374 = 0.4026922586094235
16:31:54 apf.py[line:78] INFO [v, theta] = [2.1070856930801374, -0.04499726680606991]
16:31:54 apf.py[line:161] INFO 
16:31:54 apf.py[line:162] INFO 131
16:31:54 apf.py[line:84] INFO [ 2.10899501  4.9604088  -0.12114388  1.834       0.45460662]
16:31:54 apf.py[line:85] INFO [array([0., 2.]), array([4., 2.]), array([5., 4.]), array([5., 6.]), array([7., 9.])]
16:31:54 apf.py[line:49] INFO n = [0.01586886 0.01815318 0.03143896 0.03044398 0.0011611 ]
16:31:54 apf.py[line:50] INFO beta = [0.16323285 0.18046308 0.27103696 0.26468914 0.02084386]
16:31:54 apf.py[line:58] INFO theta_robo_ob = [-2.1897960000792125, -1.0023598914417788, -0.32073548707878485, 0.345197078622689, 0.6903487144442096]
16:31:54 apf.py[line:59] INFO psi = -0.47312972148551147
16:31:54 apf.py[line:60] INFO tan(psi_hat) = [-0.18803500344294247, 0.36535058757734507]
16:31:54 apf.py[line:62] INFO psi_hat = -0.4753146502892307
16:31:54 apf.py[line:65] INFO term1 = 1.8 * cos(0.043982297150269044 - -0.47312972148551147) + 0.04 * 8.834063313842062 = 1.9180135032369143
16:31:54 apf.py[line:69] INFO term1 = 1.9180135032369143
16:31:54 apf.py[line:73] INFO theta_term_tmp = 1.8 * sin(0.043982297150269044 - -0.4753146502892307)/2.1158297027427926 = 0.4221917319330658
16:31:54 apf.py[line:78] INFO [v, theta] = [2.1158297027427926, -0.03945290925042816]
16:31:54 apf.py[line:161] INFO 
16:31:54 apf.py[line:162] INFO 132
16:31:54 apf.py[line:84] INFO [ 2.14572166  4.95626213 -0.11243017  1.848       0.43568516]
16:31:54 apf.py[line:85] INFO [array([0., 2.]), array([4., 2.]), array([5., 4.]), array([5., 6.]), array([7., 9.])]
16:31:54 apf.py[line:49] INFO n = [0.01556003 0.01862941 0.0328958  0.03172395 0.00119115]
16:31:54 apf.py[line:50] INFO beta = [0.16091599 0.18405023 0.28034252 0.27295332 0.02130548]
16:31:54 apf.py[line:58] INFO theta_robo_ob = [-2.1986434504643744, -1.0105896716215443, -0.3232746537378274, 0.35057025749322895, 0.6945566036130133]
16:31:54 apf.py[line:59] INFO psi = -0.4725470896418308
16:31:54 apf.py[line:60] INFO tan(psi_hat) = [-0.18733051059372355, 0.34859522120556646]
16:31:54 apf.py[line:62] INFO psi_hat = -0.4931079157770312
16:31:54 apf.py[line:65] INFO term1 = 1.8 * cos(0.05654866776462822 - -0.4725470896418308) + 0.04 * 8.830550088663994 = 1.9070969200338665
16:31:54 apf.py[line:69] INFO term1 = 1.9070969200338665
16:31:54 apf.py[line:73] INFO theta_term_tmp = 1.8 * sin(0.05654866776462822 - -0.4931079157770312)/2.1263117128028406 = 0.4422258332263472
16:31:54 apf.py[line:78] INFO [v, theta] = [2.1263117128028406, -0.03502907054571297]
16:31:54 apf.py[line:161] INFO 
16:31:54 apf.py[line:162] INFO 133
16:31:54 apf.py[line:84] INFO [ 2.18275977  4.95238971 -0.10417406  1.862       0.41280588]
16:31:54 apf.py[line:85] INFO [array([0., 2.]), array([4., 2.]), array([5., 4.]), array([5., 6.]), array([7., 9.])]
16:31:54 apf.py[line:49] INFO n = [0.01524687 0.01911387 0.03444397 0.03308243 0.00122221]
16:31:54 apf.py[line:50] INFO beta = [0.15855728 0.18768349 0.29012064 0.28163668 0.02178088]
16:31:54 apf.py[line:58] INFO theta_robo_ob = [-2.2074269073959436, -1.0190467596647041, -0.3259964263472386, 0.35601225622550786, 0.6987971584021121]
16:31:54 apf.py[line:59] INFO psi = -0.471963613906814
16:31:54 apf.py[line:60] INFO tan(psi_hat) = [-0.18656782458727633, 0.33106554597680515]
16:31:54 apf.py[line:62] INFO psi_hat = -0.5131771829450628
16:31:54 apf.py[line:65] INFO term1 = 1.8 * cos(0.06911503837898739 - -0.471963613906814) + 0.04 * 8.826656562875556 = 1.8959427578883603
16:31:54 apf.py[line:69] INFO term1 = 1.8959427578883603
16:31:54 apf.py[line:73] INFO theta_term_tmp = 1.8 * sin(0.06911503837898739 - -0.5131771829450628)/2.1388044764891974 = 0.4628247911875188
16:31:54 apf.py[line:78] INFO [v, theta] = [2.1388044764891974, -0.03199799137154419]
16:31:55 apf.py[line:161] INFO 
16:31:55 apf.py[line:162] INFO 134
16:31:55 apf.py[line:84] INFO [ 2.2201053   4.94877557 -0.09647528  1.876       0.38493901]
16:31:55 apf.py[line:85] INFO [array([0., 2.]), array([4., 2.]), array([5., 4.]), array([5., 6.]), array([7., 9.])]
16:31:55 apf.py[line:49] INFO n = [0.01493027 0.01960643 0.03609061 0.03452515 0.00125429]
16:31:55 apf.py[line:50] INFO beta = [0.15616253 0.19136205 0.30040255 0.29076456 0.0222703 ]
16:31:55 apf.py[line:58] INFO theta_robo_ob = [-2.2161448312735748, -1.0277305487302675, -0.32890253285335125, 0.3615317327596072, 0.7030729971244156]
16:31:55 apf.py[line:59] INFO psi = -0.4713777295102964
16:31:55 apf.py[line:60] INFO tan(psi_hat) = [-0.18574034363509895, 0.3127250895931312]
16:31:55 apf.py[line:62] INFO psi_hat = -0.535952657578004
16:31:55 apf.py[line:65] INFO term1 = 1.8 * cos(0.08168140899334655 - -0.4713777295102964) + 0.04 * 8.82237423788354 = 1.8845537826038814
16:31:55 apf.py[line:69] INFO term1 = 1.8845537826038814
16:31:55 apf.py[line:73] INFO theta_term_tmp = 1.8 * sin(0.08168140899334655 - -0.535952657578004)/2.1536315542785727 = 0.4840170153070816
16:31:55 apf.py[line:78] INFO [v, theta] = [2.1536315542785727, -0.030713175206357524]
16:31:55 apf.py[line:161] INFO 
16:31:55 apf.py[line:162] INFO 135
16:31:55 apf.py[line:84] INFO [ 2.25775414  4.94539846 -0.08946065  1.89        0.3507312 ]
16:31:55 apf.py[line:85] INFO [array([0., 2.]), array([4., 2.]), array([5., 4.]), array([5., 6.]), array([7., 9.])]
16:31:55 apf.py[line:49] INFO n = [0.01461115 0.02010701 0.03784363 0.03605821 0.00128741]
16:31:55 apf.py[line:50] INFO beta = [0.15373791 0.19508583 0.3112226  0.30036363 0.02277388]
16:31:55 apf.py[line:58] INFO theta_robo_ob = [-2.22479679000455, -1.0366395377362678, -0.33199312374830414, 0.36713939507598464, 0.7073873945857428]
16:31:55 apf.py[line:59] INFO psi = -0.47078733462064765
16:31:55 apf.py[line:60] INFO tan(psi_hat) = [-0.1848410632968035, 0.2935346552037633]
16:31:55 apf.py[line:62] INFO psi_hat = -0.5619775421495503
16:31:55 apf.py[line:65] INFO term1 = 1.8 * cos(0.09424777960770572 - -0.47078733462064765) + 0.04 * 8.817692321882525 = 1.8729333314162877
16:31:55 apf.py[line:69] INFO term1 = 1.8729333314162877
16:31:55 apf.py[line:73] INFO theta_term_tmp = 1.8 * sin(0.09424777960770572 - -0.5619775421495503)/2.1711746261030256 = 0.5058252483229332
16:31:55 apf.py[line:78] INFO [v, theta] = [2.1711746261030256, -0.03163918601920268]
16:31:55 apf.py[line:161] INFO 
16:31:55 apf.py[line:162] INFO 136
16:31:55 apf.py[line:84] INFO [ 2.29570212  4.94223033 -0.08329303  1.904       0.30838115]
16:31:55 apf.py[line:85] INFO [array([0., 2.]), array([4., 2.]), array([5., 4.]), array([5., 6.]), array([7., 9.])]
16:31:55 apf.py[line:49] INFO n = [0.01429045 0.02061569 0.0397118  0.03768808 0.00132158]
16:31:55 apf.py[line:50] INFO beta = [0.15129002 0.19885579 0.32261884 0.31046173 0.02329171]
16:31:55 apf.py[line:58] INFO theta_robo_ob = [-2.2333837200776903, -1.045771135846997, -0.3352661791339851, 0.372848588203787, 0.7117444655763994]
16:31:55 apf.py[line:59] INFO psi = -0.47018963316790297
16:31:55 apf.py[line:60] INFO tan(psi_hat) = [-0.18386236081898863, 0.27345201236585914]
16:31:55 apf.py[line:62] INFO psi_hat = -0.5919442829641298
16:31:55 apf.py[line:65] INFO term1 = 1.8 * cos(0.10681415022206489 - -0.47018963316790297) + 0.04 * 8.81259708196683 = 1.8610854875995946
16:31:55 apf.py[line:69] INFO term1 = 1.8610854875995946
16:31:55 apf.py[line:73] INFO theta_term_tmp = 1.8 * sin(0.10681415022206489 - -0.5919442829641298)/2.191877991168425 = 0.5282600872696258
16:31:55 apf.py[line:78] INFO [v, theta] = [2.191877991168425, -0.035394194749033936]
16:31:55 apf.py[line:161] INFO 
16:31:55 apf.py[line:162] INFO 137
16:31:55 apf.py[line:84] INFO [ 2.33394494  4.93923425 -0.07818382  1.918       0.25546044]
16:31:55 apf.py[line:85] INFO [array([0., 2.]), array([4., 2.]), array([5., 4.]), array([5., 6.]), array([7., 9.])]
16:31:55 apf.py[line:49] INFO n = [0.01396916 0.02113272 0.04170495 0.03942157 0.00135681]
16:31:55 apf.py[line:50] INFO beta = [0.14882601 0.20267438 0.33463375 0.32108755 0.02382374]
16:31:55 apf.py[line:58] INFO theta_robo_ob = [-2.2419082697319883, -1.0551214006090008, -0.3387166918088693, 0.3786760827652783, 0.7161494089152733]
16:31:55 apf.py[line:59] INFO psi = -0.4695809207553032
16:31:55 apf.py[line:60] INFO tan(psi_hat) = [-0.1827956811483626, 0.25243157120591314]
16:31:55 apf.py[line:62] INFO psi_hat = -0.6267439548665182
16:31:55 apf.py[line:65] INFO term1 = 1.8 * cos(0.11938052083642406 - -0.4695809207553032) + 0.04 * 8.807070997342064 = 1.8490153196101435
16:31:55 apf.py[line:69] INFO term1 = 1.8490153196101435
16:31:55 apf.py[line:73] INFO theta_term_tmp = 1.8 * sin(0.11938052083642406 - -0.6267439548665182)/2.2162449569411304 = 0.5513092505509533
16:31:55 apf.py[line:78] INFO [v, theta] = [2.2162449569411304, -0.04281125070222802]
16:31:55 apf.py[line:161] INFO 
16:31:55 apf.py[line:162] INFO 138
16:31:55 apf.py[line:84] INFO [ 2.37247801  4.93636167 -0.07441075  1.932       0.1886537 ]
16:31:55 apf.py[line:85] INFO [array([0., 2.]), array([4., 2.]), array([5., 4.]), array([5., 6.]), array([7., 9.])]
16:31:55 apf.py[line:49] INFO n = [0.01364833 0.02165867 0.04383416 0.04126573 0.00139307]
16:31:55 apf.py[line:50] INFO beta = [0.14635374 0.20654626 0.3473153  0.33227013 0.02436978]
16:31:55 apf.py[line:58] INFO theta_robo_ob = [-2.250375255742024, -1.0646846768353002, -0.3423355278708571, 0.38464314529659105, 0.7206088346919459]
16:31:55 apf.py[line:59] INFO psi = -0.46895628884365975
16:31:55 apf.py[line:60] INFO tan(psi_hat) = [-0.18163108184957355, 0.23042405857259254]
16:31:55 apf.py[line:62] INFO psi_hat = -0.6675333041138813
16:31:55 apf.py[line:65] INFO term1 = 1.8 * cos(0.13194689145078323 - -0.46895628884365975) + 0.04 * 8.801091649323574 = 1.8367292138861606
16:31:55 apf.py[line:69] INFO term1 = 1.8367292138861606
16:31:55 apf.py[line:73] INFO theta_term_tmp = 1.8 * sin(0.13194689145078323 - -0.6675333041138813)/2.244814905012168 = 0.5749199696129285
16:31:55 apf.py[line:78] INFO [v, theta] = [2.244814905012168, -0.05502697101735199]
16:31:55 apf.py[line:161] INFO 
16:31:55 apf.py[line:162] INFO 139
16:31:55 apf.py[line:84] INFO [ 2.41129621  4.93354853 -0.07234314  1.946       0.10338013]
16:31:55 apf.py[line:85] INFO [array([0., 2.]), array([4., 2.]), array([5., 4.]), array([5., 6.]), array([7., 9.])]
16:31:55 apf.py[line:49] INFO n = [0.01332909 0.02219449 0.04611206 0.04322766 0.00143034]
16:31:55 apf.py[line:50] INFO beta = [0.14388202 0.21047915 0.36071823 0.34403793 0.02492936]
16:31:55 apf.py[line:58] INFO theta_robo_ob = [-2.2587922774270877, -1.0744530838889568, -0.3461078172497139, 0.3907770045167776, 0.7251312057438345]
16:31:55 apf.py[line:59] INFO psi = -0.4683092101896185
16:31:55 apf.py[line:60] INFO tan(psi_hat) = [-0.1803565728728955, 0.207376238979835]
16:31:55 apf.py[line:62] INFO psi_hat = -0.7158243362180802
16:31:55 apf.py[line:65] INFO term1 = 1.8 * cos(0.1445132620651424 - -0.4683092101896185) + 0.04 * 8.794630268476817 = 1.824235345565444
16:31:55 apf.py[line:69] INFO term1 = 1.824235345565444
16:31:55 apf.py[line:73] INFO theta_term_tmp = 1.8 * sin(0.1445132620651424 - -0.7158243362180802)/2.278097965701678 = 0.5989702932868459
16:31:55 apf.py[line:78] INFO [v, theta] = [2.278097965701678, -0.0736097405027496]
16:31:55 apf.py[line:161] INFO 
16:31:55 apf.py[line:162] INFO 140
16:31:55 apf.py[line:84] INFO [ 2.45039361e+00  4.93071411e+00 -7.23699352e-02  1.96000000e+00
 -1.33962574e-03]
16:31:55 apf.py[line:85] INFO [array([0., 2.]), array([4., 2.]), array([5., 4.]), array([5., 6.]), array([7., 9.])]
16:31:55 apf.py[line:49] INFO n = [0.01301264 0.02274169 0.04855315 0.04531437 0.00146857]
16:31:55 apf.py[line:50] INFO beta = [0.14142053 0.21448449 0.37490539 0.35641799 0.02550178]
16:31:55 apf.py[line:58] INFO theta_robo_ob = [-2.267169897116557, -1.0844164458485612, -0.35001215648230927, 0.39711150413989327, 0.7297269509298426]
16:31:55 apf.py[line:59] INFO psi = -0.46763139608293125
16:31:55 apf.py[line:60] INFO tan(psi_hat) = [-0.17895782783947728, 0.1832305632775727]
16:31:55 apf.py[line:62] INFO psi_hat = -0.7736017134049707
16:31:55 apf.py[line:65] INFO term1 = 1.8 * cos(0.15707963267950156 - -0.46763139608293125) + 0.04 * 8.787651485954429 = 1.8115439509057676
16:31:55 apf.py[line:69] INFO term1 = 1.8115439509057676
16:31:55 apf.py[line:73] INFO theta_term_tmp = 1.8 * sin(0.15707963267950156 - -0.7736017134049707)/2.316422503895522 = 0.6232234203818511
16:31:55 apf.py[line:78] INFO [v, theta] = [2.316422503895522, -0.10074395606423281]
16:31:55 apf.py[line:161] INFO 
16:31:55 apf.py[line:162] INFO 141
16:31:55 apf.py[line:84] INFO [ 2.48976412  4.92777592 -0.07449112  1.974      -0.10605938]
16:31:55 apf.py[line:85] INFO [array([0., 2.]), array([4., 2.]), array([5., 4.]), array([5., 6.]), array([7., 9.])]
16:31:55 apf.py[line:49] INFO n = [0.01270005 0.02330198 0.05117376 0.047533   0.00150768]
16:31:55 apf.py[line:50] INFO beta = [0.13897826 0.21857522 0.38994708 0.36943714 0.02608618]
16:31:55 apf.py[line:58] INFO theta_robo_ob = [-2.2755192913118667, -1.0945647348184322, -0.3540254938695097, 0.4036824991036238, 0.734406710518365]
16:31:55 apf.py[line:59] INFO psi = -0.46691433207020827
16:31:55 apf.py[line:60] INFO tan(psi_hat) = [-0.17742034245420638, 0.15792422758880986]
16:31:55 apf.py[line:62] INFO psi_hat = -0.8434703541465194
16:31:55 apf.py[line:65] INFO term1 = 1.8 * cos(0.16964600329386073 - -0.46691433207020827) + 0.04 * 8.78011952199759 = 1.798666070614987
16:31:55 apf.py[line:69] INFO term1 = 1.798666070614987
16:31:55 apf.py[line:73] INFO theta_term_tmp = 1.8 * sin(0.16964600329386073 - -0.8434703541465194)/2.3596108871176766 = 0.6472564458361206
16:31:55 apf.py[line:78] INFO [v, theta] = [2.3596108871176766, -0.13949062038240656]
16:31:55 apf.py[line:161] INFO 
16:31:55 apf.py[line:162] INFO 142
16:31:55 apf.py[line:84] INFO [ 2.52940103  4.92464977 -0.07870671  1.988      -0.21077914]
16:31:55 apf.py[line:85] INFO [array([0., 2.]), array([4., 2.]), array([5., 4.]), array([5., 6.]), array([7., 9.])]
16:31:55 apf.py[line:49] INFO n = [0.01239229 0.02387735 0.05399243 0.04989069 0.00154761]
16:31:55 apf.py[line:50] INFO beta = [0.13656352 0.22276594 0.40592204 0.3831214  0.0266816 ]
16:31:55 apf.py[line:58] INFO theta_robo_ob = [-2.283852113930394, -1.1048880120365914, -0.3581229524969362, 0.410527854250999, 0.7391812634113903]
16:31:55 apf.py[line:59] INFO psi = -0.4661492474266842
16:31:55 apf.py[line:60] INFO tan(psi_hat) = [-0.1757290993561011, 0.13138917443473316]
16:31:55 apf.py[line:62] INFO psi_hat = -0.9287815210071012
16:31:55 apf.py[line:65] INFO term1 = 1.8 * cos(0.1822123739082199 - -0.4661492474266842) + 0.04 * 8.771998702208817 = 1.7856136055466698
16:31:55 apf.py[line:69] INFO term1 = 1.7856136055466698
16:31:55 apf.py[line:73] INFO theta_term_tmp = 1.8 * sin(0.1822123739082199 - -0.9287815210071012)/2.406315400466041 = 0.6703411953985052
16:31:55 apf.py[line:78] INFO [v, theta] = [2.406315400466041, -0.19411302977060496]
16:31:55 apf.py[line:161] INFO 
16:31:55 apf.py[line:162] INFO 143
16:31:55 apf.py[line:84] INFO [ 2.56925656  4.9212532  -0.08501668  2.         -0.31549889]
16:31:55 apf.py[line:85] INFO [array([0., 2.]), array([4., 2.]), array([5., 4.]), array([5., 6.]), array([7., 9.])]
16:31:55 apf.py[line:49] INFO n = [0.01209055 0.02446948 0.05702698 0.05239189 0.00158822]
16:31:55 apf.py[line:50] INFO beta = [0.13418595 0.22706784 0.42289956 0.39747916 0.0272862 ]
16:31:55 apf.py[line:58] INFO theta_robo_ob = [-2.2921720971929576, -1.1153658119043934, -0.3622734156864721, 0.4176801673452544, 0.7440565476768324]
16:31:55 apf.py[line:59] INFO psi = -0.4653253891805533
16:31:55 apf.py[line:60] INFO tan(psi_hat) = [-0.173868681848164, 0.10358423201293725]
16:31:55 apf.py[line:62] INFO psi_hat = -1.0334993463659377
16:31:55 apf.py[line:65] INFO term1 = 1.8 * cos(0.19477874452257907 - -0.4653253891805533) + 0.04 * 8.763291143523483 = 1.7724027316956703
16:31:55 apf.py[line:69] INFO term1 = 1.7724027316956703
16:31:55 apf.py[line:73] INFO theta_term_tmp = 1.8 * sin(0.19477874452257907 - -1.0334993463659377)/2.452739879749095 = 0.6912438593277791
16:31:55 apf.py[line:78] INFO [v, theta] = [2.452739879749095, -0.2702903925942606]
16:31:55 apf.py[line:161] INFO 
16:31:55 apf.py[line:162] INFO 144
16:31:55 apf.py[line:84] INFO [ 2.60908214  4.91752179 -0.09342106  2.         -0.42021865]
16:31:55 apf.py[line:85] INFO [array([0., 2.]), array([4., 2.]), array([5., 4.]), array([5., 6.]), array([7., 9.])]
16:31:55 apf.py[line:49] INFO n = [0.01179731 0.02507721 0.06028034 0.05502654 0.00162916]
16:31:55 apf.py[line:50] INFO beta = [0.13186388 0.23146778 0.44085594 0.41243045 0.02789447]
16:31:55 apf.py[line:58] INFO theta_robo_ob = [-2.300442348116916, -1.1259240912239723, -0.3664223229688167, 0.42513505470397056, 0.7490132802628422]
16:31:55 apf.py[line:59] INFO psi = -0.46442351645459967
16:31:55 apf.py[line:60] INFO tan(psi_hat) = [-0.17182613330999452, 0.0746349820932278]
16:31:55 apf.py[line:62] INFO psi_hat = -1.1610216088920424
16:31:55 apf.py[line:65] INFO term1 = 1.8 * cos(0.20734511513693824 - -0.46442351645459967) + 0.04 * 8.754187001943313 = 1.7590673412567983
16:31:55 apf.py[line:69] INFO term1 = 1.7590673412567983
16:31:55 apf.py[line:73] INFO theta_term_tmp = 1.8 * sin(0.20734511513693824 - -1.1610216088920424)/2.4906532577416134 = 0.7079451108330587
16:31:55 apf.py[line:78] INFO [v, theta] = [2.4906532577416134, -0.37443716442922326]
16:31:56 apf.py[line:161] INFO 
16:31:56 apf.py[line:162] INFO 145
16:31:56 apf.py[line:84] INFO [ 2.64886635  4.91337247 -0.10391982  2.         -0.5249384 ]
16:31:56 apf.py[line:85] INFO [array([0., 2.]), array([4., 2.]), array([5., 4.]), array([5., 6.]), array([7., 9.])]
16:31:56 apf.py[line:49] INFO n = [0.01151312 0.02570312 0.06377424 0.05779753 0.0016703 ]
16:31:56 apf.py[line:50] INFO beta = [0.1296031  0.23598363 0.45987736 0.42797866 0.02850477]
16:31:56 apf.py[line:58] INFO theta_robo_ob = [-2.308676391559809, -1.1365507660716356, -0.37053757025346307, 0.4329297169475012, 0.7540605220509373]
16:31:56 apf.py[line:59] INFO psi = -0.4634345855193689
16:31:56 apf.py[line:60] INFO tan(psi_hat) = [-0.16958477171504488, 0.044486757153673125]
16:31:56 apf.py[line:62] INFO psi_hat = -1.314249339242341
16:31:56 apf.py[line:65] INFO term1 = 1.8 * cos(0.2199114857512974 - -0.4634345855193689) + 0.04 * 8.744656732995297 = 1.7456221595858539
16:31:56 apf.py[line:69] INFO term1 = 1.7456221595858539
16:31:56 apf.py[line:73] INFO theta_term_tmp = 1.8 * sin(0.2199114857512974 - -1.314249339242341)/2.50656140375997 = 0.7176334034375448
16:31:56 apf.py[line:78] INFO [v, theta] = [2.50656140375997, -0.5138512242385622]
16:31:56 apf.py[line:161] INFO 
16:31:56 apf.py[line:162] INFO 146
16:31:56 apf.py[line:84] INFO [ 2.68859515  4.90872249 -0.11651299  2.         -0.62965816]
16:31:56 apf.py[line:85] INFO [array([0., 2.]), array([4., 2.]), array([5., 4.]), array([5., 6.]), array([7., 9.])]
16:31:56 apf.py[line:49] INFO n = [0.01123843 0.02635006 0.06753301 0.06070658 0.0017115 ]
16:31:56 apf.py[line:50] INFO beta = [0.1274088  0.24063481 0.48005898 0.44412104 0.02911533]
16:31:56 apf.py[line:58] INFO theta_robo_ob = [-2.3168874550410123, -1.1472336746500245, -0.37458492188270043, 0.44110192578637264, 0.759206883591124]
16:31:56 apf.py[line:59] INFO psi = -0.46234937954292143
16:31:56 apf.py[line:60] INFO tan(psi_hat) = [-0.16712544624988812, 0.013083426253784575]
16:31:56 apf.py[line:62] INFO psi_hat = -1.4926706019799079
16:31:56 apf.py[line:65] INFO term1 = 1.8 * cos(0.23247785636565657 - -0.46234937954292143) + 0.04 * 8.734673809223038 = 1.732082739057184
16:31:56 apf.py[line:69] INFO term1 = 1.732082739057184
16:31:56 apf.py[line:73] INFO theta_term_tmp = 1.8 * sin(0.23247785636565657 - -1.4926706019799079)/2.4826457760919918 = 0.7164132844361529
16:31:56 apf.py[line:78] INFO [v, theta] = [2.4826457760919918, -0.6940228938780825]
16:31:56 apf.py[line:161] INFO 
16:31:56 apf.py[line:162] INFO 147
16:31:56 apf.py[line:84] INFO [ 2.72825137  4.90348951 -0.13120055  2.         -0.73437791]
16:31:56 apf.py[line:85] INFO [array([0., 2.]), array([4., 2.]), array([5., 4.]), array([5., 6.]), array([7., 9.])]
16:31:56 apf.py[line:49] INFO n = [0.01097362 0.02702121 0.07158395 0.06375384 0.00175259]
16:31:56 apf.py[line:50] INFO beta = [0.1252857  0.24544239 0.50150565 0.46084722 0.02972414]
16:31:56 apf.py[line:58] INFO theta_robo_ob = [-2.325088368380984, -1.1579604463946143, -0.37852777987528075, 0.44968973084647335, 0.7644604115323066]
16:31:56 apf.py[line:59] INFO psi = -0.46115848791528824
16:31:56 apf.py[line:60] INFO tan(psi_hat) = [-0.16442566889805457, -0.01963195668510759]
16:31:56 apf.py[line:62] INFO psi_hat = -1.689630920895195
16:31:56 apf.py[line:65] INFO term1 = 1.8 * cos(0.24504422698001574 - -0.46115848791528824) + 0.04 * 8.724215314160075 = 1.7184654946656157
16:31:56 apf.py[line:69] INFO term1 = 1.7184654946656157
16:31:56 apf.py[line:73] INFO theta_term_tmp = 1.8 * sin(0.24504422698001574 - -1.689630920895195)/2.404729846560897 = 0.6995139527982708
16:31:56 apf.py[line:78] INFO [v, theta] = [2.404729846560897, -0.9149137996818091]
16:31:56 apf.py[line:161] INFO 
16:31:56 apf.py[line:162] INFO 148
16:31:56 apf.py[line:84] INFO [ 2.76781419  4.89759179 -0.1479825   2.         -0.83909767]
16:31:56 apf.py[line:85] INFO [array([0., 2.]), array([4., 2.]), array([5., 4.]), array([5., 6.]), array([7., 9.])]
16:31:56 apf.py[line:49] INFO n = [0.01071903 0.02772006 0.07595762 0.06693745 0.0017934 ]
16:31:56 apf.py[line:50] INFO beta = [0.12323804 0.2504291  0.52433274 0.47813733 0.030329  ]
16:31:56 apf.py[line:58] INFO theta_robo_ob = [-2.3332914700809573, -1.1687183603570044, -0.38232693294431375, 0.45873109118761174, 0.7698284652806711]
16:31:56 apf.py[line:59] INFO psi = -0.45985228935597866
16:31:56 apf.py[line:60] INFO tan(psi_hat) = [-0.16145858391155116, -0.05371645539644235]
16:31:56 apf.py[line:62] INFO psi_hat = -1.8919722256137612
16:31:56 apf.py[line:65] INFO term1 = 1.8 * cos(0.25761059759437493 - -0.45985228935597866) + 0.04 * 8.713262556020124 = 1.704787736289662
16:31:56 apf.py[line:69] INFO term1 = 1.704787736289662
16:31:56 apf.py[line:73] INFO theta_term_tmp = 1.8 * sin(0.25761059759437493 - -1.8919722256137612)/2.2752656980419794 = 0.662264945356965
16:31:56 apf.py[line:78] INFO [v, theta] = [2.2752656980419794, -1.1681346172972231]
16:31:56 apf.py[line:161] INFO 
16:31:56 apf.py[line:162] INFO 149
16:31:56 apf.py[line:84] INFO [ 2.80725865  4.89094837 -0.16685885  2.         -0.94381742]
16:31:56 apf.py[line:85] INFO [array([0., 2.]), array([4., 2.]), array([5., 4.]), array([5., 6.]), array([7., 9.])]
16:31:56 apf.py[line:49] INFO n = [0.01047494 0.02845044 0.08068822 0.07025308 0.00183373]
16:31:56 apf.py[line:50] INFO beta = [0.12126971 0.25561948 0.54866693 0.49596007 0.03092748]
16:31:56 apf.py[line:58] INFO theta_robo_ob = [-2.3415085190658207, -1.1794941928857785, -0.38594028597249147, 0.4682634200390753, 0.7753175837249099]
16:31:56 apf.py[line:59] INFO psi = -0.4584209397436106
16:31:56 apf.py[line:60] INFO tan(psi_hat) = [-0.15819176285547396, -0.0892265347133737]
16:31:56 apf.py[line:62] INFO psi_hat = -2.0843551220779637
16:31:56 apf.py[line:65] INFO term1 = 1.8 * cos(0.2701769682087341 - -0.4584209397436106) + 0.04 * 8.701801701969138 = 1.6910676960309163
16:31:56 apf.py[line:69] INFO term1 = 1.6910676960309163
16:31:56 apf.py[line:73] INFO theta_term_tmp = 1.8 * sin(0.2701769682087341 - -2.0843551220779637)/2.1178045514943578 = 0.6019943319028391
16:31:56 apf.py[line:78] INFO [v, theta] = [2.1178045514943578, -1.4383587609614255]
16:31:56 apf.py[line:161] INFO 
16:31:56 apf.py[line:162] INFO 150
16:31:56 apf.py[line:84] INFO [ 2.84655512  4.88347928 -0.18782959  2.         -1.04853718]
16:31:56 apf.py[line:85] INFO [array([0., 2.]), array([4., 2.]), array([5., 4.]), array([5., 6.]), array([7., 9.])]
16:31:56 apf.py[line:49] INFO n = [0.01024158 0.02921658 0.08581401 0.07369335 0.00187336]
16:31:56 apf.py[line:50] INFO beta = [0.11938429 0.26103993 0.57464693 0.51427043 0.03151691]
16:31:56 apf.py[line:58] INFO theta_robo_ob = [-2.3497506104858865, -1.190274054514562, -0.3893225713805553, 0.47832303130740267, 0.7809333421486848]
16:31:56 apf.py[line:59] INFO psi = -0.4568543656851367
16:31:56 apf.py[line:60] INFO tan(psi_hat) = [-0.15458582456601816, -0.12621736921730245]
16:31:56 apf.py[line:62] INFO psi_hat = -2.2555099872170197
16:31:56 apf.py[line:65] INFO term1 = 1.8 * cos(0.28274333882309327 - -0.4568543656851367) + 0.04 * 8.689824433169024 = 1.6773245488399742
16:31:56 apf.py[line:69] INFO term1 = 1.6773245488399742
16:31:56 apf.py[line:73] INFO theta_term_tmp = 1.8 * sin(0.28274333882309327 - -2.2555099872170197)/1.9637961249108367 = 0.5200701243435345
16:31:56 apf.py[line:78] INFO [v, theta] = [1.9637961249108367, -1.708576937637822]
16:31:56 apf.py[line:161] INFO 
16:31:56 apf.py[line:162] INFO 151
16:31:56 apf.py[line:84] INFO [ 2.88539508  4.8751645  -0.21089473  1.986      -1.15325693]
16:31:56 apf.py[line:85] INFO [array([0., 2.]), array([4., 2.]), array([5., 4.]), array([5., 6.]), array([7., 9.])]
16:31:56 apf.py[line:49] INFO n = [0.01002072 0.03001743 0.09133719 0.07722172 0.0019118 ]
16:31:56 apf.py[line:50] INFO beta = [0.11759516 0.26667321 0.60221093 0.53286235 0.03208964]
16:31:56 apf.py[line:58] INFO theta_robo_ob = [-2.357970458554782, -1.2009672961309363, -0.39240295675261483, 0.4888691810381087, 0.7866398226068184]
16:31:56 apf.py[line:59] INFO psi = -0.4551344619220913
16:31:56 apf.py[line:60] INFO tan(psi_hat) = [-0.15060991947956298, -0.16443525956390706]
16:31:56 apf.py[line:62] INFO psi_hat = -2.4000500271240965
16:31:56 apf.py[line:65] INFO term1 = 1.8 * cos(0.29530970943745244 - -0.4551344619220913) + 0.04 * 8.677600309698567 = 1.663598870513959
16:31:56 apf.py[line:69] INFO term1 = 1.663598870513959
16:31:56 apf.py[line:73] INFO theta_term_tmp = 1.8 * sin(0.29530970943745244 - -2.4000500271240965)/1.8360340264400703 = 0.4231003909813104
16:31:56 apf.py[line:78] INFO [v, theta] = [1.8360340264400703, -1.9631856773449854]
16:31:56 apf.py[line:161] INFO 
16:31:56 apf.py[line:162] INFO 152
16:31:56 apf.py[line:84] INFO [ 2.92374135  4.86594074 -0.23605426  1.972      -1.25797669]
16:31:56 apf.py[line:85] INFO [array([0., 2.]), array([4., 2.]), array([5., 4.]), array([5., 6.]), array([7., 9.])]
16:31:56 apf.py[line:49] INFO n = [0.00981236 0.03085735 0.09729487 0.08082025 0.00194879]
16:31:56 apf.py[line:50] INFO beta = [0.11590429 0.27254497 0.63148047 0.55164552 0.03264268]
16:31:56 apf.py[line:58] INFO theta_robo_ob = [-2.3661775399462046, -1.2115574327267997, -0.3951329114186251, 0.49992357963466844, 0.792438043006469]
16:31:56 apf.py[line:59] INFO psi = -0.45325243107247903
16:31:56 apf.py[line:60] INFO tan(psi_hat) = [-0.14621384182516667, -0.2038934678620527]
16:31:56 apf.py[line:62] INFO psi_hat = -2.519476186677724
16:31:56 apf.py[line:65] INFO term1 = 1.8 * cos(0.3078760800518116 - -0.45325243107247903) + 0.04 * 8.665137673278634 = 1.649910075840509
16:31:56 apf.py[line:69] INFO term1 = 1.649910075840509
16:31:56 apf.py[line:73] INFO theta_term_tmp = 1.8 * sin(0.3078760800518116 - -2.519476186677724)/1.7411921876900764 = 0.3195336298981348
16:31:56 apf.py[line:78] INFO [v, theta] = [1.7411921876900764, -2.1942389125160915]
16:31:56 apf.py[line:161] INFO 
16:31:56 apf.py[line:162] INFO 153
16:31:56 apf.py[line:84] INFO [ 2.96155167  4.85574833 -0.26330819  1.958      -1.36269644]
16:31:56 apf.py[line:85] INFO [array([0., 2.]), array([4., 2.]), array([5., 4.]), array([5., 6.]), array([7., 9.])]
16:31:56 apf.py[line:49] INFO n = [0.00961653 0.03174104 0.10372723 0.0844666  0.0019841 ]
16:31:56 apf.py[line:50] INFO beta = [0.11431347 0.2786822  0.66258315 0.57051143 0.03317286]
16:31:56 apf.py[line:58] INFO theta_robo_ob = [-2.3743801905033393, -1.2220270563421436, -0.3974611879431287, 0.5115037647588403, 0.798327568421323]
16:31:56 apf.py[line:59] INFO psi = -0.45119952944994723
16:31:56 apf.py[line:60] INFO tan(psi_hat) = [-0.14133828286038624, -0.24459964621139244]
16:31:56 apf.py[line:62] INFO psi_hat = -2.6176302643084695
16:31:56 apf.py[line:65] INFO term1 = 1.8 * cos(0.3204424506661708 - -0.45119952944994723) + 0.04 * 8.652452218513341 = 1.6362780805670063
16:31:56 apf.py[line:69] INFO term1 = 1.6362780805670063
16:31:56 apf.py[line:73] INFO theta_term_tmp = 1.8 * sin(0.3204424506661708 - -2.6176302643084695)/1.6762354385023626 = 0.21704120581455577
16:31:56 apf.py[line:78] INFO [v, theta] = [1.6762354385023626, -2.398847867440631]
16:31:56 apf.py[line:161] INFO 
16:31:56 apf.py[line:162] INFO 154
16:31:56 apf.py[line:84] INFO [ 2.99877852  4.84453157 -0.29265652  1.944      -1.4674162 ]
16:31:56 apf.py[line:85] INFO [array([0., 2.]), array([4., 2.]), array([5., 4.]), array([5., 6.]), array([7., 9.])]
16:31:56 apf.py[line:49] INFO n = [0.00943321 0.03267357 0.11067744 0.08813364 0.00201747]
16:31:56 apf.py[line:50] INFO beta = [0.11282433 0.28511324 0.6956514  0.58933217 0.0336769 ]
16:31:56 apf.py[line:58] INFO theta_robo_ob = [-2.382585548562266, -1.2323576595688637, -0.3993337114347196, 0.5236222617077135, 0.8043063932047679]
16:31:56 apf.py[line:59] INFO psi = -0.4489671036633798
16:31:56 apf.py[line:60] INFO tan(psi_hat) = [-0.13591417962649557, -0.2865557289826955]
16:31:56 apf.py[line:62] INFO psi_hat = -2.6987133376876424
16:31:56 apf.py[line:65] INFO term1 = 1.8 * cos(0.33300882128052994 - -0.4489671036633798) + 0.04 * 8.639567479866102 = 1.6227232419761548
16:31:56 apf.py[line:69] INFO term1 = 1.6227232419761548
16:31:56 apf.py[line:73] INFO theta_term_tmp = 1.8 * sin(0.33300882128052994 - -2.6987133376876424)/1.634682029196297 = 0.12073861187459786
16:31:56 apf.py[line:78] INFO [v, theta] = [1.634682029196297, -2.577679433755807]
16:31:57 apf.py[line:161] INFO 
16:31:57 apf.py[line:162] INFO 155
16:31:57 apf.py[line:84] INFO [ 3.03536893  4.83223921 -0.32409924  1.93       -1.57213595]
16:31:57 apf.py[line:85] INFO [array([0., 2.]), array([4., 2.]), array([5., 4.]), array([5., 6.]), array([7., 9.])]
16:31:57 apf.py[line:49] INFO n = [0.00926241 0.03366041 0.11819148 0.09178927 0.00204864]
16:31:57 apf.py[line:50] INFO beta = [0.11143843 0.29186782 0.73082077 0.60795976 0.03415138]
16:31:57 apf.py[line:58] INFO theta_robo_ob = [-2.390799498876977, -1.2425294564821063, -0.40069350969504874, 0.5362856917943541, 0.8103708277046822]
16:31:57 apf.py[line:59] INFO psi = -0.44654663795602334
16:31:57 apf.py[line:60] INFO tan(psi_hat) = [-0.12986253639111414, -0.3297581158643297]
16:31:57 apf.py[line:62] INFO psi_hat = -2.766432553070311
16:31:57 apf.py[line:65] INFO term1 = 1.8 * cos(0.3455751918948891 - -0.44654663795602334) + 0.04 * 8.626515295766392 = 1.6092662822978996
16:31:57 apf.py[line:69] INFO term1 = 1.6092662822978996
16:31:57 apf.py[line:73] INFO theta_term_tmp = 1.8 * sin(0.3455751918948891 - -2.766432553070311)/1.6101468891220654 = 0.033068453454337655
16:31:57 apf.py[line:78] INFO [v, theta] = [1.6101468891220654, -2.7333580697980415]
16:31:57 apf.py[line:161] INFO 
16:31:57 apf.py[line:162] INFO 156
16:31:57 apf.py[line:84] INFO [ 3.0712643   4.81882487 -0.35763635  1.916      -1.67685571]
16:31:57 apf.py[line:85] INFO [array([0., 2.]), array([4., 2.]), array([5., 4.]), array([5., 6.]), array([7., 9.])]
16:31:57 apf.py[line:49] INFO n = [0.00910414 0.03470744 0.12631777 0.09539627 0.00207733]
16:31:57 apf.py[line:50] INFO beta = [0.11015722 0.29897703 0.76822745 0.62622606 0.03459281]
16:31:57 apf.py[line:58] INFO theta_robo_ob = [-2.399026616330639, -1.252521201917252, -0.4014807004029975, 0.5494938492706388, 0.8165153924032006]
16:31:57 apf.py[line:59] INFO psi = -0.44392981310185464
16:31:57 apf.py[line:60] INFO tan(psi_hat) = [-0.12309496231852438, -0.3741981375293441]
16:31:57 apf.py[line:62] INFO psi_hat = -2.823786280780427
16:31:57 apf.py[line:65] INFO term1 = 1.8 * cos(0.3581415625092483 - -0.44392981310185464) + 0.04 * 8.613336242054165 = 1.595928193021669
16:31:57 apf.py[line:69] INFO term1 = 1.595928193021669
16:31:57 apf.py[line:73] INFO theta_term_tmp = 1.8 * sin(0.3581415625092483 - -2.823786280780427)/1.5975779118552984 = -0.04543356276610923
16:31:57 apf.py[line:78] INFO [v, theta] = [1.5975779118552984, -2.8692354888090454]
16:31:57 apf.py[line:161] INFO 
16:31:57 apf.py[line:162] INFO 157
16:31:57 apf.py[line:84] INFO [ 3.10640039  4.8042476  -0.39326786  1.902      -1.78157546]
16:31:57 apf.py[line:85] INFO [array([0., 2.]), array([4., 2.]), array([5., 4.]), array([5., 6.]), array([7., 9.])]
16:31:57 apf.py[line:49] INFO n = [0.00895841 0.03582102 0.1351065  0.09891254 0.00210329]
16:31:57 apf.py[line:50] INFO beta = [0.10898216 0.3064733  0.80800483 0.64394366 0.03499763]
16:31:57 apf.py[line:58] INFO theta_robo_ob = [-2.4072701087610837, -1.262310010247713, -0.40163255532494857, 0.563238774880394, 0.8227327226496967]
16:31:57 apf.py[line:59] INFO psi = -0.44110857760376576
16:31:57 apf.py[line:60] INFO tan(psi_hat) = [-0.1155152153617701, -0.41986273104062694]
16:31:57 apf.py[line:62] INFO psi_hat = -2.873109168822697
16:31:57 apf.py[line:65] INFO term1 = 1.8 * cos(0.37070793312360745 - -0.44110857760376576) + 0.04 * 8.600080025483578 = 1.5827301182448141
16:31:57 apf.py[line:69] INFO term1 = 1.5827301182448141
16:31:57 apf.py[line:73] INFO theta_term_tmp = 1.8 * sin(0.37070793312360745 - -2.873109168822697)/1.5933531720759642 = -0.11528122514758721
16:31:57 apf.py[line:78] INFO [v, theta] = [1.5933531720759642, -2.988647276532926]
16:31:57 apf.py[line:161] INFO 
16:31:57 apf.py[line:162] INFO 158
16:31:57 apf.py[line:84] INFO [ 3.14070728  4.78847246 -0.43099376  1.888      -1.88629522]
16:31:57 apf.py[line:85] INFO [array([0., 2.]), array([4., 2.]), array([5., 4.]), array([5., 6.]), array([7., 9.])]
16:31:57 apf.py[line:49] INFO n = [0.00882526 0.03700795 0.14460868 0.10229149 0.00212626]
16:31:57 apf.py[line:50] INFO beta = [0.10791468 0.31439041 0.8502789  0.66090766 0.03536227]
16:31:57 apf.py[line:58] INFO theta_robo_ob = [-2.4155317583650215, -1.2718711751552771, -0.40108366590119926, 0.5775038620348982, 0.8290134874504725]
16:31:57 apf.py[line:59] INFO psi = -0.43807523182854036
16:31:57 apf.py[line:60] INFO tan(psi_hat) = [-0.107022074762774, -0.4667351576248035]
16:31:57 apf.py[line:62] INFO psi_hat = -2.916189801947527
16:31:57 apf.py[line:65] INFO term1 = 1.8 * cos(0.3832743037379666 - -0.43807523182854036) + 0.04 * 8.586805826464017 = 1.5696932153292793
16:31:57 apf.py[line:69] INFO term1 = 1.5696932153292793
16:31:57 apf.py[line:73] INFO theta_term_tmp = 1.8 * sin(0.3832743037379666 - -2.916189801947527)/1.5949984159964006 = -0.17742317062121377
16:31:57 apf.py[line:78] INFO [v, theta] = [1.5949984159964006, -3.0945572611729775]
16:31:57 apf.py[line:161] INFO 
16:31:57 apf.py[line:162] INFO 159
16:31:57 apf.py[line:84] INFO [ 3.17410943  4.77147108 -0.47081406  1.874      -1.99101497]
16:31:57 apf.py[line:85] INFO [array([0., 2.]), array([4., 2.]), array([5., 4.]), array([5., 6.]), array([7., 9.])]
16:31:57 apf.py[line:49] INFO n = [0.00870474 0.03827557 0.15487475 0.1054828  0.00214598]
16:31:57 apf.py[line:50] INFO beta = [0.10695625 0.32276332 0.8951622  0.67689875 0.03568321]
16:31:57 apf.py[line:58] INFO theta_robo_ob = [-2.4238118612779864, -1.2811779923410815, -0.39976623940993355, 0.5922630392301251, 0.8353463260008299]
16:31:57 apf.py[line:59] INFO psi = -0.434822525559677
16:31:57 apf.py[line:60] INFO tan(psi_hat) = [-0.09751386917768662, -0.5147954695246191]
16:31:57 apf.py[line:62] INFO psi_hat = -2.9543880990185385
16:31:57 apf.py[line:65] INFO term1 = 1.8 * cos(0.3958406743523258 - -0.434822525559677) + 0.04 * 8.573582578646109 = 1.55683849135197
16:31:57 apf.py[line:69] INFO term1 = 1.55683849135197
16:31:57 apf.py[line:73] INFO theta_term_tmp = 1.8 * sin(0.3958406743523258 - -2.9543880990185385)/1.600857778889918 = -0.2328916570588558
16:31:57 apf.py[line:78] INFO [v, theta] = [1.600857778889918, -3.1894381464430306]
16:31:57 apf.py[line:161] INFO 
16:31:57 apf.py[line:162] INFO 160
16:31:57 apf.py[line:84] INFO [ 3.20652634  4.75322323 -0.51270196  1.86       -2.0943951 ]
16:31:57 apf.py[line:85] INFO [array([0., 2.]), array([4., 2.]), array([5., 4.]), array([5., 6.]), array([7., 9.])]
16:31:57 apf.py[line:49] INFO n = [0.00859691 0.03963167 0.16595256 0.10843371 0.00216221]
16:31:57 apf.py[line:50] INFO beta = [0.10610827 0.33162792 0.94274627 0.69168837 0.03595704]
16:31:57 apf.py[line:58] INFO theta_robo_ob = [-2.432109084505467, -1.2902018356290654, -0.3976110690597745, 0.6074798801091454, 0.8417177681944598]
16:31:57 apf.py[line:59] INFO psi = -0.43134388528565576
16:31:57 apf.py[line:60] INFO tan(psi_hat) = [-0.08689512382439857, -0.564020935255074]
16:31:57 apf.py[line:62] INFO psi_hat = -2.9887308650394178
16:31:57 apf.py[line:65] INFO term1 = 1.8 * cos(0.40840704496668495 - -0.43134388528565576) + 0.04 * 8.560489090391728 = 1.544186455393855
16:31:57 apf.py[line:69] INFO term1 = 1.544186455393855
16:31:57 apf.py[line:73] INFO theta_term_tmp = 1.8 * sin(0.40840704496668495 - -2.9887308650394178)/1.6098226536191005 = -0.28263448231085797
16:31:57 apf.py[line:78] INFO [v, theta] = [1.6098226536191005, -3.2752703292448597]
16:31:57 apf.py[line:161] INFO 
16:31:57 apf.py[line:162] INFO 161
16:31:57 apf.py[line:84] INFO [ 3.23791264  4.73378136 -0.55458987  1.846      -2.0943951 ]
16:31:57 apf.py[line:85] INFO [array([0., 2.]), array([4., 2.]), array([5., 4.]), array([5., 6.]), array([7., 9.])]
16:31:57 apf.py[line:49] INFO n = [0.00850125 0.04108178 0.17788901 0.11110368 0.00217491]
16:31:57 apf.py[line:50] INFO beta = [0.10536659 0.34100425 0.99311003 0.70510585 0.03618259]
16:31:57 apf.py[line:58] INFO theta_robo_ob = [-2.4404149423518464, -1.298931576512057, -0.3945871820219404, 0.6230939296977027, 0.8481100516280902]
16:31:57 apf.py[line:59] INFO psi = -0.42764227702872626
16:31:57 apf.py[line:60] INFO tan(psi_hat) = [-0.07509738052958059, -0.6144405626062103]
16:31:57 apf.py[line:62] INFO psi_hat = -3.019975090283052
16:31:57 apf.py[line:65] INFO term1 = 1.8 * cos(0.4209734155810441 - -0.42764227702872626) + 0.04 * 8.547604349875416 = 1.531744703163563
16:31:57 apf.py[line:69] INFO term1 = 1.531744703163563
16:31:57 apf.py[line:73] INFO theta_term_tmp = 1.8 * sin(0.4209734155810441 - -3.019975090283052)/1.6211171514533171 = -0.3274461572044919
16:31:57 apf.py[line:78] INFO [v, theta] = [1.6211171514533171, -3.353574543674272]
16:31:57 apf.py[line:161] INFO 
16:31:57 apf.py[line:162] INFO 162
16:31:57 apf.py[line:84] INFO [ 3.26822562  4.7131995  -0.59647777  1.832      -2.0943951 ]
16:31:57 apf.py[line:85] INFO [array([0., 2.]), array([4., 2.]), array([5., 4.]), array([5., 6.]), array([7., 9.])]
16:31:57 apf.py[line:49] INFO n = [0.00841729 0.04263184 0.19072789 0.11345501 0.00218402]
16:31:57 apf.py[line:50] INFO beta = [0.10472734 0.35091329 1.04631234 0.71699301 0.03635902]
16:31:57 apf.py[line:58] INFO theta_robo_ob = [-2.448721155620353, -1.3073557199292956, -0.39066428090993305, 0.6390403136274327, 0.8545054894443176]
16:31:57 apf.py[line:59] INFO psi = -0.423721137917915
16:31:57 apf.py[line:60] INFO tan(psi_hat) = [-0.062072069247672855, -0.6660951800445151]
16:31:57 apf.py[line:62] INFO psi_hat = -3.048673017541369
16:31:57 apf.py[line:65] INFO term1 = 1.8 * cos(0.4335397861954033 - -0.423721137917915) + 0.04 * 8.535006427104435 = 1.519519708589541
16:31:57 apf.py[line:69] INFO term1 = 1.519519708589541
16:31:57 apf.py[line:73] INFO theta_term_tmp = 1.8 * sin(0.4335397861954033 - -3.048673017541369)/1.6341776936161818 = -0.36797039985669644
16:31:57 apf.py[line:78] INFO [v, theta] = [1.6341776936161818, -3.425498345836748]
16:31:57 apf.py[line:161] INFO 
16:31:57 apf.py[line:162] INFO 163
16:31:57 apf.py[line:84] INFO [ 3.29742527  4.69153317 -0.63836567  1.818      -2.0943951 ]
16:31:57 apf.py[line:85] INFO [array([0., 2.]), array([4., 2.]), array([5., 4.]), array([5., 6.]), array([7., 9.])]
16:31:57 apf.py[line:49] INFO n = [0.00834462 0.04428819 0.20450802 0.11545419 0.00218954]
16:31:57 apf.py[line:50] INFO beta = [0.10418696 0.36137684 1.1023859  0.72720883 0.03648578]
16:31:57 apf.py[line:58] INFO theta_robo_ob = [-2.4570196351578537, -1.3154623980386988, -0.3858131874741476, 0.6552504446431463, 0.8608865713246796]
16:31:57 apf.py[line:59] INFO psi = -0.41958438328815845
16:31:57 apf.py[line:60] INFO tan(psi_hat) = [-0.04779864064834885, -0.7190347494753808]
16:31:57 apf.py[line:62] INFO psi_hat = -3.075214195254936
16:31:57 apf.py[line:65] INFO term1 = 1.8 * cos(0.44610615680976246 - -0.41958438328815845) + 0.04 * 8.52277224155384 = 1.507516799365937
16:31:57 apf.py[line:69] INFO term1 = 1.507516799365937
16:31:57 apf.py[line:73] INFO theta_term_tmp = 1.8 * sin(0.44610615680976246 - -3.075214195254936)/1.6485645062926315 = -0.404716733507052
16:31:57 apf.py[line:78] INFO [v, theta] = [1.6485645062926315, -3.491883234892809]
16:31:57 apf.py[line:161] INFO 
16:31:57 apf.py[line:162] INFO 164
16:31:57 apf.py[line:84] INFO [ 3.32547434  4.6688392  -0.68025357  1.804      -2.0943951 ]
16:31:57 apf.py[line:85] INFO [array([0., 2.]), array([4., 2.]), array([5., 4.]), array([5., 6.]), array([7., 9.])]
16:31:57 apf.py[line:49] INFO n = [0.00828286 0.04605759 0.21926088 0.11707304 0.00219148]
16:31:57 apf.py[line:50] INFO beta = [0.10374217 0.37241754 1.16133021 0.73563379 0.03656265]
16:31:57 apf.py[line:58] INFO theta_robo_ob = [-2.4653024664705767, -1.3232393658444388, -0.38000636023228007, 0.6716528445577781, 0.8672360622063897]
16:31:57 apf.py[line:59] INFO psi = -0.4152364115132226
16:31:57 apf.py[line:60] INFO tan(psi_hat) = [-0.03229292681122074, -0.7733133972818195]
16:31:57 apf.py[line:62] INFO psi_hat = -3.099857730293916
16:31:57 apf.py[line:65] INFO term1 = 1.8 * cos(0.4586725274241216 - -0.4152364115132226) + 0.04 * 8.510977326398669 = 1.4957401369968526
16:31:57 apf.py[line:69] INFO term1 = 1.4957401369968526
16:31:57 apf.py[line:73] INFO theta_term_tmp = 1.8 * sin(0.4586725274241216 - -3.099857730293916)/1.6639052367274738 = -0.43808513487822004
16:31:57 apf.py[line:78] INFO [v, theta] = [1.6639052367274738, -3.5533251430906887]
16:31:57 apf.py[line:161] INFO 
16:31:57 apf.py[line:162] INFO 165
16:31:57 apf.py[line:84] INFO [ 3.35233837  4.64517565 -0.72214147  1.79       -2.0943951 ]
16:31:57 apf.py[line:85] INFO [array([0., 2.]), array([4., 2.]), array([5., 4.]), array([5., 6.]), array([7., 9.])]
16:31:57 apf.py[line:49] INFO n = [0.00823166 0.04794727 0.23500781 0.11828975 0.0021899 ]
16:31:57 apf.py[line:50] INFO beta = [0.10338993 0.38405878 1.22310368 0.74217372 0.03658973]
16:31:57 apf.py[line:58] INFO theta_robo_ob = [-2.47356189536106, -1.3306739990534695, -0.37321848991837125, 0.6881740593585499, 0.8735370974461881]
16:31:57 apf.py[line:59] INFO psi = -0.4106821063580536
16:31:57 apf.py[line:60] INFO tan(psi_hat) = [-0.015615184096203633, -0.828981886037468]
16:31:57 apf.py[line:62] INFO psi_hat = -3.1227583003799064
16:31:57 apf.py[line:65] INFO term1 = 1.8 * cos(0.4712388980384808 - -0.4106821063580536) + 0.04 * 8.499695590467502 = 1.484192701694191
16:31:57 apf.py[line:69] INFO term1 = 1.484192701694191
16:31:57 apf.py[line:73] INFO theta_term_tmp = 1.8 * sin(0.4712388980384808 - -3.1227583003799064)/1.6798613434029315 = -0.4683916295165913
16:31:57 apf.py[line:78] INFO [v, theta] = [1.6798613434029315, -3.610227788009513]
16:31:58 apf.py[line:161] INFO 
16:31:58 apf.py[line:162] INFO 166
16:31:58 apf.py[line:84] INFO [ 3.37798574  4.62060161 -0.76402938  1.776      -2.0943951 ]
16:31:58 apf.py[line:85] INFO [array([0., 2.]), array([4., 2.]), array([5., 4.]), array([5., 6.]), array([7., 9.])]
16:31:58 apf.py[line:49] INFO n = [0.00819072 0.04996491 0.25175685 0.11908967 0.00218485]
16:31:58 apf.py[line:50] INFO beta = [0.10312743 0.39632462 1.28761491 0.74676263 0.03656742]
16:31:58 apf.py[line:58] INFO theta_robo_ob = [-2.481790314541633, -1.3377532945879744, -0.36542717445177864, 0.704739639710749, 0.879773273241288]
16:31:58 apf.py[line:59] INFO psi = -0.40592683665008544
16:31:58 apf.py[line:60] INFO tan(psi_hat) = [0.0021228336919007565, -0.8860774017497317]
16:31:58 apf.py[line:62] INFO psi_hat = 3.139196892648083
16:31:58 apf.py[line:65] INFO term1 = 1.8 * cos(0.48380526865283996 - -0.40592683665008544) + 0.04 * 8.48899907914988 = 1.47287628246067
16:31:58 apf.py[line:69] INFO term1 = 1.47287628246067
16:31:58 apf.py[line:73] INFO theta_term_tmp = 1.8 * sin(0.48380526865283996 - 3.139196892648083)/1.6961108009900348 = -0.4958915291650944
16:31:58 apf.py[line:78] INFO [v, theta] = [1.6961108009900348, 2.6203357090200137]
16:31:58 apf.py[line:161] INFO 
16:31:58 apf.py[line:162] INFO 167
16:31:58 apf.py[line:84] INFO [ 3.40238767  4.59517715 -0.80591728  1.762      -2.0943951 ]
16:31:58 apf.py[line:85] INFO [array([0., 2.]), array([4., 2.]), array([5., 4.]), array([5., 6.]), array([7., 9.])]
16:31:58 apf.py[line:49] INFO n = [0.0081598  0.05211866 0.26949903 0.11946579 0.00217644]
16:31:58 apf.py[line:50] INFO beta = [0.10295208 0.4092397  1.35471347 0.74936469 0.03649643]
16:31:58 apf.py[line:58] INFO theta_robo_ob = [-2.4899802511846914, -1.3444638742391475, -0.35661367205903155, 0.721275155149255, 0.8859287312311382]
16:31:58 apf.py[line:59] INFO psi = -0.4009764530875308
16:31:58 apf.py[line:60] INFO tan(psi_hat) = [0.020752500369298155, -0.9446107352967166]
16:31:58 apf.py[line:62] INFO psi_hat = 3.119626819614391
16:31:58 apf.py[line:65] INFO term1 = 1.8 * cos(0.4963716392671991 - -0.4009764530875308) + 0.04 * 8.47895773559172 = 1.4617914726584336
16:31:58 apf.py[line:69] INFO term1 = 1.4617914726584336
16:31:58 apf.py[line:73] INFO theta_term_tmp = 1.8 * sin(0.4963716392671991 - 3.119626819614391)/1.7123424364352693 = -0.5207988797163344
16:31:58 apf.py[line:78] INFO [v, theta] = [1.7123424364352693, 2.5718403281090363]
16:31:58 apf.py[line:161] INFO 
16:31:58 apf.py[line:162] INFO 168
16:31:58 apf.py[line:84] INFO [ 3.42551827  4.56896309 -0.84780518  1.748      -2.0943951 ]
16:31:58 apf.py[line:85] INFO [array([0., 2.]), array([4., 2.]), array([5., 4.]), array([5., 6.]), array([7., 9.])]
16:31:58 apf.py[line:49] INFO n = [0.00813865 0.05441714 0.28820443 0.11941893 0.00216479]
16:31:58 apf.py[line:50] INFO beta = [0.10286152 0.42282911 1.42418028 0.749975   0.03637778]
16:31:58 apf.py[line:58] INFO theta_robo_ob = [-2.4981243553749364, -1.3507919920112423, -0.3467637271097625, 0.7377072081712287, 0.8919882363403139]
16:31:58 apf.py[line:59] INFO psi = -0.3958372820258593
16:31:58 apf.py[line:60] INFO tan(psi_hat) = [0.04004540487388687, -1.0045511861667296]
16:31:58 apf.py[line:62] INFO psi_hat = 3.1017497734179527
16:31:58 apf.py[line:65] INFO term1 = 1.8 * cos(0.5089380098815584 - -0.3958372820258593) + 0.04 * 8.469639163605741 = 1.4509376713251043
16:31:58 apf.py[line:69] INFO term1 = 1.4509376713251043
16:31:58 apf.py[line:73] INFO theta_term_tmp = 1.8 * sin(0.5089380098815584 - 3.1017497734179527)/1.728258199075945 = -0.5433016524190912
16:31:58 apf.py[line:78] INFO [v, theta] = [1.728258199075945, 2.527384942016063]
16:31:58 apf.py[line:161] INFO 
16:31:58 apf.py[line:162] INFO 169
16:31:58 apf.py[line:84] INFO [ 3.44735455  4.54202094 -0.88969308  1.734      -2.0943951 ]
16:31:58 apf.py[line:85] INFO [array([0., 2.]), array([4., 2.]), array([5., 4.]), array([5., 6.]), array([7., 9.])]
16:31:58 apf.py[line:49] INFO n = [0.00812708 0.05686943 0.30781798 0.11895757 0.00215001]
16:31:58 apf.py[line:50] INFO beta = [0.10285353 0.43711823 1.49571825 0.7486193  0.03621273]
16:31:58 apf.py[line:58] INFO theta_robo_ob = [-2.506215389433619, -1.3567235457732318, -0.3358684580866879, 0.7539644144496666, 0.8979372470772331]
16:31:58 apf.py[line:59] INFO psi = -0.39051611611148807
16:31:58 apf.py[line:60] INFO tan(psi_hat) = [0.05971364912548576, -1.0658098014129758]
16:31:58 apf.py[line:62] INFO psi_hat = 3.0856246125936417
16:31:58 apf.py[line:65] INFO term1 = 1.8 * cos(0.5215043804959175 - -0.39051611611148807) + 0.04 * 8.461108393804974 = 1.4403130904531547
16:31:58 apf.py[line:69] INFO term1 = 1.4403130904531547
16:31:58 apf.py[line:73] INFO theta_term_tmp = 1.8 * sin(0.5215043804959175 - 3.0856246125936417)/1.7435802342692042 = -0.563572765344963
16:31:58 apf.py[line:78] INFO [v, theta] = [1.7435802342692042, 2.486920127404385]
16:31:58 apf.py[line:161] INFO 
16:31:58 apf.py[line:162] INFO 170
16:31:58 apf.py[line:84] INFO [ 3.46815776  4.51403424 -0.93158098  1.74358023 -2.0943951 ]
16:31:58 apf.py[line:85] INFO [array([0., 2.]), array([4., 2.]), array([5., 4.]), array([5., 6.]), array([7., 9.])]
16:31:58 apf.py[line:49] INFO n = [0.00812487 0.05952194 0.32854615 0.11808487 0.00213204]
16:31:58 apf.py[line:50] INFO beta = [0.10293056 0.45235869 1.57003276 0.7453305  0.0360012 ]
16:31:58 apf.py[line:58] INFO theta_robo_ob = [-2.5143563079698876, -1.362320711579871, -0.32375864777230895, 0.7701974100763203, 0.9038417048317509]
16:31:58 apf.py[line:59] INFO psi = -0.3849912040512413
16:31:58 apf.py[line:60] INFO tan(psi_hat) = [0.07965896644331588, -1.1291967205496698]
16:31:58 apf.py[line:62] INFO psi_hat = 3.0711645205977214
16:31:58 apf.py[line:65] INFO term1 = 1.8 * cos(0.5340707511102767 - -0.3849912040512413) + 0.04 * 8.453024758136063 = 1.4299401503040228
16:31:58 apf.py[line:69] INFO term1 = 1.4299401503040228
16:31:58 apf.py[line:73] INFO theta_term_tmp = 1.8 * sin(0.5340707511102767 - 3.0711645205977214)/1.758214608716446 = -0.5818571292170335
16:31:58 apf.py[line:78] INFO [v, theta] = [1.758214608716446, 2.450154215743516]
16:31:58 apf.py[line:161] INFO 
16:31:58 apf.py[line:162] INFO 171
16:31:58 apf.py[line:84] INFO [ 3.48792824  4.48496943 -0.97346889  1.75758023 -2.0943951 ]
16:31:58 apf.py[line:85] INFO [array([0., 2.]), array([4., 2.]), array([5., 4.]), array([5., 6.]), array([7., 9.])]
16:31:58 apf.py[line:49] INFO n = [0.00813213 0.06239986 0.3503743  0.11680784 0.00211089]
16:31:58 apf.py[line:50] INFO beta = [0.1030937  0.46865682 1.64697262 0.74012336 0.0357432 ]
16:31:58 apf.py[line:58] INFO theta_robo_ob = [-2.5225607226448883, -1.3675733729328987, -0.31036658812681556, 0.786375601658494, 0.9097005377480092]
16:31:58 apf.py[line:59] INFO psi = -0.3792595530625991
16:31:58 apf.py[line:60] INFO tan(psi_hat) = [0.09952730147277211, -1.1947480488287618]
16:31:58 apf.py[line:62] INFO psi_hat = 3.0584805444833396
16:31:58 apf.py[line:65] INFO term1 = 1.8 * cos(0.5466371217246359 - -0.3792595530625991) + 0.04 * 8.445399848914864 = 1.4198288393304774
16:31:58 apf.py[line:69] INFO term1 = 1.4198288393304774
16:31:58 apf.py[line:73] INFO theta_term_tmp = 1.8 * sin(0.5466371217246359 - 3.0584805444833396)/1.7719246704856713 = -0.5982736272697358
16:31:58 apf.py[line:78] INFO [v, theta] = [1.7719246704856713, 2.417135659786002]
16:31:58 apf.py[line:161] INFO 
16:31:58 apf.py[line:162] INFO 172
16:31:58 apf.py[line:84] INFO [ 3.50661192  4.4548643  -1.01535679  1.77158023 -2.0943951 ]
16:31:58 apf.py[line:85] INFO [array([0., 2.]), array([4., 2.]), array([5., 4.]), array([5., 6.]), array([7., 9.])]
16:31:58 apf.py[line:49] INFO n = [0.00814901 0.06552432 0.37319579 0.11514179 0.00208667]
16:31:58 apf.py[line:50] INFO beta = [0.10334348 0.4860857  1.72606874 0.73303958 0.03543923]
16:31:58 apf.py[line:58] INFO theta_robo_ob = [-2.5308215293187892, -1.3724549358678104, -0.29565831668375453, 0.8024270288341705, 0.9154975485123901]
16:31:58 apf.py[line:59] INFO psi = -0.3733237490307105
16:31:58 apf.py[line:60] INFO tan(psi_hat) = [0.11884817008855457, -1.2622080584663258]
16:31:58 apf.py[line:62] INFO psi_hat = 3.0477105129079765
16:31:58 apf.py[line:65] INFO term1 = 1.8 * cos(0.559203492338995 - -0.3733237490307105) + 0.04 * 8.43832362767999 = 1.4099840838670392
16:31:58 apf.py[line:69] INFO term1 = 1.4099840838670392
16:31:58 apf.py[line:73] INFO theta_term_tmp = 1.8 * sin(0.559203492338995 - 3.0477105129079765)/1.784474244945955 = -0.6129266931020149
16:31:58 apf.py[line:78] INFO [v, theta] = [1.784474244945955, 2.3879512002294785]
16:31:58 apf.py[line:161] INFO 
16:31:58 apf.py[line:162] INFO 173
16:31:58 apf.py[line:84] INFO [ 3.52414523  4.42377858 -1.05724469  1.78447424 -2.0943951 ]
16:31:58 apf.py[line:85] INFO [array([0., 2.]), array([4., 2.]), array([5., 4.]), array([5., 6.]), array([7., 9.])]
16:31:58 apf.py[line:49] INFO n = [0.00817567 0.06891649 0.39683641 0.11311    0.0020595 ]
16:31:58 apf.py[line:50] INFO beta = [0.10368022 0.50471135 1.8066476  0.72415319 0.03509023]
16:31:58 apf.py[line:58] INFO theta_robo_ob = [-2.539126377763744, -1.376934346154199, -0.2796183014284706, 0.8182710305589919, 0.9212131517735191]
16:31:58 apf.py[line:59] INFO psi = -0.3671887018341793
16:31:58 apf.py[line:60] INFO tan(psi_hat) = [0.13708128761076432, -1.3311168009661067]
16:31:58 apf.py[line:62] INFO psi_hat = 3.038972244407101
16:31:58 apf.py[line:65] INFO term1 = 1.8 * cos(0.5717698629533542 - -0.3671887018341793) + 0.04 * 8.43190335703869 = 1.4004078383503604
16:31:58 apf.py[line:69] INFO term1 = 1.4004078383503604
16:31:58 apf.py[line:73] INFO theta_term_tmp = 1.8 * sin(0.5717698629533542 - 3.038972244407101)/1.795668116766312 = -0.6259275401596995
16:31:58 apf.py[line:78] INFO [v, theta] = [1.795668116766312, 2.3626519431224935]
16:31:58 apf.py[line:161] INFO 
16:31:58 apf.py[line:162] INFO 174
16:31:58 apf.py[line:84] INFO [ 3.54046315  4.39178647 -1.09913259  1.79566812 -2.0943951 ]
16:31:58 apf.py[line:85] INFO [array([0., 2.]), array([4., 2.]), array([5., 4.]), array([5., 6.]), array([7., 9.])]
16:31:58 apf.py[line:49] INFO n = [0.0082123  0.0725981  0.4210516  0.11074309 0.00202954]
16:31:58 apf.py[line:50] INFO beta = [0.10410405 0.52459558 1.88783744 0.71357008 0.03469761]
16:31:58 apf.py[line:58] INFO theta_robo_ob = [-2.5474600820820386, -1.3809782228680143, -0.26224984453655786, 0.8338246716979663, 0.9268264180543225]
16:31:58 apf.py[line:59] INFO psi = -0.360861248647975
16:31:58 apf.py[line:60] INFO tan(psi_hat) = [0.15364695351864063, -1.4007994849449332]
16:31:58 apf.py[line:62] INFO psi_hat = 3.0323441867078866
16:31:58 apf.py[line:65] INFO term1 = 1.8 * cos(0.5843362335677134 - -0.360861248647975) + 0.04 * 8.426252835776301 = 1.3910991693920352
16:31:58 apf.py[line:69] INFO term1 = 1.3910991693920352
16:31:58 apf.py[line:73] INFO theta_term_tmp = 1.8 * sin(0.5843362335677134 - 3.0323441867078866)/1.805367059291378 = -0.6373972453504736
16:31:58 apf.py[line:78] INFO [v, theta] = [1.805367059291378, 2.3412285122686947]
16:31:58 apf.py[line:161] INFO 
16:31:58 apf.py[line:162] INFO 175
16:31:58 apf.py[line:84] INFO [ 3.55550789  4.35896276 -1.1410205   1.80536706 -2.0943951 ]
16:31:58 apf.py[line:85] INFO [array([0., 2.]), array([4., 2.]), array([5., 4.]), array([5., 6.]), array([7., 9.])]
16:31:58 apf.py[line:49] INFO n = [0.00825908 0.07659277 0.44553182 0.10807705 0.001997  ]
16:31:58 apf.py[line:50] INFO beta = [0.10461511 0.54580377 1.96860051 0.70142157 0.03426311]
16:31:58 apf.py[line:58] INFO theta_robo_ob = [-2.5558083577479844, -1.3845530764991383, -0.24357061787212278, 0.8490112162262659, 0.9323178469491799]
16:31:58 apf.py[line:59] INFO psi = -0.35434901018062215
16:31:58 apf.py[line:60] INFO tan(psi_hat) = [0.1679684461011285, -1.4703800955613644]
16:31:58 apf.py[line:62] INFO psi_hat = 3.0278509918912966
16:31:58 apf.py[line:65] INFO term1 = 1.8 * cos(0.5969026041820725 - -0.35434901018062215) + 0.04 * 8.421478869744067 = 1.3820553476457147
16:31:58 apf.py[line:69] INFO term1 = 1.3820553476457147
16:31:58 apf.py[line:73] INFO theta_term_tmp = 1.8 * sin(0.5969026041820725 - 3.0278509918912966)/1.8134981822595901 = -0.6474668746765597
16:31:58 apf.py[line:78] INFO [v, theta] = [1.8134981822595901, 2.3235951710842526]
16:31:58 apf.py[line:161] INFO 
16:31:58 apf.py[line:162] INFO 176
16:31:58 apf.py[line:84] INFO [ 3.56922642  4.32538729 -1.1829084   1.81349818 -2.0943951 ]
16:31:58 apf.py[line:85] INFO [array([0., 2.]), array([4., 2.]), array([5., 4.]), array([5., 6.]), array([7., 9.])]
16:31:58 apf.py[line:49] INFO n = [0.00831619 0.08092553 0.46989779 0.10515205 0.00196206]
16:31:58 apf.py[line:50] INFO beta = [0.10521353 0.5684012  2.04772555 0.68786065 0.03378884]
16:31:58 apf.py[line:58] INFO theta_robo_ob = [-2.564156539063249, -1.38762468148521, -0.22361714342211425, 0.8637587334334736, 0.9376686235978684]
16:31:58 apf.py[line:59] INFO psi = -0.3476607836476299
16:31:58 apf.py[line:60] INFO tan(psi_hat) = [0.179513259129093, -1.538762741679805]
16:31:58 apf.py[line:62] INFO psi_hat = 3.025456835967324
16:31:58 apf.py[line:65] INFO term1 = 1.8 * cos(0.6094689747964317 - -0.3476607836476299) + 0.04 * 8.417684862540057 = 1.3732714111108884
16:31:58 apf.py[line:69] INFO term1 = 1.3732714111108884
16:31:58 apf.py[line:73] INFO theta_term_tmp = 1.8 * sin(0.6094689747964317 - 3.025456835967324)/1.8200563927738476 = -0.6562754974964378
16:31:58 apf.py[line:78] INFO [v, theta] = [1.8200563927738476, 2.3095849832966473]
16:31:58 apf.py[line:161] INFO 
16:31:58 apf.py[line:162] INFO 177
16:31:58 apf.py[line:84] INFO [ 3.58157141  4.29114341 -1.2247963   1.82005639 -2.0943951 ]
16:31:58 apf.py[line:85] INFO [array([0., 2.]), array([4., 2.]), array([5., 4.]), array([5., 6.]), array([7., 9.])]
16:31:58 apf.py[line:49] INFO n = [0.00838384 0.08562285 0.49370515 0.1020109  0.00192496]
16:31:58 apf.py[line:50] INFO beta = [0.10589938 0.59245293 2.12384942 0.67305624 0.03327721]
16:31:58 apf.py[line:58] INFO theta_robo_ob = [-2.5724899051641033, -1.3901583392627344, -0.20244590596970863, 0.8780015985849229, 0.942860971345087]
16:31:58 apf.py[line:59] INFO psi = -0.34080640723948497
16:31:58 apf.py[line:60] INFO tan(psi_hat) = [0.18784450194642333, -1.604644454147571]
16:31:58 apf.py[line:62] INFO psi_hat = 3.0250600282825326
16:31:58 apf.py[line:65] INFO term1 = 1.8 * cos(0.6220353454107909 - -0.34080640723948497) + 0.04 * 8.414969055406452 = 1.3647402827861763
16:31:58 apf.py[line:69] INFO term1 = 1.3647402827861763
16:31:58 apf.py[line:73] INFO theta_term_tmp = 1.8 * sin(0.6220353454107909 - 3.0250600282825326)/1.825104915798861 = -0.6639692168493546
16:31:58 apf.py[line:78] INFO [v, theta] = [1.825104915798861, 2.2989455502193312]
16:31:59 apf.py[line:161] INFO 
16:31:59 apf.py[line:162] INFO 178
16:31:59 apf.py[line:84] INFO [ 3.59250183  4.25631628 -1.2666842   1.82510492 -2.0943951 ]
16:31:59 apf.py[line:85] INFO [array([0., 2.]), array([4., 2.]), array([5., 4.]), array([5., 6.]), array([7., 9.])]
16:31:59 apf.py[line:49] INFO n = [0.00846225 0.0907127  0.51645519 0.0986974  0.00188594]
16:31:59 apf.py[line:50] INFO beta = [0.10667276 0.61802367 2.19549393 0.65718708 0.03273089]
16:31:59 apf.py[line:58] INFO theta_robo_ob = [-2.5807940022363263, -1.392119080531312, -0.18013375430092846, 0.8916816898479065, 0.947878458430665]
16:31:59 apf.py[line:59] INFO psi = -0.33379658505141224
16:31:59 apf.py[line:60] INFO tan(psi_hat) = [0.19267483630147353, -1.666548866500749]
16:31:59 apf.py[line:62] INFO psi_hat = 3.026490597738989
16:31:59 apf.py[line:65] INFO term1 = 1.8 * cos(0.63460171602515 - -0.33379658505141224) + 0.04 * 8.413423021452864 = 1.3564529641188618
16:31:59 apf.py[line:69] INFO term1 = 1.3564529641188618
16:31:59 apf.py[line:73] INFO theta_term_tmp = 1.8 * sin(0.63460171602515 - 3.026490597738989)/1.8287736389368616 = -0.6707005961928881
16:31:59 apf.py[line:78] INFO [v, theta] = [1.8287736389368616, 2.291337667442363]
16:31:59 apf.py[line:161] INFO 
16:31:59 apf.py[line:162] INFO 179
16:31:59 apf.py[line:84] INFO [ 3.60198326  4.22099111 -1.3085721   1.82877364 -2.0943951 ]
16:31:59 apf.py[line:85] INFO [array([0., 2.]), array([4., 2.]), array([5., 4.]), array([5., 6.]), array([7., 9.])]
16:31:59 apf.py[line:49] INFO n = [0.00855166 0.09622461 0.53761213 0.09525478 0.00184522]
16:31:59 apf.py[line:50] INFO beta = [0.10753381 0.64517785 2.26111745 0.64043559 0.03215275]
16:31:59 apf.py[line:58] INFO theta_robo_ob = [-2.589054949307621, -1.3934717901753177, -0.15677748019949012, 0.9047492306928318, 0.9527062450357067]
16:31:59 apf.py[line:59] INFO psi = -0.3266426809338151
16:31:59 apf.py[line:60] INFO tan(psi_hat) = [0.19391727268059492, -1.7228821367635045]
16:31:59 apf.py[line:62] INFO psi_hat = 3.029510368294357
16:31:59 apf.py[line:65] INFO term1 = 1.8 * cos(0.6471680866395092 - -0.3266426809338151) + 0.04 * 8.413130484058117 = 1.3483987949179124
16:31:59 apf.py[line:69] INFO term1 = 1.3483987949179124
16:31:59 apf.py[line:73] INFO theta_term_tmp = 1.8 * sin(0.6471680866395092 - 3.029510368294357)/1.8312561469554505 = -0.676628559899063
16:31:59 apf.py[line:78] INFO [v, theta] = [1.8312561469554505, 2.286336165286828]
16:31:59 apf.py[line:161] INFO 
16:31:59 apf.py[line:162] INFO 180
16:31:59 apf.py[line:84] INFO [ 3.60998797  4.18525143 -1.35046001  1.83125615 -2.0943951 ]
16:31:59 apf.py[line:85] INFO [array([0., 2.]), array([4., 2.]), array([5., 4.]), array([5., 6.]), array([7., 9.])]
16:31:59 apf.py[line:49] INFO n = [0.00865232 0.10218979 0.55662649 0.09172442 0.00180306]
16:31:59 apf.py[line:50] INFO beta = [0.10848282 0.67397967 2.31917968 0.62298211 0.03154577]
16:31:59 apf.py[line:58] INFO theta_robo_ob = [-2.597259719164346, -1.394181241005378, -0.1324925076734402, 0.9171632602579558, 0.9573312627272998]
16:31:59 apf.py[line:59] INFO psi = -0.3193564899856853
16:31:59 apf.py[line:60] INFO tan(psi_hat) = [0.19172630922245956, -1.7720096834476389]
16:31:59 apf.py[line:62] INFO psi_hat = 3.033814819598797
16:31:59 apf.py[line:65] INFO term1 = 1.8 * cos(0.6597344572538684 - -0.3193564899856853) + 0.04 * 8.414166503559304 = 1.340565768523847
16:31:59 apf.py[line:69] INFO term1 = 1.340565768523847
16:31:59 apf.py[line:73] INFO theta_term_tmp = 1.8 * sin(0.6597344572538684 - 3.033814819598797)/1.832806239675976 = -0.6819186958527328
16:31:59 apf.py[line:78] INFO [v, theta] = [1.832806239675976, 2.283432162771497]
16:31:59 apf.py[line:161] INFO 
16:31:59 apf.py[line:162] INFO 181
16:31:59 apf.py[line:84] INFO [ 3.61649454  4.1491774  -1.39234791  1.83280624 -2.0943951 ]
16:31:59 apf.py[line:85] INFO [array([0., 2.]), array([4., 2.]), array([5., 4.]), array([5., 6.]), array([7., 9.])]
16:31:59 apf.py[line:49] INFO n = [0.00876453 0.1086412  0.57296321 0.08814468 0.00175969]
16:31:59 apf.py[line:50] INFO beta = [0.10952024 0.70449327 2.36821519 0.60499982 0.03091298]
16:31:59 apf.py[line:58] INFO theta_robo_ob = [-2.605396389667934, -1.3942120238639049, -0.10741068342315545, 0.9288917431560652, 0.9617423233698933]
16:31:59 apf.py[line:59] INFO psi = -0.31194999603418594
16:31:59 apf.py[line:60] INFO tan(psi_hat) = [0.18652299977790063, -1.8123490585791884]
16:31:59 apf.py[line:62] INFO psi_hat = 3.039035920654244
16:31:59 apf.py[line:65] INFO term1 = 1.8 * cos(0.6723008278682275 - -0.31194999603418594) + 0.04 * 8.416597054549914 = 1.3329408903710016
16:31:59 apf.py[line:69] INFO term1 = 1.3329408903710016
16:31:59 apf.py[line:73] INFO theta_term_tmp = 1.8 * sin(0.6723008278682275 - 3.039035920654244)/1.833734548497397 = -0.6867437563825313
16:31:59 apf.py[line:78] INFO [v, theta] = [1.833734548497397, 2.2820360359568057]
16:31:59 apf.py[line:161] INFO 
16:31:59 apf.py[line:162] INFO 182
16:31:59 apf.py[line:84] INFO [ 3.6214873   4.11284415 -1.43423581  1.83373455 -2.0943951 ]
16:31:59 apf.py[line:85] INFO [array([0., 2.]), array([4., 2.]), array([5., 4.]), array([5., 6.]), array([7., 9.])]
16:31:59 apf.py[line:49] INFO n = [0.00888864 0.11561368 0.58613224 0.08455012 0.00171534]
16:31:59 apf.py[line:50] INFO beta = [0.11064684 0.73678296 2.40690991 0.58665062 0.03025741]
16:31:59 apf.py[line:58] INFO theta_robo_ob = [-2.6134543635034895, -1.3935283616403955, -0.08167723037620123, 0.9399113520379904, 0.9659301584295547]
16:31:59 apf.py[line:59] INFO psi = -0.3044351227665418
16:31:59 apf.py[line:60] INFO tan(psi_hat) = [0.17899880625141557, -1.8424711401766753]
16:31:59 apf.py[line:62] INFO psi_hat = 3.044745101720219
16:31:59 apf.py[line:65] INFO term1 = 1.8 * cos(0.6848671984825867 - -0.3044351227665418) + 0.04 * 8.420478999919826 = 1.325510568197194
16:31:59 apf.py[line:69] INFO term1 = 1.325510568197194
16:31:59 apf.py[line:73] INFO theta_term_tmp = 1.8 * sin(0.6848671984825867 - 3.044745101720219)/1.8344056574490393 = -0.6912840449750581
16:31:59 apf.py[line:78] INFO [v, theta] = [1.8344056574490393, 2.281480535553153]
16:31:59 apf.py[line:161] INFO 
16:31:59 apf.py[line:162] INFO 183
16:31:59 apf.py[line:84] INFO [ 3.62495547  4.07632033 -1.47612371  1.83440566 -2.0943951 ]
16:31:59 apf.py[line:85] INFO [array([0., 2.]), array([4., 2.]), array([5., 4.]), array([5., 6.]), array([7., 9.])]
16:31:59 apf.py[line:49] INFO n = [0.00902502 0.12314417 0.59571845 0.08097095 0.00167021]
16:31:59 apf.py[line:50] INFO beta = [0.11186375 0.77091355 2.43417328 0.56808196 0.02958199]
16:31:59 apf.py[line:58] INFO theta_robo_ob = [-2.6214245560428457, -1.392093793675919, -0.05544700223109917, 0.9502069700600031, 0.9698873921984187]
16:31:59 apf.py[line:59] INFO psi = -0.2968234854568591
16:31:59 apf.py[line:60] INFO tan(psi_hat) = [0.17009550320480313, -1.86119950660753]
16:31:59 apf.py[line:62] INFO psi_hat = 3.05045556397309
16:31:59 apf.py[line:65] INFO term1 = 1.8 * cos(0.6974335690969459 - -0.2968234854568591) + 0.04 * 8.42586045704616 = 1.3182610226574605
16:31:59 apf.py[line:69] INFO term1 = 1.3182610226574605
16:31:59 apf.py[line:73] INFO theta_term_tmp = 1.8 * sin(0.6974335690969459 - 3.05045556397309)/1.8352359357077443 = -0.6957272886197299
16:31:59 apf.py[line:78] INFO [v, theta] = [1.8352359357077443, 2.2810236537318422]
16:31:59 apf.py[line:161] INFO 
16:31:59 apf.py[line:162] INFO 184
16:31:59 apf.py[line:84] INFO [ 3.62689202  4.03966673 -1.51801161  1.83523594 -2.0943951 ]
16:31:59 apf.py[line:85] INFO [array([0., 2.]), array([4., 2.]), array([5., 4.]), array([5., 6.]), array([7., 9.])]
16:31:59 apf.py[line:49] INFO n = [0.00917416 0.1312718  0.6014077  0.0774328  0.00162451]
16:31:59 apf.py[line:50] INFO beta = [0.11317261 0.80695075 2.44919846 0.54942472 0.0288895 ]
16:31:59 apf.py[line:58] INFO theta_robo_ob = [-2.6292995516296576, -1.3898707154010705, -0.028880248487819185, 0.959770966802505, 0.9736084539462996]
16:31:59 apf.py[line:59] INFO psi = -0.2891261496212049
16:31:59 apf.py[line:60] INFO tan(psi_hat) = [0.16096162982648332, -1.8676970183004709]
16:31:59 apf.py[line:62] INFO psi_hat = 3.055623200028523
16:31:59 apf.py[line:65] INFO term1 = 1.8 * cos(0.709999939711305 - -0.2891261496212049) + 0.04 * 8.432781545231485 = 1.311178707673823
16:31:59 apf.py[line:69] INFO term1 = 1.311178707673823
16:31:59 apf.py[line:73] INFO theta_term_tmp = 1.8 * sin(0.709999939711305 - 3.055623200028523)/1.8366920908539888 = -0.7002675210284285
16:31:59 apf.py[line:78] INFO [v, theta] = [1.8366920908539888, 2.279851030240881]
16:31:59 apf.py[line:161] INFO 
16:31:59 apf.py[line:162] INFO 185
16:31:59 apf.py[line:84] INFO [ 3.6272923   4.00293507 -1.55989952  1.83669209 -2.0943951 ]
16:31:59 apf.py[line:85] INFO [array([0., 2.]), array([4., 2.]), array([5., 4.]), array([5., 6.]), array([7., 9.])]
16:31:59 apf.py[line:49] INFO n = [0.00933658 0.14003819 0.60300597 0.07395667 0.00157841]
16:31:59 apf.py[line:50] INFO beta = [0.11457568 0.84496168 2.45150402 0.53079194 0.02818254]
16:31:59 apf.py[line:58] INFO theta_robo_ob = [-2.6370737282632204, -1.3868197564857703, -0.002138155871548039, 0.9686023014386592, 0.9770894345568683]
16:31:59 apf.py[line:59] INFO psi = -0.2813534025871293
16:31:59 apf.py[line:60] INFO tan(psi_hat) = [0.1528894166961095, -1.861529674138864]
16:31:59 apf.py[line:62] INFO psi_hat = 3.059645515688425
16:31:59 apf.py[line:65] INFO term1 = 1.8 * cos(0.7225663103256642 - -0.2813534025871293) + 0.04 * 8.441275500335669 = 1.3042507301988373
16:31:59 apf.py[line:69] INFO term1 = 1.3042507301988373
16:31:59 apf.py[line:73] INFO theta_term_tmp = 1.8 * sin(0.7225663103256642 - 3.059645515688425)/1.8392901903754595 = -0.7051024294743832
16:31:59 apf.py[line:78] INFO [v, theta] = [1.8392901903754595, 2.2770779313596767]
16:31:59 apf.py[line:161] INFO 
16:31:59 apf.py[line:162] INFO 186
16:31:59 apf.py[line:84] INFO [ 3.62615245  3.96616693 -1.60178742  1.83929019 -2.0943951 ]
16:31:59 apf.py[line:85] INFO [array([0., 2.]), array([4., 2.]), array([5., 4.]), array([5., 6.]), array([7., 9.])]
16:31:59 apf.py[line:49] INFO n = [0.00951297 0.1494877  0.60044926 0.07055912 0.00153206]
16:31:59 apf.py[line:50] INFO beta = [0.11607603 0.88501524 2.44095289 0.5122785  0.02746344]
16:31:59 apf.py[line:58] INFO theta_robo_ob = [-2.6447433491940036, -1.3828989802604705, 0.024621534742332526, 0.9767055024989818, 0.9803278929671783]
16:31:59 apf.py[line:59] INFO psi = -0.27351454413889187
16:31:59 apf.py[line:60] INFO tan(psi_hat) = [0.14723900458047687, -1.8427006908714587]
16:31:59 apf.py[line:62] INFO psi_hat = 3.061858139765483
16:31:59 apf.py[line:65] INFO term1 = 1.8 * cos(0.7351326809400234 - -0.27351454413889187) + 0.04 * 8.451370141353525 = 1.2974652587117883
16:31:59 apf.py[line:69] INFO term1 = 1.2974652587117883
16:31:59 apf.py[line:73] INFO theta_term_tmp = 1.8 * sin(0.7351326809400234 - 3.061858139765483)/1.8435944486026616 = -0.7104285383785417
16:31:59 apf.py[line:78] INFO [v, theta] = [1.8435944486026616, 2.2717511986218133]
16:31:59 apf.py[line:161] INFO 
16:31:59 apf.py[line:162] INFO 187
16:31:59 apf.py[line:84] INFO [ 3.62346764  3.92939292 -1.64367532  1.84359445 -2.0943951 ]
16:31:59 apf.py[line:85] INFO [array([0., 2.]), array([4., 2.]), array([5., 4.]), array([5., 6.]), array([7., 9.])]
16:31:59 apf.py[line:49] INFO n = [0.00970412 0.15966762 0.59380355 0.06725251 0.00148559]
16:31:59 apf.py[line:50] INFO beta = [0.11767765 0.92718249 2.41774698 0.49396141 0.02673426]
16:31:59 apf.py[line:58] INFO theta_robo_ob = [-2.6523066167298315, -1.3780628895795901, 0.05124852973838919, 0.9840895657763271, 0.9833226167707322]
16:31:59 apf.py[line:59] INFO psi = -0.26561770361345843
16:31:59 apf.py[line:60] INFO tan(psi_hat) = [0.14535844515003882, -1.811651963140575]
16:31:59 apf.py[line:62] INFO psi_hat = 3.061528865092639
16:31:59 apf.py[line:65] INFO term1 = 1.8 * cos(0.7476990515543825 - -0.26561770361345843) + 0.04 * 8.463089672874576 = 1.290811907813603
16:31:59 apf.py[line:69] INFO term1 = 1.290811907813603
16:31:59 apf.py[line:73] INFO theta_term_tmp = 1.8 * sin(0.7476990515543825 - 3.061528865092639)/1.8502142464480753 = -0.7164335156529021
16:31:59 apf.py[line:78] INFO [v, theta] = [1.8502142464480753, 2.262852158553555]
16:31:59 apf.py[line:161] INFO 
16:31:59 apf.py[line:162] INFO 188
16:31:59 apf.py[line:84] INFO [ 3.61923009  3.89263206 -1.68556322  1.85021425 -2.0943951 ]
16:31:59 apf.py[line:85] INFO [array([0., 2.]), array([4., 2.]), array([5., 4.]), array([5., 6.]), array([7., 9.])]
16:31:59 apf.py[line:49] INFO n = [0.00991099 0.17062842 0.58325509 0.06404548 0.0014391 ]
16:31:59 apf.py[line:50] INFO beta = [0.11938571 0.97153658 2.38239924 0.47590069 0.02599674]
16:31:59 apf.py[line:58] INFO theta_robo_ob = [-2.6597636773696345, -1.3722612335007534, 0.07760331163113064, 0.9907668020808033, 0.9860733397380048]
16:31:59 apf.py[line:59] INFO psi = -0.2576696939949605
16:31:59 apf.py[line:60] INFO tan(psi_hat) = [0.1485080288424066, -1.7692347452631203]
16:31:59 apf.py[line:62] INFO psi_hat = 3.0578498311782174
16:31:59 apf.py[line:65] INFO term1 = 1.8 * cos(0.7602654221687417 - -0.2576696939949605) + 0.04 * 8.476456803837545 = 1.2842820811537239
16:31:59 apf.py[line:69] INFO term1 = 1.2842820811537239
16:31:59 apf.py[line:73] INFO theta_term_tmp = 1.8 * sin(0.7602654221687417 - 3.0578498311782174)/1.8597963717559032 = -0.7232848144260395
16:31:59 apf.py[line:78] INFO [v, theta] = [1.8597963717559032, 2.249302475683122]
16:32:00 apf.py[line:161] INFO 
16:32:00 apf.py[line:162] INFO 189
16:32:00 apf.py[line:84] INFO [ 3.61342697  3.85589161 -1.72745112  1.85979637 -2.0943951 ]
16:32:00 apf.py[line:85] INFO [array([0., 2.]), array([4., 2.]), array([5., 4.]), array([5., 6.]), array([7., 9.])]
16:32:00 apf.py[line:49] INFO n = [0.01013476 0.18242377 0.569093   0.06094336 0.00139267]
16:32:00 apf.py[line:50] INFO beta = [0.12120674 1.01815186 2.33568797 0.45814071 0.0252523 ]
16:32:00 apf.py[line:58] INFO theta_robo_ob = [-2.667116556296952, -1.3654376327615214, 0.10355953209728234, 0.9967516562917659, 0.9885804170009175]
16:32:00 apf.py[line:59] INFO psi = -0.24967592014328313
16:32:00 apf.py[line:60] INFO tan(psi_hat) = [0.15779590301984428, -1.7166556048131663]
16:32:00 apf.py[line:62] INFO psi_hat = 3.0499297038177273
16:32:00 apf.py[line:65] INFO term1 = 1.8 * cos(0.7728317927831009 - -0.24967592014328313) + 0.04 * 8.491495150227568 = 1.2778692440260193
16:32:00 apf.py[line:69] INFO term1 = 1.2778692440260193
16:32:00 apf.py[line:73] INFO theta_term_tmp = 1.8 * sin(0.7728317927831009 - 3.0499297038177273)/1.8730069896013222 = -0.7311138681553753
16:32:00 apf.py[line:78] INFO [v, theta] = [1.8730069896013222, 2.229976551920442]
16:32:00 apf.py[line:161] INFO 
16:32:00 apf.py[line:162] INFO 190
16:32:00 apf.py[line:84] INFO [ 3.6060383   3.81916737 -1.76933903  1.87300699 -2.0943951 ]
16:32:00 apf.py[line:85] INFO [array([0., 2.]), array([4., 2.]), array([5., 4.]), array([5., 6.]), array([7., 9.])]
16:32:00 apf.py[line:49] INFO n = [0.01037682 0.19511021 0.55168688 0.05794874 0.00134636]
16:32:00 apf.py[line:50] INFO beta = [0.12314887 1.06710149 2.27860003 0.44071202 0.02450204]
16:32:00 apf.py[line:58] INFO theta_robo_ob = [-2.6743689806384263, -1.357528094049134, 0.1290052322528892, 1.002059510984594, 0.9908444569560206]
16:32:00 apf.py[line:59] INFO psi = -0.24164037034261368
16:32:00 apf.py[line:60] INFO tan(psi_hat) = [0.17412905104122467, -1.6554066525690605]
16:32:00 apf.py[line:62] INFO psi_hat = 3.0367899683893658
16:32:00 apf.py[line:65] INFO term1 = 1.8 * cos(0.78539816339746 - -0.24164037034261368) + 0.04 * 8.50823185451704 = 1.271569076509691
16:32:00 apf.py[line:69] INFO term1 = 1.271569076509691
16:32:00 apf.py[line:73] INFO theta_term_tmp = 1.8 * sin(0.78539816339746 - 3.0367899683893658)/1.8904940287372887 = -0.7399952847299553
16:32:00 apf.py[line:78] INFO [v, theta] = [1.8904940287372887, 2.2037266204606043]
16:32:00 apf.py[line:161] INFO 
16:32:00 apf.py[line:162] INFO 191
16:32:00 apf.py[line:84] INFO [ 3.59705159  3.78251281 -1.81122693  1.88700699 -2.0943951 ]
16:32:00 apf.py[line:85] INFO [array([0., 2.]), array([4., 2.]), array([5., 4.]), array([5., 6.]), array([7., 9.])]
16:32:00 apf.py[line:49] INFO n = [0.0106384  0.20871985 0.53150009 0.05506718 0.00130029]
16:32:00 apf.py[line:50] INFO beta = [0.12521771 1.11835009 2.21238537 0.42366253 0.02374804]
16:32:00 apf.py[line:58] INFO theta_robo_ob = [-2.681512740383303, -1.3484766236010226, 0.15379731276752345, 1.006697033504955, 0.9928622019581338]
16:32:00 apf.py[line:59] INFO psi = -0.23357391916322962
16:32:00 apf.py[line:60] INFO tan(psi_hat) = [0.1981341667216741, -1.5873036817384927]
16:32:00 apf.py[line:62] INFO psi_hat = 3.0174106003015306
16:32:00 apf.py[line:65] INFO term1 = 1.8 * cos(0.7979645340118192 - -0.23357391916322962) + 0.04 * 8.526699796455258 = 1.2653667712638486
16:32:00 apf.py[line:69] INFO term1 = 1.2653667712638486
16:32:00 apf.py[line:73] INFO theta_term_tmp = 1.8 * sin(0.7979645340118192 - 3.0174106003015306)/1.9127767772758715 = -0.7499152198237478
16:32:00 apf.py[line:78] INFO [v, theta] = [1.9127767772758715, 2.169476687585954]
16:32:00 apf.py[line:161] INFO 
16:32:00 apf.py[line:162] INFO 192
16:32:00 apf.py[line:84] INFO [ 3.58645982  3.7459978  -1.85311483  1.90100699 -2.0943951 ]
16:32:00 apf.py[line:85] INFO [array([0., 2.]), array([4., 2.]), array([5., 4.]), array([5., 6.]), array([7., 9.])]
16:32:00 apf.py[line:49] INFO n = [0.0109207  0.22326635 0.50905586 0.05230349 0.00125459]
16:32:00 apf.py[line:50] INFO beta = [0.12741838 1.17178803 2.13847549 0.40703806 0.02299259]
16:32:00 apf.py[line:58] INFO theta_robo_ob = [-2.6885360918836714, -1.3382315831182585, 0.17779481636357508, 1.010670681569398, 0.9946300297874183]
16:32:00 apf.py[line:59] INFO psi = -0.22548951393106836
16:32:00 apf.py[line:60] INFO tan(psi_hat) = [0.23010284498096026, -1.5143660533343812]
16:32:00 apf.py[line:62] INFO psi_hat = 2.9907994400047158
16:32:00 apf.py[line:65] INFO term1 = 1.8 * cos(0.8105309046261784 - -0.22548951393106836) + 0.04 * 8.546927975857102 = 1.2592439645625562
16:32:00 apf.py[line:69] INFO term1 = 1.2592439645625562
16:32:00 apf.py[line:73] INFO theta_term_tmp = 1.8 * sin(0.8105309046261784 - 2.9907994400047158)/1.9401049101174592 = -0.7607374513917883
16:32:00 apf.py[line:78] INFO [v, theta] = [1.9401049101174592, 2.1263508960788595]
16:32:00 apf.py[line:161] INFO 
16:32:00 apf.py[line:162] INFO 193
16:32:00 apf.py[line:84] INFO [ 3.57425905  3.70969296 -1.89500273  1.91500699 -2.0943951 ]
16:32:00 apf.py[line:85] INFO [array([0., 2.]), array([4., 2.]), array([5., 4.]), array([5., 6.]), array([7., 9.])]
16:32:00 apf.py[line:49] INFO n = [0.01122505 0.23874492 0.48490075 0.04966065 0.00120937]
16:32:00 apf.py[line:50] INFO beta = [0.12975639 1.22723934 2.05839058 0.39087567 0.0222379 ]
16:32:00 apf.py[line:58] INFO theta_robo_ob = [-2.695426832355988, -1.326743970916615, 0.20087232649261783, 1.0139889771595483, 0.9961450058603939]
16:32:00 apf.py[line:59] INFO psi = -0.21740026109352506
16:32:00 apf.py[line:60] INFO tan(psi_hat) = [0.26997418675158813, -1.4386894216808428]
16:32:00 apf.py[line:62] INFO psi_hat = 2.9560970377309803
16:32:00 apf.py[line:65] INFO term1 = 1.8 * cos(0.8230972752405376 - -0.21740026109352506) + 0.04 * 8.568939736388058 = 1.2531816003386438
16:32:00 apf.py[line:69] INFO term1 = 1.2531816003386438
16:32:00 apf.py[line:73] INFO theta_term_tmp = 1.8 * sin(0.8230972752405376 - 2.9560970377309803)/1.9722669489939175 = -0.7721818376537585
16:32:00 apf.py[line:78] INFO [v, theta] = [1.9722669489939175, 2.0738292211263127]
16:32:00 apf.py[line:161] INFO 
16:32:00 apf.py[line:162] INFO 194
16:32:00 apf.py[line:84] INFO [ 3.56044847  3.67366942 -1.93689063  1.92900699 -2.0943951 ]
16:32:00 apf.py[line:85] INFO [array([0., 2.]), array([4., 2.]), array([5., 4.]), array([5., 6.]), array([7., 9.])]
16:32:00 apf.py[line:49] INFO n = [0.01155289 0.25512669 0.45957609 0.04714002 0.00116475]
16:32:00 apf.py[line:50] INFO beta = [0.13223766 1.28444843 1.97366679 0.37520441 0.02148606]
16:32:00 apf.py[line:58] INFO theta_robo_ob = [-2.7021722687832854, -1.3139687682499785, 0.22292152828139503, 1.016662219981353, 0.9974048623395109]
16:32:00 apf.py[line:59] INFO psi = -0.20931936386620015
16:32:00 apf.py[line:60] INFO tan(psi_hat) = [0.31733608070630215, -1.3623406648759049]
16:32:00 apf.py[line:62] INFO psi_hat = 2.9127390363317893
16:32:00 apf.py[line:65] INFO term1 = 1.8 * cos(0.8356636458548967 - -0.20931936386620015) + 0.04 * 8.592752609567908 = 1.2471600231906241
16:32:00 apf.py[line:69] INFO term1 = 1.2471600231906241
16:32:00 apf.py[line:73] INFO theta_term_tmp = 1.8 * sin(0.8356636458548967 - 2.9127390363317893)/2.008360093378213 = -0.7838230275061724
16:32:00 apf.py[line:78] INFO [v, theta] = [2.008360093378213, 2.0119405168510096]
16:32:00 apf.py[line:161] INFO 
16:32:00 apf.py[line:162] INFO 195
16:32:00 apf.py[line:84] INFO [ 3.5450304   3.6379988  -1.97877854  1.94300699 -2.0943951 ]
16:32:00 apf.py[line:85] INFO [array([0., 2.]), array([4., 2.]), array([5., 4.]), array([5., 6.]), array([7., 9.])]
16:32:00 apf.py[line:49] INFO n = [0.01190577 0.27235245 0.43359376 0.0447416  0.00112084]
16:32:00 apf.py[line:50] INFO beta = [0.13486861 1.34306638 1.88579224 0.36004614 0.02073907]
16:32:00 apf.py[line:58] INFO theta_robo_ob = [-2.708759185217301, -1.2998665176437216, 0.24385201930425016, 1.0187022180630732, 0.9984079746069501]
16:32:00 apf.py[line:59] INFO psi = -0.2012600587971794
16:32:00 apf.py[line:60] INFO tan(psi_hat) = [0.371443249496077, -1.2872631592084367]
16:32:00 apf.py[line:62] INFO psi_hat = 2.8606707799990603
16:32:00 apf.py[line:65] INFO term1 = 1.8 * cos(0.8482300164692559 - -0.2012600587971794) + 0.04 * 8.618378188306242 = 1.241159074263785
16:32:00 apf.py[line:69] INFO term1 = 1.241159074263785
16:32:00 apf.py[line:73] INFO theta_term_tmp = 1.8 * sin(0.8482300164692559 - 2.8606707799990603)/2.046594402594578 = -0.795120916705354
16:32:00 apf.py[line:78] INFO [v, theta] = [2.046594402594578, 1.9414638423957302]
16:32:00 apf.py[line:161] INFO 
16:32:00 apf.py[line:162] INFO 196
16:32:00 apf.py[line:84] INFO [ 3.52801037  3.60275296 -2.02066644  1.95700699 -2.0943951 ]
16:32:00 apf.py[line:85] INFO [array([0., 2.]), array([4., 2.]), array([5., 4.]), array([5., 6.]), array([7., 9.])]
16:32:00 apf.py[line:49] INFO n = [0.0122854  0.29032592 0.40741774 0.04246425 0.00107771]
16:32:00 apf.py[line:50] INFO beta = [0.13765609 1.40263751 1.79615539 0.34541625 0.01999879]
16:32:00 apf.py[line:58] INFO theta_robo_ob = [-2.7151738084756043, -1.284405133068676, 0.2635914229065578, 1.0201220375981872, 0.9991533355614757]
16:32:00 apf.py[line:59] INFO psi = -0.19323555194168826
16:32:00 apf.py[line:60] INFO tan(psi_hat) = [0.4312477818466155, -1.215196660751378]
16:32:00 apf.py[line:62] INFO psi_hat = 2.800577911449175
16:32:00 apf.py[line:65] INFO term1 = 1.8 * cos(0.860796387083615 - -0.19323555194168826) + 0.04 * 8.645822031009542 = 1.2351581890116647
16:32:00 apf.py[line:69] INFO term1 = 1.2351581890116647
16:32:00 apf.py[line:73] INFO theta_term_tmp = 1.8 * sin(0.860796387083615 - 2.800577911449175)/2.0842623114910754 = -0.8054882974162177
16:32:00 apf.py[line:78] INFO [v, theta] = [2.0842623114910754, 1.8640789286885138]
16:32:00 apf.py[line:161] INFO 
16:32:00 apf.py[line:162] INFO 197
16:32:00 apf.py[line:84] INFO [ 3.50939711  3.56800394 -2.06255434  1.97100699 -2.0943951 ]
16:32:00 apf.py[line:85] INFO [array([0., 2.]), array([4., 2.]), array([5., 4.]), array([5., 6.]), array([7., 9.])]
16:32:00 apf.py[line:49] INFO n = [0.01269362 0.308907   0.38145186 0.04030587 0.00103544]
16:32:00 apf.py[line:50] INFO beta = [0.14060747 1.46258759 1.70600772 0.33132447 0.01926696]
16:32:00 apf.py[line:58] INFO theta_robo_ob = [-2.7214017722495867, -1.2675619259671207, 0.28208489668399017, 1.0209357732690332, 0.9996405281800737]
16:32:00 apf.py[line:59] INFO psi = -0.18525895534765097
16:32:00 apf.py[line:60] INFO tan(psi_hat) = [0.495438210506989, -1.1476134255837926]
16:32:00 apf.py[line:62] INFO psi_hat = 2.734050848929382
16:32:00 apf.py[line:65] INFO term1 = 1.8 * cos(0.8733627576979742 - -0.18525895534765097) + 0.04 * 8.675083596946228 = 1.22913649583908
16:32:00 apf.py[line:69] INFO term1 = 1.22913649583908
16:32:00 apf.py[line:73] INFO theta_term_tmp = 1.8 * sin(0.8733627576979742 - 2.734050848929382)/2.118026951980896 = -0.8143875008609907
16:32:00 apf.py[line:78] INFO [v, theta] = [2.118026951980896, 1.782377885008065]
16:32:00 apf.py[line:161] INFO 
16:32:00 apf.py[line:162] INFO 198
16:32:00 apf.py[line:84] INFO [ 3.48920262  3.53382378 -2.10444224  1.98500699 -2.0943951 ]
16:32:00 apf.py[line:85] INFO [array([0., 2.]), array([4., 2.]), array([5., 4.]), array([5., 6.]), array([7., 9.])]
16:32:00 apf.py[line:49] INFO n = [0.01313245 0.32790555 0.3560336  0.03826362 0.00099412]
16:32:00 apf.py[line:50] INFO beta = [0.14373065 1.52221506 1.61644037 0.31777554 0.0185452 ]
16:32:00 apf.py[line:58] INFO theta_robo_ob = [-2.7274280796659016, -1.2493258100160223, 0.2992941531795949, 1.0211583395631105, 0.9998696967634804]
16:32:00 apf.py[line:59] INFO psi = -0.17734322454592233
16:32:00 apf.py[line:60] INFO tan(psi_hat) = [0.5624843285879133, -1.085670198227425]
16:32:00 apf.py[line:62] INFO psi_hat = 2.6635711339006574
16:32:00 apf.py[line:65] INFO term1 = 1.8 * cos(0.8859291283123334 - -0.17734322454592233) + 0.04 * 8.706156213192864 = 1.2230729146434447
16:32:00 apf.py[line:69] INFO term1 = 1.2230729146434447
16:32:00 apf.py[line:73] INFO theta_term_tmp = 1.8 * sin(0.8859291283123334 - 2.6635711339006574)/2.1445860409450277 = -0.8214314753260186
16:32:00 apf.py[line:78] INFO [v, theta] = [2.1445860409450277, 1.6996546259886482]
16:32:00 apf.py[line:161] INFO 
16:32:00 apf.py[line:162] INFO 199
16:32:00 apf.py[line:84] INFO [ 3.46744212  3.50028437 -2.14633014  1.99900699 -2.0943951 ]
16:32:00 apf.py[line:85] INFO [array([0., 2.]), array([4., 2.]), array([5., 4.]), array([5., 6.]), array([7., 9.])]
16:32:00 apf.py[line:49] INFO n = [0.01360404 0.34707666 0.33143281 0.03633406 0.00095379]
16:32:00 apf.py[line:50] INFO beta = [0.14703404 1.58068747 1.52837369 0.30476996 0.017835  ]
16:32:00 apf.py[line:58] INFO theta_robo_ob = [-2.733237064377958, -1.2296996211553715, 0.31519611945265696, 1.0208052830104375, 0.999841517257775]
16:32:00 apf.py[line:59] INFO psi = -0.1695010977179735
16:32:00 apf.py[line:60] INFO tan(psi_hat) = [0.6306864421589452, -1.0301746195295707]
16:32:00 apf.py[line:62] INFO psi_hat = 2.592241265932649
16:32:00 apf.py[line:65] INFO term1 = 1.8 * cos(0.8984954989266926 - -0.1695010977179735) + 0.04 * 8.739027073119455 = 1.2169462543063396
16:32:00 apf.py[line:69] INFO term1 = 1.2169462543063396
16:32:00 apf.py[line:73] INFO theta_term_tmp = 1.8 * sin(0.8984954989266926 - 2.592241265932649)/2.1615334395414307 = -0.8264559726969347
16:32:00 apf.py[line:78] INFO [v, theta] = [2.1615334395414307, 1.6194578623837668]
16:32:00 apf.py[line:161] INFO 
16:32:00 apf.py[line:162] INFO 200
16:32:00 apf.py[line:84] INFO [ 3.44428472  3.46766941 -2.18821805  2.         -2.0943951 ]
16:32:00 apf.py[line:85] INFO [array([0., 2.]), array([4., 2.]), array([5., 4.]), array([5., 6.]), array([7., 9.])]
16:32:00 apf.py[line:49] INFO n = [0.01410744 0.36599292 0.30800066 0.0345247  0.00091475]
16:32:00 apf.py[line:50] INFO beta = [0.15050192 1.63665717 1.44307519 0.29237942 0.01714192]
16:32:00 apf.py[line:58] INFO theta_robo_ob = [-2.738775997370036, -1.2088400792114427, 0.3296889717228292, 1.0198984328045193, 0.9995589931722464]
16:32:00 apf.py[line:59] INFO psi = -0.1617716621695869
16:32:00 apf.py[line:60] INFO tan(psi_hat) = [0.6978054095902486, -0.9818187463982434]
16:32:00 apf.py[line:62] INFO psi_hat = 2.5237033673727765
16:32:00 apf.py[line:65] INFO term1 = 1.8 * cos(0.9110618695410517 - -0.1617716621695869) + 0.04 * 8.773562789390635 = 1.2106886246311022
16:32:00 apf.py[line:69] INFO term1 = 1.2106886246311022
16:32:00 apf.py[line:73] INFO theta_term_tmp = 1.8 * sin(0.9110618695410517 - 2.5237033673727765)/2.167970700210199 = -0.8295427208780589
16:32:00 apf.py[line:78] INFO [v, theta] = [2.167970700210199, 1.545415027874339]
16:32:00 apf.py[line:161] INFO 
16:32:00 apf.py[line:162] INFO 201
16:32:00 apf.py[line:84] INFO [ 3.41978187  3.4360528  -2.23010595  2.         -2.0943951 ]
16:32:00 apf.py[line:85] INFO [array([0., 2.]), array([4., 2.]), array([5., 4.]), array([5., 6.]), array([7., 9.])]
16:32:00 apf.py[line:49] INFO n = [0.01464432 0.38429302 0.28586455 0.03283004 0.00087705]
16:32:00 apf.py[line:50] INFO beta = [0.15413892 1.6890687  1.36109328 0.2805922  0.01646718]
16:32:00 apf.py[line:58] INFO theta_robo_ob = [-2.7440281941301303, -1.1868148312777247, 0.3427902110782123, 1.0184614227183046, 0.999027225067767]
16:32:00 apf.py[line:59] INFO psi = -0.15416724126311612
16:32:00 apf.py[line:60] INFO tan(psi_hat) = [0.7619905628182562, -0.9405299689582151]
16:32:00 apf.py[line:62] INFO psi_hat = 2.460680285109717
16:32:00 apf.py[line:65] INFO term1 = 1.8 * cos(0.9236282401554109 - -0.15416724126311612) + 0.04 * 8.809704171324212 = 1.2042768842550817
16:32:00 apf.py[line:69] INFO term1 = 1.2042768842550817
16:32:00 apf.py[line:73] INFO theta_term_tmp = 1.8 * sin(0.9236282401554109 - 2.460680285109717)/2.1648544759417696 = -0.8309913245121412
16:32:00 apf.py[line:78] INFO [v, theta] = [2.1648544759417696, 1.4797929223630002]
16:32:01 apf.py[line:161] INFO 
16:32:01 apf.py[line:162] INFO 202
16:32:01 apf.py[line:84] INFO [ 3.39397655  3.40548999 -2.27199385  2.         -2.0943951 ]
16:32:01 apf.py[line:85] INFO [array([0., 2.]), array([4., 2.]), array([5., 4.]), array([5., 6.]), array([7., 9.])]
16:32:01 apf.py[line:49] INFO n = [0.01521674 0.4015886  0.26508753 0.03124364 0.00084069]
16:32:01 apf.py[line:50] INFO beta = [0.15795171 1.73684556 1.28277851 0.26938879 0.0158115 ]
16:32:01 apf.py[line:58] INFO theta_robo_ob = [-2.7489793637374627, -1.1637002638767378, 0.35453398741590797, 1.0165171938459259, 0.9982515763564411]
16:32:01 apf.py[line:59] INFO psi = -0.1466974577345454
16:32:01 apf.py[line:60] INFO tan(psi_hat) = [0.8214953204955067, -0.9058557010532643]
16:32:01 apf.py[line:62] INFO psi_hat = 2.404993723574431
16:32:01 apf.py[line:65] INFO term1 = 1.8 * cos(0.9361946107697701 - -0.1466974577345454) + 0.04 * 8.847395051322536 = 1.1976920876596082
16:32:01 apf.py[line:69] INFO term1 = 1.1976920876596082
16:32:01 apf.py[line:73] INFO theta_term_tmp = 1.8 * sin(0.9361946107697701 - 2.404993723574431)/2.154269237152005 = -0.83120762955866
16:32:01 apf.py[line:78] INFO [v, theta] = [2.154269237152005, 1.42371740954638]
16:32:01 apf.py[line:161] INFO 
16:32:01 apf.py[line:162] INFO 203
16:32:01 apf.py[line:84] INFO [ 3.36691402  3.37603461 -2.31388175  2.         -2.0943951 ]
16:32:01 apf.py[line:85] INFO [array([0., 2.]), array([4., 2.]), array([5., 4.]), array([5., 6.]), array([7., 9.])]
16:32:01 apf.py[line:49] INFO n = [0.01582685 0.41746838 0.24569093 0.02975923 0.00080568]
16:32:01 apf.py[line:50] INFO beta = [0.16194713 1.77889935 1.20835047 0.25874866 0.01517547]
16:32:01 apf.py[line:58] INFO theta_robo_ob = [-2.7536147396930057, -1.139591573263805, 0.3649611073952525, 1.0140881092151484, 0.9972376540364029]
16:32:01 apf.py[line:59] INFO psi = -0.1393713117226861
16:32:01 apf.py[line:60] INFO tan(psi_hat) = [0.8747105248609056, -0.8770261829243597]
16:32:01 apf.py[line:62] INFO psi_hat = 2.3575164107208764
16:32:01 apf.py[line:65] INFO term1 = 1.8 * cos(0.9487609813841292 - -0.1393713117226861) + 0.04 * 8.886574839014617 = 1.1909159267922083
16:32:01 apf.py[line:69] INFO term1 = 1.1909159267922083
16:32:01 apf.py[line:73] INFO theta_term_tmp = 1.8 * sin(0.9487609813841292 - 2.3575164107208764)/2.138679322290002 = -0.8306154724990328
16:32:01 apf.py[line:78] INFO [v, theta] = [2.138679322290002, 1.3773043534502059]
16:32:01 apf.py[line:161] INFO 
16:32:01 apf.py[line:162] INFO 204
16:32:01 apf.py[line:84] INFO [ 3.33864177  3.34773833 -2.35576965  2.         -2.0943951 ]
16:32:01 apf.py[line:85] INFO [array([0., 2.]), array([4., 2.]), array([5., 4.]), array([5., 6.]), array([7., 9.])]
16:32:01 apf.py[line:49] INFO n = [0.01647694 0.43151608 0.22766359 0.02837072 0.000772  ]
16:32:01 apf.py[line:50] INFO beta = [0.16613222 1.81417761 1.13792074 0.24865065 0.01455956]
16:32:01 apf.py[line:58] INFO theta_robo_ob = [-2.757919073894043, -1.1146025831612378, 0.3741173171752331, 1.0111959069962067, 0.9959912775964063]
16:32:01 apf.py[line:59] INFO psi = -0.13219716135903614
16:32:01 apf.py[line:60] INFO tan(psi_hat) = [0.9202304647212448, -0.8530016941385462]
16:32:01 apf.py[line:62] INFO psi_hat = 2.318299516123123
16:32:01 apf.py[line:65] INFO term1 = 1.8 * cos(0.9613273519984884 - -0.13219716135903614) + 0.04 * 8.927178788835452 = 1.183930781879409
16:32:01 apf.py[line:69] INFO term1 = 1.183930781879409
16:32:01 apf.py[line:73] INFO theta_term_tmp = 1.8 * sin(0.9613273519984884 - 2.318299516123123)/2.120330326996552 = -0.829591419202011
16:32:01 apf.py[line:78] INFO [v, theta] = [2.120330326996552, 1.3399239672659817]
16:32:01 apf.py[line:161] INFO 
16:32:01 apf.py[line:162] INFO 205
16:32:01 apf.py[line:84] INFO [ 3.30920939  3.32065078 -2.39765756  2.         -2.0943951 ]
16:32:01 apf.py[line:85] INFO [array([0., 2.]), array([4., 2.]), array([5., 4.]), array([5., 6.]), array([7., 9.])]
16:32:01 apf.py[line:49] INFO n = [0.0171694  0.44333199 0.21097    0.02707229 0.00073965]
16:32:01 apf.py[line:50] INFO beta = [0.17051414 1.84171728 1.07151409 0.23907325 0.01396414]
16:32:01 apf.py[line:58] INFO theta_robo_ob = [-2.7618766340273293, -1.0888648138200019, 0.38205181636872537, 1.0078616676620706, 0.9945184501666926]
16:32:01 apf.py[line:59] INFO psi = -0.12518270853202768
16:32:01 apf.py[line:60] INFO tan(psi_hat) = [0.956915583211118, -0.8325322383214916]
16:32:01 apf.py[line:62] INFO psi_hat = 2.2867967683311403
16:32:01 apf.py[line:65] INFO term1 = 1.8 * cos(0.9738937226128476 - -0.12518270853202768) + 0.04 * 8.969138277775324 = 1.1767197656992872
16:32:01 apf.py[line:69] INFO term1 = 1.1767197656992872
16:32:01 apf.py[line:73] INFO theta_term_tmp = 1.8 * sin(0.9738937226128476 - 2.2867967683311403)/2.1009320736341848 = -0.8284289602762226
16:32:01 apf.py[line:78] INFO [v, theta] = [2.1009320736341848, 1.31049988700538]
16:32:01 apf.py[line:161] INFO 
16:32:01 apf.py[line:162] INFO 206
16:32:01 apf.py[line:84] INFO [ 3.27866852  3.2948195  -2.43954546  2.         -2.0943951 ]
16:32:01 apf.py[line:85] INFO [array([0., 2.]), array([4., 2.]), array([5., 4.]), array([5., 6.]), array([7., 9.])]
16:32:01 apf.py[line:49] INFO n = [0.01790673 0.45255674 0.19555724 0.02585833 0.00070862]
16:32:01 apf.py[line:50] INFO beta = [0.17510012 1.8606999  1.00908749 0.22999493 0.01338946]
16:32:01 apf.py[line:58] INFO theta_robo_ob = [-2.765471205092735, -1.0625257510264514, 0.38881599912528, 1.0041057929175858, 0.9928253318849746]
16:32:01 apf.py[line:59] INFO psi = -0.11833498967026213
16:32:01 apf.py[line:60] INFO tan(psi_hat) = [0.9839468045995203, -0.8142288842021881]
16:32:01 apf.py[line:62] INFO psi_hat = 2.2620898727814978
16:32:01 apf.py[line:65] INFO term1 = 1.8 * cos(0.9864600932272067 - -0.11833498967026213) + 0.04 * 9.012381090877724 = 1.1692667614812806
16:32:01 apf.py[line:69] INFO term1 = 1.1692667614812806
16:32:01 apf.py[line:73] INFO theta_term_tmp = 1.8 * sin(0.9864600932272067 - 2.2620898727814978)/2.0815879432062006 = -0.8273283280956518
16:32:01 apf.py[line:78] INFO [v, theta] = [2.0815879432062006, 1.2877552294161352]
16:32:01 apf.py[line:161] INFO 
16:32:01 apf.py[line:162] INFO 207
16:32:01 apf.py[line:84] INFO [ 3.24707274  3.27028979 -2.48143336  2.         -2.0943951 ]
16:32:01 apf.py[line:85] INFO [array([0., 2.]), array([4., 2.]), array([5., 4.]), array([5., 6.]), array([7., 9.])]
16:32:01 apf.py[line:49] INFO n = [0.01869157 0.45889486 0.18136068 0.02472355 0.0006789 ]
16:32:01 apf.py[line:50] INFO beta = [0.17989739 1.87050336 0.95054656 0.22139428 0.01283567]
16:32:01 apf.py[line:58] INFO theta_robo_ob = [-2.7686860958732247, -1.035746322764352, 0.3944624088606647, 0.9999479944721439, 0.9909182154272246]
16:32:01 apf.py[line:59] INFO psi = -0.11166037132915076
16:32:01 apf.py[line:60] INFO tan(psi_hat) = [1.0008656314650717, -0.7966441142560777]
16:32:01 apf.py[line:62] INFO psi_hat = 2.2430660018842357
16:32:01 apf.py[line:65] INFO term1 = 1.8 * cos(0.9990264638415659 - -0.11166037132915076) + 0.04 * 9.056831712145087 = 1.1615564546713235
16:32:01 apf.py[line:69] INFO term1 = 1.1615564546713235
16:32:01 apf.py[line:73] INFO theta_term_tmp = 1.8 * sin(0.9990264638415659 - 2.2430660018842357)/2.0628660836939305 = -0.8264031120222144
16:32:01 apf.py[line:78] INFO [v, theta] = [2.0628660836939305, 1.2703764827142592]
16:32:01 apf.py[line:161] INFO 
16:32:01 apf.py[line:162] INFO 208
16:32:01 apf.py[line:84] INFO [ 3.21447747  3.24710469 -2.52332126  2.         -2.0943951 ]
16:32:01 apf.py[line:85] INFO [array([0., 2.]), array([4., 2.]), array([5., 4.]), array([5., 6.]), array([7., 9.])]
16:32:01 apf.py[line:49] INFO n = [0.01952663 0.46213568 0.16830858 0.02366291 0.00065045]
16:32:01 apf.py[line:50] INFO beta = [0.18491311 1.87074468 0.89575946 0.21325023 0.01230285]
16:32:01 apf.py[line:58] INFO theta_robo_ob = [-2.7715041512806047, -1.0086976589532155, 0.39904388745346214, 0.9954072909714257, 0.9888035036375337]
16:32:01 apf.py[line:59] INFO psi = -0.10516455031393768
16:32:01 apf.py[line:60] INFO tan(psi_hat) = [1.0075945048076265, -0.7783565078848845]
16:32:01 apf.py[line:62] INFO psi_hat = 2.228536244515714
16:32:01 apf.py[line:65] INFO term1 = 1.8 * cos(1.011592834455925 - -0.10516455031393768) + 0.04 * 9.102411618620684 = 1.1535743588585985
16:32:01 apf.py[line:69] INFO term1 = 1.1535743588585985
16:32:01 apf.py[line:73] INFO theta_term_tmp = 1.8 * sin(1.011592834455925 - 2.228536244515714)/2.044920384272163 = -0.8256948629824499
16:32:01 apf.py[line:78] INFO [v, theta] = [2.044920384272163, 1.2571033816507224]
16:32:01 apf.py[line:161] INFO 
16:32:01 apf.py[line:162] INFO 209
16:32:01 apf.py[line:84] INFO [ 3.18093991  3.22530488 -2.56520916  2.         -2.0943951 ]
16:32:01 apf.py[line:85] INFO [array([0., 2.]), array([4., 2.]), array([5., 4.]), array([5., 6.]), array([7., 9.])]
16:32:01 apf.py[line:49] INFO n = [0.02041471 0.46216909 0.1563256  0.02267169 0.00062326]
16:32:01 apf.py[line:50] INFO beta = [0.19015426 1.86130891 0.8445683  0.20554216 0.01179098]
16:32:01 apf.py[line:58] INFO theta_robo_ob = [-2.7739077716292186, -0.9815572776256347, 0.4026128968801681, 0.990502011625479, 0.9864876891792235]
16:32:01 apf.py[line:59] INFO psi = -0.09885255802979367
16:32:01 apf.py[line:60] INFO tan(psi_hat) = [1.004433508727984, -0.7580534167019467]
16:32:01 apf.py[line:62] INFO psi_hat = 2.217303379871819
16:32:01 apf.py[line:65] INFO term1 = 1.8 * cos(1.0241592050702844 - -0.09885255802979367) + 0.04 * 9.149039575548636 = 1.1453068362060819
16:32:01 apf.py[line:69] INFO term1 = 1.1453068362060819
16:32:01 apf.py[line:73] INFO theta_term_tmp = 1.8 * sin(1.0241592050702844 - 2.217303379871819)/2.0276069061720303 = -0.8251891858591487
16:32:01 apf.py[line:78] INFO [v, theta] = [2.0276069061720303, 1.2467663345102307]
16:32:01 apf.py[line:161] INFO 
16:32:01 apf.py[line:162] INFO 210
16:32:01 apf.py[line:84] INFO [ 3.14651888  3.2049286  -2.60709707  2.         -2.0943951 ]
16:32:01 apf.py[line:85] INFO [array([0., 2.]), array([4., 2.]), array([5., 4.]), array([5., 6.]), array([7., 9.])]
16:32:01 apf.py[line:49] INFO n = [0.02135867 0.45899394 0.14533554 0.02174542 0.00059731]
16:32:01 apf.py[line:50] INFO beta = [0.19562752 1.84236039 0.7967984  0.19824999 0.01129999]
16:32:01 apf.py[line:58] INFO theta_robo_ob = [-2.775878940020478, -0.9545048993044499, 0.40522099048199084, 0.9852498052716954, 0.9839773361202796]
16:32:01 apf.py[line:59] INFO psi = -0.09272876871664251
16:32:01 apf.py[line:60] INFO tan(psi_hat) = [0.9920321426758217, -0.7346044970837793]
16:32:01 apf.py[line:62] INFO psi_hat = 2.208192716643742
16:32:01 apf.py[line:65] INFO term1 = 1.8 * cos(1.0367255756846436 - -0.09272876871664251) + 0.04 * 9.196631930666552 = 1.1367411127609568
16:32:01 apf.py[line:69] INFO term1 = 1.1367411127609568
16:32:01 apf.py[line:73] INFO theta_term_tmp = 1.8 * sin(1.0367255756846436 - 2.208192716643742)/2.0105728883197345 = -0.8248293981248184
16:32:01 apf.py[line:78] INFO [v, theta] = [2.0105728883197345, 1.2382923295357797]
16:32:01 apf.py[line:161] INFO 
16:32:01 apf.py[line:162] INFO 211
16:32:01 apf.py[line:84] INFO [ 3.11127477  3.18601159 -2.64898497  2.         -2.0943951 ]
16:32:01 apf.py[line:85] INFO [array([0., 2.]), array([4., 2.]), array([5., 4.]), array([5., 6.]), array([7., 9.])]
16:32:01 apf.py[line:49] INFO n = [0.02236144 0.45271816 0.13526328 0.02087993 0.00057257]
16:32:01 apf.py[line:50] INFO beta = [0.20133915 1.8143348  0.75226556 0.19135429 0.01082974]
16:32:01 apf.py[line:58] INFO theta_robo_ob = [-2.777399259157925, -0.9277181309613419, 0.40691841168962806, 0.9796676537918995, 0.9812790633596485]
16:32:01 apf.py[line:59] INFO psi = -0.08679691120244928
16:32:01 apf.py[line:60] INFO tan(psi_hat) = [0.9713380786418426, -0.7071193857498804]
16:32:01 apf.py[line:62] INFO psi_hat = 2.2000582089373606
16:32:01 apf.py[line:65] INFO term1 = 1.8 * cos(1.049291946299003 - -0.08679691120244928) + 0.04 * 9.245102905852734 = 1.1278652890435987
16:32:01 apf.py[line:69] INFO term1 = 1.1278652890435987
16:32:01 apf.py[line:73] INFO theta_term_tmp = 1.8 * sin(1.049291946299003 - 2.2000582089373606)/1.993313159551097 = -0.8245257488974574
16:32:01 apf.py[line:78] INFO [v, theta] = [1.993313159551097, 1.2306946810485115]
16:32:01 apf.py[line:161] INFO 
16:32:01 apf.py[line:162] INFO 212
16:32:01 apf.py[line:84] INFO [ 3.0753898   3.16864531 -2.69087287  1.99331316 -2.0943951 ]
16:32:01 apf.py[line:85] INFO [array([0., 2.]), array([4., 2.]), array([5., 4.]), array([5., 6.]), array([7., 9.])]
16:32:01 apf.py[line:49] INFO n = [0.02342227 0.4435826  0.1260657  0.02007395 0.00054908]
16:32:01 apf.py[line:50] INFO beta = [0.20727339 1.77802908 0.71091165 0.18485673 0.01038147]
16:32:01 apf.py[line:58] INFO theta_robo_ob = [-2.778446443579404, -0.9014558826990148, 0.40775105956182967, 0.9737914023578988, 0.9784091101373862]
16:32:01 apf.py[line:59] INFO psi = -0.08106738009908673
16:32:01 apf.py[line:60] INFO tan(psi_hat) = [0.943631706905719, -0.6750845359852279]
16:32:01 apf.py[line:62] INFO psi_hat = 2.1917905609699373
16:32:01 apf.py[line:65] INFO term1 = 1.8 * cos(1.0618583169133622 - -0.08106738009908673) + 0.04 * 9.294249616226299 = 1.118651786217454
16:32:01 apf.py[line:69] INFO term1 = 1.118651786217454
16:32:01 apf.py[line:73] INFO theta_term_tmp = 1.8 * sin(1.0618583169133622 - 2.1917905609699373)/1.9751980533463165 = -0.824165403899179
16:32:01 apf.py[line:78] INFO [v, theta] = [1.9751980533463165, 1.2230635873758149]
16:32:01 apf.py[line:161] INFO 
16:32:01 apf.py[line:162] INFO 213
16:32:01 apf.py[line:84] INFO [ 3.03906601  3.15290828 -2.73276077  1.97931316 -2.0943951 ]
16:32:01 apf.py[line:85] INFO [array([0., 2.]), array([4., 2.]), array([5., 4.]), array([5., 6.]), array([7., 9.])]
16:32:01 apf.py[line:49] INFO n = [0.02453915 0.43194439 0.1176958  0.0193261  0.0005269 ]
16:32:01 apf.py[line:50] INFO beta = [0.21340816 1.73453618 0.67265476 0.17875744 0.00995626]
16:32:01 apf.py[line:58] INFO theta_robo_ob = [-2.7790026503064693, -0.8759674047424575, 0.40777108957438407, 0.9676607730770421, 0.9753863473450193]
16:32:01 apf.py[line:59] INFO psi = -0.07554857895165788
16:32:01 apf.py[line:60] INFO tan(psi_hat) = [0.9104140402670927, -0.6383454636440964]
16:32:01 apf.py[line:62] INFO psi_hat = 2.182300062915754
16:32:01 apf.py[line:65] INFO term1 = 1.8 * cos(1.0744246875277215 - -0.07554857895165788) + 0.04 * 9.343846907198639 = 1.1090751921251927
16:32:01 apf.py[line:69] INFO term1 = 1.1090751921251927
16:32:01 apf.py[line:73] INFO theta_term_tmp = 1.8 * sin(1.0744246875277215 - 2.182300062915754)/1.9554872157893068 = -0.823607259493567
16:32:01 apf.py[line:78] INFO [v, theta] = [1.9554872157893068, 1.2145578966891]
16:32:02 apf.py[line:161] INFO 
16:32:02 apf.py[line:162] INFO 214
16:32:02 apf.py[line:84] INFO [ 3.00237644  3.13880658 -2.77464868  1.96531316 -2.0943951 ]
16:32:02 apf.py[line:85] INFO [array([0., 2.]), array([4., 2.]), array([5., 4.]), array([5., 6.]), array([7., 9.])]
16:32:02 apf.py[line:49] INFO n = [0.02571343 0.41819171 0.1100751  0.01863212 0.00050598]
16:32:02 apf.py[line:50] INFO beta = [0.21974173 1.68497866 0.63726136 0.17303353 0.0095535 ]
16:32:02 apf.py[line:58] INFO theta_robo_ob = [-2.7790559460958706, -0.8513858306776145, 0.40703359240906684, 0.9612939314289586, 0.9722195963641117]
16:32:02 apf.py[line:59] INFO psi = -0.07023951665557913
16:32:02 apf.py[line:60] INFO tan(psi_hat) = [0.8731284494922089, -0.5969437542017485]
16:32:02 apf.py[line:62] INFO psi_hat = 2.1704876647346665
16:32:02 apf.py[line:65] INFO term1 = 1.8 * cos(1.0869910581420807 - -0.07023951665557913) + 0.04 * 9.393792216509325 = 1.099130310955712
16:32:02 apf.py[line:69] INFO term1 = 1.099130310955712
16:32:02 apf.py[line:73] INFO theta_term_tmp = 1.8 * sin(1.0869910581420807 - 2.1704876647346665)/1.9333175412844876 = -0.8226692187978518
16:32:02 apf.py[line:78] INFO [v, theta] = [1.9333175412844876, 1.204397442308332]
16:32:02 apf.py[line:161] INFO 
16:32:02 apf.py[line:162] INFO 215
16:32:02 apf.py[line:84] INFO [ 2.96539387  3.12634308 -2.81653658  1.95131316 -2.0943951 ]
16:32:02 apf.py[line:85] INFO [array([0., 2.]), array([4., 2.]), array([5., 4.]), array([5., 6.]), array([7., 9.])]
16:32:02 apf.py[line:49] INFO n = [0.02694617 0.40273961 0.10313203 0.01798815 0.00048626]
16:32:02 apf.py[line:50] INFO beta = [0.22627076 1.63053327 0.60451183 0.16766356 0.00917259]
16:32:02 apf.py[line:58] INFO theta_robo_ob = [-2.7785949306115874, -0.8278248441690406, 0.40559035133284427, 0.9547081705398351, 0.9689175409078784]
16:32:02 apf.py[line:59] INFO psi = -0.06513863437304009
16:32:02 apf.py[line:60] INFO tan(psi_hat) = [0.8331609943637536, -0.5511614354875831]
16:32:02 apf.py[line:62] INFO psi_hat = 2.1552347104974787
16:32:02 apf.py[line:65] INFO term1 = 1.8 * cos(1.09955742875644 - -0.06513863437304009) + 0.04 * 9.44398393491723 = 1.0888129553550385
16:32:02 apf.py[line:69] INFO term1 = 1.0888129553550385
16:32:02 apf.py[line:73] INFO theta_term_tmp = 1.8 * sin(1.09955742875644 - 2.1552347104974787)/1.9076659800978628 = -0.8211192968113219
16:32:02 apf.py[line:78] INFO [v, theta] = [1.9076659800978628, 1.1918653735657594]
16:32:02 apf.py[line:161] INFO 
16:32:02 apf.py[line:162] INFO 216
16:32:02 apf.py[line:84] INFO [ 2.92819068  3.11551741 -2.85842448  1.93731316 -2.0943951 ]
16:32:02 apf.py[line:85] INFO [array([0., 2.]), array([4., 2.]), array([5., 4.]), array([5., 6.]), array([7., 9.])]
16:32:02 apf.py[line:49] INFO n = [0.02823807 0.38600651 0.0968016  0.01739061 0.00046771]
16:32:02 apf.py[line:50] INFO beta = [0.2329902  1.57237473 0.574201   0.16262746 0.0088129 ]
16:32:02 apf.py[line:58] INFO theta_robo_ob = [-2.7776088653770605, -0.8053779267062687, 0.4034899631754474, 0.947919965948036, 0.965488723468019]
16:32:02 apf.py[line:59] INFO psi = -0.060243845652431106
16:32:02 apf.py[line:60] INFO tan(psi_hat) = [0.7917822254168654, -0.5014680133950911]
16:32:02 apf.py[line:62] INFO psi_hat = 2.1353710723758255
16:32:02 apf.py[line:65] INFO term1 = 1.8 * cos(1.1121237993707993 - -0.060243845652431106) + 0.04 * 9.494321661951641 = 1.0781199144922624
16:32:02 apf.py[line:69] INFO term1 = 1.0781199144922624
16:32:02 apf.py[line:73] INFO theta_term_tmp = 1.8 * sin(1.1121237993707993 - 2.1353710723758255)/1.8772950077781798 = -0.8186488872732001
16:32:02 apf.py[line:78] INFO [v, theta] = [1.8772950077781798, 1.176316662565371]
16:32:02 apf.py[line:161] INFO 
16:32:02 apf.py[line:162] INFO 217
16:32:02 apf.py[line:84] INFO [ 2.89083867  3.10632605 -2.90031238  1.92331316 -2.0943951 ]
16:32:02 apf.py[line:85] INFO [array([0., 2.]), array([4., 2.]), array([5., 4.]), array([5., 6.]), array([7., 9.])]
16:32:02 apf.py[line:49] INFO n = [0.02958944 0.36839433 0.09102501 0.01683628 0.00045029]
16:32:02 apf.py[line:50] INFO beta = [0.23989295 1.51162827 0.54613823 0.15790645 0.00847378]
16:32:02 apf.py[line:58] INFO theta_robo_ob = [-2.7760878151841193, -0.7841184100957755, 0.40077798172557927, 0.9409450278408034, 0.9619415428643705]
16:32:02 apf.py[line:59] INFO psi = -0.05555257614320086
16:32:02 apf.py[line:60] INFO tan(psi_hat) = [0.7501073671197094, -0.44846402311378336]
16:32:02 apf.py[line:62] INFO psi_hat = 2.109645558060059
16:32:02 apf.py[line:65] INFO term1 = 1.8 * cos(1.1246901699851586 - -0.05555257614320086) + 0.04 * 9.544706443089293 = 1.0670489212327112
16:32:02 apf.py[line:69] INFO term1 = 1.0670489212327112
16:32:02 apf.py[line:73] INFO theta_term_tmp = 1.8 * sin(1.1246901699851586 - 2.109645558060059)/1.840687241462363 = -0.8148290115619881
16:32:02 apf.py[line:78] INFO [v, theta] = [1.840687241462363, 1.1572113838132112]
16:32:02 apf.py[line:161] INFO 
16:32:02 apf.py[line:162] INFO 218
16:32:02 apf.py[line:84] INFO [ 2.85340899  3.09876235 -2.94220028  1.90931316 -2.0943951 ]
16:32:02 apf.py[line:85] INFO [array([0., 2.]), array([4., 2.]), array([5., 4.]), array([5., 6.]), array([7., 9.])]
16:32:02 apf.py[line:49] INFO n = [0.03100008 0.35027316 0.08574919 0.01632216 0.00043394]
16:32:02 apf.py[line:50] INFO beta = [0.24696973 1.44933319 0.52014707 0.15348301 0.00815461]
16:32:02 apf.py[line:58] INFO theta_robo_ob = [-2.7740228018440014, -0.764100211779163, 0.397497074822535, 0.9337983507148868, 0.9582842527512556]
16:32:02 apf.py[line:59] INFO psi = -0.05106180259444943
16:32:02 apf.py[line:60] INFO tan(psi_hat) = [0.7090744383340992, -0.39282679943748233]
16:32:02 apf.py[line:62] INFO psi_hat = 2.0767048928523932
16:32:02 apf.py[line:65] INFO term1 = 1.8 * cos(1.1372565405995179 - -0.05106180259444943) + 0.04 * 9.595040988723419 = 1.0555986187411819
16:32:02 apf.py[line:69] INFO term1 = 1.0555986187411819
16:32:02 apf.py[line:73] INFO theta_term_tmp = 1.8 * sin(1.1372565405995179 - 2.0767048928523932)/1.7959821393930937 = -0.8090385134060368
16:32:02 apf.py[line:78] INFO [v, theta] = [1.7959821393930937, 1.134190485490623]
16:32:02 apf.py[line:161] INFO 
16:32:02 apf.py[line:162] INFO 219
16:32:02 apf.py[line:84] INFO [ 2.81597194  3.0928166  -2.98408819  1.89531316 -2.0943951 ]
16:32:02 apf.py[line:85] INFO [array([0., 2.]), array([4., 2.]), array([5., 4.]), array([5., 6.]), array([7., 9.])]
16:32:02 apf.py[line:49] INFO n = [0.03246921 0.33197097 0.08092637 0.01584555 0.00041864]
16:32:02 apf.py[line:50] INFO beta = [0.25420876 1.38641788 0.49606475 0.14934076 0.00785477]
16:32:02 apf.py[line:58] INFO theta_robo_ob = [-2.7714059698437294, -0.7453591053965253, 0.3936871885229939, 0.926494260459326, 0.9545249609471876]
16:32:02 apf.py[line:59] INFO psi = -0.046768090873293956
16:32:02 apf.py[line:60] INFO tan(psi_hat) = [0.6694380417352702, -0.33526263685126356]
16:32:02 apf.py[line:62] INFO psi_hat = 2.0350933633498296
16:32:02 apf.py[line:65] INFO term1 = 1.8 * cos(1.1498229112138771 - -0.046768090873293956) + 0.04 * 9.64522987541221 = 1.0437685267880443
16:32:02 apf.py[line:69] INFO term1 = 1.0437685267880443
16:32:02 apf.py[line:73] INFO theta_term_tmp = 1.8 * sin(1.1498229112138771 - 2.0350933633498296)/1.7409455782880303 = -0.8003439265176956
16:32:02 apf.py[line:78] INFO [v, theta] = [1.7409455782880303, 1.1072247152392447]
16:32:02 apf.py[line:161] INFO 
16:32:02 apf.py[line:162] INFO 220
16:32:02 apf.py[line:84] INFO [ 2.77859687  3.08847607 -3.02597609  1.88131316 -2.0943951 ]
16:32:02 apf.py[line:85] INFO [array([0., 2.]), array([4., 2.]), array([5., 4.]), array([5., 6.]), array([7., 9.])]
16:32:02 apf.py[line:49] INFO n = [0.03399539 0.31376794 0.07651358 0.01540396 0.00040434]
16:32:02 apf.py[line:50] INFO beta = [0.26159559 1.32368583 0.47374153 0.14546444 0.00757363]
16:32:02 apf.py[line:58] INFO theta_robo_ob = [-2.7682307630833947, -0.7279143718530792, 0.3893857134000987, 0.9190464588929158, 0.9506716294665671]
16:32:02 apf.py[line:59] INFO psi = -0.04266763278441396
16:32:02 apf.py[line:60] INFO tan(psi_hat) = [0.63177549879997, -0.27646780907236773]
16:32:02 apf.py[line:62] INFO psi_hat = 1.983294486873963
16:32:02 apf.py[line:65] INFO term1 = 1.8 * cos(1.1623892818282364 - -0.04266763278441396) + 0.04 * 9.695179729991462 = 1.0315590079850145
16:32:02 apf.py[line:69] INFO term1 = 1.0315590079850145
16:32:02 apf.py[line:73] INFO theta_term_tmp = 1.8 * sin(1.1623892818282364 - 1.983294486873963)/1.673039190451712 = -0.7872938971352946
16:32:02 apf.py[line:78] INFO [v, theta] = [1.673039190451712, 1.0768867776676274]
16:32:02 apf.py[line:161] INFO 
16:32:02 apf.py[line:162] INFO 221
16:32:02 apf.py[line:84] INFO [ 2.74135207  3.08572507 -3.06786399  1.86731316 -2.0943951 ]
16:32:02 apf.py[line:85] INFO [array([0., 2.]), array([4., 2.]), array([5., 4.]), array([5., 6.]), array([7., 9.])]
16:32:02 apf.py[line:49] INFO n = [0.03557642 0.29589475 0.07247222 0.01499511 0.000391  ]
16:32:02 apf.py[line:50] INFO beta = [0.26911285 1.26181097 0.45303988 0.14183981 0.00731059]
16:32:02 apf.py[line:58] INFO theta_robo_ob = [-2.7644921114151924, -0.7117706838466883, 0.3846276493559697, 0.9114680658142761, 0.9467320751431427]
16:32:02 apf.py[line:59] INFO psi = -0.03875628151463647
16:32:02 apf.py[line:60] INFO tan(psi_hat) = [0.5965016658748241, -0.21709936361780477]
16:32:02 apf.py[line:62] INFO psi_hat = 1.919848132517583
16:32:02 apf.py[line:65] INFO term1 = 1.8 * cos(1.1749556524425957 - -0.03875628151463647) + 0.04 * 9.74479939721213 = 1.0189712341357384
16:32:02 apf.py[line:69] INFO term1 = 1.0189712341357384
16:32:02 apf.py[line:73] INFO theta_term_tmp = 1.8 * sin(1.1749556524425957 - 1.919848132517583)/1.5897193036569566 = -0.7675612814706487
16:32:02 apf.py[line:78] INFO [v, theta] = [1.5897193036569566, 1.0448203952055266]
16:32:02 apf.py[line:161] INFO 
16:32:02 apf.py[line:162] INFO 222
16:32:02 apf.py[line:84] INFO [ 2.70430459  3.08454505 -3.10975189  1.85331316 -2.0943951 ]
16:32:02 apf.py[line:85] INFO [array([0., 2.]), array([4., 2.]), array([5., 4.]), array([5., 6.]), array([7., 9.])]
16:32:02 apf.py[line:49] INFO n = [0.03720926 0.27853398 0.06876764 0.01461692 0.0003786 ]
16:32:02 apf.py[line:50] INFO beta = [0.27674007 1.20134033 0.43383371 0.13845363 0.00706506]
16:32:02 apf.py[line:58] INFO theta_robo_ob = [-2.7601866251850993, -0.6969200947539946, 0.37944576636368965, 0.9037716586407105, 0.9427139707453128]
16:32:02 apf.py[line:59] INFO psi = -0.035029585565578135
16:32:02 apf.py[line:60] INFO tan(psi_hat) = [0.5638889715011218, -0.1577553901233878]
16:32:02 apf.py[line:62] INFO psi_hat = 1.843585443345382
16:32:02 apf.py[line:65] INFO term1 = 1.8 * cos(1.187522023056955 - -0.035029585565578135) + 0.04 * 9.794000091619713 = 1.0060071528491255
16:32:02 apf.py[line:69] INFO term1 = 1.0060071528491255
16:32:02 apf.py[line:73] INFO theta_term_tmp = 1.8 * sin(1.187522023056955 - 1.843585443345382)/1.4891820754141494 = -0.7373202066477978
16:32:02 apf.py[line:78] INFO [v, theta] = [1.4891820754141494, 1.0144905910643547]
16:32:02 apf.py[line:161] INFO 
16:32:02 apf.py[line:162] INFO 223
16:32:02 apf.py[line:84] INFO [ 2.66752019  3.08491464  3.13154551  1.83931316 -2.0943951 ]
16:32:02 apf.py[line:85] INFO [array([0., 2.]), array([4., 2.]), array([5., 4.]), array([5., 6.]), array([7., 9.])]
16:32:02 apf.py[line:49] INFO n = [0.03888994 0.26182373 0.06536873 0.0142675  0.0003671 ]
16:32:02 apf.py[line:50] INFO beta = [0.2844535  1.14270211 0.41600755 0.13529354 0.00683646]
16:32:02 apf.py[line:58] INFO theta_robo_ob = [-2.7553127953990457, -0.6833440263623973, 0.3738707593558543, 0.8959693097246005, 0.9386248464928336]
16:32:02 apf.py[line:59] INFO psi = -0.03148282107298824
16:32:02 apf.py[line:60] INFO tan(psi_hat) = [0.534089758885413, -0.09896364980705248]
16:32:02 apf.py[line:62] INFO psi_hat = 1.7540123887718166
16:32:02 apf.py[line:65] INFO term1 = 1.8 * cos(1.2000883936713143 - -0.03148282107298824) + 0.04 * 9.84269553443093 = 0.9926694545305985
16:32:02 apf.py[line:69] INFO term1 = 0.9926694545305985
16:32:02 apf.py[line:73] INFO theta_term_tmp = 1.8 * sin(1.2000883936713143 - 1.7540123887718166)/1.3718309022865711 = -0.6902099197198978
16:32:02 apf.py[line:78] INFO [v, theta] = [1.3718309022865711, 0.992233275189053]
16:32:02 apf.py[line:161] INFO 
16:32:02 apf.py[line:162] INFO 224
16:32:02 apf.py[line:84] INFO [ 2.63106314  3.08680975  3.08965761  1.82531316 -2.0943951 ]
16:32:02 apf.py[line:85] INFO [array([0., 2.]), array([4., 2.]), array([5., 4.]), array([5., 6.]), array([7., 9.])]
16:32:02 apf.py[line:49] INFO n = [0.04061347 0.24586253 0.06224758 0.01394511 0.00035646]
16:32:02 apf.py[line:50] INFO beta = [0.29222601 1.08621713 0.39945573 0.13234807 0.00662422]
16:32:02 apf.py[line:58] INFO theta_robo_ob = [-2.7498711965087157, -0.6710151752829997, 0.3679313960906127, 0.8880726214441604, 0.934472091893173]
16:32:02 apf.py[line:59] INFO psi = -0.028111022443424432
16:32:02 apf.py[line:60] INFO tan(psi_hat) = [0.5071587103019832, -0.04117702428997906]
16:32:02 apf.py[line:62] INFO psi_hat = 1.6518102164801192
16:32:02 apf.py[line:65] INFO term1 = 1.8 * cos(1.2126547642856735 - -0.028111022443424432) + 0.04 * 9.890802076186345 = 0.978961539837954
16:32:02 apf.py[line:69] INFO term1 = 0.978961539837954
16:32:02 apf.py[line:73] INFO theta_term_tmp = 1.8 * sin(1.2126547642856735 - 1.6518102164801192)/1.2426074668340272 = -0.6158947160921846
16:32:02 apf.py[line:78] INFO [v, theta] = [1.2426074668340272, 0.9882890797053102]
16:32:02 apf.py[line:161] INFO 
16:32:02 apf.py[line:162] INFO 225
16:32:02 apf.py[line:84] INFO [ 2.59499621  3.09020362  3.04776971  1.81131316 -2.0943951 ]
16:32:02 apf.py[line:85] INFO [array([0., 2.]), array([4., 2.]), array([5., 4.]), array([5., 6.]), array([7., 9.])]
16:32:02 apf.py[line:49] INFO n = [0.04237378 0.23071486 0.05937915 0.01364817 0.00034667]
16:32:02 apf.py[line:50] INFO beta = [0.30002698 1.03211213 0.38408161 0.12960656 0.00642781]
16:32:02 apf.py[line:58] INFO theta_robo_ob = [-2.7438646881554507, -0.659899282114302, 0.3616546572913223, 0.8800927591699048, 0.9302629578236783]
16:32:02 apf.py[line:59] INFO psi = -0.02490901126723907
16:32:02 apf.py[line:60] INFO tan(psi_hat) = [0.4830738288773359, 0.015225880911074626]
16:32:02 apf.py[line:62] INFO psi_hat = 1.539288012643253
16:32:02 apf.py[line:65] INFO term1 = 1.8 * cos(1.2252211349000328 - -0.02490901126723907) + 0.04 * 9.938238805967366 = 0.9648874876641453
16:32:02 apf.py[line:69] INFO term1 = 0.9648874876641453
16:32:02 apf.py[line:73] INFO theta_term_tmp = 1.8 * sin(1.2252211349000328 - 1.539288012643253)/1.1136536311281335 = -0.4993226021440759
16:32:02 apf.py[line:78] INFO [v, theta] = [1.1136536311281335, 1.0164712522549622]
16:32:03 apf.py[line:161] INFO 
16:32:03 apf.py[line:162] INFO 226
16:32:03 apf.py[line:84] INFO [ 2.55938046  3.09506695  3.00588181  1.79731316 -2.0943951 ]
16:32:03 apf.py[line:85] INFO [array([0., 2.]), array([4., 2.]), array([5., 4.]), array([5., 6.]), array([7., 9.])]
16:32:03 apf.py[line:49] INFO n = [0.04416369 0.2164169  0.05674095 0.01337522 0.00033768]
16:32:03 apf.py[line:50] INFO beta = [0.30782233 0.98053361 0.36979686 0.12705908 0.0062467 ]
16:32:03 apf.py[line:58] INFO theta_robo_ob = [-2.7372986115488307, -0.6499567287343134, 0.3550658687040945, 0.8720404822099543, 0.9260045587929137]
16:32:03 apf.py[line:59] INFO psi = -0.02187142349163874
16:32:03 apf.py[line:60] INFO tan(psi_hat) = [0.46175506815140244, 0.06993655347230576]
16:32:03 apf.py[line:62] INFO psi_hat = 1.4204806531161456
16:32:03 apf.py[line:65] INFO term1 = 1.8 * cos(1.237787505514392 - -0.02187142349163874) + 0.04 * 9.984927647964362 = 0.9504520236886872
16:32:03 apf.py[line:69] INFO term1 = 0.9504520236886872
16:32:03 apf.py[line:73] INFO theta_term_tmp = 1.8 * sin(1.237787505514392 - 1.4204806531161456)/1.0051378250702914 = -0.3253498126265679
16:32:03 apf.py[line:78] INFO [v, theta] = [1.0051378250702914, 1.0890990088949073]
16:32:03 apf.py[line:161] INFO 
16:32:03 apf.py[line:162] INFO 227
16:32:03 apf.py[line:84] INFO [ 2.5242752   3.10136799  2.96399391  1.78331316 -2.0943951 ]
16:32:03 apf.py[line:85] INFO [array([0., 2.]), array([4., 2.]), array([5., 4.]), array([5., 6.]), array([7., 9.])]
16:32:03 apf.py[line:49] INFO n = [0.04597483 0.20298187 0.05431277 0.01312494 0.00032948]
16:32:03 apf.py[line:50] INFO beta = [0.31654634 0.93442997 0.35761859 0.12508044 0.00609913]
16:32:03 apf.py[line:58] INFO theta_robo_ob = [-2.7301809755213897, -0.6411439465838181, 0.34818882497412734, 0.863926172836949, 0.92170387532104]
16:32:03 apf.py[line:59] INFO psi = -0.018992734858951185
16:32:03 apf.py[line:60] INFO tan(psi_hat) = [0.44450306705119885, 0.12000925147045606]
16:32:03 apf.py[line:62] INFO psi_hat = 1.3070982825541138
16:32:03 apf.py[line:65] INFO term1 = 1.8 * cos(1.2503538761287514 - -0.018992734858951185) + 0.04 * 10.0 = 0.9344287516754061
16:32:03 apf.py[line:69] INFO term1 = 0.9344287516754061
16:32:03 apf.py[line:73] INFO theta_term_tmp = 1.8 * sin(1.2503538761287514 - 1.3070982825541138)/0.9399885451510638 = -0.1086025218618536
16:32:03 apf.py[line:78] INFO [v, theta] = [0.9399885451510638, 1.1982811340446693]
16:32:03 apf.py[line:161] INFO 
16:32:03 apf.py[line:162] INFO 228
16:32:03 apf.py[line:84] INFO [ 2.48973787  3.10907259  2.922106    1.76931316 -2.0943951 ]
16:32:03 apf.py[line:85] INFO [array([0., 2.]), array([4., 2.]), array([5., 4.]), array([5., 6.]), array([7., 9.])]
16:32:03 apf.py[line:49] INFO n = [0.04779767 0.19040502 0.05207648 0.01289614 0.00032205]
16:32:03 apf.py[line:50] INFO beta = [0.32569205 0.89192785 0.34678712 0.12343833 0.00597335]
16:32:03 apf.py[line:58] INFO theta_robo_ob = [-2.722522626731698, -0.6334146322640853, 0.34104590542730284, 0.8557598634973524, 0.9173677563849761]
16:32:03 apf.py[line:59] INFO psi = -0.016267284633385042
16:32:03 apf.py[line:60] INFO tan(psi_hat) = [0.43025536901195105, 0.1670961215125101]
16:32:03 apf.py[line:62] INFO psi_hat = 1.2003601953657488
16:32:03 apf.py[line:65] INFO term1 = 1.8 * cos(1.2629202467431107 - -0.016267284633385042) + 0.04 * 10.0 = 0.9174882509365405
16:32:03 apf.py[line:69] INFO term1 = 0.9174882509365405
16:32:03 apf.py[line:73] INFO theta_term_tmp = 1.8 * sin(1.2629202467431107 - 1.2003601953657488)/0.9243639644694613 = 0.1217427957697768
16:32:03 apf.py[line:78] INFO [v, theta] = [0.9243639644694613, 1.322405746016943]
16:32:03 apf.py[line:161] INFO 
16:32:03 apf.py[line:162] INFO 229
16:32:03 apf.py[line:84] INFO [ 2.45582397  3.11814436  2.8802181   1.75531316 -2.0943951 ]
16:32:03 apf.py[line:85] INFO [array([0., 2.]), array([4., 2.]), array([5., 4.]), array([5., 6.]), array([7., 9.])]
16:32:03 apf.py[line:49] INFO n = [0.04962153 0.17866792 0.05001575 0.0126877  0.00031534]
16:32:03 apf.py[line:50] INFO beta = [0.33474584 0.8515741  0.33669046 0.12193538 0.00585967]
16:32:03 apf.py[line:58] INFO theta_robo_ob = [-2.714337398029895, -0.6267207764669838, 0.3336581819743451, 0.8475512623007236, 0.9130029218793768]
16:32:03 apf.py[line:59] INFO psi = -0.013689297654728491
16:32:03 apf.py[line:60] INFO tan(psi_hat) = [0.4181485094613406, 0.21241988346295274]
16:32:03 apf.py[line:62] INFO psi_hat = 1.1007683813547249
16:32:03 apf.py[line:65] INFO term1 = 1.8 * cos(1.27548661735747 - -0.013689297654728491) + 0.04 * 10.0 = 0.9002426631168774
16:32:03 apf.py[line:69] INFO term1 = 0.9002426631168774
16:32:03 apf.py[line:73] INFO theta_term_tmp = 1.8 * sin(1.27548661735747 - 1.1007683813547249)/0.9530688656435125 = 0.32830283061341636
16:32:03 apf.py[line:78] INFO [v, theta] = [0.9530688656435125, 1.4352746349395327]
16:32:03 apf.py[line:161] INFO 
16:32:03 apf.py[line:162] INFO 230
16:32:03 apf.py[line:84] INFO [ 2.42258692  3.12854471  2.8383302   1.74131316 -2.0943951 ]
16:32:03 apf.py[line:85] INFO [array([0., 2.]), array([4., 2.]), array([5., 4.]), array([5., 6.]), array([7., 9.])]
16:32:03 apf.py[line:49] INFO n = [0.05143465 0.16774213 0.04811591 0.01249864 0.00030936]
16:32:03 apf.py[line:50] INFO beta = [0.34365462 0.81335963 0.32727866 0.12056619 0.00575785]
16:32:03 apf.py[line:58] INFO theta_robo_ob = [-2.7056422287019486, -0.6210135187000086, 0.32604551944379057, 0.8393097768824224, 0.9086159650491933]
16:32:03 apf.py[line:59] INFO psi = -0.011252904769853585
16:32:03 apf.py[line:60] INFO tan(psi_hat) = [0.40803299841876484, 0.2558404556917008]
16:32:03 apf.py[line:62] INFO psi_hat = 1.0107534772638973
16:32:03 apf.py[line:65] INFO term1 = 1.8 * cos(1.2880529879718292 - -0.011252904769853585) + 0.04 * 10.0 = 0.8827016383529478
16:32:03 apf.py[line:69] INFO term1 = 0.8827016383529478
16:32:03 apf.py[line:73] INFO theta_term_tmp = 1.8 * sin(1.2880529879718292 - 1.0107534772638973)/1.010930900301625 = 0.48743864023192424
16:32:03 apf.py[line:78] INFO [v, theta] = [1.010930900301625, 1.5199073739749775]
16:32:03 apf.py[line:161] INFO 
16:32:03 apf.py[line:162] INFO 231
16:32:03 apf.py[line:84] INFO [ 2.39007804  3.14023303  2.7964423   1.72731316 -2.0943951 ]
16:32:03 apf.py[line:85] INFO [array([0., 2.]), array([4., 2.]), array([5., 4.]), array([5., 6.]), array([7., 9.])]
16:32:03 apf.py[line:49] INFO n = [0.05322429 0.15759227 0.04636374 0.01232804 0.00030407]
16:32:03 apf.py[line:50] INFO beta = [0.35236243 0.77724911 0.31850596 0.11932577 0.00566763]
16:32:03 apf.py[line:58] INFO theta_robo_ob = [-2.696457250222041, -0.6162438440819689, 0.31822666870722427, 0.8310445367284552, 0.904213354853835]
16:32:03 apf.py[line:59] INFO psi = -0.008952161702830114
16:32:03 apf.py[line:60] INFO tan(psi_hat) = [0.39975025712956036, 0.2972506068252102]
16:32:03 apf.py[line:62] INFO psi_hat = 0.9314097515889925
16:32:03 apf.py[line:65] INFO term1 = 1.8 * cos(1.3006193585861885 - -0.008952161702830114) + 0.04 * 10.0 = 0.8648751990979358
16:32:03 apf.py[line:69] INFO term1 = 0.8648751990979358
16:32:03 apf.py[line:73] INFO theta_term_tmp = 1.8 * sin(1.3006193585861885 - 0.9314097515889925)/1.081649099474559 = 0.6005470218152722
16:32:03 apf.py[line:78] INFO [v, theta] = [1.081649099474559, 1.5755948131264434]
16:32:03 apf.py[line:161] INFO 
16:32:03 apf.py[line:162] INFO 232
16:32:03 apf.py[line:84] INFO [ 2.35834642  3.15316674  2.7545544   1.71331316 -2.0943951 ]
16:32:03 apf.py[line:85] INFO [array([0., 2.]), array([4., 2.]), array([5., 4.]), array([5., 6.]), array([7., 9.])]
16:32:03 apf.py[line:49] INFO n = [0.05497687 0.1481785  0.04474733 0.01217508 0.00029945]
16:32:03 apf.py[line:50] INFO beta = [0.36081103 0.74318755 0.31033049 0.11820955 0.00558878]
16:32:03 apf.py[line:58] INFO theta_robo_ob = [-2.686805831314136, -0.6123631402851777, 0.31021935299360676, 0.8227644140459592, 0.8998014382267475]
16:32:03 apf.py[line:59] INFO psi = -0.006781066432172475
16:32:03 apf.py[line:60] INFO tan(psi_hat) = [0.39313702944674417, 0.3365707884441685]
16:32:03 apf.py[line:62] INFO psi_hat = 0.8627624734031842
16:32:03 apf.py[line:65] INFO term1 = 1.8 * cos(1.3131857292005478 - -0.006781066432172475) + 0.04 * 10.0 = 0.8467737107575546
16:32:03 apf.py[line:69] INFO term1 = 0.8467737107575546
16:32:03 apf.py[line:73] INFO theta_term_tmp = 1.8 * sin(1.3131857292005478 - 0.8627624734031842)/1.1537296666506374 = 0.6792092887288564
16:32:03 apf.py[line:78] INFO [v, theta] = [1.1537296666506374, 1.6094472257016137]
16:32:03 apf.py[line:161] INFO 
16:32:03 apf.py[line:162] INFO 233
16:32:03 apf.py[line:84] INFO [ 2.32743887  3.16730144  2.71266649  1.69931316 -2.0943951 ]
16:32:03 apf.py[line:85] INFO [array([0., 2.]), array([4., 2.]), array([5., 4.]), array([5., 6.]), array([7., 9.])]
16:32:03 apf.py[line:49] INFO n = [0.05667816 0.13945839 0.04325596 0.012039   0.0002955 ]
16:32:03 apf.py[line:50] INFO beta = [0.36894079 0.71110562 0.30271387 0.11721331 0.00552107]
16:32:03 apf.py[line:58] INFO theta_robo_ob = [-2.6767145765943545, -0.6093236330436513, 0.30204034780520733, 0.8144780432573129, 0.8953864421976038]
16:32:03 apf.py[line:59] INFO psi = -0.004733575149497765
16:32:03 apf.py[line:60] INFO tan(psi_hat) = [0.38802863959781125, 0.3737447281172304]
16:32:03 apf.py[line:62] INFO psi_hat = 0.8041468337870604
16:32:03 apf.py[line:65] INFO term1 = 1.8 * cos(1.325752099814907 - -0.004733575149497765) + 0.04 * 10.0 = 0.8284078531705031
16:32:03 apf.py[line:69] INFO term1 = 0.8284078531705031
16:32:03 apf.py[line:73] INFO theta_term_tmp = 1.8 * sin(1.325752099814907 - 0.8041468337870604)/1.2209309526097352 = 0.7345957098805149
16:32:03 apf.py[line:78] INFO [v, theta] = [1.2209309526097352, 1.6292174681903813]
16:32:03 apf.py[line:161] INFO 
16:32:03 apf.py[line:162] INFO 234
16:32:03 apf.py[line:84] INFO [ 2.29739987  3.182591    2.67077859  1.68531316 -2.0943951 ]
16:32:03 apf.py[line:85] INFO [array([0., 2.]), array([4., 2.]), array([5., 4.]), array([5., 6.]), array([7., 9.])]
16:32:03 apf.py[line:49] INFO n = [0.05831351 0.13138852 0.04187993 0.01191914 0.00029219]
16:32:03 apf.py[line:50] INFO beta = [0.37669152 0.68092416 0.29562097 0.11633319 0.00546429]
16:32:03 apf.py[line:58] INFO theta_robo_ob = [-2.666213273862469, -0.6070787180007997, 0.29370555485042493, 0.8061938391901823, 0.8909744758473431]
16:32:03 apf.py[line:59] INFO psi = -0.002803616877912728
16:32:03 apf.py[line:60] INFO tan(psi_hat) = [0.3842613778904342, 0.408735809080771]
16:32:03 apf.py[line:62] INFO psi_hat = 0.754544756732688
16:32:03 apf.py[line:65] INFO term1 = 1.8 * cos(1.3383184704292663 - -0.002803616877912728) + 0.04 * 10.0 = 0.8097885928852457
16:32:03 apf.py[line:69] INFO term1 = 0.8097885928852457
16:32:03 apf.py[line:73] INFO theta_term_tmp = 1.8 * sin(1.3383184704292663 - 0.754544756732688)/1.2806464948234055 = 0.7747008091911238
16:32:03 apf.py[line:78] INFO [v, theta] = [1.2806464948234055, 1.64078655685068]
16:32:03 apf.py[line:161] INFO 
16:32:03 apf.py[line:162] INFO 235
16:32:03 apf.py[line:84] INFO [ 2.26827148  3.19898771  2.62889069  1.67131316 -2.0943951 ]
16:32:03 apf.py[line:85] INFO [array([0., 2.]), array([4., 2.]), array([5., 4.]), array([5., 6.]), array([7., 9.])]
16:32:03 apf.py[line:49] INFO n = [0.05986812 0.12392556 0.04061052 0.01181488 0.00028951]
16:32:03 apf.py[line:50] INFO beta = [0.38400357 0.65255772 0.28901958 0.11556565 0.00541823]
16:32:03 apf.py[line:58] INFO theta_robo_ob = [-2.6553347862429724, -0.6055832054042266, 0.28523007040227477, 0.7979200140300422, 0.8865715320689876]
16:32:03 apf.py[line:59] INFO psi = -0.0009851068310007302
16:32:03 apf.py[line:60] INFO tan(psi_hat) = [0.3816742582429251, 0.44152419923101516]
16:32:03 apf.py[line:62] INFO psi_hat = 0.7128217145731561
16:32:03 apf.py[line:65] INFO term1 = 1.8 * cos(1.3508848410436256 - -0.0009851068310007302) + 0.04 * 10.0 = 0.7909271561854965
16:32:03 apf.py[line:69] INFO term1 = 0.7909271561854965
16:32:03 apf.py[line:73] INFO theta_term_tmp = 1.8 * sin(1.3508848410436256 - 0.7128217145731561)/1.3323207672203807 = 0.8047261603778503
16:32:03 apf.py[line:78] INFO [v, theta] = [1.3323207672203807, 1.6480357542387285]
16:32:03 apf.py[line:161] INFO 
16:32:03 apf.py[line:162] INFO 236
16:32:03 apf.py[line:84] INFO [ 2.2400933   3.21644235  2.58700279  1.65731316 -2.0943951 ]
16:32:03 apf.py[line:85] INFO [array([0., 2.]), array([4., 2.]), array([5., 4.]), array([5., 6.]), array([7., 9.])]
16:32:03 apf.py[line:49] INFO n = [0.06132733 0.11702708 0.03943983 0.01172568 0.00028744]
16:32:03 apf.py[line:50] INFO beta = [0.3908189  0.62591737 0.28288021 0.11490745 0.0053827 ]
16:32:03 apf.py[line:58] INFO theta_robo_ob = [-2.644114886830306, -0.6047934925485727, 0.27662824847834466, 0.7896645930959247, 0.8821834891095983]
16:32:03 apf.py[line:59] INFO psi = 0.0007280414054329695
16:32:03 apf.py[line:60] INFO tan(psi_hat) = [0.3801103486819104, 0.4721046492023809]
16:32:03 apf.py[line:62] INFO psi_hat = 0.6778672544149966
16:32:03 apf.py[line:65] INFO term1 = 1.8 * cos(1.3634512116579849 - 0.0007280414054329695) + 0.04 * 10.0 = 0.7718350028182535
16:32:03 apf.py[line:69] INFO term1 = 0.7718350028182535
16:32:03 apf.py[line:73] INFO theta_term_tmp = 1.8 * sin(1.3634512116579849 - 0.6778672544149966)/1.3763992700484664 = 0.8279757632923569
16:32:03 apf.py[line:78] INFO [v, theta] = [1.3763992700484664, 1.653355474974731]
16:32:03 apf.py[line:161] INFO 
16:32:03 apf.py[line:162] INFO 237
16:32:03 apf.py[line:84] INFO [ 2.21290241  3.23490439  2.54511489  1.64331316 -2.0943951 ]
16:32:03 apf.py[line:85] INFO [array([0., 2.]), array([4., 2.]), array([5., 4.]), array([5., 6.]), array([7., 9.])]
16:32:03 apf.py[line:49] INFO n = [0.06267695 0.1106522  0.03836071 0.01165104 0.00028598]
16:32:03 apf.py[line:50] INFO beta = [0.39708228 0.60091295 0.27717579 0.11435566 0.00535751]
16:32:03 apf.py[line:58] INFO theta_robo_ob = [-2.632592035229522, -0.6046676771204772, 0.2679137592206924, 0.7814354294943955, 0.8778161118708984]
16:32:03 apf.py[line:59] INFO psi = 0.0023419047864830164
16:32:03 apf.py[line:60] INFO tan(psi_hat) = [0.3794178322677684, 0.5004848529281188]
16:32:03 apf.py[line:62] INFO psi_hat = 0.6486653221383509
16:32:03 apf.py[line:65] INFO term1 = 1.8 * cos(1.3760175822723442 - 0.0023419047864830164) + 0.04 * 10.0 = 0.752523800380358
16:32:03 apf.py[line:69] INFO term1 = 0.752523800380358
16:32:03 apf.py[line:73] INFO theta_term_tmp = 1.8 * sin(1.3760175822723442 - 0.6486653221383509)/1.4137345940208228 = 0.8465589611189941
16:32:03 apf.py[line:78] INFO [v, theta] = [1.4137345940208228, 1.658152458282813]
16:32:04 apf.py[line:161] INFO 
16:32:04 apf.py[line:162] INFO 238
16:32:04 apf.py[line:84] INFO [ 2.18673333  3.25432201  2.50322698  1.62931316 -2.0943951 ]
16:32:04 apf.py[line:85] INFO [array([0., 2.]), array([4., 2.]), array([5., 4.]), array([5., 6.]), array([7., 9.])]
16:32:04 apf.py[line:49] INFO n = [0.06390359 0.10476194 0.03736672 0.01159053 0.00028511]
16:32:04 apf.py[line:50] INFO beta = [0.40274242 0.57745474 0.2718815  0.11390758 0.00534247]
16:32:04 apf.py[line:58] INFO theta_robo_ob = [-2.6208070973367006, -0.6051656228497466, 0.25909964283406517, 0.7732402177010739, 0.8734750529480764]
16:32:04 apf.py[line:59] INFO psi = 0.0038625407344323828
16:32:04 apf.py[line:60] INFO tan(psi_hat) = [0.379450913963922, 0.5266842507653046]
16:32:04 apf.py[line:62] INFO psi_hat = 0.6243209110958405
16:32:04 apf.py[line:65] INFO term1 = 1.8 * cos(1.3885839528867034 - 0.0038625407344323828) + 0.04 * 10.0 = 0.7330053993221652
16:32:04 apf.py[line:69] INFO term1 = 0.7330053993221652
16:32:04 apf.py[line:73] INFO theta_term_tmp = 1.8 * sin(1.3885839528867034 - 0.6243209110958405)/1.4452818105796976 = 0.8618452943242558
16:32:04 apf.py[line:78] INFO [v, theta] = [1.4452818105796976, 1.6632178174701544]
16:32:04 apf.py[line:161] INFO 
16:32:04 apf.py[line:162] INFO 239
16:32:04 apf.py[line:84] INFO [ 2.16161802  3.27464233  2.46133908  1.61531316 -2.0943951 ]
16:32:04 apf.py[line:85] INFO [array([0., 2.]), array([4., 2.]), array([5., 4.]), array([5., 6.]), array([7., 9.])]
16:32:04 apf.py[line:49] INFO n = [0.064995   0.09931946 0.03645202 0.01154375 0.00028482]
16:32:04 apf.py[line:50] INFO beta = [0.40775314 0.55545473 0.26697461 0.11356078 0.00533743]
16:32:04 apf.py[line:58] INFO theta_robo_ob = [-2.608803011781463, -0.6062489872055239, 0.2501983594191572, 0.7650865061134252, 0.8691658533880675]
16:32:04 apf.py[line:59] INFO psi = 0.005295977997910404
16:32:04 apf.py[line:60] INFO tan(psi_hat) = [0.38007065050179367, 0.5507331523139278]
16:32:04 apf.py[line:62] INFO psi_hat = 0.6040626545716884
16:32:04 apf.py[line:65] INFO term1 = 1.8 * cos(1.4011503235010627 - 0.005295977997910404) + 0.04 * 10.0 = 0.7132918085298704
16:32:04 apf.py[line:69] INFO term1 = 0.7132918085298704
16:32:04 apf.py[line:73] INFO theta_term_tmp = 1.8 * sin(1.4011503235010627 - 0.6040626545716884)/1.4719564368384697 = 0.8747427488655554
16:32:04 apf.py[line:78] INFO [v, theta] = [1.4719564368384697, 1.6689673503220228]
16:32:04 apf.py[line:161] INFO 
16:32:04 apf.py[line:162] INFO 240
16:32:04 apf.py[line:84] INFO [ 2.13758577  3.29581147  2.41945118  1.60131316 -2.0943951 ]
16:32:04 apf.py[line:85] INFO [array([0., 2.]), array([4., 2.]), array([5., 4.]), array([5., 6.]), array([7., 9.])]
16:32:04 apf.py[line:49] INFO n = [0.06594034 0.09429019 0.03561133 0.01151037 0.00028509]
16:32:04 apf.py[line:50] INFO beta = [0.4120744  0.53482753 0.26243425 0.11331307 0.00534221]
16:32:04 apf.py[line:58] INFO theta_robo_ob = [-2.5966244085450754, -0.6078812193469005, 0.24122183501525027, 0.7569817086130738, 0.8648939431502699]
16:32:04 apf.py[line:59] INFO psi = 0.0066482083656138405
16:32:04 apf.py[line:60] INFO tan(psi_hat) = [0.38114574648480176, 0.5726720613474532]
16:32:04 apf.py[line:62] INFO psi_hat = 0.5872337945475892
16:32:04 apf.py[line:65] INFO term1 = 1.8 * cos(1.413716694115422 - 0.0066482083656138405) + 0.04 * 10.0 = 0.6933951714512248
16:32:04 apf.py[line:69] INFO term1 = 0.6933951714512248
16:32:04 apf.py[line:73] INFO theta_term_tmp = 1.8 * sin(1.413716694115422 - 0.5872337945475892)/1.4945774202948205 = 0.8858663010427452
16:32:04 apf.py[line:78] INFO [v, theta] = [1.4945774202948205, 1.6755917567624459]
16:32:04 apf.py[line:161] INFO 
16:32:04 apf.py[line:162] INFO 241
16:32:04 apf.py[line:84] INFO [ 2.11466324  3.3177747   2.37756328  1.58731316 -2.0943951 ]
16:32:04 apf.py[line:85] INFO [array([0., 2.]), array([4., 2.]), array([5., 4.]), array([5., 6.]), array([7., 9.])]
16:32:04 apf.py[line:49] INFO n = [0.06673054 0.08964193 0.03483986 0.01149009 0.00028593]
16:32:04 apf.py[line:50] INFO beta = [0.41567322 0.51549101 0.25824128 0.11316246 0.00535665]
16:32:04 apf.py[line:58] INFO theta_robo_ob = [-2.5843171872477098, -0.6100275351692637, 0.23218150414415098, 0.7489331151705343, 0.8606646412542038]
16:32:04 apf.py[line:59] INFO psi = 0.007925179158739293
16:32:04 apf.py[line:60] INFO tan(psi_hat) = [0.3825533316451203, 0.5925510970460255]
16:32:04 apf.py[line:62] INFO psi_hat = 0.5732786445312066
16:32:04 apf.py[line:65] INFO term1 = 1.8 * cos(1.4262830647297813 - 0.007925179158739293) + 0.04 * 10.0 = 0.6733277427327097
16:32:04 apf.py[line:69] INFO term1 = 0.6733277427327097
16:32:04 apf.py[line:73] INFO theta_term_tmp = 1.8 * sin(1.4262830647297813 - 0.5732786445312066)/1.513851937164861 = 0.8956409456789995
16:32:04 apf.py[line:78] INFO [v, theta] = [1.513851937164861, 1.6831488099275151]
16:32:04 apf.py[line:161] INFO 
16:32:04 apf.py[line:162] INFO 242
16:32:04 apf.py[line:84] INFO [ 2.09287444  3.34047654  2.33567537  1.57331316 -2.0943951 ]
16:32:04 apf.py[line:85] INFO [array([0., 2.]), array([4., 2.]), array([5., 4.]), array([5., 6.]), array([7., 9.])]
16:32:04 apf.py[line:49] INFO n = [0.06735844 0.08534473 0.03413328 0.01148265 0.00028732]
16:32:04 apf.py[line:50] INFO beta = [0.41852446 0.49736676 0.25437815 0.11310719 0.00538061]
16:32:04 apf.py[line:58] INFO theta_robo_ob = [-2.571928064340417, -0.612654875088227, 0.2230883491252711, 0.7409479015200359, 0.8564831556000868]
16:32:04 apf.py[line:59] INFO psi = 0.009132786429082596
16:32:04 apf.py[line:60] INFO tan(psi_hat) = [0.3841797118781624, 0.6104294224045997]
16:32:04 apf.py[line:62] INFO psi_hat = 0.5617282789883634
16:32:04 apf.py[line:65] INFO term1 = 1.8 * cos(1.4388494353441406 - 0.009132786429082596) + 0.04 * 10.0 = 0.6531018653396194
16:32:04 apf.py[line:69] INFO term1 = 0.6531018653396194
16:32:04 apf.py[line:73] INFO theta_term_tmp = 1.8 * sin(1.4388494353441406 - 0.5617282789883634)/1.5303792102686895 = 0.9043657696347601
16:32:04 apf.py[line:78] INFO [v, theta] = [1.5303792102686895, 1.691619493506908]
16:32:04 apf.py[line:161] INFO 
16:32:04 apf.py[line:162] INFO 243
16:32:04 apf.py[line:84] INFO [ 2.07224065  3.36386094  2.29378747  1.55931316 -2.0943951 ]
16:32:04 apf.py[line:85] INFO [array([0., 2.]), array([4., 2.]), array([5., 4.]), array([5., 6.]), array([7., 9.])]
16:32:04 apf.py[line:49] INFO n = [0.06781906 0.08137093 0.03348768 0.01148783 0.00028926]
16:32:04 apf.py[line:50] INFO beta = [0.42061141 0.4803803  0.25082876 0.11314565 0.00541394]
16:32:04 apf.py[line:58] INFO theta_robo_ob = [-2.5595040998232963, -0.615731849168281, 0.21395293641032123, 0.7330331379270209, 0.8523545824497225]
16:32:04 apf.py[line:59] INFO psi = 0.010276868792832176
16:32:04 apf.py[line:60] INFO tan(psi_hat) = [0.3859210707410474, 0.6263746107365978]
16:32:04 apf.py[line:62] INFO psi_hat = 0.552187209263851
16:32:04 apf.py[line:65] INFO term1 = 1.8 * cos(1.4514158059584998 - 0.010276868792832176) + 0.04 * 10.0 = 0.6327299481338995
16:32:04 apf.py[line:69] INFO term1 = 0.6327299481338995
16:32:04 apf.py[line:73] INFO theta_term_tmp = 1.8 * sin(1.4514158059584998 - 0.552187209263851)/1.5446618272993435 = 0.9122546252025071
16:32:04 apf.py[line:78] INFO [v, theta] = [1.5446618272993435, 1.70094210936207]
16:32:04 apf.py[line:161] INFO 
16:32:04 apf.py[line:162] INFO 244
16:32:04 apf.py[line:84] INFO [ 2.05278051  3.38787135  2.25189957  1.54531316 -2.0943951 ]
16:32:04 apf.py[line:85] INFO [array([0., 2.]), array([4., 2.]), array([5., 4.]), array([5., 6.]), array([7., 9.])]
16:32:04 apf.py[line:49] INFO n = [0.06810967 0.077695   0.0328995  0.01150544 0.00029174]
16:32:04 apf.py[line:50] INFO beta = [0.42192605 0.46446127 0.24757837 0.11327645 0.00545648]
16:32:04 apf.py[line:58] INFO theta_robo_ob = [-2.547092215043568, -0.6192286733224426, 0.2047854501655911, 0.7251957970659575, 0.8482839055564998]
16:32:04 apf.py[line:59] INFO psi = 0.011363201833337349
16:32:04 apf.py[line:60] INFO tan(psi_hat) = [0.3876840885335281, 0.6404619030461459]
16:32:04 apf.py[line:62] INFO psi_hat = 0.54432173058263
16:32:04 apf.py[line:65] INFO term1 = 1.8 * cos(1.4639821765728591 - 0.011363201833337349) + 0.04 * 10.0 = 0.6122244438879225
16:32:04 apf.py[line:69] INFO term1 = 0.6122244438879225
16:32:04 apf.py[line:73] INFO theta_term_tmp = 1.8 * sin(1.4639821765728591 - 0.54432173058263)/1.557119012215459 = 0.9194625116573881
16:32:04 apf.py[line:78] INFO [v, theta] = [1.557119012215459, 1.7110329864780403]
16:32:04 apf.py[line:161] INFO 
16:32:04 apf.py[line:162] INFO 245
16:32:04 apf.py[line:84] INFO [ 2.03420203  3.4128651   2.21001167  1.55711901 -2.0943951 ]
16:32:04 apf.py[line:85] INFO [array([0., 2.]), array([4., 2.]), array([5., 4.]), array([5., 6.]), array([7., 9.])]
16:32:04 apf.py[line:49] INFO n = [0.06823155 0.07423773 0.03235654 0.01153582 0.0002948 ]
16:32:04 apf.py[line:50] INFO beta = [0.42247691 0.44929737 0.24456339 0.1135019  0.00550897]
16:32:04 apf.py[line:58] INFO theta_robo_ob = [-2.534530435723985, -0.6231818248874299, 0.1954415373988257, 0.7173120226183006, 0.8442083955364199]
16:32:04 apf.py[line:59] INFO psi = 0.012358240315044802
16:32:04 apf.py[line:60] INFO tan(psi_hat) = [0.3893590441923643, 0.6529751854936249]
16:32:04 apf.py[line:62] INFO psi_hat = 0.5376831064766469
16:32:04 apf.py[line:65] INFO term1 = 1.8 * cos(1.4765485471872184 - 0.012358240315044802) + 0.04 * 10.0 = 0.5915275741237395
16:32:04 apf.py[line:69] INFO term1 = 0.5915275741237395
16:32:04 apf.py[line:73] INFO theta_term_tmp = 1.8 * sin(1.4765485471872184 - 0.5376831064766469)/1.568237302975282 = 0.9261348225843189
16:32:04 apf.py[line:78] INFO [v, theta] = [1.568237302975282, 1.7217162759220335]
16:32:04 apf.py[line:161] INFO 
16:32:04 apf.py[line:162] INFO 246
16:32:04 apf.py[line:84] INFO [ 2.01656141  3.43879878  2.16812377  1.5682373  -2.0943951 ]
16:32:04 apf.py[line:85] INFO [array([0., 2.]), array([4., 2.]), array([5., 4.]), array([5., 6.]), array([7., 9.])]
16:32:04 apf.py[line:49] INFO n = [0.0681802  0.07098917 0.03185765 0.01157919 0.00029845]
16:32:04 apf.py[line:50] INFO beta = [0.42224484 0.43486918 0.24178062 0.11382357 0.00557154]
16:32:04 apf.py[line:58] INFO theta_robo_ob = [-2.5218694737715603, -0.6275744359440953, 0.18593282403735284, 0.7093925057320292, 0.8401354983699655]
16:32:04 apf.py[line:59] INFO psi = 0.013266534329653962
16:32:04 apf.py[line:60] INFO tan(psi_hat) = [0.3908706560354482, 0.6639331402304157]
16:32:04 apf.py[line:62] INFO psi_hat = 0.5320840241463909
16:32:04 apf.py[line:65] INFO term1 = 1.8 * cos(1.4891149178015777 - 0.013266534329653962) + 0.04 * 10.0 = 0.5706496238046996
16:32:04 apf.py[line:69] INFO term1 = 0.5706496238046996
16:32:04 apf.py[line:73] INFO theta_term_tmp = 1.8 * sin(1.4891149178015777 - 0.5320840241463909)/1.5782504264962063 = 0.9323445683651768
16:32:04 apf.py[line:78] INFO [v, theta] = [1.5782504264962063, 1.7329279811450404]
16:32:04 apf.py[line:161] INFO 
16:32:04 apf.py[line:162] INFO 247
16:32:04 apf.py[line:84] INFO [ 1.99991665  3.46561859  2.12623586  1.57825043 -2.0943951 ]
16:32:04 apf.py[line:85] INFO [array([0., 2.]), array([4., 2.]), array([5., 4.]), array([5., 6.]), array([7., 9.])]
16:32:04 apf.py[line:49] INFO n = [0.06795374 0.0679401  0.03140187 0.01163582 0.0003027 ]
16:32:04 apf.py[line:50] INFO beta = [0.42122084 0.42115913 0.23922767 0.11424299 0.00564431]
16:32:04 apf.py[line:58] INFO theta_robo_ob = [-2.509164810778432, -0.6323881023089631, 0.17627346539187547, 0.7014501273747016, 0.8360737917066121]
16:32:04 apf.py[line:59] INFO psi = 0.014093523294393485
16:32:04 apf.py[line:60] INFO tan(psi_hat) = [0.3921507821043591, 0.673365079117698]
16:32:04 apf.py[line:62] INFO psi_hat = 0.5273588960046347
16:32:04 apf.py[line:65] INFO term1 = 1.8 * cos(1.501681288415937 - 0.014093523294393485) + 0.04 * 10.0 = 0.5496026383786212
16:32:04 apf.py[line:69] INFO term1 = 0.5496026383786212
16:32:04 apf.py[line:73] INFO theta_term_tmp = 1.8 * sin(1.501681288415937 - 0.5273588960046347)/1.5873613241891953 = 0.9381472138111219
16:32:04 apf.py[line:78] INFO [v, theta] = [1.5873613241891953, 1.7445985938616606]
16:32:04 apf.py[line:161] INFO 
16:32:04 apf.py[line:162] INFO 248
16:32:04 apf.py[line:84] INFO [ 1.98428745  3.49325216  2.08552789  1.58736132 -2.03539878]
16:32:04 apf.py[line:85] INFO [array([0., 2.]), array([4., 2.]), array([5., 4.]), array([5., 6.]), array([7., 9.])]
16:32:04 apf.py[line:49] INFO n = [0.06755673 0.06507933 0.03098689 0.01170552 0.00030755]
16:32:04 apf.py[line:50] INFO beta = [0.41942335 0.40813934 0.23689416 0.11475849 0.00572709]
16:32:04 apf.py[line:58] INFO theta_robo_ob = [-2.496469056670392, -0.6375910024002854, 0.16648056444711776, 0.6934951101815399, 0.832029777818946]
16:32:04 apf.py[line:59] INFO psi = 0.014846237138386674
16:32:04 apf.py[line:60] INFO tan(psi_hat) = [0.39314606788116013, 0.6813401365160796]
16:32:04 apf.py[line:62] INFO psi_hat = 0.5233501379325664
16:32:04 apf.py[line:65] INFO term1 = 1.8 * cos(1.5142476590302962 - 0.014846237138386674) + 0.04 * 10.0 = 0.5284016817187718
16:32:04 apf.py[line:69] INFO term1 = 0.5284016817187718
16:32:04 apf.py[line:73] INFO theta_term_tmp = 1.8 * sin(1.5142476590302962 - 0.5233501379325664)/1.5957565457940204 = 0.943585403755483
16:32:04 apf.py[line:78] INFO [v, theta] = [1.5957565457940204, 1.756646366494015]
16:32:04 apf.py[line:161] INFO 
16:32:04 apf.py[line:162] INFO 249
16:32:04 apf.py[line:84] INFO [ 1.96965971  3.52161772  2.04691431  1.59575655 -1.93067902]
16:32:04 apf.py[line:85] INFO [array([0., 2.]), array([4., 2.]), array([5., 4.]), array([5., 6.]), array([7., 9.])]
16:32:04 apf.py[line:49] INFO n = [0.06699902 0.06239426 0.03060935 0.01178779 0.00031298]
16:32:04 apf.py[line:50] INFO beta = [0.41689329 0.39577348 0.23476362 0.11536587 0.00581949]
16:32:04 apf.py[line:58] INFO theta_robo_ob = [-2.48382869083015, -0.6431424529590776, 0.1565720939377995, 0.6855343693792819, 0.8280076058074108]
16:32:04 apf.py[line:59] INFO psi = 0.015532433581143345
16:32:04 apf.py[line:60] INFO tan(psi_hat) = [0.3938189764822014, 0.6879582309121212]
16:32:04 apf.py[line:62] INFO psi_hat = 0.5199128054372819
16:32:04 apf.py[line:65] INFO term1 = 1.8 * cos(1.5268140296446555 - 0.015532433581143345) + 0.04 * 10.0 = 0.5070632861058885
16:32:04 apf.py[line:69] INFO term1 = 0.5070632861058885
16:32:04 apf.py[line:73] INFO theta_term_tmp = 1.8 * sin(1.5268140296446555 - 0.5199128054372819)/1.6036015872507858 = 0.9486916250675557
16:32:04 apf.py[line:78] INFO [v, theta] = [1.6036015872507858, 1.768984911215677]
16:32:05 apf.py[line:161] INFO 
16:32:05 apf.py[line:162] INFO 250
16:32:05 apf.py[line:84] INFO [ 1.95601061  3.55064042  2.01039512  1.60360159 -1.82595927]
16:32:05 apf.py[line:85] INFO [array([0., 2.]), array([4., 2.]), array([5., 4.]), array([5., 6.]), array([7., 9.])]
16:32:05 apf.py[line:49] INFO n = [0.06629231 0.05987232 0.03026601 0.01188213 0.00031896]
16:32:05 apf.py[line:50] INFO beta = [0.41367883 0.38402324 0.23281961 0.11606097 0.00592108]
16:32:05 apf.py[line:58] INFO theta_robo_ob = [-2.4712840190244725, -0.6490041861023157, 0.14656339577494415, 0.6775725786856074, 0.8240101180837082]
16:32:05 apf.py[line:59] INFO psi = 0.016159101625801885
16:32:05 apf.py[line:60] INFO tan(psi_hat) = [0.39414312687049835, 0.6933262829691991]
16:32:05 apf.py[line:62] INFO psi_hat = 0.5169216135571745
16:32:05 apf.py[line:65] INFO term1 = 1.8 * cos(1.5393804002590148 - 0.016159101625801885) + 0.04 * 10.0 = 0.4856027501893312
16:32:05 apf.py[line:69] INFO term1 = 0.4856027501893312
16:32:05 apf.py[line:73] INFO theta_term_tmp = 1.8 * sin(1.5393804002590148 - 0.5169216135571745)/1.6110344657246765 = 0.953490539720957
16:32:05 apf.py[line:78] INFO [v, theta] = [1.6110344657246765, 1.7815332860135635]
16:32:05 apf.py[line:161] INFO 
16:32:05 apf.py[line:162] INFO 251
16:32:05 apf.py[line:84] INFO [ 1.9433099   3.58025233  1.97597033  1.61103447 -1.72123951]
16:32:05 apf.py[line:85] INFO [array([0., 2.]), array([4., 2.]), array([5., 4.]), array([5., 6.]), array([7., 9.])]
16:32:05 apf.py[line:49] INFO n = [0.06544966 0.05750125 0.02995368 0.01198808 0.00032548]
16:32:05 apf.py[line:50] INFO beta = [0.40983362 0.37284949 0.23104587 0.11683967 0.00603147]
16:32:05 apf.py[line:58] INFO theta_robo_ob = [-2.4588692431798416, -0.6551403599562114, 0.1364674582473608, 0.6696124013566584, 0.8200389784145448]
16:32:05 apf.py[line:59] INFO psi = 0.016732483433205804
16:32:05 apf.py[line:60] INFO tan(psi_hat) = [0.3941025547941165, 0.6975548232081392]
16:32:05 apf.py[line:62] INFO psi_hat = 0.514269240764553
16:32:05 apf.py[line:65] INFO term1 = 1.8 * cos(1.551946770873374 - 0.016732483433205804) + 0.04 * 10.0 = 0.4640341567652447
16:32:05 apf.py[line:69] INFO term1 = 0.4640341567652447
16:32:05 apf.py[line:73] INFO theta_term_tmp = 1.8 * sin(1.551946770873374 - 0.514269240764553)/1.618168735202593 = 0.9580009577147549
16:32:05 apf.py[line:78] INFO [v, theta] = [1.618168735202593, 1.7942172683539073]
16:32:05 apf.py[line:161] INFO 
16:32:05 apf.py[line:162] INFO 252
16:32:05 apf.py[line:84] INFO [ 1.93152105  3.61039218  1.94363994  1.61816874 -1.61651976]
16:32:05 apf.py[line:85] INFO [array([0., 2.]), array([4., 2.]), array([5., 4.]), array([5., 6.]), array([7., 9.])]
16:32:05 apf.py[line:49] INFO n = [0.06448506 0.05526926 0.0296693  0.01210513 0.00033252]
16:32:05 apf.py[line:50] INFO beta = [0.40541491 0.36221317 0.22942633 0.11769787 0.00615026]
16:32:05 apf.py[line:58] INFO theta_robo_ob = [-2.4466126472853365, -0.6615174903123935, 0.12629519053784533, 0.6616547053156141, 0.8160947912327134]
16:32:05 apf.py[line:59] INFO psi = 0.0172581070821126
16:32:05 apf.py[line:60] INFO tan(psi_hat) = [0.3936906985327279, 0.7007551677432665]
16:32:05 apf.py[line:62] INFO psi_hat = 0.5118645416039221
16:32:05 apf.py[line:65] INFO term1 = 1.8 * cos(1.5645131414877333 - 0.0172581070821126) + 0.04 * 10.0 = 0.4423704124872153
16:32:05 apf.py[line:69] INFO term1 = 0.4423704124872153
16:32:05 apf.py[line:73] INFO theta_term_tmp = 1.8 * sin(1.5645131414877333 - 0.5118645416039221)/1.6250964161798698 = 0.9622373608761777
16:32:05 apf.py[line:78] INFO [v, theta] = [1.6250964161798698, 1.8069699857203378]
16:32:05 apf.py[line:161] INFO 
16:32:05 apf.py[line:162] INFO 253
16:32:05 apf.py[line:84] INFO [ 1.92060221  3.64100516  1.91340394  1.62509642 -1.5118    ]
16:32:05 apf.py[line:85] INFO [array([0., 2.]), array([4., 2.]), array([5., 4.]), array([5., 6.]), array([7., 9.])]
16:32:05 apf.py[line:49] INFO n = [0.06341294 0.05316515 0.02940988 0.01223284 0.00034005]
16:32:05 apf.py[line:50] INFO beta = [0.40048205 0.35207596 0.22794518 0.11863149 0.00627707]
16:32:05 apf.py[line:58] INFO theta_robo_ob = [-2.434536873038095, -0.6681043275641548, 0.11605568924338146, 0.6536987614810215, 0.8121772113447169]
16:32:05 apf.py[line:59] INFO psi = 0.017740826682981277
16:32:05 apf.py[line:60] INFO tan(psi_hat) = [0.3929092145672253, 0.7030371402391596]
16:32:05 apf.py[line:62] INFO psi_hat = 0.5096307629610233
16:32:05 apf.py[line:65] INFO term1 = 1.8 * cos(1.5770795121020926 - 0.017740826682981277) + 0.04 * 10.0 = 0.4206233032400629
16:32:05 apf.py[line:69] INFO term1 = 0.4206233032400629
16:32:05 apf.py[line:73] INFO theta_term_tmp = 1.8 * sin(1.5770795121020926 - 0.5096307629610233)/1.631890752363227 = 0.9662110762858008
16:32:05 apf.py[line:78] INFO [v, theta] = [1.631890752363227, 1.8197320995161463]
16:32:05 apf.py[line:161] INFO 
16:32:05 apf.py[line:162] INFO 254
16:32:05 apf.py[line:84] INFO [ 1.91050705  3.67204247  1.88526233  1.63189075 -1.40708025]
16:32:05 apf.py[line:85] INFO [array([0., 2.]), array([4., 2.]), array([5., 4.]), array([5., 6.]), array([7., 9.])]
16:32:05 apf.py[line:49] INFO n = [0.06224785 0.05117837 0.02917255 0.01237071 0.00034806]
16:32:05 apf.py[line:50] INFO beta = [0.395095   0.34240073 0.2265869  0.11963645 0.0064115 ]
16:32:05 apf.py[line:58] INFO theta_robo_ob = [-2.422659261418794, -0.6748716977399938, 0.10575649393546782, 0.6457424256991512, 0.8082850439239864]
16:32:05 apf.py[line:59] INFO psi = 0.018184867173211324
16:32:05 apf.py[line:60] INFO tan(psi_hat) = [0.3917667129545794, 0.7045073019894523]
16:32:05 apf.py[line:62] INFO psi_hat = 0.5075038236624632
16:32:05 apf.py[line:65] INFO term1 = 1.8 * cos(1.589645882716452 - 0.018184867173211324) + 0.04 * 10.0 = 0.3988035603410808
16:32:05 apf.py[line:69] INFO term1 = 0.3988035603410808
16:32:05 apf.py[line:73] INFO theta_term_tmp = 1.8 * sin(1.589645882716452 - 0.5075038236624632)/1.6386087527366242 = 0.9699311748340291
16:32:05 apf.py[line:78] INFO [v, theta] = [1.6386087527366242, 1.8324516837573679]
16:32:05 apf.py[line:161] INFO 
16:32:05 apf.py[line:162] INFO 255
16:32:05 apf.py[line:84] INFO [ 1.90118545  3.70346099  1.85921512  1.63860875 -1.30236049]
16:32:05 apf.py[line:85] INFO [array([0., 2.]), array([4., 2.]), array([5., 4.]), array([5., 6.]), array([7., 9.])]
16:32:05 apf.py[line:49] INFO n = [0.06100411 0.04929906 0.02895449 0.01251827 0.00035654]
16:32:05 apf.py[line:50] INFO beta = [0.38931319 0.33315192 0.2253362  0.12070861 0.00655319]
16:32:05 apf.py[line:58] INFO theta_robo_ob = [-2.4109922392514354, -0.6817923219678662, 0.09540383042442091, 0.6377823055101304, 0.8044163351796105]
16:32:05 apf.py[line:59] INFO psi = 0.018593871815707194
16:32:05 apf.py[line:60] INFO tan(psi_hat) = [0.3902774854582221, 0.7052676407034367]
16:32:05 apf.py[line:62] INFO psi_hat = 0.5054306936355634
16:32:05 apf.py[line:65] INFO term1 = 1.8 * cos(1.6022122533308112 - 0.018593871815707194) + 0.04 * 10.0 = 0.37692093390173587
16:32:05 apf.py[line:69] INFO term1 = 0.37692093390173587
16:32:05 apf.py[line:73] INFO theta_term_tmp = 1.8 * sin(1.6022122533308112 - 0.5054306936355634)/1.6452935033925358 = 0.9734051531723146
16:32:05 apf.py[line:78] INFO [v, theta] = [1.6452935033925358, 1.845083900138508]
16:32:05 apf.py[line:161] INFO 
16:32:05 apf.py[line:162] INFO 256
16:32:05 apf.py[line:84] INFO [ 1.89258405  3.73522279  1.83526231  1.6452935  -1.19764074]
16:32:05 apf.py[line:85] INFO [array([0., 2.]), array([4., 2.]), array([5., 4.]), array([5., 6.]), array([7., 9.])]
16:32:05 apf.py[line:49] INFO n = [0.05969554 0.04751808 0.02875298 0.01267503 0.00036546]
16:32:05 apf.py[line:50] INFO beta = [0.38319448 0.32429569 0.22417805 0.12184379 0.00670176]
16:32:05 apf.py[line:58] INFO theta_robo_ob = [-2.3995437328231906, -0.6888406250974863, 0.08500284149514838, 0.6298139134938421, 0.8005684544132041]
16:32:05 apf.py[line:59] INFO psi = 0.01897095097712557
16:32:05 apf.py[line:60] INFO tan(psi_hat) = [0.38846028270921185, 0.7054146617380351]
16:32:05 apf.py[line:62] INFO psi_hat = 0.5033678933288795
16:32:05 apf.py[line:65] INFO term1 = 1.8 * cos(1.6147786239451705 - 0.01897095097712557) + 0.04 * 10.0 = 0.35498427062663773
16:32:05 apf.py[line:69] INFO term1 = 0.35498427062663773
16:32:05 apf.py[line:73] INFO theta_term_tmp = 1.8 * sin(1.6147786239451705 - 0.5033678933288795)/1.6519762479473923 = 0.976639444566137
16:32:05 apf.py[line:78] INFO [v, theta] = [1.6519762479473923, 1.8575905425770434]
16:32:05 apf.py[line:161] INFO 
16:32:05 apf.py[line:162] INFO 257
16:32:05 apf.py[line:84] INFO [ 1.88464682  3.76729475  1.81340389  1.65197625 -1.09292098]
16:32:05 apf.py[line:85] INFO [array([0., 2.]), array([4., 2.]), array([5., 4.]), array([5., 6.]), array([7., 9.])]
16:32:05 apf.py[line:49] INFO n = [0.05833531 0.04582697 0.02856534 0.01284048 0.00037481]
16:32:05 apf.py[line:50] INFO beta = [0.37679442 0.31580006 0.22309764 0.12303767 0.00685684]
16:32:05 apf.py[line:58] INFO theta_robo_ob = [-2.38831759367054, -0.6959925413634943, 0.07455780560328482, 0.6218318092500724, 0.7967381683766305]
16:32:05 apf.py[line:59] INFO psi = 0.019318731201071034
16:32:05 apf.py[line:60] INFO tan(psi_hat) = [0.3863371809100143, 0.7050388225690369]
16:32:05 apf.py[line:62] INFO psi_hat = 0.5012801238482003
16:32:05 apf.py[line:65] INFO term1 = 1.8 * cos(1.6273449945595297 - 0.019318731201071034) + 0.04 * 10.0 = 0.33300159408182506
16:32:05 apf.py[line:69] INFO term1 = 0.33300159408182506
16:32:05 apf.py[line:73] INFO theta_term_tmp = 1.8 * sin(1.6273449945595297 - 0.5012801238482003)/1.6586782430530214 = 0.9796397946701647
16:32:05 apf.py[line:78] INFO [v, theta] = [1.6586782430530214, 1.869939504107421]
16:32:05 apf.py[line:161] INFO 
16:32:05 apf.py[line:162] INFO 258
16:32:05 apf.py[line:84] INFO [ 1.87731533  3.79964803  1.79363986  1.65867824 -0.98820123]
16:32:05 apf.py[line:85] INFO [array([0., 2.]), array([4., 2.]), array([5., 4.]), array([5., 6.]), array([7., 9.])]
16:32:05 apf.py[line:49] INFO n = [0.05693574 0.04421794 0.02838899 0.01301408 0.00038457]
16:32:05 apf.py[line:50] INFO beta = [0.37016565 0.30763505 0.22208036 0.1242858  0.00701805]
16:32:05 apf.py[line:58] INFO theta_robo_ob = [-2.377314024548126, -0.7032253227664274, 0.06407234446109948, 0.6138297322356768, 0.7929217089587829]
16:32:05 apf.py[line:59] INFO psi = 0.019639403935075298
16:32:05 apf.py[line:60] INFO tan(psi_hat) = [0.3839325645719601, 0.7042242515863443]
16:32:05 apf.py[line:62] INFO psi_hat = 0.499139031502266
16:32:05 apf.py[line:65] INFO term1 = 1.8 * cos(1.639911365173889 - 0.019639403935075298) + 0.04 * 10.0 = 0.3109801860618138
16:32:05 apf.py[line:69] INFO term1 = 0.3109801860618138
16:32:05 apf.py[line:73] INFO theta_term_tmp = 1.8 * sin(1.639911365173889 - 0.499139031502266)/1.6654123994913124 = 0.9824115310928418
16:32:05 apf.py[line:78] INFO [v, theta] = [1.6654123994913124, 1.8821042046091954]
16:32:05 apf.py[line:161] INFO 
16:32:05 apf.py[line:162] INFO 259
16:32:05 apf.py[line:84] INFO [ 1.8705292   3.83225766  1.77597023  1.6654124  -0.88348147]
16:32:05 apf.py[line:85] INFO [array([0., 2.]), array([4., 2.]), array([5., 4.]), array([5., 6.]), array([7., 9.])]
16:32:05 apf.py[line:49] INFO n = [0.05550821 0.04268384 0.02822136 0.01319526 0.00039471]
16:32:05 apf.py[line:50] INFO beta = [0.3633575  0.29977259 0.22111174 0.12558353 0.00718502]
16:32:05 apf.py[line:58] INFO theta_robo_ob = [-2.3665299962857667, -0.7105173541661999, 0.053549620674247116, 0.6058007277543, 0.7891148352868612]
16:32:05 apf.py[line:59] INFO psi = 0.019934773535232965
16:32:05 apf.py[line:60] INFO tan(psi_hat) = [0.38127223992019577, 0.7030486950882845]
16:32:05 apf.py[line:62] INFO psi_hat = 0.49692210599037173
16:32:05 apf.py[line:65] INFO term1 = 1.8 * cos(1.6524777357882483 - 0.019934773535232965) + 0.04 * 10.0 = 0.28892666815026924
16:32:05 apf.py[line:69] INFO term1 = 0.28892666815026924
16:32:05 apf.py[line:73] INFO theta_term_tmp = 1.8 * sin(1.6524777357882483 - 0.49692210599037173)/1.6721847213578918 = 0.9849597501101018
16:32:05 apf.py[line:78] INFO [v, theta] = [1.6721847213578918, 1.894063007560279]
16:32:05 apf.py[line:161] INFO 
16:32:05 apf.py[line:162] INFO 260
16:32:05 apf.py[line:84] INFO [ 1.86422624  3.86510204  1.760395    1.67218472 -0.77876172]
16:32:05 apf.py[line:85] INFO [array([0., 2.]), array([4., 2.]), array([5., 4.]), array([5., 6.]), array([7., 9.])]
16:32:05 apf.py[line:49] INFO n = [0.05406314 0.04121816 0.02805994 0.01338341 0.00040523]
16:32:05 apf.py[line:50] INFO beta = [0.35641574 0.29218662 0.22017751 0.12692594 0.00735735]
16:32:05 apf.py[line:58] INFO theta_robo_ob = [-2.3559596486394674, -0.7178479778228947, 0.042992526664485414, 0.59773726840078, 0.7853128913449885]
16:32:05 apf.py[line:59] INFO psi = 0.02020630437277586
16:32:05 apf.py[line:60] INFO tan(psi_hat) = [0.378382684059418, 0.7015836409039506]
16:32:05 apf.py[line:62] INFO psi_hat = 0.4946117085297584
16:32:05 apf.py[line:65] INFO term1 = 1.8 * cos(1.6650441064026076 - 0.02020630437277586) + 0.04 * 10.0 = 0.26684708292412596
16:32:05 apf.py[line:69] INFO term1 = 0.26684708292412596
16:32:05 apf.py[line:73] INFO theta_term_tmp = 1.8 * sin(1.6650441064026076 - 0.4946117085297584)/1.6789955568834205 = 0.9872894395396128
16:32:05 apf.py[line:78] INFO [v, theta] = [1.6789955568834205, 1.9057986465488328]
16:32:06 apf.py[line:161] INFO 
16:32:06 apf.py[line:162] INFO 261
16:32:06 apf.py[line:84] INFO [ 1.85834274  3.89816251  1.74691416  1.67899556 -0.67404196]
16:32:06 apf.py[line:85] INFO [array([0., 2.]), array([4., 2.]), array([5., 4.]), array([5., 6.]), array([7., 9.])]
16:32:06 apf.py[line:49] INFO n = [0.05260993 0.03981497 0.02790227 0.01357787 0.00041609]
16:32:06 apf.py[line:50] INFO beta = [0.34938246 0.284853   0.2192635  0.12830785 0.00753465]
16:32:06 apf.py[line:58] INFO theta_robo_ob = [-2.345594670318355, -0.7251973291957751, 0.03240386606676115, 0.5896313732218217, 0.781510860203668]
16:32:06 apf.py[line:59] INFO psi = 0.020455167014196505
16:32:06 apf.py[line:60] INFO tan(psi_hat) = [0.37529042771507465, 0.6998945727127958]
16:32:06 apf.py[line:62] INFO psi_hat = 0.492194224316482
16:32:06 apf.py[line:65] INFO term1 = 1.8 * cos(1.6776104770169669 - 0.020455167014196505) + 0.04 * 10.0 = 0.2447469745136296
16:32:06 apf.py[line:69] INFO term1 = 0.2447469745136296
16:32:06 apf.py[line:73] INFO theta_term_tmp = 1.8 * sin(1.6776104770169669 - 0.492194224316482)/1.685840675020015 = 0.9894055532659288
16:32:06 apf.py[line:78] INFO [v, theta] = [1.685840675020015, 1.91729767677713]
16:32:06 apf.py[line:161] INFO 
16:32:06 apf.py[line:162] INFO 262
16:32:06 apf.py[line:84] INFO [ 1.85281361  3.93142288  1.73552772  1.68584068 -0.56932221]
16:32:06 apf.py[line:85] INFO [array([0., 2.]), array([4., 2.]), array([5., 4.]), array([5., 6.]), array([7., 9.])]
16:32:06 apf.py[line:49] INFO n = [0.05115698 0.03846886 0.02774591 0.01377791 0.00042728]
16:32:06 apf.py[line:50] INFO beta = [0.34229603 0.27774948 0.21835568 0.12972372 0.0077165 ]
16:32:06 apf.py[line:58] INFO theta_robo_ob = [-2.335424655112687, -0.732546185151342, 0.021786528648442157, 0.5814747267786378, 0.7777034159268224]
16:32:06 apf.py[line:59] INFO psi = 0.02068228355040633
16:32:06 apf.py[line:60] INFO tan(psi_hat) = [0.37202156414947407, 0.6980413152802581]
16:32:06 apf.py[line:62] INFO psi_hat = 0.48965933251595717
16:32:06 apf.py[line:65] INFO term1 = 1.8 * cos(1.6901768476313261 - 0.02068228355040633) + 0.04 * 10.0 = 0.22263146841660225
16:32:06 apf.py[line:69] INFO term1 = 0.22263146841660225
16:32:06 apf.py[line:73] INFO theta_term_tmp = 1.8 * sin(1.6901768476313261 - 0.48965933251595717)/1.6927121822774904 = 0.9913130499935413
16:32:06 apf.py[line:78] INFO [v, theta] = [1.6927121822774904, 1.928549962642645]
16:32:06 apf.py[line:161] INFO 
16:32:06 apf.py[line:162] INFO 263
16:32:06 apf.py[line:84] INFO [ 1.8475725   3.96486897  1.72623567  1.69271218 -0.46460245]
16:32:06 apf.py[line:85] INFO [array([0., 2.]), array([4., 2.]), array([5., 4.]), array([5., 6.]), array([7., 9.])]
16:32:06 apf.py[line:49] INFO n = [0.04971174 0.03717497 0.02758848 0.01398273 0.00043877]
16:32:06 apf.py[line:50] INFO beta = [0.33519119 0.27085566 0.21744019 0.13116761 0.00790248]
16:32:06 apf.py[line:58] INFO theta_robo_ob = [-2.325437432470331, -0.7398758252752766, 0.011143659584069758, 0.5732588001925513, 0.773884974185529]
16:32:06 apf.py[line:59] INFO psi = 0.020888372218860356
16:32:06 apf.py[line:60] INFO tan(psi_hat) = [0.3686013734174615, 0.6960784370307804]
16:32:06 apf.py[line:62] INFO psi_hat = 0.4869993862746699
16:32:06 apf.py[line:65] INFO term1 = 1.8 * cos(1.7027432182456854 - 0.020888372218860356) + 0.04 * 10.0 = 0.20050535058731897
16:32:06 apf.py[line:69] INFO term1 = 0.20050535058731897
16:32:06 apf.py[line:73] INFO theta_term_tmp = 1.8 * sin(1.7027432182456854 - 0.4869993862746699)/1.6995992945265521 = 0.9930169063576155
16:32:06 apf.py[line:78] INFO [v, theta] = [1.6995992945265521, 1.9395482092749292]
16:32:06 apf.py[line:161] INFO 
16:32:06 apf.py[line:162] INFO 264
16:32:06 apf.py[line:84] INFO [ 1.8425519   3.99848814  1.71903801  1.69959929 -0.35988269]
16:32:06 apf.py[line:85] INFO [array([0., 2.]), array([4., 2.]), array([5., 4.]), array([5., 6.]), array([7., 9.])]
16:32:06 apf.py[line:49] INFO n = [0.04828071 0.03592892 0.02742763 0.01419149 0.00045054]
16:32:06 apf.py[line:50] INFO beta = [0.32809917 0.26415294 0.21650331 0.13263314 0.00809212]
16:32:06 apf.py[line:58] INFO theta_robo_ob = [-2.3156193719961564, -0.7471679066821727, 0.00047882364637214853, 0.5649749761234809, 0.770049742563472]
16:32:06 apf.py[line:59] INFO psi = 0.021073991502248837
16:32:06 apf.py[line:60] INFO tan(psi_hat) = [0.36505404915358736, 0.6940556823027362]
16:32:06 apf.py[line:62] INFO psi_hat = 0.48420889488634306
16:32:06 apf.py[line:65] INFO term1 = 1.8 * cos(1.7153095888600447 - 0.021073991502248837) + 0.04 * 10.0 = 0.17837314588992592
16:32:06 apf.py[line:69] INFO term1 = 0.17837314588992592
16:32:06 apf.py[line:73] INFO theta_term_tmp = 1.8 * sin(1.7153095888600447 - 0.48420889488634306)/1.70648897861944 = 0.9945221124512266
16:32:06 apf.py[line:78] INFO [v, theta] = [1.70648897861944, 1.9502875433652676]
16:32:06 apf.py[line:161] INFO 
16:32:06 apf.py[line:162] INFO 265
16:32:06 apf.py[line:84] INFO [ 1.83768328  4.03226888  1.71393476  1.70648898 -0.25516294]
16:32:06 apf.py[line:85] INFO [array([0., 2.]), array([4., 2.]), array([5., 4.]), array([5., 6.]), array([7., 9.])]
16:32:06 apf.py[line:49] INFO n = [0.04686956 0.03472677 0.02726106 0.01440321 0.00046257]
16:32:06 apf.py[line:50] INFO beta = [0.32104787 0.25762444 0.21553152 0.13411344 0.00828495]
16:32:06 apf.py[line:58] INFO theta_robo_ob = [-2.305955662214461, -0.7544043525309381, -0.010203835443913891, 0.556614679472925, 0.7661917714912039]
16:32:06 apf.py[line:59] INFO psi = 0.021239583903707532
16:32:06 apf.py[line:60] INFO tan(psi_hat) = [0.36140251425442094, 0.6920184110546389]
16:32:06 apf.py[line:62] INFO psi_hat = 0.48128410012969564
16:32:06 apf.py[line:65] INFO term1 = 1.8 * cos(1.727875959474404 - 0.021239583903707532) + 0.04 * 10.0 = 0.1562391960327593
16:32:06 apf.py[line:69] INFO term1 = 0.1562391960327593
16:32:06 apf.py[line:73] INFO theta_term_tmp = 1.8 * sin(1.727875959474404 - 0.48128410012969564)/1.7133664787091472 = 0.9958336560752159
16:32:06 apf.py[line:78] INFO [v, theta] = [1.7133664787091472, 1.9607651465641642]
16:32:06 apf.py[line:161] INFO 
16:32:06 apf.py[line:162] INFO 266
16:32:06 apf.py[line:84] INFO [ 1.83289712  4.06620032  1.71092589  1.71336648 -0.15044318]
16:32:06 apf.py[line:85] INFO [array([0., 2.]), array([4., 2.]), array([5., 4.]), array([5., 6.]), array([7., 9.])]
16:32:06 apf.py[line:49] INFO n = [0.04548313 0.03356502 0.02708654 0.01461687 0.00047481]
16:32:06 apf.py[line:50] INFO beta = [0.3140621  0.25125498 0.21451152 0.13560109 0.00848045]
16:32:06 apf.py[line:58] INFO theta_robo_ob = [-2.296430564575861, -0.7615672543499402, -0.02089944061964162, 0.5481695154138873, 0.7623050066957255]
16:32:06 apf.py[line:59] INFO psi = 0.021385519595927178
16:32:06 apf.py[line:60] INFO tan(psi_hat) = [0.3576683118431762, 0.6900080285959276]
16:32:06 apf.py[line:62] INFO psi_hat = 0.4782226388427613
16:32:06 apf.py[line:65] INFO term1 = 1.8 * cos(1.7404423300887633 - 0.021385519595927178) + 0.04 * 10.0 = 0.13410773709103946
16:32:06 apf.py[line:69] INFO term1 = 0.13410773709103946
16:32:06 apf.py[line:73] INFO theta_term_tmp = 1.8 * sin(1.7404423300887633 - 0.4782226388427613)/1.720215742064891 = 0.9969565005429917
16:32:06 apf.py[line:78] INFO [v, theta] = [1.720215742064891, 1.9709799430141088]
16:32:06 apf.py[line:161] INFO 
16:32:06 apf.py[line:162] INFO 267
16:32:06 apf.py[line:84] INFO [ 1.82812297  4.10027178  1.71001142  1.72021574 -0.04572343]
16:32:06 apf.py[line:85] INFO [array([0., 2.]), array([4., 2.]), array([5., 4.]), array([5., 6.]), array([7., 9.])]
16:32:06 apf.py[line:49] INFO n = [0.04412555 0.03244058 0.0269019  0.01483129 0.00048724]
16:32:06 apf.py[line:50] INFO beta = [0.30716377 0.24503097 0.21343033 0.13708808 0.00867807]
16:32:06 apf.py[line:58] INFO theta_robo_ob = [-2.287027644143937, -0.7686387882277941, -0.03160223250752277, 0.5396314161242528, 0.7583833439984832]
16:32:06 apf.py[line:59] INFO psi = 0.02151214012352422
16:32:06 apf.py[line:60] INFO tan(psi_hat) = [0.35387155852493746, 0.6880623920517833]
16:32:06 apf.py[line:62] INFO psi_hat = 0.47502328394955273
16:32:06 apf.py[line:65] INFO term1 = 1.8 * cos(1.7530087007031225 - 0.02151214012352422) + 0.04 * 10.0 = 0.11198297668771118
16:32:06 apf.py[line:69] INFO term1 = 0.11198297668771118
16:32:06 apf.py[line:73] INFO theta_term_tmp = 1.8 * sin(1.7530087007031225 - 0.47502328394955273)/1.7270197589744647 = 0.9978955596480078
16:32:06 apf.py[line:78] INFO [v, theta] = [1.7270197589744647, 1.9809323411452195]
16:32:06 apf.py[line:161] INFO 
16:32:06 apf.py[line:162] INFO 268
16:32:06 apf.py[line:84] INFO [1.82328959 4.13447232 1.71119135 1.72701976 0.05899633]
16:32:06 apf.py[line:85] INFO [array([0., 2.]), array([4., 2.]), array([5., 4.]), array([5., 6.]), array([7., 9.])]
16:32:06 apf.py[line:49] INFO n = [0.04280029 0.03135071 0.02670504 0.01504524 0.00049982]
16:32:06 apf.py[line:50] INFO beta = [0.30037215 0.23894041 0.21227534 0.1385658  0.00887722]
16:32:06 apf.py[line:58] INFO theta_robo_ob = [-2.2777299786978302, -0.7756011449116653, -0.04230542678512408, 0.5309927973297344, 0.7544206872374265]
16:32:06 apf.py[line:59] INFO psi = 0.021619802307242673
16:32:06 apf.py[line:60] INFO tan(psi_hat) = [0.35003094794962086, 0.6862161837485846]
16:32:06 apf.py[line:62] INFO psi_hat = 0.4716857563600877
16:32:06 apf.py[line:65] INFO term1 = 1.8 * cos(1.7655750713174818 - 0.021619802307242673) + 0.04 * 10.0 = 0.08986917084087448
16:32:06 apf.py[line:69] INFO term1 = 0.08986917084087448
16:32:06 apf.py[line:73] INFO theta_term_tmp = 1.8 * sin(1.7655750713174818 - 0.4716857563600877)/1.7337608309884336 = 0.9986556724011294
16:32:06 apf.py[line:78] INFO [v, theta] = [1.7337608309884336, 1.9906240286277104]
16:32:06 apf.py[line:161] INFO 
16:32:06 apf.py[line:162] INFO 269
16:32:06 apf.py[line:84] INFO [1.81832494 4.16879029 1.71446567 1.73376083 0.16371608]
16:32:06 apf.py[line:85] INFO [array([0., 2.]), array([4., 2.]), array([5., 4.]), array([5., 6.]), array([7., 9.])]
16:32:06 apf.py[line:49] INFO n = [0.04151021 0.03029302 0.02649397 0.01525734 0.00051251]
16:32:06 apf.py[line:50] INFO beta = [0.29370413 0.23297277 0.21103439 0.14002497 0.00907726]
16:32:06 apf.py[line:58] INFO theta_robo_ob = [-2.2685203481656524, -0.7824364738578136, -0.05300107912591537, 0.5222467254388274, 0.7504110100250555]
16:32:06 apf.py[line:59] INFO psi = 0.021708922457002094
16:32:06 apf.py[line:60] INFO tan(psi_hat) = [0.3461637939309509, 0.6845012445711471]
16:32:06 apf.py[line:62] INFO psi_hat = 0.4682106003858227
16:32:06 apf.py[line:65] INFO term1 = 1.8 * cos(1.778141441931841 - 0.021708922457002094) + 0.04 * 10.0 = 0.06777070040560623
16:32:06 apf.py[line:69] INFO term1 = 0.06777070040560623
16:32:06 apf.py[line:73] INFO theta_term_tmp = 1.8 * sin(1.778141441931841 - 0.4682106003858227)/1.740420781295234 = 0.9992415793451723
16:32:06 apf.py[line:78] INFO [v, theta] = [1.740420781295234, 2.000057818302526]
16:32:06 apf.py[line:161] INFO 
16:32:06 apf.py[line:162] INFO 270
16:32:06 apf.py[line:84] INFO [1.81315635 4.20321283 1.71983439 1.74042078 0.26843584]
16:32:06 apf.py[line:85] INFO [array([0., 2.]), array([4., 2.]), array([5., 4.]), array([5., 6.]), array([7., 9.])]
16:32:06 apf.py[line:49] INFO n = [0.04025768 0.02926546 0.02626685 0.01546609 0.00052528]
16:32:06 apf.py[line:50] INFO beta = [0.28717448 0.22711899 0.20969588 0.14145564 0.00927753]
16:32:06 apf.py[line:58] INFO theta_robo_ob = [-2.259381406386538, -0.7891268412851006, -0.06367995938675274, 0.513387095665971, 0.7463484219814382]
16:32:06 apf.py[line:59] INFO psi = 0.02178002094998313
16:32:06 apf.py[line:60] INFO tan(psi_hat) = [0.34228610369891854, 0.682946862664058]
16:32:06 apf.py[line:62] INFO psi_hat = 0.4645991155199967
16:32:06 apf.py[line:65] INFO term1 = 1.8 * cos(1.7907078125462004 - 0.02178002094998313) + 0.04 * 10.0 = 0.045692146941453904
16:32:06 apf.py[line:69] INFO term1 = 0.045692146941453904
16:32:06 apf.py[line:73] INFO theta_term_tmp = 1.8 * sin(1.7907078125462004 - 0.4645991155199967)/1.7469811204196157 = 0.9996579016316911
16:32:06 apf.py[line:78] INFO [v, theta] = [1.7469811204196157, 2.009237541967041]
16:32:06 apf.py[line:161] INFO 
16:32:06 apf.py[line:162] INFO 271
16:32:06 apf.py[line:84] INFO [1.80771055 4.23772545 1.7272975  1.74698112 0.37315559]
16:32:06 apf.py[line:85] INFO [array([0., 2.]), array([4., 2.]), array([5., 4.]), array([5., 6.]), array([7., 9.])]
16:32:06 apf.py[line:49] INFO n = [0.03904459 0.02826627 0.02602194 0.01566989 0.00053806]
16:32:06 apf.py[line:50] INFO beta = [0.28079603 0.22137139 0.20824891 0.14284718 0.00947727]
16:32:06 apf.py[line:58] INFO theta_robo_ob = [-2.2502958372087094, -0.7956542022805814, -0.07433143705062596, 0.5044088210816019, 0.7422272399954224]
16:32:06 apf.py[line:59] INFO psi = 0.021833767170966255
16:32:06 apf.py[line:60] INFO tan(psi_hat) = [0.3384126732023413, 0.6815800147079351]
16:32:06 apf.py[line:62] INFO psi_hat = 0.46085333760635533
16:32:06 apf.py[line:65] INFO term1 = 1.8 * cos(1.8032741831605597 - 0.021833767170966255) + 0.04 * 10.0 = 0.02363836772755923
16:32:06 apf.py[line:69] INFO term1 = 0.02363836772755923
16:32:06 apf.py[line:73] INFO theta_term_tmp = 1.8 * sin(1.8032741831605597 - 0.46085333760635533)/1.7534231797079578 = 0.9999091235778744
16:32:06 apf.py[line:78] INFO [v, theta] = [1.7534231797079578, 2.0181679880529924]
16:32:07 apf.py[line:161] INFO 
16:32:07 apf.py[line:162] INFO 272
16:32:07 apf.py[line:84] INFO [1.80191385 4.27231151 1.73685501 1.75342318 0.47787535]
16:32:07 apf.py[line:85] INFO [array([0., 2.]), array([4., 2.]), array([5., 4.]), array([5., 6.]), array([7., 9.])]
16:32:07 apf.py[line:49] INFO n = [0.03787244 0.02729397 0.02575768 0.015867   0.00055081]
16:32:07 apf.py[line:50] INFO beta = [0.27457995 0.21572362 0.20668337 0.1441883  0.0096757 ]
16:32:07 apf.py[line:58] INFO theta_robo_ob = [-2.2412464968852763, -0.8020003869889423, -0.08494338025508787, 0.49530803199199347, 0.7380420649647431]
16:32:07 apf.py[line:59] INFO psi = 0.021871024745918937
16:32:07 apf.py[line:60] INFO tan(psi_hat) = [0.3345571976695957, 0.6804255584812341]
16:32:07 apf.py[line:62] INFO psi_hat = 0.45697606255047113
16:32:07 apf.py[line:65] INFO term1 = 1.8 * cos(1.815840553774919 - 0.021871024745918937) + 0.04 * 10.0 = 0.001614569527969012
16:32:07 apf.py[line:69] INFO term1 = 0.001614569527969012
16:32:07 apf.py[line:73] INFO theta_term_tmp = 1.8 * sin(1.815840553774919 - 0.45697606255047113)/1.7597282241985233 = 0.9999995790869414
16:32:07 apf.py[line:78] INFO [v, theta] = [1.7597282241985233, 2.0268548784864047]
16:32:07 apf.py[line:161] INFO 
16:32:07 apf.py[line:162] INFO 273
16:32:07 apf.py[line:84] INFO [1.79569228 4.30695179 1.74850691 1.75972822 0.5825951 ]
16:32:07 apf.py[line:85] INFO [array([0., 2.]), array([4., 2.]), array([5., 4.]), array([5., 6.]), array([7., 9.])]
16:32:07 apf.py[line:49] INFO n = [0.03674238 0.02634734 0.02547271 0.01605559 0.00056348]
16:32:07 apf.py[line:50] INFO beta = [0.26853593 0.21017059 0.20499008 0.14546706 0.00987197]
16:32:07 apf.py[line:58] INFO theta_robo_ob = [-2.232216544643553, -0.808147100878584, -0.09550207099556722, 0.4860822844337806, 0.7337878643423351]
16:32:07 apf.py[line:59] INFO psi = 0.021892896927192384
16:32:07 apf.py[line:60] INFO tan(psi_hat) = [0.3307323918462206, 0.6795063766011803]
16:32:07 apf.py[line:62] INFO psi_hat = 0.45297090581628785
16:32:07 apf.py[line:65] INFO term1 = 1.8 * cos(1.8284069243892782 - 0.021892896927192384) + 0.04 * 10.0 = -0.02037361941694993
16:32:07 apf.py[line:69] INFO term1 = -0.02037361941694993
16:32:07 apf.py[line:73] INFO theta_term_tmp = 1.8 * sin(1.8284069243892782 - 0.45297090581628785)/1.7658775554660429 = 0.9999334420920832
16:32:07 apf.py[line:78] INFO [v, theta] = [1.7658775554660429, 2.012229585861893]
16:32:07 apf.py[line:161] INFO 
16:32:07 apf.py[line:162] INFO 274
16:32:07 apf.py[line:84] INFO [1.78897172 4.34162402 1.76225321 1.76587756 0.68731486]
16:32:07 apf.py[line:85] INFO [array([0., 2.]), array([4., 2.]), array([5., 4.]), array([5., 6.]), array([7., 9.])]
16:32:07 apf.py[line:49] INFO n = [0.03565529 0.02542539 0.02516587 0.01623369 0.000576  ]
16:32:07 apf.py[line:50] INFO beta = [0.2626724  0.20470839 0.20316096 0.14667093 0.01006516]
16:32:07 apf.py[line:58] INFO theta_robo_ob = [-2.2231895631893726, -0.8140759390128178, -0.10599213927359845, 0.4767307758686269, 0.7294600606679236]
16:32:07 apf.py[line:59] INFO psi = 0.02190077191055215
16:32:07 apf.py[line:60] INFO tan(psi_hat) = [0.32695011544384145, 0.678843472299953]
16:32:07 apf.py[line:62] INFO psi_hat = 0.4488423910084028
16:32:07 apf.py[line:65] INFO term1 = 1.8 * cos(1.8409732950036375 - 0.02190077191055215) + 0.04 * 10.0 = -0.04232007982792024
16:32:07 apf.py[line:69] INFO term1 = -0.04232007982792024
16:32:07 apf.py[line:73] INFO theta_term_tmp = 1.8 * sin(1.8409732950036375 - 0.4488423910084028)/1.7718526138703816 = 0.9997147210511856
16:32:07 apf.py[line:78] INFO [v, theta] = [1.7718526138703816, 1.995751796115504]
16:32:07 apf.py[line:161] INFO 
16:32:07 apf.py[line:162] INFO 275
16:32:07 apf.py[line:84] INFO [1.78167821 4.37630239 1.7780939  1.77185261 0.79203461]
16:32:07 apf.py[line:85] INFO [array([0., 2.]), array([4., 2.]), array([5., 4.]), array([5., 6.]), array([7., 9.])]
16:32:07 apf.py[line:49] INFO n = [0.03461178 0.02452734 0.02483627 0.01639927 0.00058831]
16:32:07 apf.py[line:50] INFO beta = [0.25699668 0.19933428 0.20118913 0.14778682 0.01025431]
16:32:07 apf.py[line:58] INFO theta_robo_ob = [-2.214149670774848, -0.8197684141631822, -0.11639651904334851, 0.46725456538968446, 0.7250546260873697]
16:32:07 apf.py[line:59] INFO psi = 0.02189636778174459
16:32:07 apf.py[line:60] INFO tan(psi_hat) = [0.32322150035545455, 0.6784560189039093]
16:32:07 apf.py[line:62] INFO psi_hat = 0.44459606088990017
16:32:07 apf.py[line:65] INFO term1 = 1.8 * cos(1.8535396656179968 - 0.02189636778174459) + 0.04 * 10.0 = -0.06421813503942414
16:32:07 apf.py[line:69] INFO term1 = -0.06421813503942414
16:32:07 apf.py[line:73] INFO theta_term_tmp = 1.8 * sin(1.8535396656179968 - 0.44459606088990017)/1.7776350883228853 = 0.9993472574577649
16:32:07 apf.py[line:78] INFO [v, theta] = [1.7776350883228853, 1.9792589248909773]
16:32:07 apf.py[line:161] INFO 
16:32:07 apf.py[line:162] INFO 276
16:32:07 apf.py[line:84] INFO [1.77373811 4.41095711 1.79602899 1.77763509 0.89675437]
16:32:07 apf.py[line:85] INFO [array([0., 2.]), array([4., 2.]), array([5., 4.]), array([5., 6.]), array([7., 9.])]
16:32:07 apf.py[line:49] INFO n = [0.03361227 0.02365261 0.02448326 0.0165502  0.00060033]
16:32:07 apf.py[line:50] INFO beta = [0.2515152  0.19404654 0.19906907 0.14880127 0.01043838]
16:32:07 apf.py[line:58] INFO theta_robo_ob = [-2.205081626314202, -0.8252059984835085, -0.12669642877705983, 0.4576567949184382, 0.7205681826545871]
16:32:07 apf.py[line:59] INFO psi = 0.021881776704813134
16:32:07 apf.py[line:60] INFO tan(psi_hat) = [0.319557077125947, 0.6783613654062016]
16:32:07 apf.py[line:62] INFO psi_hat = 0.4402386042563025
16:32:07 apf.py[line:65] INFO term1 = 1.8 * cos(1.866106036232356 - 0.021881776704813134) + 0.04 * 10.0 = -0.08606048878216105
16:32:07 apf.py[line:69] INFO term1 = -0.08606048878216105
16:32:07 apf.py[line:73] INFO theta_term_tmp = 1.8 * sin(1.866106036232356 - 0.4402386042563025)/1.7832070402118683 = 0.9988347283245226
16:32:07 apf.py[line:78] INFO [v, theta] = [1.7832070402118683, 1.9627545405079019]
16:32:07 apf.py[line:161] INFO 
16:32:07 apf.py[line:162] INFO 277
16:32:07 apf.py[line:84] INFO [1.76515618 4.44557331 1.81381304 1.78320704 0.88920296]
16:32:07 apf.py[line:85] INFO [array([0., 2.]), array([4., 2.]), array([5., 4.]), array([5., 6.]), array([7., 9.])]
16:32:07 apf.py[line:49] INFO n = [0.0326545  0.02280181 0.02410858 0.01668574 0.00061204]
16:32:07 apf.py[line:50] INFO beta = [0.24621965 0.18885068 0.19680955 0.1497101  0.01061704]
16:32:07 apf.py[line:58] INFO theta_robo_ob = [-2.1959880639587435, -0.8303914345229464, -0.13688049885782602, 0.4479474231200354, 0.716003353902425]
16:32:07 apf.py[line:59] INFO psi = 0.021857871818353594
16:32:07 apf.py[line:60] INFO tan(psi_hat) = [0.3159569744729029, 0.6785477108387409]
16:32:07 apf.py[line:62] INFO psi_hat = 0.4357813625086137
16:32:07 apf.py[line:65] INFO term1 = 1.8 * cos(1.8786724068467153 - 0.021857871818353594) + 0.04 * 10.0 = -0.10784199340009226
16:32:07 apf.py[line:69] INFO term1 = -0.10784199340009226
16:32:07 apf.py[line:73] INFO theta_term_tmp = 1.8 * sin(1.8786724068467153 - 0.4357813625086137)/1.7885504444517817 = 0.9981805559786141
16:32:07 apf.py[line:78] INFO [v, theta] = [1.7885504444517817, 1.9462453427776554]
16:32:07 apf.py[line:161] INFO 
16:32:07 apf.py[line:162] INFO 278
16:32:07 apf.py[line:84] INFO [1.75600488 4.48015392 1.82950271 1.78855044 0.7844832 ]
16:32:07 apf.py[line:85] INFO [array([0., 2.]), array([4., 2.]), array([5., 4.]), array([5., 6.]), array([7., 9.])]
16:32:07 apf.py[line:49] INFO n = [0.03173424 0.02197617 0.02371583 0.01680649 0.00062346]
16:32:07 apf.py[line:50] INFO beta = [0.24109036 0.18375647 0.19443053 0.150518   0.01079068]
16:32:07 apf.py[line:58] INFO theta_robo_ob = [-2.186886277778532, -0.835346286885047, -0.1469462499961132, 0.43814026243541065, 0.7113672949581288]
16:32:07 apf.py[line:59] INFO psi = 0.02182401849958131
16:32:07 apf.py[line:60] INFO tan(psi_hat) = [0.31241251330012665, 0.678980344297276]
16:32:07 apf.py[line:62] INFO psi_hat = 0.43123787272860137
16:32:07 apf.py[line:65] INFO term1 = 1.8 * cos(1.8912387774610746 - 0.02182401849958131) + 0.04 * 10.0 = -0.1295601131906855
16:32:07 apf.py[line:69] INFO term1 = -0.1295601131906855
16:32:07 apf.py[line:73] INFO theta_term_tmp = 1.8 * sin(1.8912387774610746 - 0.43123787272860137)/1.793648593305766 = 0.9973878054385361
16:32:07 apf.py[line:78] INFO [v, theta] = [1.793648593305766, 1.9297385203386481]
16:32:07 apf.py[line:161] INFO 
16:32:07 apf.py[line:162] INFO 279
16:32:07 apf.py[line:84] INFO [1.74635688 4.51470513 1.84309798 1.79364859 0.67976345]
16:32:07 apf.py[line:85] INFO [array([0., 2.]), array([4., 2.]), array([5., 4.]), array([5., 6.]), array([7., 9.])]
16:32:07 apf.py[line:49] INFO n = [0.03084762 0.02117658 0.02330848 0.01691317 0.00063462]
16:32:07 apf.py[line:50] INFO beta = [0.23610908 0.17877168 0.19195133 0.15123045 0.01095975]
16:32:07 apf.py[line:58] INFO theta_robo_ob = [-2.1777930775527548, -0.8400924997831171, -0.1568933420594539, 0.4282478876763144, 0.7066667832370537]
16:32:07 apf.py[line:59] INFO psi = 0.021779281209246135
16:32:07 apf.py[line:60] INFO tan(psi_hat) = [0.30891506822323683, 0.6796266435933205]
16:32:07 apf.py[line:62] INFO psi_hat = 0.4266200137468872
16:32:07 apf.py[line:65] INFO term1 = 1.8 * cos(1.9038051480754339 - 0.021779281209246135) + 0.04 * 10.0 = -0.1512128081206231
16:32:07 apf.py[line:69] INFO term1 = -0.1512128081206231
16:32:07 apf.py[line:73] INFO theta_term_tmp = 1.8 * sin(1.9038051480754339 - 0.4266200137468872)/1.7984871007542231 = 0.996459194554334
16:32:07 apf.py[line:78] INFO [v, theta] = [1.7984871007542231, 1.9132391824591677]
16:32:07 apf.py[line:161] INFO 
16:32:07 apf.py[line:162] INFO 280
16:32:07 apf.py[line:84] INFO [1.73628506 4.549236   1.85459885 1.7984871  0.57504369]
16:32:07 apf.py[line:85] INFO [array([0., 2.]), array([4., 2.]), array([5., 4.]), array([5., 6.]), array([7., 9.])]
16:32:07 apf.py[line:49] INFO n = [0.02999116 0.02040358 0.02288978 0.01700664 0.00064555]
16:32:07 apf.py[line:50] INFO beta = [0.23125902 0.17390241 0.18939044 0.15185366 0.01112473]
16:32:07 apf.py[line:58] INFO theta_robo_ob = [-2.168724901200142, -0.8446522116499922, -0.16672337422770112, 0.41828164707549825, 0.7019082348948954]
16:32:07 apf.py[line:59] INFO psi = 0.021722459713358726
16:32:07 apf.py[line:60] INFO tan(psi_hat) = [0.3054561544537976, 0.6804560162506332]
16:32:07 apf.py[line:62] INFO psi_hat = 0.4219381145252269
16:32:07 apf.py[line:65] INFO term1 = 1.8 * cos(1.9163715186897932 - 0.021722459713358726) + 0.04 * 10.0 = -0.17279846019160194
16:32:07 apf.py[line:69] INFO term1 = -0.17279846019160194
16:32:07 apf.py[line:73] INFO theta_term_tmp = 1.8 * sin(1.9163715186897932 - 0.4219381145252269)/1.8030536888151718 = 0.9953970836149992
16:32:07 apf.py[line:78] INFO [v, theta] = [1.8030536888151718, 1.8967505690750825]
16:32:07 apf.py[line:161] INFO 
16:32:07 apf.py[line:162] INFO 281
16:32:07 apf.py[line:84] INFO [1.72586248 4.58375804 1.86400533 1.80305369 0.47032394]
16:32:07 apf.py[line:85] INFO [array([0., 2.]), array([4., 2.]), array([5., 4.]), array([5., 6.]), array([7., 9.])]
16:32:07 apf.py[line:49] INFO n = [0.0291617  0.01965743 0.02246282 0.01708788 0.00065627]
16:32:07 apf.py[line:50] INFO beta = [0.22652473 0.16915321 0.18676545 0.15239447 0.01128616]
16:32:07 apf.py[line:58] INFO theta_robo_ob = [-2.159697919279837, -0.8490475949046699, -0.17643968069793578, 0.4082516910592073, 0.6970977273976746]
16:32:07 apf.py[line:59] INFO psi = 0.02165212624766905
16:32:07 apf.py[line:60] INFO tan(psi_hat) = [0.3020275231829743, 0.6814398301647141]
16:32:07 apf.py[line:62] INFO psi_hat = 0.4172010985162273
16:32:07 apf.py[line:65] INFO term1 = 1.8 * cos(1.9289378893041524 - 0.02165212624766905) + 0.04 * 10.0 = -0.19431579855335868
16:32:07 apf.py[line:69] INFO term1 = -0.19431579855335868
16:32:07 apf.py[line:73] INFO theta_term_tmp = 1.8 * sin(1.9289378893041524 - 0.4172010985162273)/1.8073379733243191 = 0.9942034710589893
16:32:07 apf.py[line:78] INFO [v, theta] = [1.8073379733243191, 1.8802742841462163]
16:32:07 apf.py[line:161] INFO 
16:32:07 apf.py[line:162] INFO 282
16:32:07 apf.py[line:84] INFO [1.71516239 4.61828478 1.87131741 1.80733797 0.36560418]
16:32:07 apf.py[line:85] INFO [array([0., 2.]), array([4., 2.]), array([5., 4.]), array([5., 6.]), array([7., 9.])]
16:32:07 apf.py[line:49] INFO n = [0.02835639 0.01893819 0.02203044 0.01715793 0.00066684]
16:32:07 apf.py[line:50] INFO beta = [0.22189209 0.16452742 0.18409293 0.1528603  0.01144465]
16:32:07 apf.py[line:58] INFO theta_robo_ob = [-2.1507281311936226, -0.8533007183550488, -0.1860471255564943, 0.39816701741370536, 0.6922410278696932]
16:32:07 apf.py[line:59] INFO psi = 0.02156666348427635
16:32:07 apf.py[line:60] INFO tan(psi_hat) = [0.2986212621947506, 0.6825513343838925]
16:32:07 apf.py[line:62] INFO psi_hat = 0.41241665582928255
16:32:07 apf.py[line:65] INFO term1 = 1.8 * cos(1.9415042599185117 - 0.02156666348427635) + 0.04 * 10.0 = -0.21576382386192194
16:32:07 apf.py[line:69] INFO term1 = -0.21576382386192194
16:32:07 apf.py[line:73] INFO theta_term_tmp = 1.8 * sin(1.9415042599185117 - 0.41241665582928255)/1.8113312602721574 = 0.9928799941828677
16:32:07 apf.py[line:78] INFO [v, theta] = [1.8113312602721574, 1.8638105456606728]
16:32:08 apf.py[line:161] INFO 
16:32:08 apf.py[line:162] INFO 283
16:32:08 apf.py[line:84] INFO [1.70425826 4.65283139 1.8765351  1.81133126 0.26088443]
16:32:08 apf.py[line:85] INFO [array([0., 2.]), array([4., 2.]), array([5., 4.]), array([5., 6.]), array([7., 9.])]
16:32:08 apf.py[line:49] INFO n = [0.02757269 0.01824573 0.0215953  0.01721796 0.00067727]
16:32:08 apf.py[line:50] INFO beta = [0.21734829 0.16002725 0.18138846 0.15325904 0.01160083]
16:32:08 apf.py[line:58] INFO theta_robo_ob = [-2.141831452608152, -0.8574334296855749, -0.19555189986268243, 0.3880355313174179, 0.6873436268213616]
16:32:08 apf.py[line:59] INFO psi = 0.021464303175023913
16:32:08 apf.py[line:60] INFO tan(psi_hat) = [0.29522989904981173, 0.6837655705167083]
16:32:08 apf.py[line:62] INFO psi_hat = 0.40759143599428765
16:32:08 apf.py[line:65] INFO term1 = 1.8 * cos(1.954070630532871 - 0.021464303175023913) + 0.04 * 10.0 = -0.2371417323527535
16:32:08 apf.py[line:69] INFO term1 = -0.2371417323527535
16:32:08 apf.py[line:73] INFO theta_term_tmp = 1.8 * sin(1.954070630532871 - 0.40759143599428765)/1.815026361396638 = 0.991427933978035
16:32:08 apf.py[line:78] INFO [v, theta] = [1.815026361396638, 1.8473584468844464]
16:32:08 apf.py[line:161] INFO 
16:32:08 apf.py[line:162] INFO 284
16:32:08 apf.py[line:84] INFO [1.69322382 4.68741418 1.8796584  1.81502636 0.15616467]
16:32:08 apf.py[line:85] INFO [array([0., 2.]), array([4., 2.]), array([5., 4.]), array([5., 6.]), array([7., 9.])]
16:32:08 apf.py[line:49] INFO n = [0.02680835 0.01757975 0.02115981 0.01726918 0.00068764]
16:32:08 apf.py[line:50] INFO beta = [0.21288181 0.15565405 0.17866654 0.15359899 0.01175538]
16:32:08 apf.py[line:58] INFO theta_robo_ob = [-2.133023793531997, -0.8614672555144524, -0.2049613234094265, 0.37786411858873753, 0.6824107768169637]
16:32:08 apf.py[line:59] INFO psi = 0.021343165364955168
16:32:08 apf.py[line:60] INFO tan(psi_hat) = [0.2918465046449886, 0.6850592753472567]
16:32:08 apf.py[line:62] INFO psi_hat = 0.40273125500425877
16:32:08 apf.py[line:65] INFO term1 = 1.8 * cos(1.9666370011472303 - 0.021343165364955168) + 0.04 * 10.0 = -0.25844884006485425
16:32:08 apf.py[line:69] INFO term1 = -0.25844884006485425
16:32:08 apf.py[line:73] INFO theta_term_tmp = 1.8 * sin(1.9666370011472303 - 0.40273125500425877)/1.8184174355290337 = 0.9898482234657331
16:32:08 apf.py[line:78] INFO [v, theta] = [1.8184174355290337, 1.8309162245140618]
16:32:08 apf.py[line:161] INFO 
16:32:08 apf.py[line:162] INFO 285
16:32:08 apf.py[line:84] INFO [1.68213311 4.72205019 1.88068729 1.81841744 0.05144492]
16:32:08 apf.py[line:85] INFO [array([0., 2.]), array([4., 2.]), array([5., 4.]), array([5., 6.]), array([7., 9.])]
16:32:08 apf.py[line:49] INFO n = [0.0260614  0.01693985 0.02072617 0.01731289 0.00069796]
16:32:08 apf.py[line:50] INFO beta = [0.20848232 0.15140842 0.17594066 0.1538888  0.01190901]
16:32:08 apf.py[line:58] INFO theta_robo_ob = [-2.124321126429487, -0.865423316593391, -0.21428365306656827, 0.3676587304503028, 0.6774475356160627]
16:32:08 apf.py[line:59] INFO psi = 0.02120129808927273
16:32:08 apf.py[line:60] INFO tan(psi_hat) = [0.28846479529892444, 0.6864107753221242]
16:32:08 apf.py[line:62] INFO psi_hat = 0.39784131113104243
16:32:08 apf.py[line:65] INFO term1 = 1.8 * cos(1.9792033717615896 - 0.02120129808927273) + 0.04 * 10.0 = -0.27968450761670327
16:32:08 apf.py[line:69] INFO term1 = -0.27968450761670327
16:32:08 apf.py[line:73] INFO theta_term_tmp = 1.8 * sin(1.9792033717615896 - 0.39784131113104243)/1.8214998602058363 = 0.9881414591340881
16:32:08 apf.py[line:78] INFO [v, theta] = [1.8214998602058363, 1.8144815302683575]
16:32:08 apf.py[line:161] INFO 
16:32:08 apf.py[line:162] INFO 286
16:32:08 apf.py[line:84] INFO [ 1.67106058  4.75675673  1.8796218   1.82149986 -0.05327484]
16:32:08 apf.py[line:85] INFO [array([0., 2.]), array([4., 2.]), array([5., 4.]), array([5., 6.]), array([7., 9.])]
16:32:08 apf.py[line:49] INFO n = [0.02533011 0.01632555 0.0202964  0.0173504  0.00070831]
16:32:08 apf.py[line:50] INFO beta = [0.20414077 0.14729037 0.17322327 0.15413741 0.01206248]
16:32:08 apf.py[line:58] INFO theta_robo_ob = [-2.1157395437329805, -0.8693222558512622, -0.22352789909236112, 0.35742447812461836, 0.672458813309565]
16:32:08 apf.py[line:59] INFO psi = 0.021036717487326287
16:32:08 apf.py[line:60] INFO tan(psi_hat) = [0.28507923177088457, 0.6877998736470743]
16:32:08 apf.py[line:62] INFO psi_hat = 0.39292640474414076
16:32:08 apf.py[line:65] INFO term1 = 1.8 * cos(1.9917697423759488 - 0.021036717487326287) + 0.04 * 10.0 = -0.30084806590114854
16:32:08 apf.py[line:69] INFO term1 = -0.30084806590114854
16:32:08 apf.py[line:73] INFO theta_term_tmp = 1.8 * sin(1.9917697423759488 - 0.39292640474414076)/1.824270136294936 = 0.9863079153000306
16:32:08 apf.py[line:78] INFO [v, theta] = [1.824270136294936, 1.7980517031757548]
16:32:08 apf.py[line:161] INFO 
16:32:08 apf.py[line:162] INFO 287
16:32:08 apf.py[line:84] INFO [ 1.66008111  4.79155092  1.87646191  1.82427014 -0.15799459]
16:32:08 apf.py[line:85] INFO [array([0., 2.]), array([4., 2.]), array([5., 4.]), array([5., 6.]), array([7., 9.])]
16:32:08 apf.py[line:49] INFO n = [0.024613   0.01573628 0.01987229 0.0173831  0.00071873]
16:32:08 apf.py[line:50] INFO beta = [0.19984926 0.14329943 0.17052587 0.15435396 0.01221658]
16:32:08 apf.py[line:58] INFO theta_robo_ob = [-2.1072953041282156, -0.8731841771406244, -0.23270365033125925, 0.34716573564274594, 0.6674494229702475]
16:32:08 apf.py[line:59] INFO psi = 0.02084744828581091
16:32:08 apf.py[line:60] INFO tan(psi_hat) = [0.2816851138124202, 0.6892077307948082]
16:32:08 apf.py[line:62] INFO psi_hat = 0.38799115802356604
16:32:08 apf.py[line:65] INFO term1 = 1.8 * cos(2.004336112990308 - 0.02084744828581091) + 0.04 * 10.0 = -0.32193874303657277
16:32:08 apf.py[line:69] INFO term1 = -0.32193874303657277
16:32:08 apf.py[line:73] INFO theta_term_tmp = 1.8 * sin(2.004336112990308 - 0.38799115802356604)/1.8267258268334141 = 0.9843475614185119
16:32:08 apf.py[line:78] INFO [v, theta] = [1.8267258268334141, 1.781624040397452]
16:32:08 apf.py[line:161] INFO 
16:32:08 apf.py[line:162] INFO 288
16:32:08 apf.py[line:84] INFO [ 1.64927006  4.82644923  1.87120762  1.82672583 -0.26271435]
16:32:08 apf.py[line:85] INFO [array([0., 2.]), array([4., 2.]), array([5., 4.]), array([5., 6.]), array([7., 9.])]
16:32:08 apf.py[line:49] INFO n = [0.02390885 0.01517145 0.01945545 0.01741238 0.00072928]
16:32:08 apf.py[line:50] INFO beta = [0.19560109 0.13943477 0.16785904 0.15454782 0.01237213]
16:32:08 apf.py[line:58] INFO theta_robo_ob = [-2.0990048670338703, -0.8770285927234481, -0.24182090880894394, 0.336886249356465, 0.6624241343453687]
16:32:08 apf.py[line:59] INFO psi = 0.02063156461952048
16:32:08 apf.py[line:60] INFO tan(psi_hat) = [0.27827866900364295, 0.6906167392776633]
16:32:08 apf.py[line:62] INFO psi_hat = 0.38304023104896495
16:32:08 apf.py[line:65] INFO term1 = 1.8 * cos(2.0169024836046674 - 0.02063156461952048) + 0.04 * 10.0 = -0.3429555928875825
16:32:08 apf.py[line:69] INFO term1 = -0.3429555928875825
16:32:08 apf.py[line:73] INFO theta_term_tmp = 1.8 * sin(2.0169024836046674 - 0.38304023104896495)/1.828865529923956 = 0.9822600825385764
16:32:08 apf.py[line:78] INFO [v, theta] = [1.828865529923956, 1.7651960648958385]
16:32:08 apf.py[line:161] INFO 
16:32:08 apf.py[line:162] INFO 289
16:32:08 apf.py[line:84] INFO [ 1.6387034   4.86146702  1.86385894  1.82886553 -0.3674341 ]
16:32:08 apf.py[line:85] INFO [array([0., 2.]), array([4., 2.]), array([5., 4.]), array([5., 6.]), array([7., 9.])]
16:32:08 apf.py[line:49] INFO n = [0.02321663 0.01463042 0.01904734 0.01743968 0.00074002]
16:32:08 apf.py[line:50] INFO beta = [0.19139068 0.13569528 0.16523248 0.15472846 0.01252997]
16:32:08 apf.py[line:58] INFO theta_robo_ob = [-2.0908849147757995, -0.8808743777214365, -0.25088993389151476, 0.3265892527840837, 0.6573877301333763]
16:32:08 apf.py[line:59] INFO psi = 0.02038723117093948
16:32:08 apf.py[line:60] INFO tan(psi_hat) = [0.2748571347564322, 0.6920103935834868]
16:32:08 apf.py[line:62] INFO psi_hat = 0.37807853127779617
16:32:08 apf.py[line:65] INFO term1 = 1.8 * cos(2.0294688542190267 - 0.02038723117093948) + 0.04 * 10.0 = -0.36389742545123016
16:32:08 apf.py[line:69] INFO term1 = -0.36389742545123016
16:32:08 apf.py[line:73] INFO theta_term_tmp = 1.8 * sin(2.0294688542190267 - 0.37807853127779617)/1.8306888843711098 = 0.980044903258899
16:32:08 apf.py[line:78] INFO [v, theta] = [1.8306888843711098, 1.7487657886315626]
16:32:08 apf.py[line:161] INFO 
16:32:08 apf.py[line:162] INFO 290
16:32:08 apf.py[line:84] INFO [ 1.62845768  4.89661804  1.85441586  1.83068888 -0.47215386]
16:32:08 apf.py[line:85] INFO [array([0., 2.]), array([4., 2.]), array([5., 4.]), array([5., 6.]), array([7., 9.])]
16:32:08 apf.py[line:49] INFO n = [0.02253555 0.01411255 0.01864922 0.01746645 0.000751  ]
16:32:08 apf.py[line:50] INFO beta = [0.18721358 0.13207968 0.16265512 0.15490551 0.01269098]
16:32:08 apf.py[line:58] INFO theta_robo_ob = [-2.082952362067332, -0.8847397299502665, -0.2599210958938768, 0.3162775855811935, 0.6523450644053309]
16:32:08 apf.py[line:59] INFO psi = 0.0201127446192269
16:32:08 apf.py[line:60] INFO tan(psi_hat) = [0.27141883249171284, 0.6933731562113616]
16:32:08 apf.py[line:62] INFO psi_hat = 0.3731114139069326
16:32:08 apf.py[line:65] INFO term1 = 1.8 * cos(2.042035224833386 - 0.0201127446192269) + 0.04 * 10.0 = -0.3847627393947939
16:32:08 apf.py[line:69] INFO term1 = -0.3847627393947939
16:32:08 apf.py[line:73] INFO theta_term_tmp = 1.8 * sin(2.042035224833386 - 0.3731114139069326)/1.832196605741964 = 0.9777012156633923
16:32:08 apf.py[line:78] INFO [v, theta] = [1.832196605741964, 1.7323319702722992]
16:32:08 apf.py[line:161] INFO 
16:32:08 apf.py[line:162] INFO 291
16:32:08 apf.py[line:84] INFO [ 1.61861008  4.93191396  1.84287839  1.83219661 -0.57687361]
16:32:08 apf.py[line:85] INFO [array([0., 2.]), array([4., 2.]), array([5., 4.]), array([5., 6.]), array([7., 9.])]
16:32:08 apf.py[line:49] INFO n = [0.02186499 0.01361717 0.01826225 0.01749415 0.00076229]
16:32:08 apf.py[line:50] INFO beta = [0.18306643 0.12858652 0.16013516 0.15508867 0.01285606]
16:32:08 apf.py[line:58] INFO theta_robo_ob = [-2.075224352547141, -0.8886421337501879, -0.26892473879872475, 0.3059538156015602, 0.6473011227523351]
16:32:08 apf.py[line:59] INFO psi = 0.01980657539456948
16:32:08 apf.py[line:60] INFO tan(psi_hat) = [0.2679632331292275, 0.6946903207774204]
16:32:08 apf.py[line:62] INFO psi_hat = 0.36814487105854965
16:32:08 apf.py[line:65] INFO term1 = 1.8 * cos(2.0546015954477452 - 0.01980657539456948) + 0.04 * 10.0 = -0.4055496570282462
16:32:08 apf.py[line:69] INFO term1 = -0.4055496570282462
16:32:08 apf.py[line:73] INFO theta_term_tmp = 1.8 * sin(2.0546015954477452 - 0.36814487105854965)/1.8333905496957963 = 0.975228011819842
16:32:08 apf.py[line:78] INFO [v, theta] = [1.8333905496957963, 1.715894366641571]
16:32:08 apf.py[line:161] INFO 
16:32:08 apf.py[line:162] INFO 292
16:32:08 apf.py[line:84] INFO [ 1.60923535  4.96736312  1.82933343  1.83339055 -0.67724811]
16:32:08 apf.py[line:85] INFO [array([0., 2.]), array([4., 2.]), array([5., 4.]), array([5., 6.]), array([7., 9.])]
16:32:08 apf.py[line:49] INFO n = [0.0212046  0.01314363 0.01788738 0.01752422 0.00077396]
16:32:08 apf.py[line:50] INFO beta = [0.17894722 0.12521419 0.15767976 0.15528734 0.01302611]
16:32:08 apf.py[line:58] INFO theta_robo_ob = [-2.0677175550676736, -0.8925975629489554, -0.27791058972374283, 0.29562032982270897, 0.6422609065346805]
16:32:08 apf.py[line:59] INFO psi = 0.01946748003548026
16:32:08 apf.py[line:60] INFO tan(psi_hat) = [0.2644912544983207, 0.6959486710575876]
16:32:08 apf.py[line:62] INFO psi_hat = 0.3631856304369651
16:32:08 apf.py[line:65] INFO term1 = 1.8 * cos(2.0671679660621045 - 0.01946748003548026) + 0.04 * 10.0 = -0.426255749577507
16:32:08 apf.py[line:69] INFO term1 = -0.426255749577507
16:32:08 apf.py[line:73] INFO theta_term_tmp = 1.8 * sin(2.0671679660621045 - 0.3631856304369651)/1.8342737545429666 = 0.9726241348064061
16:32:08 apf.py[line:78] INFO [v, theta] = [1.8342737545429666, 1.6994539568832896]
16:32:08 apf.py[line:161] INFO 
16:32:08 apf.py[line:162] INFO 293
16:32:08 apf.py[line:84] INFO [ 1.60034833  5.00295589  1.81547962  1.83427375 -0.6926905 ]
16:32:08 apf.py[line:85] INFO [array([0., 2.]), array([4., 2.]), array([5., 4.]), array([5., 6.]), array([7., 9.])]
16:32:08 apf.py[line:49] INFO n = [0.02055513 0.01269091 0.01752441 0.01755687 0.00078602]
16:32:08 apf.py[line:50] INFO beta = [0.17486111 0.12195854 0.15528865 0.15550299 0.01320131]
16:32:08 apf.py[line:58] INFO theta_robo_ob = [-2.060435190580893, -0.8966065156051416, -0.286879218673501, 0.28527875992808394, 0.6372261034822814]
16:32:08 apf.py[line:59] INFO psi = 0.01909575557112973
16:32:08 apf.py[line:60] INFO tan(psi_hat) = [0.2610093486095546, 0.6971508677923832]
16:32:08 apf.py[line:62] INFO psi_hat = 0.3582395870339581
16:32:08 apf.py[line:65] INFO term1 = 1.8 * cos(2.079734336676464 - 0.01909575557112973) + 0.04 * 10.0 = -0.446876056599931
16:32:08 apf.py[line:69] INFO term1 = -0.446876056599931
16:32:08 apf.py[line:73] INFO theta_term_tmp = 1.8 * sin(2.079734336676464 - 0.3582395870339581)/1.834849607725337 = 0.9698885570300955
16:32:08 apf.py[line:78] INFO [v, theta] = [1.834849607725337, 1.6830123996520936]
16:32:09 apf.py[line:161] INFO 
16:32:09 apf.py[line:162] INFO 294
16:32:09 apf.py[line:84] INFO [ 1.59196247  5.03868188  1.80134978  1.83484961 -0.70649182]
16:32:09 apf.py[line:85] INFO [array([0., 2.]), array([4., 2.]), array([5., 4.]), array([5., 6.]), array([7., 9.])]
16:32:09 apf.py[line:49] INFO n = [0.01991732 0.01225805 0.01717314 0.01759231 0.00079848]
16:32:09 apf.py[line:50] INFO beta = [0.17081301 0.11881554 0.15296135 0.15573695 0.01338185]
16:32:09 apf.py[line:58] INFO theta_robo_ob = [-2.053379848863206, -0.9006691392909726, -0.29583100996459333, 0.27493070618957827, 0.6321983637497589]
16:32:09 apf.py[line:59] INFO psi = 0.01869175366277866
16:32:09 apf.py[line:60] INFO tan(psi_hat) = [0.2575239222998415, 0.6982993661554903]
16:32:09 apf.py[line:62] INFO psi_hat = 0.35331280626410133
16:32:09 apf.py[line:65] INFO term1 = 1.8 * cos(2.092300707290823 - 0.01869175366277866) + 0.04 * 10.0 = -0.4674055122975732
16:32:09 apf.py[line:69] INFO term1 = -0.4674055122975732
16:32:09 apf.py[line:73] INFO theta_term_tmp = 1.8 * sin(2.092300707290823 - 0.35331280626410133)/1.8351224694964725 = 0.9670201446478182
16:32:09 apf.py[line:78] INFO [v, theta] = [1.8351224694964725, 1.6665717757433782]
16:32:09 apf.py[line:161] INFO 
16:32:09 apf.py[line:162] INFO 295
16:32:09 apf.py[line:84] INFO [ 1.58408989  5.07453006  1.78697346  1.83512247 -0.71881602]
16:32:09 apf.py[line:85] INFO [array([0., 2.]), array([4., 2.]), array([5., 4.]), array([5., 6.]), array([7., 9.])]
16:32:09 apf.py[line:49] INFO n = [0.01929179 0.01184414 0.01683331 0.01763072 0.00081137]
16:32:09 apf.py[line:50] INFO beta = [0.16680761 0.11578126 0.15069726 0.15599041 0.0135679 ]
16:32:09 apf.py[line:58] INFO theta_robo_ob = [-2.046553508127901, -0.9047852782742851, -0.30476618755286294, 0.26457773463786766, 0.6271792998326637]
16:32:09 apf.py[line:59] INFO psi = 0.018255871484069913
16:32:09 apf.py[line:60] INFO tan(psi_hat) = [0.25404126962464135, 0.6993963922639235]
16:32:09 apf.py[line:62] INFO psi_hat = 0.34841144288361253
16:32:09 apf.py[line:65] INFO term1 = 1.8 * cos(2.1048670779051823 - 0.018255871484069913) + 0.04 * 10.0 = -0.4878389646269823
16:32:09 apf.py[line:69] INFO term1 = -0.4878389646269823
16:32:09 apf.py[line:73] INFO theta_term_tmp = 1.8 * sin(2.1048670779051823 - 0.34841144288361253)/1.8350976471299538 = 0.9640176749945659
16:32:09 apf.py[line:78] INFO [v, theta] = [1.8350976471299538, 1.6501345165935313]
16:32:09 apf.py[line:161] INFO 
16:32:09 apf.py[line:162] INFO 296
16:32:09 apf.py[line:84] INFO [ 1.57674148  5.11048885  1.7723773   1.83509765 -0.72980769]
16:32:09 apf.py[line:85] INFO [array([0., 2.]), array([4., 2.]), array([5., 4.]), array([5., 6.]), array([7., 9.])]
16:32:09 apf.py[line:49] INFO n = [0.01867914 0.0114483  0.01650468 0.01767229 0.00082469]
16:32:09 apf.py[line:50] INFO beta = [0.16284932 0.11285187 0.14849561 0.15626447 0.01375964]
16:32:09 apf.py[line:58] INFO theta_robo_ob = [-2.0399575574822952, -0.9089545153999887, -0.3136848380970593, 0.2542213737499046, 0.6221704860879016]
16:32:09 apf.py[line:59] INFO psi = 0.017788543281733293
16:32:09 apf.py[line:60] INFO tan(psi_hat) = [0.2505675137315733, 0.7004439302085197]
16:32:09 apf.py[line:62] INFO psi_hat = 0.34354166475924514
16:32:09 apf.py[line:65] INFO term1 = 1.8 * cos(2.1174334485195416 - 0.017788543281733293) + 0.04 * 10.0 = -0.5081711929752684
16:32:09 apf.py[line:69] INFO term1 = -0.5081711929752684
16:32:09 apf.py[line:73] INFO theta_term_tmp = 1.8 * sin(2.1174334485195416 - 0.34354166475924514)/1.8347813538273186 = 0.9608798542600544
16:32:09 apf.py[line:78] INFO [v, theta] = [1.8347813538273186, 1.633703336488956]
16:32:09 apf.py[line:161] INFO 
16:32:09 apf.py[line:162] INFO 297
16:32:09 apf.py[line:84] INFO [ 1.56992692  5.14654618  1.75758541  1.83478135 -0.7395945 ]
16:32:09 apf.py[line:85] INFO [array([0., 2.]), array([4., 2.]), array([5., 4.]), array([5., 6.]), array([7., 9.])]
16:32:09 apf.py[line:49] INFO n = [0.01807985 0.01106968 0.01618698 0.01771716 0.00083847]
16:32:09 apf.py[line:50] INFO beta = [0.15894222 0.11002367 0.14635557 0.15656013 0.01395722]
16:32:09 apf.py[line:58] INFO theta_robo_ob = [-2.0335928218789423, -0.9131762092797574, -0.32258693187134896, 0.24386311088202584, 0.6171734579922725]
16:32:09 apf.py[line:59] INFO psi = 0.01729023258584995
16:32:09 apf.py[line:60] INFO tan(psi_hat) = [0.24710855791412134, 0.7014437177101032]
16:32:09 apf.py[line:62] INFO psi_hat = 0.33870958264925266
16:32:09 apf.py[line:65] INFO term1 = 1.8 * cos(2.129999819133901 - 0.01729023258584995) + 0.04 * 10.0 = -0.5283969244495607
16:32:09 apf.py[line:69] INFO term1 = -0.5283969244495607
16:32:09 apf.py[line:73] INFO theta_term_tmp = 1.8 * sin(2.129999819133901 - 0.33870958264925266)/1.8341806541757093 = 0.9576053352422992
16:32:09 apf.py[line:78] INFO [v, theta] = [1.8341806541757093, 1.6172811692909015]
16:32:09 apf.py[line:161] INFO 
16:32:09 apf.py[line:162] INFO 298
16:32:09 apf.py[line:84] INFO [ 1.56365479  5.18268961  1.74261963  1.83418065 -0.74828931]
16:32:09 apf.py[line:85] INFO [array([0., 2.]), array([4., 2.]), array([5., 4.]), array([5., 6.]), array([7., 9.])]
16:32:09 apf.py[line:49] INFO n = [0.01749436 0.01070748 0.01587994 0.01776549 0.00085271]
16:32:09 apf.py[line:50] INFO beta = [0.15509005 0.10729306 0.14427617 0.1568783  0.01416081]
16:32:09 apf.py[line:58] INFO theta_robo_ob = [-2.0274595891883567, -0.917449527323952, -0.3314723416474569, 0.23350438863343567, 0.6121897112506733]
16:32:09 apf.py[line:59] INFO psi = 0.016761425039837713
16:32:09 apf.py[line:60] INFO tan(psi_hat) = [0.2436700454180388, 0.7023972487056089]
16:32:09 apf.py[line:62] INFO psi_hat = 0.33392118683577304
16:32:09 apf.py[line:65] INFO term1 = 1.8 * cos(2.14256618974826 - 0.016761425039837713) + 0.04 * 10.0 = -0.5485108488277334
16:32:09 apf.py[line:69] INFO term1 = -0.5485108488277334
16:32:09 apf.py[line:73] INFO theta_term_tmp = 1.8 * sin(2.14256618974826 - 0.33392118683577304)/1.833303398228674 = 0.9541927350024645
16:32:09 apf.py[line:78] INFO [v, theta] = [1.833303398228674, 1.6008711102582116]
16:32:09 apf.py[line:161] INFO 
16:32:09 apf.py[line:162] INFO 299
16:32:09 apf.py[line:84] INFO [ 1.55793258  5.21890641  1.72749979  1.8333034  -0.7559921 ]
16:32:09 apf.py[line:85] INFO [array([0., 2.]), array([4., 2.]), array([5., 4.]), array([5., 6.]), array([7., 9.])]
16:32:09 apf.py[line:49] INFO n = [0.01692303 0.01036094 0.01558328 0.01781739 0.00086744]
16:32:09 apf.py[line:50] INFO beta = [0.15129621 0.10465653 0.14225641 0.15721979 0.01437056]
16:32:09 apf.py[line:58] INFO theta_robo_ob = [-2.0215576390105436, -0.9217734750833708, -0.34034085967073474, 0.2231466012877455, 0.6072207008459904]
16:32:09 apf.py[line:59] INFO psi = 0.01620262182148663
16:32:09 apf.py[line:60] INFO tan(psi_hat) = [0.2402573274727564, 0.703305781362222]
16:32:09 apf.py[line:62] INFO psi_hat = 0.32918229115617914
16:32:09 apf.py[line:65] INFO term1 = 1.8 * cos(2.1551325603626195 - 0.01620262182148663) + 0.04 * 10.0 = -0.5685076322187831
16:32:09 apf.py[line:69] INFO term1 = -0.5685076322187831
16:32:09 apf.py[line:73] INFO theta_term_tmp = 1.8 * sin(2.1551325603626195 - 0.32918229115617914)/1.8321581464048884 = 0.9506406522487769
16:32:09 apf.py[line:78] INFO [v, theta] = [1.8321581464048884, 1.5844763633504488]
16:32:09 apf.py[line:161] INFO 
16:32:09 apf.py[line:162] INFO 300
16:32:09 apf.py[line:84] INFO [ 1.55276676  5.25518362  1.71224395  1.83215815 -0.76279159]
16:32:09 apf.py[line:85] INFO [array([0., 2.]), array([4., 2.]), array([5., 4.]), array([5., 6.]), array([7., 9.])]
16:32:09 apf.py[line:49] INFO n = [0.01636613 0.01002932 0.01529671 0.01787301 0.00088266]
16:32:09 apf.py[line:50] INFO beta = [0.14756375 0.10211071 0.14029521 0.15758537 0.01458661]
16:32:09 apf.py[line:58] INFO theta_robo_ob = [-2.0158862728422755, -0.9261469223098977, -0.34919221285474716, 0.2127910914485375, 0.6022678401055226]
16:32:09 apf.py[line:59] INFO psi = 0.015614333627464099
16:32:09 apf.py[line:60] INFO tan(psi_hat) = [0.23687543894454507, 0.7041703502042529]
16:32:09 apf.py[line:62] INFO psi_hat = 0.32449848472149145
16:32:09 apf.py[line:65] INFO term1 = 1.8 * cos(2.1676989309769787 - 0.015614333627464099) + 0.04 * 10.0 = -0.5883819294817183
16:32:09 apf.py[line:69] INFO term1 = -0.5883819294817183
16:32:09 apf.py[line:73] INFO theta_term_tmp = 1.8 * sin(2.1676989309769787 - 0.32449848472149145)/1.8307540874299848 = 0.9469476842869434
16:32:09 apf.py[line:78] INFO [v, theta] = [1.8307540874299848, 1.5681001942183839]
16:32:09 apf.py[line:161] INFO 
16:32:09 apf.py[line:162] INFO 301
16:32:09 apf.py[line:84] INFO [ 1.54816283  5.2915081   1.69686862  1.83075409 -0.76876672]
16:32:09 apf.py[line:85] INFO [array([0., 2.]), array([4., 2.]), array([5., 4.]), array([5., 6.]), array([7., 9.])]
16:32:09 apf.py[line:49] INFO n = [0.01582389 0.00971192 0.01501995 0.01793245 0.00089839]
16:32:09 apf.py[line:50] INFO beta = [0.14389537 0.09965232 0.13839144 0.15797572 0.01480911]
16:32:09 apf.py[line:58] INFO theta_robo_ob = [-2.0104443452250487, -0.930568626093901, -0.3580260763171732, 0.20243914695767662, 0.5973324998435772]
16:32:09 apf.py[line:59] INFO psi = 0.01499707519459862
16:32:09 apf.py[line:60] INFO tan(psi_hat) = [0.23352908095581004, 0.7049917812152195]
16:32:09 apf.py[line:62] INFO psi_hat = 0.31987509138387066
16:32:09 apf.py[line:65] INFO term1 = 1.8 * cos(2.180265301591338 - 0.01499707519459862) + 0.04 * 10.0 = -0.6081283954525142
16:32:09 apf.py[line:69] INFO term1 = -0.6081283954525142
16:32:09 apf.py[line:73] INFO theta_term_tmp = 1.8 * sin(2.180265301591338 - 0.31987509138387066)/1.829100951498764 = 0.9431124433889022
16:32:09 apf.py[line:78] INFO [v, theta] = [1.829100951498764, 1.5517458889366775]
16:32:09 apf.py[line:161] INFO 
16:32:09 apf.py[line:162] INFO 302
16:32:09 apf.py[line:84] INFO [ 1.54412537  5.32786664  1.68138886  1.82910095 -0.7739879 ]
16:32:09 apf.py[line:85] INFO [array([0., 2.]), array([4., 2.]), array([5., 4.]), array([5., 6.]), array([7., 9.])]
16:32:09 apf.py[line:49] INFO n = [0.01529645 0.00940808 0.01475273 0.01799581 0.00091465]
16:32:09 apf.py[line:50] INFO beta = [0.1402934  0.09727817 0.13654394 0.15839149 0.0150382 ]
16:32:09 apf.py[line:58] INFO theta_robo_ob = [-2.005230295513497, -0.9350372513917031, -0.36684208537667856, 0.1920919981616649, 0.592416007626446]
16:32:09 apf.py[line:59] INFO psi = 0.014351360331899776
16:32:09 apf.py[line:60] INFO tan(psi_hat) = [0.23022260978372844, 0.7057707089447085]
16:32:09 apf.py[line:62] INFO psi_hat = 0.315317136823004
16:32:09 apf.py[line:65] INFO term1 = 1.8 * cos(2.1928316722056973 - 0.014351360331899776) + 0.04 * 10.0 = -0.6277416950296065
16:32:09 apf.py[line:69] INFO term1 = -0.6277416950296065
16:32:09 apf.py[line:73] INFO theta_term_tmp = 1.8 * sin(2.1928316722056973 - 0.315317136823004)/1.8272089207225364 = 0.9391335724494981
16:32:09 apf.py[line:78] INFO [v, theta] = [1.8272089207225364, 1.5354167184041505]
16:32:09 apf.py[line:161] INFO 
16:32:09 apf.py[line:162] INFO 303
16:32:09 apf.py[line:84] INFO [ 1.54065809  5.36424596  1.6658185   1.82720892 -0.7785181 ]
16:32:09 apf.py[line:85] INFO [array([0., 2.]), array([4., 2.]), array([5., 4.]), array([5., 6.]), array([7., 9.])]
16:32:09 apf.py[line:49] INFO n = [0.01478389 0.00911716 0.01449475 0.01806321 0.00093146]
16:32:09 apf.py[line:50] INFO beta = [0.13675986 0.0949852  0.13475152 0.15883325 0.01527402]
16:32:09 apf.py[line:58] INFO theta_robo_ob = [-2.000242179924528, -0.9395513892178992, -0.3756398461264507, 0.18175081557122663, 0.5875196471941145]
16:32:09 apf.py[line:59] INFO psi = 0.013677697437687288
16:32:09 apf.py[line:60] INFO tan(psi_hat) = [0.22696003133912068, 0.7065075948047679]
16:32:09 apf.py[line:62] INFO psi_hat = 0.31082932296247423
16:32:09 apf.py[line:65] INFO term1 = 1.8 * cos(2.2053980428200566 - 0.013677697437687288) + 0.04 * 10.0 = -0.6472165121695209
16:32:09 apf.py[line:69] INFO term1 = -0.6472165121695209
16:32:09 apf.py[line:73] INFO theta_term_tmp = 1.8 * sin(2.2053980428200566 - 0.31082932296247423)/1.8250885387630904 = 0.9350097598205398
16:32:09 apf.py[line:78] INFO [v, theta] = [1.8250885387630904, 1.5191159082295123]
16:32:09 apf.py[line:161] INFO 
16:32:09 apf.py[line:162] INFO 304
16:32:09 apf.py[line:84] INFO [ 1.53776384  5.4006328   1.65017022  1.82508854 -0.78241383]
16:32:09 apf.py[line:85] INFO [array([0., 2.]), array([4., 2.]), array([5., 4.]), array([5., 6.]), array([7., 9.])]
16:32:09 apf.py[line:49] INFO n = [0.01428625 0.00883856 0.01424573 0.01813474 0.00094881]
16:32:09 apf.py[line:50] INFO beta = [0.1332964  0.09277044 0.13301297 0.15930155 0.01551672]
16:32:09 apf.py[line:58] INFO theta_robo_ob = [-1.9954777035522797, -0.9441095727440991, -0.3844189446956254, 0.17141670794215375, 0.5826446580626796]
16:32:09 apf.py[line:59] INFO psi = 0.012976585476421503
16:32:09 apf.py[line:60] INFO tan(psi_hat) = [0.22374500053050556, 0.707202745882786]
16:32:09 apf.py[line:62] INFO psi_hat = 0.3064160093009915
16:32:09 apf.py[line:65] INFO term1 = 1.8 * cos(2.217964413434416 - 0.012976585476421503) + 0.04 * 10.0 = -0.6665475578454166
16:32:09 apf.py[line:69] INFO term1 = -0.6665475578454166
16:32:09 apf.py[line:73] INFO theta_term_tmp = 1.8 * sin(2.217964413434416 - 0.3064160093009915)/1.822750621354627 = 0.93073975323255
16:32:09 apf.py[line:78] INFO [v, theta] = [1.822750621354627, 1.5028466138339223]
16:32:09 apf.py[line:161] INFO 
16:32:09 apf.py[line:162] INFO 305
16:32:09 apf.py[line:84] INFO [ 1.53544471  5.43701397  1.63445571  1.82275062 -0.78572592]
16:32:09 apf.py[line:85] INFO [array([0., 2.]), array([4., 2.]), array([5., 4.]), array([5., 6.]), array([7., 9.])]
16:32:09 apf.py[line:49] INFO n = [0.01380349 0.0085717  0.01400541 0.01821047 0.00096674]
16:32:09 apf.py[line:50] INFO beta = [0.12990438 0.09063101 0.13132707 0.15979689 0.01576642]
16:32:09 apf.py[line:58] INFO theta_robo_ob = [-1.9909342520621323, -0.9487102915171383, -0.3931789553050667, 0.1610907207909416, 0.5777922353224454]
16:32:09 apf.py[line:59] INFO psi = 0.012248510389911912
16:32:09 apf.py[line:60] INFO tan(psi_hat) = [0.2205808248360654, 0.7078563337264333]
16:32:09 apf.py[line:62] INFO psi_hat = 0.3020812006478275
16:32:09 apf.py[line:65] INFO term1 = 1.8 * cos(2.230530784048775 - 0.012248510389911912) + 0.04 * 10.0 = -0.6857295770225426
16:32:09 apf.py[line:69] INFO term1 = -0.6857295770225426
16:32:09 apf.py[line:73] INFO theta_term_tmp = 1.8 * sin(2.230530784048775 - 0.3020812006478275)/1.8202061691908442 = 0.9263223727354034
16:32:09 apf.py[line:78] INFO [v, theta] = [1.8202061691908442, 1.4866119004349652]
16:32:10 apf.py[line:161] INFO 
16:32:10 apf.py[line:162] INFO 306
16:32:10 apf.py[line:84] INFO [ 1.533702    5.47337636  1.6186857   1.82020617 -0.78850029]
16:32:10 apf.py[line:85] INFO [array([0., 2.]), array([4., 2.]), array([5., 4.]), array([5., 6.]), array([7., 9.])]
16:32:10 apf.py[line:49] INFO n = [0.01333554 0.00831603 0.0137735  0.01829051 0.00098526]
16:32:10 apf.py[line:50] INFO beta = [0.12658485 0.08856414 0.1296926  0.16031973 0.01602327]
16:32:10 apf.py[line:58] INFO theta_robo_ob = [-1.9866089228073185, -0.9533520039853288, -0.40191944721903616, 0.15077383534664518, 0.5729635296389503]
16:32:10 apf.py[line:59] INFO psi = 0.01149394191758458
16:32:10 apf.py[line:60] INFO tan(psi_hat) = [0.21747047143519763, 0.7084684126710421]
16:32:10 apf.py[line:62] INFO psi_hat = 0.29782854068462217
16:32:10 apf.py[line:65] INFO term1 = 1.8 * cos(2.2430971546631344 - 0.01149394191758458) + 0.04 * 10.0 = -0.7047573547055975
16:32:10 apf.py[line:69] INFO term1 = -0.7047573547055975
16:32:10 apf.py[line:73] INFO theta_term_tmp = 1.8 * sin(2.2430971546631344 - 0.29782854068462217)/1.8174662844179625 = 0.921756522609193
16:32:10 apf.py[line:78] INFO [v, theta] = [1.8174662844179625, 1.4704147275281554]
16:32:10 apf.py[line:161] INFO 
16:32:10 apf.py[line:162] INFO 307
16:32:10 apf.py[line:84] INFO [ 1.53253634  5.50970699  1.60287013  1.81746628 -0.79077852]
16:32:10 apf.py[line:85] INFO [array([0., 2.]), array([4., 2.]), array([5., 4.]), array([5., 6.]), array([7., 9.])]
16:32:10 apf.py[line:49] INFO n = [0.01288227 0.00807102 0.01354974 0.01837494 0.00100438]
16:32:10 apf.py[line:50] INFO beta = [0.12333857 0.08656715 0.12810831 0.16087051 0.01628741]
16:32:10 apf.py[line:58] INFO theta_robo_ob = [-1.9824985551433036, -0.9580331485003444, -0.4106399906892488, 0.14046696793048638, 0.568159647457687]
16:32:10 apf.py[line:59] INFO psi = 0.010713330800484179
16:32:10 apf.py[line:60] INFO tan(psi_hat) = [0.21441657728892835, 0.7090389373808299]
16:32:10 apf.py[line:62] INFO psi_hat = 0.293661310734072
16:32:10 apf.py[line:65] INFO term1 = 1.8 * cos(2.2556635252774937 - 0.010713330800484179) + 0.04 * 10.0 = -0.7236257211138607
16:32:10 apf.py[line:69] INFO term1 = -0.7236257211138607
16:32:10 apf.py[line:73] INFO theta_term_tmp = 1.8 * sin(2.2556635252774937 - 0.293661310734072)/1.814542091736167 = 0.9170412022154553
16:32:10 apf.py[line:78] INFO [v, theta] = [1.814542091736167, 1.4542579374501055]
16:32:10 apf.py[line:161] INFO 
16:32:10 apf.py[line:162] INFO 308
16:32:10 apf.py[line:84] INFO [ 1.53194766  5.54599306  1.58701816  1.81454209 -0.79259836]
16:32:10 apf.py[line:85] INFO [array([0., 2.]), array([4., 2.]), array([5., 4.]), array([5., 6.]), array([7., 9.])]
16:32:10 apf.py[line:49] INFO n = [0.01244354 0.00783618 0.01333387 0.01846382 0.00102412]
16:32:10 apf.py[line:50] INFO beta = [0.12016605 0.08463747 0.12657298 0.16144963 0.01655897]
16:32:10 apf.py[line:58] INFO theta_robo_ob = [-1.9785997597470875, -0.9627521529443199, -0.41934016198273466, 0.13017096974680742, 0.563381651407907]
16:32:10 apf.py[line:59] INFO psi = 0.009907106343711695
16:32:10 apf.py[line:60] INFO tan(psi_hat) = [0.21142146160239536, 0.7095677793630556]
16:32:10 apf.py[line:62] INFO psi_hat = 0.28958243309671505
16:32:10 apf.py[line:65] INFO term1 = 1.8 * cos(2.268229895891853 - 0.009907106343711695) + 0.04 * 10.0 = -0.7423295560403816
16:32:10 apf.py[line:69] INFO term1 = -0.7423295560403816
16:32:10 apf.py[line:73] INFO theta_term_tmp = 1.8 * sin(2.268229895891853 - 0.28958243309671505)/1.8114446648801126 = 0.9121755157759128
16:32:10 apf.py[line:78] INFO [v, theta] = [1.8114446648801126, 1.4381442475902046]
16:32:10 apf.py[line:161] INFO 
16:32:10 apf.py[line:162] INFO 309
16:32:10 apf.py[line:84] INFO [ 1.53193527  5.58222195  1.57113828  1.81144466 -0.79399421]
16:32:10 apf.py[line:85] INFO [array([0., 2.]), array([4., 2.]), array([5., 4.]), array([5., 6.]), array([7., 9.])]
16:32:10 apf.py[line:49] INFO n = [0.01201913 0.00761104 0.01312564 0.01855724 0.00104449]
16:32:10 apf.py[line:50] INFO beta = [0.11706755 0.0827726  0.1250854  0.16205748 0.01683808]
16:32:10 apf.py[line:58] INFO theta_robo_ob = [-1.9749089467802616, -0.9675074431162606, -0.4280195475798201, 0.11988662706283082, 0.5586305608965878]
16:32:10 apf.py[line:59] INFO psi = 0.009075674312106052
16:32:10 apf.py[line:60] INFO tan(psi_hat) = [0.2084871401507561, 0.7100547422891037]
16:32:10 apf.py[line:62] INFO psi_hat = 0.28559447831680834
16:32:10 apf.py[line:65] INFO term1 = 1.8 * cos(2.2807962665062123 - 0.009075674312106052) + 0.04 * 10.0 = -0.7608637924516773
16:32:10 apf.py[line:69] INFO term1 = -0.7608637924516773
16:32:10 apf.py[line:73] INFO theta_term_tmp = 1.8 * sin(2.2807962665062123 - 0.28559447831680834)/1.8081849590306982 = 0.9071586810808514
16:32:10 apf.py[line:78] INFO [v, theta] = [1.8081849590306982, 1.4220762458129554]
16:32:10 apf.py[line:161] INFO 
16:32:10 apf.py[line:162] INFO 310
16:32:10 apf.py[line:84] INFO [ 1.53249789  5.61838127  1.55523833  1.80818496 -0.7949975 ]
16:32:10 apf.py[line:85] INFO [array([0., 2.]), array([4., 2.]), array([5., 4.]), array([5., 6.]), array([7., 9.])]
16:32:10 apf.py[line:49] INFO n = [0.01160882 0.00739514 0.01292478 0.01865527 0.00106552]
16:32:10 apf.py[line:50] INFO beta = [0.11404307 0.08097013 0.12364434 0.16269441 0.01712489]
16:32:10 apf.py[line:58] INFO theta_robo_ob = [-1.9714223527653485, -0.9722974499984628, -0.43667774762343065, 0.10961466175013021, 0.5539073528802801]
16:32:10 apf.py[line:59] INFO psi = 0.008219415134196915
16:32:10 apf.py[line:60] INFO tan(psi_hat) = [0.20561534100038126, 0.710499576019503]
16:32:10 apf.py[line:62] INFO psi_hat = 0.2816996757537975
16:32:10 apf.py[line:65] INFO term1 = 1.8 * cos(2.2933626371205715 - 0.008219415134196915) + 0.04 * 10.0 = -0.7792234193840523
16:32:10 apf.py[line:69] INFO term1 = -0.7792234193840523
16:32:10 apf.py[line:73] INFO theta_term_tmp = 1.8 * sin(2.2933626371205715 - 0.2816996757537975)/1.804773749510183 = 0.9019900371420034
16:32:10 apf.py[line:78] INFO [v, theta] = [1.804773749510183, 1.406056388659053]
16:32:10 apf.py[line:161] INFO 
16:32:10 apf.py[line:162] INFO 311
16:32:10 apf.py[line:84] INFO [ 1.53363365  5.65445887  1.53932559  1.80477375 -0.79563701]
16:32:10 apf.py[line:85] INFO [array([0., 2.]), array([4., 2.]), array([5., 4.]), array([5., 6.]), array([7., 9.])]
16:32:10 apf.py[line:49] INFO n = [0.01121235 0.00718805 0.01273107 0.01875799 0.00108721]
16:32:10 apf.py[line:50] INFO beta = [0.11109245 0.07922776 0.12224863 0.16336077 0.01741954]
16:32:10 apf.py[line:58] INFO theta_robo_ob = [-1.968136066074144, -0.9771206160120356, -0.44531437869584245, 0.09935573215757101, 0.5492129628000562]
16:32:10 apf.py[line:59] INFO psi = 0.00733868238980204
16:32:10 apf.py[line:60] INFO tan(psi_hat) = [0.20280752120844697, 0.71090198928189]
16:32:10 apf.py[line:62] INFO psi_hat = 0.2778999268638842
16:32:10 apf.py[line:65] INFO term1 = 1.8 * cos(2.305929007734931 - 0.00733868238980204) + 0.04 * 10.0 = -0.7974034841919363
16:32:10 apf.py[line:69] INFO term1 = -0.7974034841919363
16:32:10 apf.py[line:73] INFO theta_term_tmp = 1.8 * sin(2.305929007734931 - 0.2778999268638842)/1.8012215769343158 = 0.8966690508153284
16:32:10 apf.py[line:78] INFO [v, theta] = [1.8012215769343158, 1.3900870019077987]
16:32:10 apf.py[line:161] INFO 
16:32:10 apf.py[line:162] INFO 312
16:32:10 apf.py[line:84] INFO [ 1.53534019  5.69044286  1.52340681  1.80122158 -0.79593912]
16:32:10 apf.py[line:85] INFO [array([0., 2.]), array([4., 2.]), array([5., 4.]), array([5., 6.]), array([7., 9.])]
16:32:10 apf.py[line:49] INFO n = [0.01082944 0.00698937 0.01254426 0.01886546 0.00110959]
16:32:10 apf.py[line:50] INFO beta = [0.10821531 0.07754325 0.12089707 0.1640569  0.01772217]
16:32:10 apf.py[line:58] INFO theta_robo_ob = [-1.9650460509540826, -0.9819754003604528, -0.4539290759939603, 0.08911043428354598, 0.5445482856630497]
16:32:10 apf.py[line:59] INFO psi = 0.006433801557131119
16:32:10 apf.py[line:60] INFO tan(psi_hat) = [0.20006488413471832, 0.7112616609930172]
16:32:10 apf.py[line:62] INFO psi_hat = 0.2741968206336571
16:32:10 apf.py[line:65] INFO term1 = 1.8 * cos(2.31849537834929 - 0.006433801557131119) + 0.04 * 10.0 = -0.815399094202495
16:32:10 apf.py[line:69] INFO term1 = -0.815399094202495
16:32:10 apf.py[line:73] INFO theta_term_tmp = 1.8 * sin(2.31849537834929 - 0.2741968206336571)/1.7975386988404336 = 0.8911953224274067
16:32:10 apf.py[line:78] INFO [v, theta] = [1.7975386988404336, 1.3741702831046765]
16:32:10 apf.py[line:161] INFO 
16:32:10 apf.py[line:162] INFO 313
16:32:10 apf.py[line:84] INFO [ 1.53761465  5.72632162  1.50748824  1.7975387  -0.79592812]
16:32:10 apf.py[line:85] INFO [array([0., 2.]), array([4., 2.]), array([5., 4.]), array([5., 6.]), array([7., 9.])]
16:32:10 apf.py[line:49] INFO n = [0.0104598  0.0067987  0.01236412 0.01897775 0.00113268]
16:32:10 apf.py[line:50] INFO beta = [0.10541111 0.07591446 0.1195885  0.1647831  0.01803293]
16:32:10 apf.py[line:58] INFO theta_robo_ob = [-1.962148170043739, -0.9868602835511269, -0.46252149496923695, 0.07887930321443751, 0.5399141772530085]
16:32:10 apf.py[line:59] INFO psi = 0.005505068995887333
16:32:10 apf.py[line:60] INFO tan(psi_hat) = [0.1973883970483476, 0.7115782502491458]
16:32:10 apf.py[line:62] INFO psi_hat = 0.2705916506518998
16:32:10 apf.py[line:65] INFO term1 = 1.8 * cos(2.3310617489636494 - 0.005505068995887333) + 0.04 * 10.0 = -0.83320541782923
16:32:10 apf.py[line:69] INFO term1 = -0.83320541782923
16:32:10 apf.py[line:73] INFO theta_term_tmp = 1.8 * sin(2.3310617489636494 - 0.2705916506518998)/1.7937350476800573 = 0.8855685904454231
16:32:10 apf.py[line:78] INFO [v, theta] = [1.7937350476800573, 1.3583083056840373]
16:32:10 apf.py[line:161] INFO 
16:32:10 apf.py[line:162] INFO 314
16:32:10 apf.py[line:84] INFO [ 1.54045369  5.7620838   1.49157572  1.79373505 -0.79562633]
16:32:10 apf.py[line:85] INFO [array([0., 2.]), array([4., 2.]), array([5., 4.]), array([5., 6.]), array([7., 9.])]
16:32:10 apf.py[line:49] INFO n = [0.0101031  0.00661568 0.01219043 0.01909494 0.00115648]
16:32:10 apf.py[line:50] INFO beta = [0.10267915 0.07433932 0.11832178 0.16553969 0.01835195]
16:32:10 apf.py[line:58] INFO theta_robo_ob = [-1.959438205351271, -0.9917737711770669, -0.4710913124934623, 0.06866281479621757, 0.5353114554517941]
16:32:10 apf.py[line:59] INFO psi = 0.004552751143619682
16:32:10 apf.py[line:60] INFO tan(psi_hat) = [0.1947788087590721, 0.7118514050346074]
16:32:10 apf.py[line:62] INFO psi_hat = 0.26708543335408447
16:32:10 apf.py[line:65] INFO term1 = 1.8 * cos(2.3436281195780087 - 0.004552751143619682) + 0.04 * 10.0 = -0.8508176851954038
16:32:10 apf.py[line:69] INFO term1 = -0.8508176851954038
16:32:10 apf.py[line:73] INFO theta_term_tmp = 1.8 * sin(2.3436281195780087 - 0.26708543335408447)/1.7898201949581165 = 0.8797887352350976
16:32:10 apf.py[line:78] INFO [v, theta] = [1.7898201949581165, 1.3425030243463967]
16:32:10 apf.py[line:161] INFO 
16:32:10 apf.py[line:162] INFO 315
16:32:10 apf.py[line:84] INFO [ 1.54385357  5.79771838  1.47567463  1.78982019 -0.79505436]
16:32:10 apf.py[line:85] INFO [array([0., 2.]), array([4., 2.]), array([5., 4.]), array([5., 6.]), array([7., 9.])]
16:32:10 apf.py[line:49] INFO n = [0.00975903 0.00643995 0.01202298 0.0192171  0.00118103]
16:32:10 apf.py[line:50] INFO beta = [0.10001859 0.07281583 0.1170958  0.16632695 0.01867939]
16:32:10 apf.py[line:58] INFO theta_robo_ob = [-1.956911877689785, -0.9967143970335911, -0.4796382276068974, 0.05846138750678356, 0.5307409016537417]
16:32:10 apf.py[line:59] INFO psi = 0.0035770839034658442
16:32:10 apf.py[line:60] INFO tan(psi_hat) = [0.19223666704568607, 0.7120807697171002]
16:32:10 apf.py[line:62] INFO psi_hat = 0.26367892702457124
16:32:10 apf.py[line:65] INFO term1 = 1.8 * cos(2.356194490192368 - 0.0035770839034658442) + 0.04 * 10.0 = -0.8682311883159414
16:32:10 apf.py[line:69] INFO term1 = -0.8682311883159414
16:32:10 apf.py[line:73] INFO theta_term_tmp = 1.8 * sin(2.356194490192368 - 0.26367892702457124)/1.785803321217345 = 0.873855781953599
16:32:10 apf.py[line:78] INFO [v, theta] = [1.785803321217345, 1.3267562813812923]
16:32:11 apf.py[line:161] INFO 
16:32:11 apf.py[line:162] INFO 316
16:32:11 apf.py[line:84] INFO [ 1.54781014  5.83321462  1.45979001  1.78580332 -0.79423119]
16:32:11 apf.py[line:85] INFO [array([0., 2.]), array([4., 2.]), array([5., 4.]), array([5., 6.]), array([7., 9.])]
16:32:11 apf.py[line:49] INFO n = [0.00942724 0.00627119 0.01186155 0.0193443  0.00120634]
16:32:11 apf.py[line:50] INFO beta = [0.09742849 0.0713421  0.11590945 0.16714519 0.01901541]
16:32:11 apf.py[line:58] INFO theta_robo_ob = [-1.9545648645812461, -1.0016807256386702, -0.48816196190060207, 0.04827538449788608, 0.5262032622551751]
16:32:11 apf.py[line:59] INFO psi = 0.0025782722024147373
16:32:11 apf.py[line:60] INFO tan(psi_hat) = [0.18976233569467887, 0.7122659914113336]
16:32:11 apf.py[line:62] INFO psi_hat = 0.2603726511924284
16:32:11 apf.py[line:65] INFO term1 = 1.8 * cos(2.368760860806727 - 0.0025782722024147373) + 0.04 * 10.0 = -0.8854412808840287
16:32:11 apf.py[line:69] INFO term1 = -0.8854412808840287
16:32:11 apf.py[line:73] INFO theta_term_tmp = 1.8 * sin(2.368760860806727 - 0.2603726511924284)/1.7816931915039218 = 0.867769902625706
16:32:11 apf.py[line:78] INFO [v, theta] = [1.7816931915039218, 1.3110698136589605]
16:32:11 apf.py[line:161] INFO 
16:32:11 apf.py[line:162] INFO 317
16:32:11 apf.py[line:84] INFO [ 1.55231889  5.86856209  1.44392652  1.78169319 -0.79317436]
16:32:11 apf.py[line:85] INFO [array([0., 2.]), array([4., 2.]), array([5., 4.]), array([5., 6.]), array([7., 9.])]
16:32:11 apf.py[line:49] INFO n = [0.00910738 0.00610906 0.01170594 0.0194766  0.00123243]
16:32:11 apf.py[line:50] INFO beta = [0.09490779 0.06991628 0.11476166 0.16799468 0.01936014]
16:32:11 apf.py[line:58] INFO theta_robo_ob = [-1.9523928166556765, -1.0066713542196812, -0.49666225958036375, 0.03810511577719077, 0.5216992502020606]
16:32:11 apf.py[line:59] INFO psi = 0.0015564897002955924
16:32:11 apf.py[line:60] INFO tan(psi_hat) = [0.18735601099824287, 0.7124067253009259]
16:32:11 apf.py[line:62] INFO psi_hat = 0.2571669061066419
16:32:11 apf.py[line:65] INFO term1 = 1.8 * cos(2.3813272314210865 - 0.0015564897002955924) + 0.04 * 10.0 = -0.9024433777059794
16:32:11 apf.py[line:69] INFO term1 = -0.9024433777059794
16:32:11 apf.py[line:73] INFO theta_term_tmp = 1.8 * sin(2.3813272314210865 - 0.2571669061066419)/1.7774981359069704 = 0.8615314174514653
16:32:11 apf.py[line:78] INFO [v, theta] = [1.7774981359069704, 1.2954452600462127]
16:32:11 apf.py[line:161] INFO 
16:32:11 apf.py[line:162] INFO 318
16:32:11 apf.py[line:84] INFO [ 1.55737494  5.90375067  1.42808852  1.77749814 -0.79190004]
16:32:11 apf.py[line:85] INFO [array([0., 2.]), array([4., 2.]), array([5., 4.]), array([5., 6.]), array([7., 9.])]
16:32:11 apf.py[line:49] INFO n = [0.00879912 0.00595328 0.01155597 0.01961407 0.00125932]
16:32:11 apf.py[line:50] INFO beta = [0.09245534 0.0685366  0.11365139 0.16887571 0.01971376]
16:32:11 apf.py[line:58] INFO theta_robo_ob = [-1.9503913725850985, -1.0116849142240476, -0.5051388872553607, 0.02795084050303095, 0.5172295465797095]
16:32:11 apf.py[line:59] INFO psi = 0.0005118786308481057
16:32:11 apf.py[line:60] INFO tan(psi_hat) = [0.18501773759337228, 0.7125026390128496]
16:32:11 apf.py[line:62] INFO psi_hat = 0.2540617920241945
16:32:11 apf.py[line:65] INFO term1 = 1.8 * cos(2.3938936020354458 - 0.0005118786308481057) + 0.04 * 10.0 = -0.919232953825193
16:32:11 apf.py[line:69] INFO term1 = -0.919232953825193
16:32:11 apf.py[line:73] INFO theta_term_tmp = 1.8 * sin(2.3938936020354458 - 0.2540617920241945)/1.773226034737723 = 0.8551407953925703
16:32:11 apf.py[line:78] INFO [v, theta] = [1.773226034737723, 1.2798841690330764]
16:32:11 apf.py[line:161] INFO 
16:32:11 apf.py[line:162] INFO 319
16:32:11 apf.py[line:84] INFO [ 1.56297313  5.93877056  1.41228005  1.77322603 -0.79042319]
16:32:11 apf.py[line:85] INFO [array([0., 2.]), array([4., 2.]), array([5., 4.]), array([5., 6.]), array([7., 9.])]
16:32:11 apf.py[line:49] INFO n = [0.00850208 0.00580355 0.01141143 0.0197568  0.00128704]
16:32:11 apf.py[line:50] INFO beta = [0.09006992 0.06720137 0.11257761 0.16978855 0.02007642]
16:32:11 apf.py[line:58] INFO theta_robo_ob = [-1.9485561726020928, -1.0167200724063756, -0.5135916334906366, 0.0178127693666246, 0.5127948022295437]
16:32:11 apf.py[line:59] INFO psi = -0.0005554502425830412
16:32:11 apf.py[line:60] INFO tan(psi_hat) = [0.18274742355251813, 0.7125534161399575]
16:32:11 apf.py[line:62] INFO psi_hat = 0.2510572280892583
16:32:11 apf.py[line:65] INFO term1 = 1.8 * cos(2.406459972649805 - -0.0005554502425830412) + 0.04 * 10.0 = -0.9358055433731415
16:32:11 apf.py[line:69] INFO term1 = -0.9358055433731415
16:32:11 apf.py[line:73] INFO theta_term_tmp = 1.8 * sin(2.406459972649805 - 0.2510572280892583)/1.7688843079016279 = 0.8485986540828534
16:32:11 apf.py[line:78] INFO [v, theta] = [1.7688843079016279, 1.26438800638644]
16:32:11 apf.py[line:161] INFO 
16:32:11 apf.py[line:162] INFO 320
16:32:11 apf.py[line:84] INFO [ 1.56910799  5.97361226  1.3965049   1.76888431 -0.78875758]
16:32:11 apf.py[line:85] INFO [array([0., 2.]), array([4., 2.]), array([5., 4.]), array([5., 6.]), array([7., 9.])]
16:32:11 apf.py[line:49] INFO n = [0.00821593 0.00565961 0.01127215 0.01990485 0.00131559]
16:32:11 apf.py[line:50] INFO beta = [0.08775024 0.06590895 0.11153933 0.1707335  0.02044828]
16:32:11 apf.py[line:58] INFO theta_robo_ob = [-1.9468828706611392, -1.0217755315402037, -0.522020308158617, 0.007691067038892882, 0.5083956393791652]
16:32:11 apf.py[line:59] INFO psi = -0.0016454175729592984
16:32:11 apf.py[line:60] INFO tan(psi_hat) = [0.18054485466136566, 0.7125587590058804]
16:32:11 apf.py[line:62] INFO psi_hat = 0.2481529706230335
16:32:11 apf.py[line:65] INFO term1 = 1.8 * cos(2.4190263432641643 - -0.0016454175729592984) + 0.04 * 10.0 = -0.9521567381824448
16:32:11 apf.py[line:69] INFO term1 = -0.9521567381824448
16:32:11 apf.py[line:73] INFO theta_term_tmp = 1.8 * sin(2.4190263432641643 - 0.2481529706230335)/1.7644799080160325 = 0.8419057591058459
16:32:11 apf.py[line:78] INFO [v, theta] = [1.7644799080160325, 1.2489581626746769]
16:32:11 apf.py[line:161] INFO 
16:32:11 apf.py[line:162] INFO 321
16:32:11 apf.py[line:84] INFO [ 1.57577377  6.0082666   1.38076658  1.76447991 -0.78691594]
16:32:11 apf.py[line:85] INFO [array([0., 2.]), array([4., 2.]), array([5., 4.]), array([5., 6.]), array([7., 9.])]
16:32:11 apf.py[line:49] INFO n = [0.00794031 0.00552118 0.01113795 0.02005829 0.00134502]
16:32:11 apf.py[line:50] INFO beta = [0.08549497 0.06465777 0.11053556 0.17171081 0.02082952]
16:32:11 apf.py[line:58] INFO theta_robo_ob = [-1.9453671453072447, -1.0268500307983297, -0.5304247416212828, -0.0024141453385831796, 0.5040326532732556]
16:32:11 apf.py[line:59] INFO psi = -0.002757975292069094
16:32:11 apf.py[line:60] INFO tan(psi_hat) = [0.17840970784091018, 0.7125183907634883]
16:32:11 apf.py[line:62] INFO psi_hat = 0.24534863068118412
16:32:11 apf.py[line:65] INFO term1 = 1.8 * cos(2.4315927138785236 - -0.002757975292069094) + 0.04 * 10.0 = -0.9682821861941745
16:32:11 apf.py[line:69] INFO term1 = -0.9682821861941745
16:32:11 apf.py[line:73] INFO theta_term_tmp = 1.8 * sin(2.4315927138785236 - 0.24534863068118412)/1.7600193168350564 = 0.835063022679482
16:32:11 apf.py[line:78] INFO [v, theta] = [1.7600193168350564, 1.2335959605327111]
16:32:11 apf.py[line:161] INFO 
16:32:11 apf.py[line:162] INFO 322
16:32:11 apf.py[line:84] INFO [ 1.5829645   6.0427247   1.36506838  1.76001932 -0.78490999]
16:32:11 apf.py[line:85] INFO [array([0., 2.]), array([4., 2.]), array([5., 4.]), array([5., 6.]), array([7., 9.])]
16:32:11 apf.py[line:49] INFO n = [0.00767486 0.00538803 0.01100866 0.02021721 0.00137533]
16:32:11 apf.py[line:50] INFO beta = [0.08330271 0.06344633 0.10956538 0.17272078 0.0212203 ]
16:32:11 apf.py[line:58] INFO theta_robo_ob = [-1.9440047093209634, -1.0319423458418195, -0.5388047837712289, -0.012502787636514032, 0.4997064137941596]
16:32:11 apf.py[line:59] INFO psi = -0.0038931064034295527
16:32:11 apf.py[line:60] INFO tan(psi_hat) = [0.17634156368940362, 0.7124320569135932]
16:32:11 apf.py[line:62] INFO psi_hat = 0.2426436907693057
16:32:11 apf.py[line:65] INFO term1 = 1.8 * cos(2.444159084492883 - -0.0038931064034295527) + 0.04 * 10.0 = -0.9841775896886783
16:32:11 apf.py[line:69] INFO term1 = -0.9841775896886783
16:32:11 apf.py[line:73] INFO theta_term_tmp = 1.8 * sin(2.444159084492883 - 0.2426436907693057)/1.7555085445598122 = 0.8280715017848704
16:32:11 apf.py[line:78] INFO [v, theta] = [1.7555085445598122, 1.2183026615601422]
16:32:11 apf.py[line:161] INFO 
16:32:11 apf.py[line:162] INFO 323
16:32:11 apf.py[line:84] INFO [ 1.59067396  6.07697799  1.34941337  1.75550854 -0.78275052]
16:32:11 apf.py[line:85] INFO [array([0., 2.]), array([4., 2.]), array([5., 4.]), array([5., 6.]), array([7., 9.])]
16:32:11 apf.py[line:49] INFO n = [0.00741924 0.00525992 0.01088412 0.02038167 0.00140656]
16:32:11 apf.py[line:50] INFO beta = [0.08117205 0.06227319 0.10862786 0.17376369 0.02162081]
16:32:11 apf.py[line:58] INFO theta_robo_ob = [-1.9427913182119456, -1.0370512886542262, -0.5471603029566934, -0.02257481821046154, 0.4954174670623278]
16:32:11 apf.py[line:59] INFO psi = -0.005050824718137637
16:32:11 apf.py[line:60] INFO tan(psi_hat) = [0.17433991813513947, 0.7122995263251105]
16:32:11 apf.py[line:62] INFO psi_hat = 0.24003752063631223
16:32:11 apf.py[line:65] INFO term1 = 1.8 * cos(2.456725455107242 - -0.005050824718137637) + 0.04 * 10.0 = -0.9998387033664436
16:32:11 apf.py[line:69] INFO term1 = -0.9998387033664436
16:32:11 apf.py[line:73] INFO theta_term_tmp = 1.8 * sin(2.456725455107242 - 0.24003752063631223)/1.7509531316343319 = 0.8209323957727324
16:32:11 apf.py[line:78] INFO [v, theta] = [1.7509531316343319, 1.2030794727656888]
16:32:11 apf.py[line:161] INFO 
16:32:11 apf.py[line:162] INFO 324
16:32:11 apf.py[line:84] INFO [ 1.59889572  6.11101822  1.33380442  1.75095313 -0.78044747]
16:32:11 apf.py[line:85] INFO [array([0., 2.]), array([4., 2.]), array([5., 4.]), array([5., 6.]), array([7., 9.])]
16:32:11 apf.py[line:49] INFO n = [0.00717312 0.00513663 0.01076417 0.02055177 0.00143872]
16:32:11 apf.py[line:50] INFO beta = [0.07910156 0.06113695 0.10772211 0.17483981 0.02203121]
16:32:11 apf.py[line:58] INFO theta_robo_ob = [-1.9417227776348438, -1.0421757071542186, -0.5554911848127275, -0.03263023137643268, 0.49116633700808515]
16:32:11 apf.py[line:59] INFO psi = -0.006231174545057645
16:32:11 apf.py[line:60] INFO tan(psi_hat) = [0.1724041932037529, 0.7121205918318187]
16:32:11 apf.py[line:62] INFO psi_hat = 0.23752939209121887
16:32:11 apf.py[line:65] INFO term1 = 1.8 * cos(2.4692918257216014 - -0.006231174545057645) + 0.04 * 10.0 = -1.015261332302813
16:32:11 apf.py[line:69] INFO term1 = -1.015261332302813
16:32:11 apf.py[line:73] INFO theta_term_tmp = 1.8 * sin(2.4692918257216014 - 0.23752939209121887)/1.7463581526538166 = 0.8136470434777582
16:32:11 apf.py[line:78] INFO [v, theta] = [1.7463581526538166, 1.187927552489502]
16:32:11 apf.py[line:161] INFO 
16:32:11 apf.py[line:162] INFO 325
16:32:11 apf.py[line:84] INFO [ 1.60762318  6.14483742  1.31824422  1.74635815 -0.77800998]
16:32:11 apf.py[line:85] INFO [array([0., 2.]), array([4., 2.]), array([5., 4.]), array([5., 6.]), array([7., 9.])]
16:32:11 apf.py[line:49] INFO n = [0.00693614 0.00501795 0.01064867 0.02072757 0.00147185]
16:32:11 apf.py[line:50] INFO beta = [0.07737668 0.06025972 0.10724492 0.17660427 0.02253526]
16:32:11 apf.py[line:58] INFO theta_robo_ob = [-1.9407949498019086, -1.0473144846167264, -0.5637973310179952, -0.04266905490078561, 0.486953526907435]
16:32:11 apf.py[line:59] INFO psi = -0.007434230345597153
16:32:11 apf.py[line:60] INFO tan(psi_hat) = [0.17119609037791236, 0.7108229327207435]
16:32:11 apf.py[line:62] INFO psi_hat = 0.236341068554421
16:32:11 apf.py[line:65] INFO term1 = 1.8 * cos(2.4818581963359607 - -0.007434230345597153) + 0.04 * 9.96292098031624 = -1.0319244905851734
16:32:11 apf.py[line:69] INFO term1 = -1.0319244905851734
16:32:11 apf.py[line:73] INFO theta_term_tmp = 1.8 * sin(2.4818581963359607 - 0.236341068554421)/1.7437148780798757 = 0.8060873496106499
16:32:11 apf.py[line:78] INFO [v, theta] = [1.7437148780798757, 1.173851614923569]
16:32:11 apf.py[line:161] INFO 
16:32:11 apf.py[line:162] INFO 326
16:32:11 apf.py[line:84] INFO [ 1.61685646  6.17846722  1.30284235  1.74371488 -0.77009392]
16:32:11 apf.py[line:85] INFO [array([0., 2.]), array([4., 2.]), array([5., 4.]), array([5., 6.]), array([7., 9.])]
16:32:11 apf.py[line:49] INFO n = [0.00670774 0.00490353 0.01053729 0.02090928 0.00150601]
16:32:11 apf.py[line:50] INFO beta = [0.07570032 0.05941381 0.10680154 0.17843068 0.02305569]
16:32:11 apf.py[line:58] INFO theta_robo_ob = [-1.9400020345087732, -1.0524718371601052, -0.572087801781016, -0.05270304013875746, 0.482774322187792]
16:32:11 apf.py[line:59] INFO psi = -0.008664062201503503
16:32:11 apf.py[line:60] INFO tan(psi_hat) = [0.17006237385204798, 0.7094463035002165]
16:32:11 apf.py[line:62] INFO psi_hat = 0.2352720904755202
16:32:11 apf.py[line:65] INFO term1 = 1.8 * cos(2.49442456695032 - -0.008664062201503503) + 0.04 * 9.925064298802273 = -1.0483762777149488
16:32:11 apf.py[line:69] INFO term1 = -1.0483762777149488
16:32:11 apf.py[line:73] INFO theta_term_tmp = 1.8 * sin(2.49442456695032 - 0.2352720904755202)/1.7411314488516263 = 0.798402912491084
16:32:11 apf.py[line:78] INFO [v, theta] = [1.7411314488516263, 1.1599101996510812]
16:32:11 apf.py[line:161] INFO 
16:32:11 apf.py[line:162] INFO 327
16:32:11 apf.py[line:84] INFO [ 1.62658694  6.21190273  1.28759625  1.74113145 -0.76230478]
16:32:11 apf.py[line:85] INFO [array([0., 2.]), array([4., 2.]), array([5., 4.]), array([5., 6.]), array([7., 9.])]
16:32:11 apf.py[line:49] INFO n = [0.0064876  0.00479318 0.01042987 0.02109691 0.00154121]
16:32:11 apf.py[line:50] INFO beta = [0.07407104 0.05859791 0.10639087 0.18031954 0.02359293]
16:32:11 apf.py[line:58] INFO theta_robo_ob = [-1.939339531455886, -1.05764648902156, -0.5803626535744975, -0.06273310557360526, 0.4786285815439905]
16:32:11 apf.py[line:59] INFO psi = -0.009921104628700335
16:32:11 apf.py[line:60] INFO tan(psi_hat) = [0.16900269389664532, 0.7079908653123286]
16:32:11 apf.py[line:62] INFO psi_hat = 0.23432246856513378
16:32:11 apf.py[line:65] INFO term1 = 1.8 * cos(2.5069909375646793 - -0.009921104628700335) + 0.04 * 9.886456773547712 = -1.0646116418304636
16:32:11 apf.py[line:69] INFO term1 = -1.0646116418304636
16:32:11 apf.py[line:73] INFO theta_term_tmp = 1.8 * sin(2.5069909375646793 - 0.23432246856513378)/1.7386101692663491 = 0.7905985074880435
16:32:11 apf.py[line:78] INFO [v, theta] = [1.7386101692663491, 1.1461082687559039]
16:32:12 apf.py[line:161] INFO 
16:32:12 apf.py[line:162] INFO 328
16:32:12 apf.py[line:84] INFO [ 1.63680608  6.24513938  1.2725042   1.73861017 -0.75460257]
16:32:12 apf.py[line:85] INFO [array([0., 2.]), array([4., 2.]), array([5., 4.]), array([5., 6.]), array([7., 9.])]
16:32:12 apf.py[line:49] INFO n = [0.00627543 0.00468671 0.01032624 0.02129048 0.0015775 ]
16:32:12 apf.py[line:50] INFO beta = [0.0724875  0.05781084 0.10601202 0.18227162 0.02414749]
16:32:12 apf.py[line:58] INFO theta_robo_ob = [-1.9388030692030296, -1.062837238029251, -0.58862197239169, -0.07276019277225855, 0.47451615313429235]
16:32:12 apf.py[line:59] INFO psi = -0.011205830440448825
16:32:12 apf.py[line:60] INFO tan(psi_hat) = [0.16801692661899462, 0.7064563723119364]
16:32:12 apf.py[line:62] INFO psi_hat = 0.2334927033539684
16:32:12 apf.py[line:65] INFO term1 = 1.8 * cos(2.5195573081790386 - -0.011205830440448825) + 0.04 * 9.847112341869593 = -1.0806260671075298
16:32:12 apf.py[line:69] INFO term1 = -1.0806260671075298
16:32:12 apf.py[line:73] INFO theta_term_tmp = 1.8 * sin(2.5195573081790386 - 0.2334927033539684)/1.7361535779433117 = 0.7826791388663783
16:32:12 apf.py[line:78] INFO [v, theta] = [1.7361535779433117, 1.1324513009557515]
16:32:12 apf.py[line:161] INFO 
16:32:12 apf.py[line:162] INFO 329
16:32:12 apf.py[line:84] INFO [ 1.64750544  6.27817293  1.25756522  1.73615358 -0.74694879]
16:32:12 apf.py[line:85] INFO [array([0., 2.]), array([4., 2.]), array([5., 4.]), array([5., 6.]), array([7., 9.])]
16:32:12 apf.py[line:49] INFO n = [0.00607093 0.00458394 0.01022625 0.02149001 0.0016149 ]
16:32:12 apf.py[line:50] INFO beta = [0.07094838 0.05705147 0.1056641  0.18428774 0.02471989]
16:32:12 apf.py[line:58] INFO theta_robo_ob = [-1.9383883991724917, -1.0680429494483559, -0.5968658718911093, -0.08278526932330814, 0.4704368714730114]
16:32:12 apf.py[line:59] INFO psi = -0.012518751730409242
16:32:12 apf.py[line:60] INFO tan(psi_hat) = [0.1671049483050229, 0.704842550138515]
16:32:12 apf.py[line:62] INFO psi_hat = 0.23278336618859463
16:32:12 apf.py[line:65] INFO term1 = 1.8 * cos(2.532123678793398 - -0.012518751730409242) + 0.04 * 9.807044920783682 = -1.0964150567653468
16:32:12 apf.py[line:69] INFO term1 = -1.0964150567653468
16:32:12 apf.py[line:73] INFO theta_term_tmp = 1.8 * sin(2.532123678793398 - 0.23278336618859463)/1.7337637710994807 = 0.7746500839309484
16:32:12 apf.py[line:78] INFO [v, theta] = [1.7337637710994807, 1.1189449503893145]
16:32:12 apf.py[line:161] INFO 
16:32:12 apf.py[line:162] INFO 330
16:32:12 apf.py[line:84] INFO [ 1.65867666  6.31099942  1.24277906  1.73376377 -0.73930812]
16:32:12 apf.py[line:85] INFO [array([0., 2.]), array([4., 2.]), array([5., 4.]), array([5., 6.]), array([7., 9.])]
16:32:12 apf.py[line:49] INFO n = [0.00587381 0.00448472 0.01012974 0.02169552 0.00165345]
16:32:12 apf.py[line:50] INFO beta = [0.06945237 0.05631875 0.10534631 0.18636873 0.02531067]
16:32:12 apf.py[line:58] INFO theta_robo_ob = [-1.9380913901636345, -1.073262548561854, -0.6050944887271117, -0.09280932786003859, 0.46639055595963397]
16:32:12 apf.py[line:59] INFO psi = -0.013860419692003278
16:32:12 apf.py[line:60] INFO tan(psi_hat) = [0.166266639597019, 0.703149104293635]
16:32:12 apf.py[line:62] INFO psi_hat = 0.2321951042045892
16:32:12 apf.py[line:65] INFO term1 = 1.8 * cos(2.544690049407757 - -0.013860419692003278) + 0.04 * 9.766268427158392 = -1.1119741283078768
16:32:12 apf.py[line:69] INFO term1 = -1.1119741283078768
16:32:12 apf.py[line:73] INFO theta_term_tmp = 1.8 * sin(2.544690049407757 - 0.2321951042045892)/1.7314424052780257 = 0.7665168883914059
16:32:12 apf.py[line:78] INFO [v, theta] = [1.7314424052780257, 1.1055950468201465]
16:32:12 apf.py[line:161] INFO 
16:32:12 apf.py[line:162] INFO 331
16:32:12 apf.py[line:84] INFO [ 1.67031142  6.34361521  1.2281461   1.73144241 -0.73164807]
16:32:12 apf.py[line:85] INFO [array([0., 2.]), array([4., 2.]), array([5., 4.]), array([5., 6.]), array([7., 9.])]
16:32:12 apf.py[line:49] INFO n = [0.00568381 0.00438887 0.01003656 0.02190704 0.00169317]
16:32:12 apf.py[line:50] INFO beta = [0.06799817 0.05561165 0.10505783 0.18851549 0.0259204 ]
16:32:12 apf.py[line:58] INFO theta_robo_ob = [-1.937908023015108, -1.0784950139072615, -0.6133079782488644, -0.10283338505110205, 0.4623770094056147]
16:32:12 apf.py[line:59] INFO psi = -0.015231424577852258
16:32:12 apf.py[line:60] INFO tan(psi_hat) = [0.16550188865210602, 0.7013757280289572]
16:32:12 apf.py[line:62] INFO psi_hat = 0.23172864430544318
16:32:12 apf.py[line:65] INFO term1 = 1.8 * cos(2.5572564200221164 - -0.015231424577852258) + 0.04 * 9.724796796348944 = -1.1272988088834726
16:32:12 apf.py[line:69] INFO term1 = -1.1272988088834726
16:32:12 apf.py[line:73] INFO theta_term_tmp = 1.8 * sin(2.5572564200221164 - 0.23172864430544318)/1.72919069966154 = 0.7582853607358728
16:32:12 apf.py[line:78] INFO [v, theta] = [1.72919069966154, 1.0924075945019864]
16:32:12 apf.py[line:161] INFO 
16:32:12 apf.py[line:162] INFO 332
16:32:12 apf.py[line:84] INFO [ 1.68240143  6.37601694  1.21366733  1.7291907  -0.72393869]
16:32:12 apf.py[line:85] INFO [array([0., 2.]), array([4., 2.]), array([5., 4.]), array([5., 6.]), array([7., 9.])]
16:32:12 apf.py[line:49] INFO n = [0.00550064 0.00429625 0.0099466  0.02212457 0.0017341 ]
16:32:12 apf.py[line:50] INFO beta = [0.0665845  0.0549292  0.10479793 0.1907289  0.02654965]
16:32:12 apf.py[line:58] INFO theta_robo_ob = [-1.9378343854140012, -1.0837393710908705, -0.6215065105156187, -0.11285848054270758, 0.4583960165541505]
16:32:12 apf.py[line:59] INFO psi = -0.016632395786256332
16:32:12 apf.py[line:60] INFO tan(psi_hat) = [0.16481059334521253, 0.699522109867307]
16:32:12 apf.py[line:62] INFO psi_hat = 0.23138479615094365
16:32:12 apf.py[line:65] INFO term1 = 1.8 * cos(2.5698227906364757 - -0.016632395786256332) + 0.04 * 9.682643999508926 = -1.142384630726243
16:32:12 apf.py[line:69] INFO term1 = -1.142384630726243
16:32:12 apf.py[line:73] INFO theta_term_tmp = 1.8 * sin(2.5698227906364757 - 0.23138479615094365)/1.7270094379039644 = 0.7499615655808818
16:32:12 apf.py[line:78] INFO [v, theta] = [1.7270094379039644, 1.0793887696666733]
16:32:12 apf.py[line:161] INFO 
16:32:12 apf.py[line:162] INFO 333
16:32:12 apf.py[line:84] INFO [ 1.69493844  6.40820153  1.19934428  1.72700944 -0.7161523 ]
16:32:12 apf.py[line:85] INFO [array([0., 2.]), array([4., 2.]), array([5., 4.]), array([5., 6.]), array([7., 9.])]
16:32:12 apf.py[line:49] INFO n = [0.00532405 0.00420672 0.0098597  0.02234816 0.00177628]
16:32:12 apf.py[line:50] INFO beta = [0.06521011 0.05427045 0.10456586 0.19300989 0.02719904]
16:32:12 apf.py[line:58] INFO theta_robo_ob = [-1.9378666668507156, -1.0889946871107323, -0.6296902665822844, -0.1228856758361941, 0.45444734258893593]
16:32:12 apf.py[line:59] INFO psi = -0.018064002063054887
16:32:12 apf.py[line:60] INFO tan(psi_hat) = [0.16419266256886605, 0.6975879408636714]
16:32:12 apf.py[line:62] INFO psi_hat = 0.23116445414913342
16:32:12 apf.py[line:65] INFO term1 = 1.8 * cos(2.582389161250835 - -0.018064002063054887) + 0.04 * 9.6398240597542 = -1.157227126646208
16:32:12 apf.py[line:69] INFO term1 = -1.157227126646208
16:32:12 apf.py[line:73] INFO theta_term_tmp = 1.8 * sin(2.582389161250835 - 0.23116445414913342)/1.724898969425876 = 0.741551815962184
16:32:12 apf.py[line:78] INFO [v, theta] = [1.724898969425876, 1.0665449165801544]
16:32:12 apf.py[line:161] INFO 
16:32:12 apf.py[line:162] INFO 334
16:32:12 apf.py[line:84] INFO [ 1.7079142   6.4401662   1.18517901  1.72489897 -0.70826327]
16:32:12 apf.py[line:85] INFO [array([0., 2.]), array([4., 2.]), array([5., 4.]), array([5., 6.]), array([7., 9.])]
16:32:12 apf.py[line:49] INFO n = [0.00515379 0.00412014 0.00977574 0.0225778  0.00181975]
16:32:12 apf.py[line:50] INFO beta = [0.06387375 0.05363452 0.10436094 0.19535939 0.02786921]
16:32:12 apf.py[line:58] INFO theta_robo_ob = [-1.938001153718142, -1.0942600651280283, -0.6378594350144906, -0.13291605308449142, 0.45053073162874346]
16:32:12 apf.py[line:59] INFO psi = -0.01952695180825567
16:32:12 apf.py[line:60] INFO tan(psi_hat) = [0.16364801667175505, 0.6955729216991033]
16:32:12 apf.py[line:62] INFO psi_hat = 0.23106859843593713
16:32:12 apf.py[line:65] INFO term1 = 1.8 * cos(2.5949555318651942 - -0.01952695180825567) + 0.04 * 9.596351067333662 = -1.1718218255383257
16:32:12 apf.py[line:69] INFO term1 = -1.1718218255383257
16:32:12 apf.py[line:73] INFO theta_term_tmp = 1.8 * sin(2.5949555318651942 - 0.23106859843593713)/1.7228592101270404 = 0.7330626645279801
16:32:12 apf.py[line:78] INFO [v, theta] = [1.7228592101270404, 1.0538825420959523]
16:32:12 apf.py[line:161] INFO 
16:32:12 apf.py[line:162] INFO 335
16:32:12 apf.py[line:84] INFO [ 1.72132047  6.47190843  1.17117406  1.72285921 -0.70024785]
16:32:12 apf.py[line:85] INFO [array([0., 2.]), array([4., 2.]), array([5., 4.]), array([5., 6.]), array([7., 9.])]
16:32:12 apf.py[line:49] INFO n = [0.00498961 0.00403638 0.00969461 0.02281352 0.00186453]
16:32:12 apf.py[line:50] INFO beta = [0.06257423 0.05302056 0.10418247 0.19777835 0.02856081]
16:32:12 apf.py[line:58] INFO theta_robo_ob = [-1.9382342245537694, -1.0995346396338348, -0.6460142085967678, -0.1429507137903527, 0.4466459052056216]
16:32:12 apf.py[line:59] INFO psi = -0.02102199347759491
16:32:12 apf.py[line:60] INFO tan(psi_hat) = [0.1631765870685823, 0.6934767696881753]
16:32:12 apf.py[line:62] INFO psi_hat = 0.23109829481617628
16:32:12 apf.py[line:65] INFO term1 = 1.8 * cos(2.6075219024795535 - -0.02102199347759491) + 0.04 * 9.552239193943187 = -1.1861642478831533
16:32:12 apf.py[line:69] INFO term1 = -1.1861642478831533
16:32:12 apf.py[line:73] INFO theta_term_tmp = 1.8 * sin(2.6075219024795535 - 0.23109829481617628)/1.7208896424781264 = 0.7245008935927144
16:32:12 apf.py[line:78] INFO [v, theta] = [1.7208896424781264, 1.0414083086187869]
16:32:12 apf.py[line:161] INFO 
16:32:12 apf.py[line:162] INFO 336
16:32:12 apf.py[line:84] INFO [ 1.73514899  6.503426    1.15733238  1.72088964 -0.69208399]
16:32:12 apf.py[line:85] INFO [array([0., 2.]), array([4., 2.]), array([5., 4.]), array([5., 6.]), array([7., 9.])]
16:32:12 apf.py[line:49] INFO n = [0.00483126 0.00395532 0.00961617 0.02305534 0.00191067]
16:32:12 apf.py[line:50] INFO beta = [0.06131036 0.05242773 0.1040298  0.2002677  0.02927452]
16:32:12 apf.py[line:58] INFO theta_robo_ob = [-1.9385623454235685, -1.1048175719647173, -0.6541547812013047, -0.152990777388374, 0.4427925607255618]
16:32:12 apf.py[line:59] INFO psi = -0.022549916069706293
16:32:12 apf.py[line:60] INFO tan(psi_hat) = [0.16277831504518692, 0.6912992257695417]
16:32:12 apf.py[line:62] INFO psi_hat = 0.2312546936290472
16:32:12 apf.py[line:65] INFO term1 = 1.8 * cos(2.620088273093913 - -0.022549916069706293) + 0.04 * 9.507502706302528 = -1.2002499012141619
16:32:12 apf.py[line:69] INFO term1 = -1.2002499012141619
16:32:12 apf.py[line:73] INFO theta_term_tmp = 1.8 * sin(2.620088273093913 - 0.2312546936290472)/1.7189893149603472 = 0.7158735040058221
16:32:12 apf.py[line:78] INFO [v, theta] = [1.7189893149603472, 1.0291290253738978]
16:32:12 apf.py[line:161] INFO 
16:32:12 apf.py[line:162] INFO 337
16:32:12 apf.py[line:84] INFO [ 1.74939145  6.53471692  1.14365735  1.71898931 -0.68375121]
16:32:12 apf.py[line:85] INFO [array([0., 2.]), array([4., 2.]), array([5., 4.]), array([5., 6.]), array([7., 9.])]
16:32:12 apf.py[line:49] INFO n = [0.00467854 0.00387684 0.00954031 0.02330325 0.00195822]
16:32:12 apf.py[line:50] INFO beta = [0.06008099 0.05185525 0.10390229 0.2028284  0.03001104]
16:32:12 apf.py[line:58] INFO theta_robo_ob = [-1.9389820654468553, -1.110108046126215, -0.6622813447880017, -0.16303737969175916, 0.4389703699116493]
16:32:12 apf.py[line:59] INFO psi = -0.02411154968986521
16:32:12 apf.py[line:60] INFO tan(psi_hat) = [0.16245314977518846, 0.6890400615390163]
16:32:12 apf.py[line:62] INFO psi_hat = 0.23153902749030392
16:32:12 apf.py[line:65] INFO term1 = 1.8 * cos(2.632654643708272 - -0.02411154968986521) + 0.04 * 9.46215597910006 = -1.2140742755288068
16:32:12 apf.py[line:69] INFO term1 = -1.2140742755288068
16:32:12 apf.py[line:73] INFO theta_term_tmp = 1.8 * sin(2.632654643708272 - 0.23153902749030392)/1.7171568408277982 = 0.707187702785668
16:32:12 apf.py[line:78] INFO [v, theta] = [1.7171568408277982, 1.0170516378600218]
16:32:12 apf.py[line:161] INFO 
16:32:12 apf.py[line:162] INFO 338
16:32:12 apf.py[line:84] INFO [ 1.76403954  6.56577951  1.13015274  1.71715684 -0.67523048]
16:32:12 apf.py[line:85] INFO [array([0., 2.]), array([4., 2.]), array([5., 4.]), array([5., 6.]), array([7., 9.])]
16:32:12 apf.py[line:49] INFO n = [0.00453121 0.00380083 0.00946693 0.02355725 0.00200721]
16:32:12 apf.py[line:50] INFO beta = [0.05888498 0.05130235 0.10379931 0.20546138 0.03077112]
16:32:12 apf.py[line:58] INFO theta_robo_ob = [-1.9394900124617873, -1.115405264888231, -0.6703940865093884, -0.17309167118357854, 0.43517897723097887]
16:32:12 apf.py[line:59] INFO psi = -0.025707766181355972
16:32:12 apf.py[line:60] INFO tan(psi_hat) = [0.16220104555746043, 0.6866990863751493]
16:32:12 apf.py[line:62] INFO psi_hat = 0.23195260785243868
16:32:12 apf.py[line:65] INFO term1 = 1.8 * cos(2.6452210143226313 - -0.025707766181355972) + 0.04 * 9.41621350739667 = -1.2276328386222863
16:32:12 apf.py[line:69] INFO term1 = -1.2276328386222863
16:32:12 apf.py[line:73] INFO theta_term_tmp = 1.8 * sin(2.6452210143226313 - 0.23195260785243868)/1.715390396172479 = 0.6984508894644267
16:32:12 apf.py[line:78] INFO [v, theta] = [1.715390396172479, 1.005183215346059]
16:32:12 apf.py[line:161] INFO 
16:32:12 apf.py[line:162] INFO 339
16:32:12 apf.py[line:84] INFO [ 1.77908489  6.59661234  1.11682266  1.7153904  -0.66650415]
16:32:12 apf.py[line:85] INFO [array([0., 2.]), array([4., 2.]), array([5., 4.]), array([5., 6.]), array([7., 9.])]
16:32:12 apf.py[line:49] INFO n = [0.00438906 0.00372718 0.00939591 0.02381735 0.00205768]
16:32:12 apf.py[line:50] INFO beta = [0.05772124 0.05076832 0.10372025 0.20816755 0.03155551]
16:32:12 apf.py[line:58] INFO theta_robo_ob = [-1.9400828888317023, -1.1207084461207113, -0.6784931858964213, -0.1831548151309195, 0.4314179983079914]
16:32:12 apf.py[line:59] INFO psi = -0.027339479815387556
16:32:12 apf.py[line:60] INFO tan(psi_hat) = [0.16202195827755103, 0.6842761546983581]
16:32:12 apf.py[line:62] INFO psi_hat = 0.23249682031320837
16:32:12 apf.py[line:65] INFO term1 = 1.8 * cos(2.6577873849369906 - -0.027339479815387556) + 0.04 * 9.369689918567792 = -1.2409210313246535
16:32:12 apf.py[line:69] INFO term1 = -1.2409210313246535
16:32:12 apf.py[line:73] INFO theta_term_tmp = 1.8 * sin(2.6577873849369906 - 0.23249682031320837)/1.7136877172766503 = 0.6896706410847858
16:32:12 apf.py[line:78] INFO [v, theta] = [1.7136877172766503, 0.9935309362532739]
16:32:12 apf.py[line:161] INFO 
16:32:12 apf.py[line:162] INFO 340
16:32:12 apf.py[line:84] INFO [ 1.79451908  6.62721423  1.10367154  1.71368772 -0.65755586]
16:32:12 apf.py[line:85] INFO [array([0., 2.]), array([4., 2.]), array([5., 4.]), array([5., 6.]), array([7., 9.])]
16:32:12 apf.py[line:49] INFO n = [0.00425189 0.00365578 0.00932715 0.02408354 0.00210969]
16:32:12 apf.py[line:50] INFO beta = [0.0565887  0.05025243 0.10366448 0.21094782 0.032365  ]
16:32:12 apf.py[line:58] INFO theta_robo_ob = [-1.9407574673930983, -1.1260168193418514, -0.6865788121033326, -0.1932279854988872, 0.4276870183283747]
16:32:12 apf.py[line:59] INFO psi = -0.029007648030183616
16:32:12 apf.py[line:60] INFO tan(psi_hat) = [0.16191584109073445, 0.6817711733959894]
16:32:12 apf.py[line:62] INFO psi_hat = 0.23317311859205528
16:32:12 apf.py[line:65] INFO term1 = 1.8 * cos(2.67035375555135 - -0.029007648030183616) + 0.04 * 9.32259998385123 = -1.2539342626236067
16:32:12 apf.py[line:69] INFO term1 = -1.2539342626236067
16:32:12 apf.py[line:73] INFO theta_term_tmp = 1.8 * sin(2.67035375555135 - 0.23317311859205528)/1.7120460972414457 = 0.6808546957842297
16:32:12 apf.py[line:78] INFO [v, theta] = [1.7120460972414457, 0.9821020712467378]
16:32:12 apf.py[line:161] INFO 
16:32:12 apf.py[line:162] INFO 341
16:32:12 apf.py[line:84] INFO [ 1.81033363  6.6575843   1.09070413  1.7120461  -0.64837052]
16:32:12 apf.py[line:85] INFO [array([0., 2.]), array([4., 2.]), array([5., 4.]), array([5., 6.]), array([7., 9.])]
16:32:12 apf.py[line:49] INFO n = [0.00411951 0.00358656 0.00926053 0.02435578 0.00216328]
16:32:12 apf.py[line:50] INFO beta = [0.05548631 0.04975401 0.10363143 0.21380304 0.0332004 ]
16:32:12 apf.py[line:58] INFO theta_robo_ob = [-1.941510587546736, -1.131329622454524, -0.6946511211915991, -0.2033123646398972, 0.42398559043928186]
16:32:12 apf.py[line:59] INFO psi = -0.03071327220938853
16:32:12 apf.py[line:60] INFO tan(psi_hat) = [0.16188263931970176, 0.6791841094371308]
16:32:12 apf.py[line:62] INFO psi_hat = 0.23398301708345837
16:32:12 apf.py[line:65] INFO term1 = 1.8 * cos(2.682920126165709 - -0.03071327220938853) + 0.04 * 9.274958629557952 = -1.2666679046569143
16:32:12 apf.py[line:69] INFO term1 = -1.2666679046569143
16:32:12 apf.py[line:73] INFO theta_term_tmp = 1.8 * sin(2.682920126165709 - 0.23398301708345837)/1.7104623818846616 = 0.6720109348973086
16:32:12 apf.py[line:78] INFO [v, theta] = [1.7104623818846616, 0.9709039638417396]
16:32:13 apf.py[line:161] INFO 
16:32:13 apf.py[line:162] INFO 342
16:32:13 apf.py[line:84] INFO [ 1.82651997  6.6877219   1.07792545  1.71046238 -0.63893423]
16:32:13 apf.py[line:85] INFO [array([0., 2.]), array([4., 2.]), array([5., 4.]), array([5., 6.]), array([7., 9.])]
16:32:13 apf.py[line:49] INFO n = [0.00399171 0.0035194  0.00919597 0.02463406 0.00221849]
16:32:13 apf.py[line:50] INFO beta = [0.05441305 0.0492724  0.10362048 0.21673404 0.03406255]
16:32:13 apf.py[line:58] INFO theta_robo_ob = [-1.9423391514940511, -1.1366460986497002, -0.7027102534348018, -0.21340914073214776, 0.4203132341533604]
16:32:13 apf.py[line:59] INFO psi = -0.03245739848928033
16:32:13 apf.py[line:60] INFO tan(psi_hat) = [0.16192228455603686, 0.6765149976922974]
16:32:13 apf.py[line:62] INFO psi_hat = 0.23492808188627365
16:32:13 apf.py[line:65] INFO term1 = 1.8 * cos(2.6954864967800685 - -0.03245739848928033) + 0.04 * 9.226780947993229 = -1.2791172875601229
16:32:13 apf.py[line:69] INFO term1 = -1.2791172875601229
16:32:13 apf.py[line:73] INFO theta_term_tmp = 1.8 * sin(2.6954864967800685 - 0.23492808188627365)/1.70893296490466 = 0.663147363500862
16:32:13 apf.py[line:78] INFO [v, theta] = [1.70893296490466, 0.9599440083135568]
16:32:13 apf.py[line:161] INFO 
16:32:13 apf.py[line:162] INFO 343
16:32:13 apf.py[line:84] INFO [ 1.84306949  6.71762665  1.06534076  1.70893296 -0.62923435]
16:32:13 apf.py[line:85] INFO [array([0., 2.]), array([4., 2.]), array([5., 4.]), array([5., 6.]), array([7., 9.])]
16:32:13 apf.py[line:49] INFO n = [0.00386834 0.00345422 0.00913336 0.02491832 0.00227537]
16:32:13 apf.py[line:50] INFO beta = [0.05336794 0.04880696 0.10363106 0.21974161 0.03495232]
16:32:13 apf.py[line:58] INFO theta_robo_ob = [-1.9432401206218322, -1.141965493458434, -0.7107563306277076, -0.22351950493960868, 0.41666943376595633]
16:32:13 apf.py[line:59] INFO psi = -0.034241118583463376
16:32:13 apf.py[line:60] INFO tan(psi_hat) = [0.16203468795159953, 0.6737639489641679]
16:32:13 apf.py[line:62] INFO psi_hat = 0.23600992019889322
16:32:13 apf.py[line:65] INFO term1 = 1.8 * cos(2.7080528673944277 - -0.034241118583463376) + 0.04 * 9.178082208126295 = -1.291277694156967
16:32:13 apf.py[line:69] INFO term1 = -1.291277694156967
16:32:13 apf.py[line:73] INFO theta_term_tmp = 1.8 * sin(2.7080528673944277 - 0.23600992019889322)/1.7074537823114084 = 0.6542720893218109
16:32:13 apf.py[line:78] INFO [v, theta] = [1.7074537823114084, 0.9492296246826079]
16:32:13 apf.py[line:161] INFO 
16:32:13 apf.py[line:162] INFO 344
16:32:13 apf.py[line:84] INFO [ 1.85997346  6.74729844  1.05295557  1.70745378 -0.61925939]
16:32:13 apf.py[line:85] INFO [array([0., 2.]), array([4., 2.]), array([5., 4.]), array([5., 6.]), array([7., 9.])]
16:32:13 apf.py[line:49] INFO n = [0.0037492  0.00339094 0.00907261 0.02520852 0.00233399]
16:32:13 apf.py[line:50] INFO beta = [0.05235002 0.04835709 0.10366257 0.22282646 0.0358706 ]
16:32:13 apf.py[line:58] INFO theta_robo_ob = [-1.9442105120389357, -1.147287051936525, -0.7187894533843462, -0.2336446482643322, 0.4130536367968865]
16:32:13 apf.py[line:59] INFO psi = -0.036065570612728984
16:32:13 apf.py[line:60] INFO tan(psi_hat) = [0.16221973268385437, 0.6709311582261681]
16:32:13 apf.py[line:62] INFO psi_hat = 0.2372301679619238
16:32:13 apf.py[line:65] INFO term1 = 1.8 * cos(2.720619238008787 - -0.036065570612728984) + 0.04 * 9.12887786603774 = -1.3031443544818302
16:32:13 apf.py[line:69] INFO term1 = -1.3031443544818302
16:32:13 apf.py[line:73] INFO theta_term_tmp = 1.8 * sin(2.720619238008787 - 0.2372301679619238)/1.7060203061301393 = 0.6453932999220479
16:32:13 apf.py[line:78] INFO [v, theta] = [1.7060203061301393, 0.9387682305322216]
16:32:13 apf.py[line:161] INFO 
16:32:13 apf.py[line:162] INFO 345
16:32:13 apf.py[line:84] INFO [ 1.87722307  6.77673741  1.04077559  1.70602031 -0.60899916]
16:32:13 apf.py[line:85] INFO [array([0., 2.]), array([4., 2.]), array([5., 4.]), array([5., 6.]), array([7., 9.])]
16:32:13 apf.py[line:49] INFO n = [0.00363413 0.00332948 0.00901361 0.02550459 0.00239438]
16:32:13 apf.py[line:50] INFO beta = [0.05135835 0.04792217 0.10371442 0.22598926 0.03681833]
16:32:13 apf.py[line:58] INFO theta_robo_ob = [-1.945247395269663, -1.1526100159683335, -0.7268096984112556, -0.24378575806046318, 0.40946525247034316]
16:32:13 apf.py[line:59] INFO psi = -0.03793193992663444
16:32:13 apf.py[line:60] INFO tan(psi_hat) = [0.16247726557811654, 0.6680169130557011]
16:32:13 apf.py[line:62] INFO psi_hat = 0.23859047562342392
16:32:13 apf.py[line:65] INFO term1 = 1.8 * cos(2.7331856086231463 - -0.03793193992663444) + 0.04 * 9.079183575165315 = -1.3147124401257335
16:32:13 apf.py[line:69] INFO term1 = -1.3147124401257335
16:32:13 apf.py[line:73] INFO theta_term_tmp = 1.8 * sin(2.7331856086231463 - 0.23859047562342392)/1.704627537388101 = 0.6365192380704462
16:32:13 apf.py[line:78] INFO [v, theta] = [1.704627537388101, 0.9285672094037091]
16:32:13 apf.py[line:161] INFO 
16:32:13 apf.py[line:162] INFO 346
16:32:13 apf.py[line:84] INFO [ 1.89480942  6.80594395  1.0288067   1.70462754 -0.5984447 ]
16:32:13 apf.py[line:85] INFO [array([0., 2.]), array([4., 2.]), array([5., 4.]), array([5., 6.]), array([7., 9.])]
16:32:13 apf.py[line:49] INFO n = [0.00352297 0.00326975 0.00895628 0.02580645 0.0024566 ]
16:32:13 apf.py[line:50] INFO beta = [0.05039203 0.04750162 0.10378601 0.22923059 0.03779645]
16:32:13 apf.py[line:58] INFO theta_robo_ob = [-1.9463478891093264, -1.157933621678415, -0.7348171157434382, -0.2539440141780143, 0.40590365024883024]
16:32:13 apf.py[line:59] INFO psi = -0.03984145990205358
16:32:13 apf.py[line:60] INFO tan(psi_hat) = [0.16280708786975706, 0.665021602238148]
16:32:13 apf.py[line:62] INFO psi_hat = 0.24009249189698786
16:32:13 apf.py[line:65] INFO term1 = 1.8 * cos(2.7457519792375056 - -0.03984145990205358) + 0.04 * 9.02901519636017 = -1.3259770583997152
16:32:13 apf.py[line:69] INFO term1 = -1.3259770583997152
16:32:13 apf.py[line:73] INFO theta_term_tmp = 1.8 * sin(2.7457519792375056 - 0.24009249189698786)/1.703269998400622 = 0.6276581752083531
16:32:13 apf.py[line:78] INFO [v, theta] = [1.703269998400622, 0.9186338755038799]
16:32:13 apf.py[line:161] INFO 
16:32:13 apf.py[line:162] INFO 347
16:32:13 apf.py[line:84] INFO [ 1.9127235   6.83491872  1.01705493  1.70327    -0.58758838]
16:32:13 apf.py[line:85] INFO [array([0., 2.]), array([4., 2.]), array([5., 4.]), array([5., 6.]), array([7., 9.])]
16:32:13 apf.py[line:49] INFO n = [0.00341557 0.00321168 0.00890051 0.026114   0.00252071]
16:32:13 apf.py[line:50] INFO beta = [0.04945019 0.04709489 0.10387674 0.23255095 0.03880596]
16:32:13 apf.py[line:58] INFO theta_robo_ob = [-1.9475091586484834, -1.1632570969417506, -0.7428117259319724, -0.2641205847033695, 0.4023681584395301]
16:32:13 apf.py[line:59] INFO psi = -0.041795412702504565
16:32:13 apf.py[line:60] INFO tan(psi_hat) = [0.16320894509076475, 0.6619457245061859]
16:32:13 apf.py[line:62] INFO psi_hat = 0.24173784538069878
16:32:13 apf.py[line:65] INFO term1 = 1.8 * cos(2.758318349851865 - -0.041795412702504565) + 0.04 * 8.978388807757131 = -1.3369332463121646
16:32:13 apf.py[line:69] INFO term1 = -1.3369332463121646
16:32:13 apf.py[line:73] INFO theta_term_tmp = 1.8 * sin(2.758318349851865 - 0.24173784538069878)/1.7019417243794805 = 0.6188183829125815
16:32:13 apf.py[line:78] INFO [v, theta] = [1.7019417243794805, 0.9089754344546483]
16:32:13 apf.py[line:161] INFO 
16:32:13 apf.py[line:162] INFO 348
16:32:13 apf.py[line:84] INFO [ 1.93095619  6.86366262  1.00552645  1.70194172 -0.57642397]
16:32:13 apf.py[line:85] INFO [array([0., 2.]), array([4., 2.]), array([5., 4.]), array([5., 6.]), array([7., 9.])]
16:32:13 apf.py[line:49] INFO n = [0.00331178 0.00315521 0.00884623 0.02642713 0.00258677]
16:32:13 apf.py[line:50] INFO beta = [0.04853195 0.04670142 0.10398601 0.23595072 0.03984788]
16:32:13 apf.py[line:58] INFO theta_robo_ob = [-1.9487284124732922, -1.1685796589853328, -0.7507935171736775, -0.27431662126263834, 0.39885806289415704]
16:32:13 apf.py[line:59] INFO psi = -0.04379512998047115
16:32:13 apf.py[line:60] INFO tan(psi_hat) = [0.16368251606784634, 0.6587898973664768]
16:32:13 apf.py[line:62] INFO psi_hat = 0.24352812390577658
16:32:13 apf.py[line:65] INFO term1 = 1.8 * cos(2.770884720466224 - -0.04379512998047115) + 0.04 * 8.927320714453723 = -1.3475759643597531
16:32:13 apf.py[line:69] INFO term1 = -1.3475759643597531
16:32:13 apf.py[line:73] INFO theta_term_tmp = 1.8 * sin(2.770884720466224 - 0.24352812390577658)/1.7006362543946068 = 0.6100081022592896
16:32:13 apf.py[line:78] INFO [v, theta] = [1.7006362543946068, 0.8995989398139468]
16:32:13 apf.py[line:161] INFO 
16:32:13 apf.py[line:162] INFO 349
16:32:13 apf.py[line:84] INFO [ 1.94949825  6.89217678  0.99422751  1.70063625 -0.56494672]
16:32:13 apf.py[line:85] INFO [array([0., 2.]), array([4., 2.]), array([5., 4.]), array([5., 6.]), array([7., 9.])]
16:32:13 apf.py[line:49] INFO n = [0.00321146 0.00310026 0.00879333 0.0267457  0.00265483]
16:32:13 apf.py[line:50] INFO beta = [0.04763651 0.04632067 0.1041132  0.23943021 0.04092323]
16:32:13 apf.py[line:58] INFO theta_robo_ob = [-1.9500029000504688, -1.173900512075863, -0.7587624423748045, -0.2845332538535014, 0.3953726058261706]
16:32:13 apf.py[line:59] INFO psi = -0.04584199350320911
16:32:13 apf.py[line:60] INFO tan(psi_hat) = [0.1642274010236507, 0.6555548659522189]
16:32:13 apf.py[line:62] INFO psi_hat = 0.24546485148837138
16:32:13 apf.py[line:65] INFO term1 = 1.8 * cos(2.7834510910805834 - -0.04584199350320911) + 0.04 * 8.875827457983817 = -1.3579000901350944
16:32:13 apf.py[line:69] INFO term1 = -1.3579000901350944
16:32:13 apf.py[line:73] INFO theta_term_tmp = 1.8 * sin(2.7834510910805834 - 0.24546485148837138)/1.6993466217297521 = 0.6012355109938148
16:32:13 apf.py[line:78] INFO [v, theta] = [1.6993466217297521, 0.8905112451031872]
16:32:13 apf.py[line:161] INFO 
16:32:13 apf.py[line:162] INFO 350
16:32:13 apf.py[line:84] INFO [ 1.96834032  6.9204626   0.98316445  1.69934662 -0.55315344]
16:32:13 apf.py[line:85] INFO [array([0., 2.]), array([4., 2.]), array([5., 4.]), array([5., 6.]), array([7., 9.])]
16:32:13 apf.py[line:49] INFO n = [0.00311448 0.00304676 0.00874173 0.02706957 0.00272495]
16:32:13 apf.py[line:50] INFO beta = [0.04676305 0.04595213 0.10425769 0.24298958 0.04203311]
16:32:13 apf.py[line:58] INFO theta_robo_ob = [-1.951329909306372, -1.1792188452902423, -0.7667184161424341, -0.29477158517115504, 0.3919109847721837]
16:32:13 apf.py[line:59] INFO psi = -0.04793743568068519
16:32:13 apf.py[line:60] INFO tan(psi_hat) = [0.16484310877891517, 0.6522415118254069]
16:32:13 apf.py[line:62] INFO psi_hat = 0.2475494627671946
16:32:13 apf.py[line:65] INFO term1 = 1.8 * cos(2.7960174616949427 - -0.04793743568068519) + 0.04 * 8.823925825562258 = -1.3679004117582656
16:32:13 apf.py[line:69] INFO term1 = -1.3679004117582656
16:32:13 apf.py[line:73] INFO theta_term_tmp = 1.8 * sin(2.7960174616949427 - 0.2475494627671946)/1.6980653436842401 = 0.5925086884161146
16:32:13 apf.py[line:78] INFO [v, theta] = [1.6980653436842401, 0.8817189510903931]
16:32:13 apf.py[line:161] INFO 
16:32:13 apf.py[line:162] INFO 351
16:32:13 apf.py[line:84] INFO [ 1.98747293  6.94852172  0.97234359  1.69806534 -0.54104264]
16:32:13 apf.py[line:85] INFO [array([0., 2.]), array([4., 2.]), array([5., 4.]), array([5., 6.]), array([7., 9.])]
16:32:13 apf.py[line:49] INFO n = [0.00302069 0.00299466 0.00869134 0.02739855 0.0027972 ]
16:32:13 apf.py[line:50] INFO beta = [0.0459108  0.04559528 0.10441885 0.24662887 0.04317862]
16:32:13 apf.py[line:58] INFO theta_robo_ob = [-1.9527067644107958, -1.1845338303675075, -0.7746613116991558, -0.30503268439447506, 0.38847235172749717]
16:32:13 apf.py[line:59] INFO psi = -0.05008293997234404
16:32:13 apf.py[line:60] INFO tan(psi_hat) = [0.16552904306157412, 0.6488508616368724]
16:32:13 apf.py[line:62] INFO psi_hat = 0.2497832748244518
16:32:13 apf.py[line:65] INFO term1 = 1.8 * cos(2.808583832309302 - -0.05008293997234404) + 0.04 * 8.771632859067035 = -1.3775716211438644
16:32:13 apf.py[line:69] INFO term1 = -1.3775716211438644
16:32:13 apf.py[line:73] INFO theta_term_tmp = 1.8 * sin(2.808583832309302 - 0.2497832748244518)/1.6967844108866301 = 0.5838355778996521
16:32:13 apf.py[line:78] INFO [v, theta] = [1.6967844108866301, 0.8732283481015096]
16:32:14 apf.py[line:161] INFO 
16:32:14 apf.py[line:162] INFO 352
16:32:14 apf.py[line:84] INFO [ 2.00688645  6.97635598  0.9617713   1.69678441 -0.52861464]
16:32:14 apf.py[line:85] INFO [array([0., 2.]), array([4., 2.]), array([5., 4.]), array([5., 6.]), array([7., 9.])]
16:32:14 apf.py[line:49] INFO n = [0.00292999 0.00294389 0.00864207 0.02773246 0.00287164]
16:32:14 apf.py[line:50] INFO beta = [0.045079   0.04524961 0.10459601 0.25034796 0.0443609 ]
16:32:14 apf.py[line:58] INFO theta_robo_ob = [-1.9541308237771275, -1.1898446196428374, -0.782590957718738, -0.3153175803997296, 0.385055812488883]
16:32:14 apf.py[line:59] INFO psi = -0.052280041147369526
16:32:14 apf.py[line:60] INFO tan(psi_hat) = [0.16628448793935313, 0.6453840955353195]
16:32:14 apf.py[line:62] INFO psi_hat = 0.2521674563088201
16:32:14 apf.py[line:65] INFO term1 = 1.8 * cos(2.8211502029236613 - -0.052280041147369526) + 0.04 * 8.718965863715141 = -1.3869083071203852
16:32:14 apf.py[line:69] INFO term1 = -1.3869083071203852
16:32:14 apf.py[line:73] INFO theta_term_tmp = 1.8 * sin(2.8211502029236613 - 0.2521674563088201)/1.695495276202396 = 0.5752239469741341
16:32:14 apf.py[line:78] INFO [v, theta] = [1.695495276202396, 0.8650453531671044]
16:32:14 apf.py[line:161] INFO 
16:32:14 apf.py[line:162] INFO 353
16:32:14 apf.py[line:84] INFO [ 2.02657115  7.00396747  0.95145387  1.69549528 -0.51587172]
16:32:14 apf.py[line:85] INFO [array([0., 2.]), array([4., 2.]), array([5., 4.]), array([5., 6.]), array([7., 9.])]
16:32:14 apf.py[line:49] INFO n = [0.00284224 0.0028944  0.00859383 0.02807107 0.00294832]
16:32:14 apf.py[line:50] INFO beta = [0.04426692 0.04491465 0.10478852 0.25414656 0.0455811 ]
16:32:14 apf.py[line:58] INFO theta_robo_ob = [-1.9555994782915596, -1.1951503440663023, -0.79050713508288, -0.32562725437117723, 0.38166042624100266]
16:32:14 apf.py[line:59] INFO psi = -0.05453032537102586
16:32:14 apf.py[line:60] INFO tan(psi_hat) = [0.16710859240532086, 0.6418425551986789]
16:32:14 apf.py[line:62] INFO psi_hat = 0.2547029938080375
16:32:14 apf.py[line:65] INFO term1 = 1.8 * cos(2.8337165735380205 - -0.05453032537102586) + 0.04 * 8.66594241637715 = -1.3959049484245294
16:32:14 apf.py[line:69] INFO term1 = -1.3959049484245294
16:32:14 apf.py[line:73] INFO theta_term_tmp = 1.8 * sin(2.8337165735380205 - 0.2547029938080375)/1.6941888433370078 = 0.566681344920234
16:32:14 apf.py[line:78] INFO [v, theta] = [1.6941888433370078, 0.8571754418595056]
16:32:14 apf.py[line:161] INFO 
16:32:14 apf.py[line:162] INFO 354
16:32:14 apf.py[line:84] INFO [ 2.04651713  7.03135849  0.9413975   1.69418884 -0.50281826]
16:32:14 apf.py[line:85] INFO [array([0., 2.]), array([4., 2.]), array([5., 4.]), array([5., 6.]), array([7., 9.])]
16:32:14 apf.py[line:49] INFO n = [0.00275734 0.00284613 0.00854654 0.02841413 0.00302733]
16:32:14 apf.py[line:50] INFO beta = [0.04347385 0.04458991 0.10499571 0.25802424 0.04684044]
16:32:14 apf.py[line:58] INFO theta_robo_ob = [-1.9571101497850603, -1.2004501113111041, -0.7984095735618398, -0.3359626317808604, 0.37828520542613103]
16:32:14 apf.py[line:59] INFO psi = -0.05683543008756576
16:32:14 apf.py[line:60] INFO tan(psi_hat) = [0.16800035416151962, 0.6382277513423463]
16:32:14 apf.py[line:62] INFO psi_hat = 0.2573906554561515
16:32:14 apf.py[line:65] INFO term1 = 1.8 * cos(2.84628294415238 - -0.05683543008756576) + 0.04 * 8.612580373463864 = -1.4045559065995192
16:32:14 apf.py[line:69] INFO term1 = -1.4045559065995192
16:32:14 apf.py[line:73] INFO theta_term_tmp = 1.8 * sin(2.84628294415238 - 0.2573906554561515)/1.6928554552584123 = 0.5582150578482229
16:32:14 apf.py[line:78] INFO [v, theta] = [1.6928554552584123, 0.8496235747384915]
16:32:14 apf.py[line:161] INFO 
16:32:14 apf.py[line:162] INFO 355
16:32:14 apf.py[line:84] INFO [ 2.06671439  7.05853154  0.93160828  1.69285546 -0.48946094]
16:32:14 apf.py[line:85] INFO [array([0., 2.]), array([4., 2.]), array([5., 4.]), array([5., 6.]), array([7., 9.])]
16:32:14 apf.py[line:49] INFO n = [0.00267517 0.00279903 0.00850012 0.02876136 0.00310871]
16:32:14 apf.py[line:50] INFO beta = [0.04269911 0.04427493 0.10521687 0.26198035 0.04814012]
16:32:14 apf.py[line:58] INFO theta_robo_ob = [-1.958660289762736, -1.2057430039782324, -0.8062979484247644, -0.3463245737139955, 0.374929115940086]
16:32:14 apf.py[line:59] INFO psi = -0.05919704366813059
16:32:14 apf.py[line:60] INFO tan(psi_hat) = [0.16895860266432294, 0.634541370539464]
16:32:14 apf.py[line:62] INFO psi_hat = 0.260230951807643
16:32:14 apf.py[line:65] INFO term1 = 1.8 * cos(2.858849314766739 - -0.05919704366813059) + 0.04 * 8.558897878305983 = -1.4128554188337392
16:32:14 apf.py[line:69] INFO term1 = -1.4128554188337392
16:32:14 apf.py[line:73] INFO theta_term_tmp = 1.8 * sin(2.858849314766739 - 0.260230951807643)/1.6914848825893267 = 0.5498320612630778
16:32:14 apf.py[line:78] INFO [v, theta] = [1.6914848825893267, 0.8423941184037834]
16:32:14 apf.py[line:161] INFO 
16:32:14 apf.py[line:162] INFO 356
16:32:14 apf.py[line:84] INFO [ 2.08715275  7.08548932  0.9220921   1.69148488 -0.47580887]
16:32:14 apf.py[line:85] INFO [array([0., 2.]), array([4., 2.]), array([5., 4.]), array([5., 6.]), array([7., 9.])]
16:32:14 apf.py[line:49] INFO n = [0.00259563 0.00275304 0.00845447 0.02911248 0.00319256]
16:32:14 apf.py[line:50] INFO beta = [0.04194203 0.04396923 0.10545131 0.26601404 0.04948142]
16:32:14 apf.py[line:58] INFO theta_robo_ob = [-1.9602473784060372, -1.2110280779066842, -0.8141718769889581, -0.35671386752173256, 0.37159107770038746]
16:32:14 apf.py[line:59] INFO psi = -0.06161690479009212
16:32:14 apf.py[line:60] INFO tan(psi_hat) = [0.16998198151676588, 0.6307852811686229]
16:32:14 apf.py[line:62] INFO psi_hat = 0.26322409406857356
16:32:14 apf.py[line:65] INFO term1 = 1.8 * cos(2.8714156853810984 - -0.06161690479009212) + 0.04 * 8.504913367934599 = -1.4207975907840145
16:32:14 apf.py[line:69] INFO term1 = -1.4207975907840145
16:32:14 apf.py[line:73] INFO theta_term_tmp = 1.8 * sin(2.8714156853810984 - 0.26322409406857356)/1.6900663121502857 = 0.5415389701570305
16:32:14 apf.py[line:78] INFO [v, theta] = [1.6900663121502857, 0.8354907612518303]
16:32:14 apf.py[line:161] INFO 
16:32:14 apf.py[line:162] INFO 357
16:32:14 apf.py[line:84] INFO [ 2.1078219   7.1122347   0.91285463  1.69006631 -0.46187383]
16:32:14 apf.py[line:85] INFO [array([0., 2.]), array([4., 2.]), array([5., 4.]), array([5., 6.]), array([7., 9.])]
16:32:14 apf.py[line:49] INFO n = [0.00251863 0.00270811 0.00840951 0.02946714 0.00327892]
16:32:14 apf.py[line:50] INFO beta = [0.04120198 0.04367237 0.10569828 0.27012424 0.0508656 ]
16:32:14 apf.py[line:58] INFO theta_robo_ob = [-1.9618689238639433, -1.2163043606007031, -0.8220309151211217, -0.3671312167898817, 0.3682699656355648]
16:32:14 apf.py[line:59] INFO psi = -0.06409680151246329
16:32:14 apf.py[line:60] INFO tan(psi_hat) = [0.17106893031787068, 0.6269615382846785]
16:32:14 apf.py[line:62] INFO psi_hat = 0.2663699498444462
16:32:14 apf.py[line:65] INFO term1 = 1.8 * cos(2.8839820559954576 - -0.06409680151246329) + 0.04 * 8.45064557915677 = -1.4283763894366106
16:32:14 apf.py[line:69] INFO term1 = -1.4283763894366106
16:32:14 apf.py[line:73] INFO theta_term_tmp = 1.8 * sin(2.8839820559954576 - 0.2663699498444462)/1.6885883358694396 = 0.5333419867173296
16:32:14 apf.py[line:78] INFO [v, theta] = [1.6885883358694396, 0.8289164241542566]
16:32:14 apf.py[line:161] INFO 
16:32:14 apf.py[line:162] INFO 358
16:32:14 apf.py[line:84] INFO [ 2.12871141  7.13877073  0.90390122  1.68858834 -0.44767042]
16:32:14 apf.py[line:85] INFO [array([0., 2.]), array([4., 2.]), array([5., 4.]), array([5., 6.]), array([7., 9.])]
16:32:14 apf.py[line:49] INFO n = [0.00244406 0.00266421 0.00836517 0.02982499 0.00336788]
16:32:14 apf.py[line:50] INFO beta = [0.04047832 0.04338391 0.10595705 0.27430966 0.05229397]
16:32:14 apf.py[line:58] INFO theta_robo_ob = [-1.9635224618497193, -1.221570849787845, -0.8298745537078088, -0.37757723062064963, 0.36496461114710055]
16:32:14 apf.py[line:59] INFO psi = -0.06663857001042538
16:32:14 apf.py[line:60] INFO tan(psi_hat) = [0.17221766610700132, 0.6230723871892733]
16:32:14 apf.py[line:62] INFO psi_hat = 0.269667996646336
16:32:14 apf.py[line:65] INFO term1 = 1.8 * cos(2.896548426609817 - -0.06663857001042538) + 0.04 * 8.396113553806178 = -1.4355856360685746
16:32:14 apf.py[line:69] INFO term1 = -1.4355856360685746
16:32:14 apf.py[line:73] INFO theta_term_tmp = 1.8 * sin(2.896548426609817 - 0.269667996646336)/1.6870389403148547 = 0.5252468457928917
16:32:14 apf.py[line:78] INFO [v, theta] = [1.6870389403148547, 0.8226731664173214]
16:32:14 apf.py[line:161] INFO 
16:32:14 apf.py[line:162] INFO 359
16:32:14 apf.py[line:84] INFO [ 2.14981066  7.16510059  0.89523689  1.68703894 -0.43321628]
16:32:14 apf.py[line:85] INFO [array([0., 2.]), array([4., 2.]), array([5., 4.]), array([5., 6.]), array([7., 9.])]
16:32:14 apf.py[line:49] INFO n = [0.00237183 0.00262128 0.00832136 0.03018562 0.0034595 ]
16:32:14 apf.py[line:50] INFO beta = [0.03977046 0.04310341 0.10622686 0.27856875 0.05376787]
16:32:14 apf.py[line:58] INFO theta_robo_ob = [-1.9652055555600552, -1.2268265121240698, -0.8377022151169651, -0.3880524122346515, 0.3616738040976103]
16:32:14 apf.py[line:59] INFO psi = -0.06924409293075628
16:32:14 apf.py[line:60] INFO tan(psi_hat) = [0.17342616457249005, 0.6191202654597869]
16:32:14 apf.py[line:62] INFO psi_hat = 0.27311727349141274
16:32:14 apf.py[line:65] INFO term1 = 1.8 * cos(2.909114797224176 - -0.06924409293075628) + 0.04 * 8.341336643034447 = -1.442418999382313
16:32:14 apf.py[line:69] INFO term1 = -1.442418999382313
16:32:14 apf.py[line:73] INFO theta_term_tmp = 1.8 * sin(2.909114797224176 - 0.27311727349141274)/1.6854054971497865 = 0.5172587583288257
16:32:14 apf.py[line:78] INFO [v, theta] = [1.6854054971497865, 0.8167620875465178]
16:32:14 apf.py[line:161] INFO 
16:32:14 apf.py[line:162] INFO 360
16:32:14 apf.py[line:84] INFO [ 2.17110893  7.1912276   0.88686625  1.6854055  -0.4185323 ]
16:32:14 apf.py[line:85] INFO [array([0., 2.]), array([4., 2.]), array([5., 4.]), array([5., 6.]), array([7., 9.])]
16:32:14 apf.py[line:49] INFO n = [0.00230186 0.00257928 0.00827799 0.03054861 0.00355386]
16:32:14 apf.py[line:50] INFO beta = [0.03907782 0.04283043 0.10650692 0.28289971 0.05528866]
16:32:14 apf.py[line:58] INFO theta_robo_ob = [-1.9669157959332693, -1.2320702820644456, -0.8455132496774369, -0.3985571469126078, 0.3583962953803403]
16:32:14 apf.py[line:59] INFO psi = -0.07191529732912058
16:32:14 apf.py[line:60] INFO tan(psi_hat) = [0.1746921412280085, 0.6151078031796497]
16:32:14 apf.py[line:62] INFO psi_hat = 0.27671633104113275
16:32:14 apf.py[line:65] INFO term1 = 1.8 * cos(2.9216811678385355 - -0.07191529732912058) + 0.04 * 8.286334510494271 = -1.44886998889723
16:32:14 apf.py[line:69] INFO term1 = -1.44886998889723
16:32:14 apf.py[line:73] INFO theta_term_tmp = 1.8 * sin(2.9216811678385355 - 0.27671633104113275)/1.6836747548609057 = 0.5093823530526546
16:32:14 apf.py[line:78] INFO [v, theta] = [1.6836747548609057, 0.8111832255280773]
16:32:14 apf.py[line:161] INFO 
16:32:14 apf.py[line:162] INFO 361
16:32:14 apf.py[line:84] INFO [ 2.19259534  7.21715516  0.87879339  1.68367475 -0.40364279]
16:32:14 apf.py[line:85] INFO [array([0., 2.]), array([4., 2.]), array([5., 4.]), array([5., 6.]), array([7., 9.])]
16:32:14 apf.py[line:49] INFO n = [0.00223407 0.00253817 0.008235   0.03091351 0.00365103]
16:32:14 apf.py[line:50] INFO beta = [0.03839984 0.04256458 0.10679645 0.28730045 0.0568577 ]
16:32:14 apf.py[line:58] INFO theta_robo_ob = [-1.9686508022627507, -1.2373010609203974, -0.8533069322087259, -0.40909168931030404, 0.3551308001257711]
16:32:14 apf.py[line:59] INFO psi = -0.07465415214989815
16:32:14 apf.py[line:60] INFO tan(psi_hat) = [0.17601303279710753, 0.6110378211000975]
16:32:14 apf.py[line:62] INFO psi_hat = 0.2804631808395385
16:32:14 apf.py[line:65] INFO term1 = 1.8 * cos(2.9342475384528948 - -0.07465415214989815) + 0.04 * 8.231127134251118 = -1.4549319486937522
16:32:14 apf.py[line:69] INFO term1 = -1.4549319486937522
16:32:14 apf.py[line:73] INFO theta_term_tmp = 1.8 * sin(2.9342475384528948 - 0.2804631808395385)/1.681832832163663 = 0.5016216167800831
16:32:14 apf.py[line:78] INFO [v, theta] = [1.681832832163663, 0.8059354525487041]
16:32:14 apf.py[line:161] INFO 
16:32:14 apf.py[line:162] INFO 362
16:32:14 apf.py[line:84] INFO [ 2.21425886  7.24288679  0.87102188  1.68183283 -0.38857568]
16:32:14 apf.py[line:85] INFO [array([0., 2.]), array([4., 2.]), array([5., 4.]), array([5., 6.]), array([7., 9.])]
16:32:14 apf.py[line:49] INFO n = [0.00216836 0.00249792 0.0081923  0.03127983 0.00375109]
16:32:14 apf.py[line:50] INFO beta = [0.03773598 0.04230542 0.10709463 0.29176862 0.05847641]
16:32:14 apf.py[line:58] INFO theta_robo_ob = [-1.9704082231808027, -1.2425177161266723, -0.8610824586389646, -0.4196561501966682, 0.35187600160082494]
16:32:14 apf.py[line:59] INFO psi = -0.07746266520962156
16:32:14 apf.py[line:60] INFO tan(psi_hat) = [0.17738597908550147, 0.6069133264546571]
16:32:14 apf.py[line:62] INFO psi_hat = 0.2843552443438484
16:32:14 apf.py[line:65] INFO term1 = 1.8 * cos(2.946813909067254 - -0.07746266520962156) + 0.04 * 8.175734807246878 = -1.4605980516169759
16:32:14 apf.py[line:69] INFO term1 = -1.4605980516169759
16:32:14 apf.py[line:73] INFO theta_term_tmp = 1.8 * sin(2.946813909067254 - 0.2843552443438484)/1.6798652135471561 = 0.4939798338005757
16:32:14 apf.py[line:78] INFO [v, theta] = [1.6798652135471561, 0.8010163693041288]
16:32:14 apf.py[line:161] INFO 
16:32:14 apf.py[line:162] INFO 363
16:32:14 apf.py[line:84] INFO [ 2.23608836  7.26842601  0.86355462  1.67986521 -0.37336272]
16:32:14 apf.py[line:85] INFO [array([0., 2.]), array([4., 2.]), array([5., 4.]), array([5., 6.]), array([7., 9.])]
16:32:14 apf.py[line:49] INFO n = [0.00210467 0.00245848 0.00814982 0.03164703 0.00385411]
16:32:14 apf.py[line:50] INFO beta = [0.03708573 0.04205256 0.10740064 0.29630156 0.06014619]
16:32:14 apf.py[line:58] INFO theta_robo_ob = [-1.9721857380264984, -1.2477190807432528, -0.8688389427550168, -0.4302504826831903, 0.3486305558547036]
16:32:14 apf.py[line:59] INFO psi = -0.08034287964628764
16:32:14 apf.py[line:60] INFO tan(psi_hat) = [0.17880780566132895, 0.6027375061440874]
16:32:14 apf.py[line:62] INFO psi_hat = 0.2883893025776616
16:32:14 apf.py[line:65] INFO term1 = 1.8 * cos(2.9593802796816133 - -0.08034287964628764) + 0.04 * 8.120178136126372 = -1.465861294059296
16:32:14 apf.py[line:69] INFO term1 = -1.465861294059296
16:32:14 apf.py[line:73] INFO theta_term_tmp = 1.8 * sin(2.9593802796816133 - 0.2883893025776616)/1.6777567474821675 = 0.48645952490236977
16:32:14 apf.py[line:78] INFO [v, theta] = [1.6777567474821675, 0.7964221992923471]
16:32:15 apf.py[line:161] INFO 
16:32:15 apf.py[line:162] INFO 364
16:32:15 apf.py[line:84] INFO [ 2.25807255  7.29377641  0.85639383  1.67775675 -0.3580396 ]
16:32:15 apf.py[line:85] INFO [array([0., 2.]), array([4., 2.]), array([5., 4.]), array([5., 6.]), array([7., 9.])]
16:32:15 apf.py[line:49] INFO n = [0.00204292 0.00241981 0.00810749 0.03201456 0.00396017]
16:32:15 apf.py[line:50] INFO beta = [0.03644858 0.04180561 0.10771364 0.30089632 0.06186848]
16:32:15 apf.py[line:58] INFO theta_robo_ob = [-1.9739810586089406, -1.2529039532192492, -0.8765754131346465, -0.4408744680333283, 0.345393097162492]
16:32:15 apf.py[line:59] INFO psi = -0.0832968697989539
16:32:15 apf.py[line:60] INFO tan(psi_hat) = [0.1802750077048053, 0.5985137170124595]
16:32:15 apf.py[line:62] INFO psi_hat = 0.2925614473803759
16:32:15 apf.py[line:65] INFO term1 = 1.8 * cos(2.9719466502959726 - -0.0832968697989539) + 0.04 * 8.064478038227149 = -1.4707144914534869
16:32:15 apf.py[line:69] INFO term1 = -1.4707144914534869
16:32:15 apf.py[line:73] INFO theta_term_tmp = 1.8 * sin(2.9719466502959726 - 0.2925614473803759)/1.6754916478789992 = 0.47906238670077095
16:32:15 apf.py[line:78] INFO [v, theta] = [1.6754916478789992, 0.792147684743274]
16:32:15 apf.py[line:161] INFO 
16:32:15 apf.py[line:162] INFO 365
16:32:15 apf.py[line:84] INFO [ 2.28020003  7.31894153  0.84954091  1.67549165 -0.34264612]
16:32:15 apf.py[line:85] INFO [array([0., 2.]), array([4., 2.]), array([5., 4.]), array([5., 6.]), array([7., 9.])]
16:32:15 apf.py[line:49] INFO n = [0.00198305 0.00238189 0.00806523 0.03238184 0.00406934]
16:32:15 apf.py[line:50] INFO beta = [0.03582405 0.04156418 0.10803278 0.30554964 0.06364471]
16:32:15 apf.py[line:58] INFO theta_robo_ob = [-1.975791931374378, -1.258071097447216, -0.8842908103167028, -0.4515277011628308, 0.342162244313145]
16:32:15 apf.py[line:59] INFO psi = -0.08632673648525516
16:32:15 apf.py[line:60] INFO tan(psi_hat) = [0.18178373542915685, 0.5942454729459445]
16:32:15 apf.py[line:62] INFO psi_hat = 0.2968670353704428
16:32:15 apf.py[line:65] INFO term1 = 1.8 * cos(2.984513020910332 - -0.08632673648525516) + 0.04 * 8.00865573652496 = -1.4751502746194423
16:32:15 apf.py[line:69] INFO term1 = -1.4751502746194423
16:32:15 apf.py[line:73] INFO theta_term_tmp = 1.8 * sin(2.984513020910332 - 0.2968670353704428)/1.6730534994443096 = 0.4717892320397597
16:32:15 apf.py[line:78] INFO [v, theta] = [1.6730534994443096, 0.788185986095556]
16:32:15 apf.py[line:161] INFO 
16:32:15 apf.py[line:162] INFO 366
16:32:15 apf.py[line:84] INFO [ 2.30245929  7.3439249   0.84299638  1.6730535  -0.32722626]
16:32:15 apf.py[line:85] INFO [array([0., 2.]), array([4., 2.]), array([5., 4.]), array([5., 6.]), array([7., 9.])]
16:32:15 apf.py[line:49] INFO n = [0.00192498 0.00234468 0.00802297 0.03274824 0.00418169]
16:32:15 apf.py[line:50] INFO beta = [0.03521169 0.0413279  0.10835721 0.31025796 0.06547635]
16:32:15 apf.py[line:58] INFO theta_robo_ob = [-1.9776161399818684, -1.2632192431372677, -0.8919839842710409, -0.46220957596579143, 0.338936607782093]
16:32:15 apf.py[line:59] INFO psi = -0.0894346016489208
16:32:15 apf.py[line:60] INFO tan(psi_hat) = [0.18332978151298174, 0.5899364285460367]
16:32:15 apf.py[line:62] INFO psi_hat = 0.30130064587931604
16:32:15 apf.py[line:65] INFO term1 = 1.8 * cos(2.997079391524691 - -0.0894346016489208) + 0.04 * 7.95273275232265 = -1.479161087118827
16:32:15 apf.py[line:69] INFO term1 = -1.479161087118827
16:32:15 apf.py[line:73] INFO theta_term_tmp = 1.8 * sin(2.997079391524691 - 0.30130064587931604)/1.6704252676457974 = 0.46463993234140377
16:32:15 apf.py[line:78] INFO [v, theta] = [1.6704252676457974, 0.7845285871840484]
16:32:15 apf.py[line:161] INFO 
16:32:15 apf.py[line:162] INFO 367
16:32:15 apf.py[line:84] INFO [ 2.32483871  7.36872993  0.83675982  1.67042527 -0.31182825]
16:32:15 apf.py[line:85] INFO [array([0., 2.]), array([4., 2.]), array([5., 4.]), array([5., 6.]), array([7., 9.])]
16:32:15 apf.py[line:49] INFO n = [0.00186866 0.00230816 0.00798066 0.03311313 0.00429731]
16:32:15 apf.py[line:50] INFO beta = [0.03461104 0.04109641 0.10868607 0.3150174  0.06736485]
16:32:15 apf.py[line:58] INFO theta_robo_ob = [-1.9794515082875341, -1.2683470865406647, -0.8996536922352114, -0.4729192706263181, 0.3357147978202626]
16:32:15 apf.py[line:59] INFO psi = -0.09262260235514863
16:32:15 apf.py[line:60] INFO tan(psi_hat) = [0.18490857101838148, 0.585590359159758]
16:32:15 apf.py[line:62] INFO psi_hat = 0.3058560442405697
16:32:15 apf.py[line:65] INFO term1 = 1.8 * cos(3.0096457621390504 - -0.09262260235514863) + 0.04 * 7.896730895469731 = -1.482739183781785
16:32:15 apf.py[line:69] INFO term1 = -1.482739183781785
16:32:15 apf.py[line:73] INFO theta_term_tmp = 1.8 * sin(3.0096457621390504 - 0.3058560442405697)/1.667589314046918 = 0.45761336287578197
16:32:15 apf.py[line:78] INFO [v, theta] = [1.667589314046918, 0.7811652085363199]
16:32:15 apf.py[line:161] INFO 
16:32:15 apf.py[line:162] INFO 368
16:32:15 apf.py[line:84] INFO [ 2.3473266   7.39335992  0.83082973  1.66758931 -0.29650459]
16:32:15 apf.py[line:85] INFO [array([0., 2.]), array([4., 2.]), array([5., 4.]), array([5., 6.]), array([7., 9.])]
16:32:15 apf.py[line:49] INFO n = [0.00181402 0.00227229 0.00793822 0.03347581 0.00441626]
16:32:15 apf.py[line:50] INFO beta = [0.03402171 0.04086936 0.1090185  0.31982377 0.06931166]
16:32:15 apf.py[line:58] INFO theta_robo_ob = [-1.9812959037318751, -1.2734532915520587, -0.9072985969895359, -0.48365573310139015, 0.3324954334806274]
16:32:15 apf.py[line:59] INFO psi = -0.09589288411889922
16:32:15 apf.py[line:60] INFO tan(psi_hat) = [0.18651515429725946, 0.5812111370920947]
16:32:15 apf.py[line:62] INFO psi_hat = 0.31052615192673066
16:32:15 apf.py[line:65] INFO term1 = 1.8 * cos(3.0222121327534097 - -0.09589288411889922) + 0.04 * 7.840672251904678 = -1.4858766305780857
16:32:15 apf.py[line:69] INFO term1 = -1.4858766305780857
16:32:15 apf.py[line:73] INFO theta_term_tmp = 1.8 * sin(3.0222121327534097 - 0.31052615192673066)/1.6645274178168106 = 0.4507073520108347
16:32:15 apf.py[line:78] INFO [v, theta] = [1.6645274178168106, 0.7780837313799907]
16:32:15 apf.py[line:161] INFO 
16:32:15 apf.py[line:162] INFO 369
16:32:15 apf.py[line:84] INFO [ 2.36991115  7.41781802  0.82520349  1.66452742 -0.28131198]
16:32:15 apf.py[line:85] INFO [array([0., 2.]), array([4., 2.]), array([5., 4.]), array([5., 6.]), array([7., 9.])]
16:32:15 apf.py[line:49] INFO n = [0.00176101 0.00223705 0.0078956  0.03383561 0.00453863]
16:32:15 apf.py[line:50] INFO beta = [0.03344327 0.04064641 0.10935364 0.3246726  0.07131824]
16:32:15 apf.py[line:58] INFO theta_robo_ob = [-1.983147241118054, -1.2785364912181834, -0.9149172656457252, -0.49441766698606016, 0.3292771525903489]
16:32:15 apf.py[line:59] INFO psi = -0.09924759355986938
16:32:15 apf.py[line:60] INFO tan(psi_hat) = [0.18814420340772542, 0.5768027038814949]
16:32:15 apf.py[line:62] INFO psi_hat = 0.3153030251059809
16:32:15 apf.py[line:65] INFO term1 = 1.8 * cos(3.034778503367769 - -0.09924759355986938) + 0.04 * 7.784579168322871 = -1.4885653060111763
16:32:15 apf.py[line:69] INFO term1 = -1.4885653060111763
16:32:15 apf.py[line:73] INFO theta_term_tmp = 1.8 * sin(3.034778503367769 - 0.3153030251059809)/1.6612208042486085 = 0.4439186355708165
16:32:15 apf.py[line:78] INFO [v, theta] = [1.6612208042486085, 0.7752701351194352]
16:32:15 apf.py[line:161] INFO 
16:32:15 apf.py[line:162] INFO 370
16:32:15 apf.py[line:84] INFO [ 2.39258054  7.44210713  0.81987726  1.6612208  -0.26631122]
16:32:15 apf.py[line:85] INFO [array([0., 2.]), array([4., 2.]), array([5., 4.]), array([5., 6.]), array([7., 9.])]
16:32:15 apf.py[line:49] INFO n = [0.00170956 0.00220241 0.00785275 0.0341918  0.00466447]
16:32:15 apf.py[line:50] INFO beta = [0.03287535 0.04042723 0.10969064 0.32955912 0.07338604]
16:32:15 apf.py[line:58] INFO theta_robo_ob = [-1.9850034867615454, -1.2835952896782912, -0.9225081690263716, -0.5052035179967581, 0.3260586226610682]
16:32:15 apf.py[line:59] INFO psi = -0.10268887038810609
16:32:15 apf.py[line:60] INFO tan(psi_hat) = [0.1897900125710557, 0.5723690385883891]
16:32:15 apf.py[line:62] INFO psi_hat = 0.3201778432324896
16:32:15 apf.py[line:65] INFO term1 = 1.8 * cos(3.0473448739821283 - -0.10268887038810609) + 0.04 * 7.728474233791284 = -1.4907969042169043
16:32:15 apf.py[line:69] INFO term1 = -1.4907969042169043
16:32:15 apf.py[line:73] INFO theta_term_tmp = 1.8 * sin(3.0473448739821283 - 0.3201778432324896)/1.657650181126989 = 0.4372428174775601
16:32:15 apf.py[line:78] INFO [v, theta] = [1.657650181126989, 0.7727084511340863]
16:32:15 apf.py[line:161] INFO 
16:32:15 apf.py[line:162] INFO 371
16:32:15 apf.py[line:84] INFO [ 2.41532285  7.46622991  0.81484592  1.65765018 -0.251567  ]
16:32:15 apf.py[line:85] INFO [array([0., 2.]), array([4., 2.]), array([5., 4.]), array([5., 6.]), array([7., 9.])]
16:32:15 apf.py[line:49] INFO n = [0.00165964 0.00216835 0.00780962 0.03454365 0.00479387]
16:32:15 apf.py[line:50] INFO beta = [0.03231759 0.04021151 0.11002866 0.33447829 0.07551649]
16:32:15 apf.py[line:58] INFO theta_robo_ob = [-1.9868626629830894, -1.288628264557928, -0.9300696817130581, -0.5160114613310004, 0.3228385527119711]
16:32:15 apf.py[line:59] INFO psi = -0.10621883873588618
16:32:15 apf.py[line:60] INFO tan(psi_hat) = [0.19144650319446282, 0.5679141221296131]
16:32:15 apf.py[line:62] INFO psi_hat = 0.32514090927788625
16:32:15 apf.py[line:65] INFO term1 = 1.8 * cos(3.0599112445964876 - -0.10621883873588618) + 0.04 * 7.672380258157147 = -1.492562939948651
16:32:15 apf.py[line:69] INFO term1 = -1.492562939948651
16:32:15 apf.py[line:73] INFO theta_term_tmp = 1.8 * sin(3.0599112445964876 - 0.32514090927788625)/1.6537957837675175 = 0.43067433786403675
16:32:15 apf.py[line:78] INFO [v, theta] = [1.6537957837675175, 0.770380735764288]
16:32:15 apf.py[line:161] INFO 
16:32:15 apf.py[line:162] INFO 372
16:32:15 apf.py[line:84] INFO [ 2.43812618  7.49018872  0.81010297  1.65379578 -0.23714767]
16:32:15 apf.py[line:85] INFO [array([0., 2.]), array([4., 2.]), array([5., 4.]), array([5., 6.]), array([7., 9.])]
16:32:15 apf.py[line:49] INFO n = [0.00161118 0.00213485 0.00776615 0.03489041 0.0049269 ]
16:32:15 apf.py[line:50] INFO beta = [0.03176965 0.03999897 0.11036687 0.33942482 0.07771102]
16:32:15 apf.py[line:58] INFO theta_robo_ob = [-1.988722852907591, -1.2936339698325858, -0.9376000828391651, -0.5268393901811195, 0.3196157059599816]
16:32:15 apf.py[line:59] INFO psi = -0.10983959786450985
16:32:15 apf.py[line:60] INFO tan(psi_hat) = [0.19310723396342822, 0.5634418977879188]
16:32:15 apf.py[line:62] INFO psi_hat = 0.33018166314793584
16:32:15 apf.py[line:65] INFO term1 = 1.8 * cos(3.072477615210847 - -0.10983959786450985) + 0.04 * 7.6163202471329665 = -1.4938547556266308
16:32:15 apf.py[line:69] INFO term1 = -1.4938547556266308
16:32:15 apf.py[line:73] INFO theta_term_tmp = 1.8 * sin(3.072477615210847 - 0.33018166314793584)/1.6496374295002671 = 0.4242064498285673
16:32:15 apf.py[line:78] INFO [v, theta] = [1.6496374295002671, 0.7682670652682835]
16:32:15 apf.py[line:161] INFO 
16:32:15 apf.py[line:162] INFO 373
16:32:15 apf.py[line:84] INFO [ 2.46097858  7.51398555  0.80564047  1.64963743 -0.22312483]
16:32:15 apf.py[line:85] INFO [array([0., 2.]), array([4., 2.]), array([5., 4.]), array([5., 6.]), array([7., 9.])]
16:32:15 apf.py[line:49] INFO n = [0.00156415 0.0021019  0.00772231 0.03523134 0.00506362]
16:32:15 apf.py[line:50] INFO beta = [0.0312312  0.03978933 0.11070447 0.3443932  0.07997101]
16:32:15 apf.py[line:58] INFO theta_robo_ob = [-1.990582205521598, -1.2986109391712808, -0.9450975576992958, -0.5376849056943792, 0.31638891330907254]
16:32:15 apf.py[line:59] INFO psi = -0.11355321228884101
16:32:15 apf.py[line:60] INFO tan(psi_hat) = [0.19476541646710138, 0.5589562281343584]
16:32:15 apf.py[line:62] INFO psi_hat = 0.33528870969951585
16:32:15 apf.py[line:65] INFO term1 = 1.8 * cos(3.085043985825206 - -0.11355321228884101) + 0.04 * 7.56031737398486 = -1.494663530620642
16:32:15 apf.py[line:69] INFO term1 = -1.494663530620642
16:32:15 apf.py[line:73] INFO theta_term_tmp = 1.8 * sin(3.085043985825206 - 0.33528870969951585)/1.6451545822828428 = 0.4178312059350053
16:32:15 apf.py[line:78] INFO [v, theta] = [1.6451545822828428, 0.7663455553410329]
16:32:15 apf.py[line:161] INFO 
16:32:15 apf.py[line:162] INFO 374
16:32:15 apf.py[line:84] INFO [ 2.48386816  7.53762197  0.80144902  1.64515458 -0.2095729 ]
16:32:15 apf.py[line:85] INFO [array([0., 2.]), array([4., 2.]), array([5., 4.]), array([5., 6.]), array([7., 9.])]
16:32:15 apf.py[line:49] INFO n = [0.00151849 0.00206946 0.00767807 0.03556567 0.00520409]
16:32:15 apf.py[line:50] INFO beta = [0.03070194 0.03958232 0.1110407  0.3493777  0.08229783]
16:32:15 apf.py[line:58] INFO theta_robo_ob = [-1.9924389409314764, -1.3035576897621155, -0.9525602002403363, -0.5485453086806452, 0.31315708754656285]
16:32:15 apf.py[line:59] INFO psi = -0.11736170137750776
16:32:15 apf.py[line:60] INFO tan(psi_hat) = [0.19641393675916374, 0.5544608487203986]
16:32:15 apf.py[line:62] INFO psi_hat = 0.340449862572092
16:32:15 apf.py[line:65] INFO term1 = 1.8 * cos(3.0976103564395654 - -0.11736170137750776) + 0.04 * 7.504394947805512 = -1.4949802929221279
16:32:15 apf.py[line:69] INFO term1 = -1.4949802929221279
16:32:15 apf.py[line:73] INFO theta_term_tmp = 1.8 * sin(3.0976103564395654 - 0.340449862572092)/1.640326427998461 = 0.411539455454998
16:32:15 apf.py[line:78] INFO [v, theta] = [1.640326427998461, 0.7645924074708395]
16:32:15 apf.py[line:161] INFO 
16:32:15 apf.py[line:162] INFO 375
16:32:15 apf.py[line:84] INFO [ 2.50678304  7.56109913  0.79751764  1.64032643 -0.19656858]
16:32:15 apf.py[line:85] INFO [array([0., 2.]), array([4., 2.]), array([5., 4.]), array([5., 6.]), array([7., 9.])]
16:32:15 apf.py[line:49] INFO n = [0.00147417 0.00203754 0.00763339 0.03589267 0.00534839]
16:32:15 apf.py[line:50] INFO beta = [0.0301816  0.03937771 0.11137481 0.35437245 0.08469282]
16:32:15 apf.py[line:58] INFO theta_robo_ob = [-1.9942913557536317, -1.308472726612428, -0.9599860164891929, -0.5594175933702633, 0.3099192381289164]
16:32:15 apf.py[line:59] INFO psi = -0.12126702850228555
16:32:15 apf.py[line:60] INFO tan(psi_hat) = [0.19804538317311055, 0.5499593190232682]
16:32:15 apf.py[line:62] INFO psi_hat = 0.3456522047715672
16:32:15 apf.py[line:65] INFO term1 = 1.8 * cos(3.1101767270539247 - -0.12126702850228555) + 0.04 * 7.448576378417233 = -1.4947959333426333
16:32:15 apf.py[line:69] INFO term1 = -1.4947959333426333
16:32:15 apf.py[line:73] INFO theta_term_tmp = 1.8 * sin(3.1101767270539247 - 0.3456522047715672)/1.6351319608196786 = 0.4053208531905564
16:32:15 apf.py[line:78] INFO [v, theta] = [1.6351319608196786, 0.7629819839667276]
16:32:15 apf.py[line:161] INFO 
16:32:15 apf.py[line:162] INFO 376
16:32:15 apf.py[line:84] INFO [ 2.52971141  7.58441763  0.79383384  1.63513196 -0.18419019]
16:32:15 apf.py[line:85] INFO [array([0., 2.]), array([4., 2.]), array([5., 4.]), array([5., 6.]), array([7., 9.])]
16:32:15 apf.py[line:49] INFO n = [0.00143114 0.00200611 0.00758825 0.0362116  0.00549656]
16:32:15 apf.py[line:50] INFO beta = [0.0296699  0.03917529 0.11170609 0.35937145 0.08715727]
16:32:15 apf.py[line:58] INFO theta_robo_ob = [-1.9961378285574432, -1.3133545473052517, -0.9673729289590965, -0.5702984435176158, 0.30667448641360034]
16:32:15 apf.py[line:59] INFO psi = -0.12527108982587237
16:32:15 apf.py[line:60] INFO tan(psi_hat) = [0.19965208060438522, 0.5454549712586864]
16:32:15 apf.py[line:62] INFO psi_hat = 0.3508821665926623
16:32:15 apf.py[line:65] INFO term1 = 1.8 * cos(3.122743097668284 - -0.12527108982587237) + 0.04 * 7.392885138023835 = -1.4941012223514316
16:32:15 apf.py[line:69] INFO term1 = -1.4941012223514316
16:32:15 apf.py[line:73] INFO theta_term_tmp = 1.8 * sin(3.122743097668284 - 0.3508821665926623)/1.6295500807960428 = 0.3991638805083567
16:32:15 apf.py[line:78] INFO [v, theta] = [1.6295500807960428, 0.7614869129175368]
16:32:16 apf.py[line:161] INFO 
16:32:16 apf.py[line:162] INFO 377
16:32:16 apf.py[line:84] INFO [ 2.55264155  7.60757755  0.7903835   1.62955008 -0.17251695]
16:32:16 apf.py[line:85] INFO [array([0., 2.]), array([4., 2.]), array([5., 4.]), array([5., 6.]), array([7., 9.])]
16:32:16 apf.py[line:49] INFO n = [0.00138937 0.00197517 0.00754265 0.03652174 0.00564867]
16:32:16 apf.py[line:50] INFO beta = [0.02916662 0.03897486 0.11203391 0.36436861 0.08969242]
16:32:16 apf.py[line:58] INFO theta_robo_ob = [-1.99797682527135, -1.3182016471817148, -0.9747187820599569, -0.5811842311288583, 0.3034220811678031]
16:32:16 apf.py[line:59] INFO psi = -0.12937570283249494
16:32:16 apf.py[line:60] INFO tan(psi_hat) = [0.20122613134251013, 0.5409508578050725]
16:32:16 apf.py[line:62] INFO psi_hat = 0.35612562104344064
16:32:16 apf.py[line:65] INFO term1 = 1.8 * cos(3.1353094682826432 - -0.12937570283249494) + 0.04 * 7.337344719811417 = -1.4928868296352538
16:32:16 apf.py[line:69] INFO term1 = -1.4928868296352538
16:32:16 apf.py[line:73] INFO theta_term_tmp = 1.8 * sin(3.1353094682826432 - 0.35612562104344064)/1.6235597025552728 = 0.3930558789638537
16:32:16 apf.py[line:78] INFO [v, theta] = [1.6235597025552728, 0.7600782236495243]
16:32:16 apf.py[line:161] INFO 
16:32:16 apf.py[line:162] INFO 378
16:32:16 apf.py[line:84] INFO [ 2.57556188  7.63057836  0.78715094  1.6235597  -0.16162815]
16:32:16 apf.py[line:85] INFO [array([0., 2.]), array([4., 2.]), array([5., 4.]), array([5., 6.]), array([7., 9.])]
16:32:16 apf.py[line:49] INFO n = [0.00134881 0.00194469 0.00749656 0.0368224  0.00580477]
16:32:16 apf.py[line:50] INFO beta = [0.02867152 0.03877624 0.11235765 0.36935782 0.09229945]
16:32:16 apf.py[line:58] INFO theta_robo_ob = [-1.9998069044532032, -1.323012524905917, -0.9820213485187146, -0.5920710180646881, 0.3001614141601536]
16:32:16 apf.py[line:59] INFO psi = -0.13358259471996567
16:32:16 apf.py[line:60] INFO tan(psi_hat) = [0.20275946238578685, 0.5364496981073007]
16:32:16 apf.py[line:62] INFO psi_hat = 0.3613679964516294
16:32:16 apf.py[line:65] INFO term1 = 1.8 * cos(-3.1353094682825837 - -0.13358259471996567) + 0.04 * 7.281978593786049 = -1.4911433464278356
16:32:16 apf.py[line:69] INFO term1 = -1.4911433464278356
16:32:16 apf.py[line:73] INFO theta_term_tmp = 1.8 * sin(-3.1353094682825837 - 0.3613679964516294)/1.6171398746963215 = 0.38698309659873104
16:32:16 apf.py[line:78] INFO [v, theta] = [1.6171398746963215, 0.7587255124477161]
16:32:16 apf.py[line:161] INFO 
16:32:16 apf.py[line:162] INFO 379
16:32:16 apf.py[line:84] INFO [ 2.59846093  7.6534189   0.78411889  1.61713987 -0.15160227]
16:32:16 apf.py[line:85] INFO [array([0., 2.]), array([4., 2.]), array([5., 4.]), array([5., 6.]), array([7., 9.])]
16:32:16 apf.py[line:49] INFO n = [0.00130944 0.00191469 0.00744999 0.03711291 0.00596491]
16:32:16 apf.py[line:50] INFO beta = [0.0281844  0.03857929 0.11267677 0.374333   0.09497952]
16:32:16 apf.py[line:58] INFO theta_robo_ob = [-2.001626722318054, -1.3277856883551082, -0.9892783367932614, -0.6029545607301575, 0.2968920356190578]
16:32:16 apf.py[line:59] INFO psi = -0.13789339078428595
16:32:16 apf.py[line:60] INFO tan(psi_hat) = [0.20424387900216717, 0.5319538260400158]
16:32:16 apf.py[line:62] INFO psi_hat = 0.3665944054016753
16:32:16 apf.py[line:65] INFO term1 = 1.8 * cos(-3.1227430976682244 - -0.13789339078428595) + 0.04 * 7.226810160228203 = -1.4888613106169954
16:32:16 apf.py[line:69] INFO term1 = -1.4888613106169954
16:32:16 apf.py[line:73] INFO theta_term_tmp = 1.8 * sin(-3.1227430976682244 - 0.3665944054016753)/1.6102699091062171 = 0.3809307466677224
16:32:16 apf.py[line:78] INFO [v, theta] = [1.6102699091062171, 0.7573971374206082]
16:32:16 apf.py[line:161] INFO 
16:32:16 apf.py[line:162] INFO 380
16:32:16 apf.py[line:84] INFO [ 2.62132743  7.67609732  0.78126857  1.61026991 -0.14251603]
16:32:16 apf.py[line:85] INFO [array([0., 2.]), array([4., 2.]), array([5., 4.]), array([5., 6.]), array([7., 9.])]
16:32:16 apf.py[line:49] INFO n = [0.00127122 0.00188514 0.00740293 0.03739268 0.00612912]
16:32:16 apf.py[line:50] INFO beta = [0.02770508 0.0383839  0.1129908  0.37928813 0.09773366]
16:32:16 apf.py[line:58] INFO theta_robo_ob = [-2.003435037410461, -1.3325196607641052, -0.9964873994387614, -0.6138303180135316, 0.2936136693219193]
16:32:16 apf.py[line:59] INFO psi = -0.14230960293802275
16:32:16 apf.py[line:60] INFO tan(psi_hat) = [0.20567112411680732, 0.5274651388041816]
16:32:16 apf.py[line:62] INFO psi_hat = 0.37178978859357953
16:32:16 apf.py[line:65] INFO term1 = 1.8 * cos(-3.110176727053865 - -0.14230960293802275) + 0.04 * 7.171862701236969 = -1.4860312345928084
16:32:16 apf.py[line:69] INFO term1 = -1.4860312345928084
16:32:16 apf.py[line:73] INFO theta_term_tmp = 1.8 * sin(-3.110176727053865 - 0.37178978859357953)/1.6029295190615591 = 0.37488307820153305
16:32:16 apf.py[line:78] INFO [v, theta] = [1.6029295190615591, 0.7560604404495046]
16:32:16 apf.py[line:161] INFO 
16:32:16 apf.py[line:162] INFO 381
16:32:16 apf.py[line:84] INFO [ 2.64415031  7.69861107  0.77857971  1.60292952 -0.13444337]
16:32:16 apf.py[line:85] INFO [array([0., 2.]), array([4., 2.]), array([5., 4.]), array([5., 6.]), array([7., 9.])]
16:32:16 apf.py[line:49] INFO n = [0.00123412 0.00185605 0.00735542 0.03766111 0.00629746]
16:32:16 apf.py[line:50] INFO beta = [0.02723341 0.03818996 0.11329933 0.38421731 0.1005629 ]
16:32:16 apf.py[line:58] INFO theta_robo_ob = [-2.005230714804682, -1.3372129870393514, -1.0036461423587852, -0.6246934625754875, 0.29032622706444267]
16:32:16 apf.py[line:59] INFO psi = -0.14683261851081783
16:32:16 apf.py[line:60] INFO tan(psi_hat) = [0.20703294291533844, 0.5229850484995833]
16:32:16 apf.py[line:62] INFO psi_hat = 0.3769390716534147
16:32:16 apf.py[line:65] INFO term1 = 1.8 * cos(-3.097610356439506 - -0.14683261851081783) + 0.04 * 7.11715933092809 = -1.482643635753303
16:32:16 apf.py[line:69] INFO term1 = -1.482643635753303
16:32:16 apf.py[line:73] INFO theta_term_tmp = 1.8 * sin(-3.097610356439506 - 0.3769390716534147)/1.595098964594372 = 0.368823457454946
16:32:16 apf.py[line:78] INFO [v, theta] = [1.595098964594372, 0.7546819932112644]
16:32:16 apf.py[line:161] INFO 
16:32:16 apf.py[line:162] INFO 382
16:32:16 apf.py[line:84] INFO [ 2.66691874  7.72095688  0.77603062  1.59509896 -0.12745446]
16:32:16 apf.py[line:85] INFO [array([0., 2.]), array([4., 2.]), array([5., 4.]), array([5., 6.]), array([7., 9.])]
16:32:16 apf.py[line:49] INFO n = [0.00119811 0.00182741 0.00730745 0.03791771 0.00646995]
16:32:16 apf.py[line:50] INFO beta = [0.02676922 0.03799741 0.11360203 0.38911487 0.10346813]
16:32:16 apf.py[line:58] INFO theta_robo_ob = [-2.007012729715193, -1.3418642401454561, -1.0107521348464426, -0.6355388955197981, 0.2870298222494387]
16:32:16 apf.py[line:59] INFO psi = -0.1514636894839602
16:32:16 apf.py[line:60] INFO tan(psi_hat) = [0.2083211518590438, 0.5185144375545647]
16:32:16 apf.py[line:62] INFO psi_hat = 0.3820273323881646
16:32:16 apf.py[line:65] INFO term1 = 1.8 * cos(-3.0850439858251466 - -0.1514636894839602) + 0.04 * 7.062722944934462 = -1.4786890695352104
16:32:16 apf.py[line:69] INFO term1 = -1.4786890695352104
16:32:16 apf.py[line:73] INFO theta_term_tmp = 1.8 * sin(-3.0850439858251466 - 0.3820273323881646)/1.5867592032278037 = 0.36273445893828604
16:32:16 apf.py[line:78] INFO [v, theta] = [1.5867592032278037, 0.7532278633400853]
16:32:16 apf.py[line:161] INFO 
16:32:16 apf.py[line:162] INFO 383
16:32:16 apf.py[line:84] INFO [ 2.68962213  7.74313069  0.77359832  1.5867592  -0.12161468]
16:32:16 apf.py[line:85] INFO [array([0., 2.]), array([4., 2.]), array([5., 4.]), array([5., 6.]), array([7., 9.])]
16:32:16 apf.py[line:49] INFO n = [0.00116317 0.00179922 0.00725906 0.03816203 0.00664662]
16:32:16 apf.py[line:50] INFO beta = [0.02631241 0.0378062  0.11389864 0.39397536 0.10645018]
16:32:16 apf.py[line:58] INFO theta_robo_ob = [-2.008780170402254, -1.3464720274561004, -1.017802920293704, -0.6463612643987855, 0.28372478233097326]
16:32:16 apf.py[line:59] INFO psi = -0.15620392231048993
16:32:16 apf.py[line:60] INFO tan(psi_hat) = [0.20952771112200216, 0.5140536191972988]
16:32:16 apf.py[line:62] INFO psi_hat = 0.38703997549289776
16:32:16 apf.py[line:65] INFO term1 = 1.8 * cos(-3.0724776152107873 - -0.15620392231048993) + 0.04 * 7.008576169932281 = -1.4741581647881867
16:32:16 apf.py[line:69] INFO term1 = -1.4741581647881867
16:32:16 apf.py[line:73] INFO theta_term_tmp = 1.8 * sin(-3.0724776152107873 - 0.38703997549289776)/1.5778920438394226 = 0.35659796440226316
16:32:16 apf.py[line:78] INFO [v, theta] = [1.5778920438394226, 0.7516638959466686]
16:32:16 apf.py[line:161] INFO 
16:32:16 apf.py[line:162] INFO 384
16:32:16 apf.py[line:84] INFO [ 2.71225017  7.76512772  0.77125865  1.57789204 -0.11698361]
16:32:16 apf.py[line:85] INFO [array([0., 2.]), array([4., 2.]), array([5., 4.]), array([5., 6.]), array([7., 9.])]
16:32:16 apf.py[line:49] INFO n = [0.00112925 0.00177148 0.00721029 0.03839367 0.0068275 ]
16:32:16 apf.py[line:50] INFO beta = [0.02586285 0.03761633 0.114189   0.39879366 0.10950981]
16:32:16 apf.py[line:58] INFO theta_robo_ob = [-2.010532240262996, -1.3510349969525137, -1.0247960274214936, -0.657154984423754, 0.28041165985304917]
16:32:16 apf.py[line:59] INFO psi = -0.16105426846747048
16:32:16 apf.py[line:60] INFO tan(psi_hat) = [0.21064479928957733, 0.509602304116665]
16:32:16 apf.py[line:62] INFO psi_hat = 0.39196291131466876
16:32:16 apf.py[line:65] INFO term1 = 1.8 * cos(-3.059911244596428 - -0.16105426846747048) + 0.04 * 6.95474131397576 = -1.4690416612633044
16:32:16 apf.py[line:69] INFO term1 = -1.4690416612633044
16:32:16 apf.py[line:73] INFO theta_term_tmp = 1.8 * sin(-3.059911244596428 - 0.39196291131466876)/1.5684803011090136 = 0.35039526785623903
16:32:16 apf.py[line:78] INFO [v, theta] = [1.5684803011090136, 0.74995600498729]
16:32:16 apf.py[line:161] INFO 
16:32:16 apf.py[line:162] INFO 385
16:32:16 apf.py[line:84] INFO [ 2.73479287  7.78694237  0.76898637  1.5684803  -0.11361411]
16:32:16 apf.py[line:85] INFO [array([0., 2.]), array([4., 2.]), array([5., 4.]), array([5., 6.]), array([7., 9.])]
16:32:16 apf.py[line:49] INFO n = [0.00109635 0.00174419 0.00716117 0.03861234 0.0070126 ]
16:32:16 apf.py[line:50] INFO beta = [0.02542047 0.03742781 0.11447303 0.40356499 0.11264765]
16:32:16 apf.py[line:58] INFO theta_robo_ob = [-2.0122682590079064, -1.35555184314694, -1.0317289818601576, -0.667914262665275, 0.2770912418327487]
16:32:16 apf.py[line:59] INFO psi = -0.16601551587773367
16:32:16 apf.py[line:60] INFO tan(psi_hat) = [0.21166488901137603, 0.5051595743832799]
16:32:16 apf.py[line:62] INFO psi_hat = 0.3967827349809483
16:32:16 apf.py[line:65] INFO term1 = 1.8 * cos(-3.0473448739820688 - -0.16601551587773367) + 0.04 * 6.901240318464449 = -1.4633304489422088
16:32:16 apf.py[line:69] INFO term1 = -1.4633304489422088
16:32:16 apf.py[line:73] INFO theta_term_tmp = 1.8 * sin(-3.0473448739820688 - 0.3967827349809483)/1.5585079477740238 = 0.3441071844624692
16:32:16 apf.py[line:78] INFO [v, theta] = [1.5585079477740238, 0.748070468413236]
16:32:16 apf.py[line:161] INFO 
16:32:16 apf.py[line:162] INFO 386
16:32:16 apf.py[line:84] INFO [ 2.75724054  7.80856829  0.76675534  1.55850795 -0.11155146]
16:32:16 apf.py[line:85] INFO [array([0., 2.]), array([4., 2.]), array([5., 4.]), array([5., 6.]), array([7., 9.])]
16:32:16 apf.py[line:49] INFO n = [0.00106443 0.00171735 0.00711175 0.0388178  0.00720193]
16:32:16 apf.py[line:50] INFO beta = [0.02498518 0.03724069 0.11475072 0.40828501 0.11586424]
16:32:16 apf.py[line:58] INFO theta_robo_ob = [-2.013987662835607, -1.3600213126061769, -1.038599317890781, -0.6786331249440098, 0.27376455725606674]
16:32:16 apf.py[line:59] INFO psi = -0.17108828132461867
16:32:16 apf.py[line:60] INFO tan(psi_hat) = [0.21258082218851734, 0.5007238655824164]
16:32:16 apf.py[line:62] INFO psi_hat = 0.40148690203214116
16:32:16 apf.py[line:65] INFO term1 = 1.8 * cos(-3.0347785033677095 - -0.17108828132461867) + 0.04 * 6.848094712586025 = -1.4570156088939297
16:32:16 apf.py[line:69] INFO term1 = -1.4570156088939297
16:32:16 apf.py[line:73] INFO theta_term_tmp = 1.8 * sin(-3.0347785033677095 - 0.40148690203214116)/1.5479602617673227 = 0.3377141609753179
16:32:16 apf.py[line:78] INFO [v, theta] = [1.5479602617673227, 0.7459742206673288]
16:32:16 apf.py[line:161] INFO 
16:32:16 apf.py[line:162] INFO 387
16:32:16 apf.py[line:84] INFO [ 2.77958386  7.82999838  0.76453869  1.54796026 -0.11083263]
16:32:16 apf.py[line:85] INFO [array([0., 2.]), array([4., 2.]), array([5., 4.]), array([5., 6.]), array([7., 9.])]
16:32:16 apf.py[line:49] INFO n = [0.00103347 0.00169097 0.00706209 0.0390099  0.0073955 ]
16:32:16 apf.py[line:50] INFO beta = [0.02455694 0.03705503 0.11502219 0.41294983 0.11916003]
16:32:16 apf.py[line:58] INFO theta_robo_ob = [-2.015690003535357, -1.3644422089518273, -1.0454045901436961, -0.6893054450333674, 0.2704328824803572]
16:32:16 apf.py[line:59] INFO psi = -0.17627300396528117
16:32:16 apf.py[line:60] INFO tan(psi_hat) = [0.2133858832023919, 0.496292957952685]
16:32:16 apf.py[line:62] INFO psi_hat = 0.40606389667276943
16:32:16 apf.py[line:65] INFO term1 = 1.8 * cos(-3.02221213275335 - -0.17627300396528117) + 0.04 * 6.795325571071009 = -1.4500884553135305
16:32:16 apf.py[line:69] INFO term1 = -1.4500884553135305
16:32:16 apf.py[line:73] INFO theta_term_tmp = 1.8 * sin(-3.02221213275335 - 0.40606389667276943)/1.5368239652635902 = 0.3311963852931481
16:32:16 apf.py[line:78] INFO [v, theta] = [1.5368239652635902, 0.7436351359537114]
16:32:16 apf.py[line:161] INFO 
16:32:16 apf.py[line:162] INFO 388
16:32:16 apf.py[line:84] INFO [ 2.80181381  7.85122479  0.76230897  1.53682397 -0.1114856 ]
16:32:16 apf.py[line:85] INFO [array([0., 2.]), array([4., 2.]), array([5., 4.]), array([5., 6.]), array([7., 9.])]
16:32:16 apf.py[line:49] INFO n = [0.00100345 0.00166505 0.00701225 0.0391886  0.0075933 ]
16:32:16 apf.py[line:50] INFO beta = [0.02413568 0.03687094 0.1152876  0.4175561  0.12253534]
16:32:16 apf.py[line:58] INFO theta_robo_ob = [-2.01737494646636, -1.3688133972195964, -1.0521423850423686, -0.6999249757243844, 0.26709774436986683]
16:32:16 apf.py[line:59] INFO psi = -0.18156994002654175
16:32:16 apf.py[line:60] INFO tan(psi_hat) = [0.2140738686660507, 0.4918639771319453]
16:32:16 apf.py[line:62] INFO psi_hat = 0.41050338888099286
16:32:16 apf.py[line:65] INFO term1 = 1.8 * cos(-3.009645762138991 - -0.18156994002654175) + 0.04 * 6.742953476062524 = -1.442540578371998
16:32:16 apf.py[line:69] INFO term1 = -1.442540578371998
16:32:16 apf.py[line:73] INFO theta_term_tmp = 1.8 * sin(-3.009645762138991 - 0.41050338888099286)/1.5250873527223117 = 0.32453389266548366
16:32:16 apf.py[line:78] INFO [v, theta] = [1.5250873527223117, 0.7410222958016267]
16:32:17 apf.py[line:161] INFO 
16:32:17 apf.py[line:162] INFO 389
16:32:17 apf.py[line:84] INFO [ 2.82392177  7.87223894  0.7600384   1.52508735 -0.11352895]
16:32:17 apf.py[line:85] INFO [array([0., 2.]), array([4., 2.]), array([5., 4.]), array([5., 6.]), array([7., 9.])]
16:32:17 apf.py[line:49] INFO n = [0.00097435 0.0016396  0.00696229 0.03935392 0.00779533]
16:32:17 apf.py[line:50] INFO beta = [0.0237214  0.03668852 0.11554724 0.42210098 0.12599037]
16:32:17 apf.py[line:58] INFO theta_robo_ob = [-2.019042267385216, -1.373133807469928, -1.0588103317794164, -0.7104853812442649, 0.2637609210293685]
16:32:17 apf.py[line:59] INFO psi = -0.18697915874268997
16:32:17 apf.py[line:60] INFO tan(psi_hat) = [0.21463915220392982, 0.4874334048915928]
16:32:17 apf.py[line:62] INFO psi_hat = 0.41479637688940435
16:32:17 apf.py[line:65] INFO term1 = 1.8 * cos(-2.9970793915246317 - -0.18697915874268997) + 0.04 * 6.690998483842894 = -1.434363887491073
16:32:17 apf.py[line:69] INFO term1 = -1.434363887491073
16:32:17 apf.py[line:73] INFO theta_term_tmp = 1.8 * sin(-2.9970793915246317 - 0.41479637688940435)/1.512740405191097 = 0.31770666614889026
16:32:17 apf.py[line:78] INFO [v, theta] = [1.512740405191097, 0.7381062347721499]
16:32:17 apf.py[line:161] INFO 
16:32:17 apf.py[line:162] INFO 390
16:32:17 apf.py[line:84] INFO [ 2.84589945  7.89303161  0.75769896  1.51274041 -0.11697152]
16:32:17 apf.py[line:85] INFO [array([0., 2.]), array([4., 2.]), array([5., 4.]), array([5., 6.]), array([7., 9.])]
16:32:17 apf.py[line:49] INFO n = [0.00094614 0.00161462 0.00691228 0.03950597 0.00800156]
16:32:17 apf.py[line:50] INFO beta = [0.02331406 0.03650794 0.11580147 0.42658222 0.12952521]
16:32:17 apf.py[line:58] INFO theta_robo_ob = [-2.020691848117105, -1.3774024375563254, -1.0654061126172325, -0.7209802704760611, 0.26042444004422616]
16:32:17 apf.py[line:59] INFO psi = -0.19250053956803628
16:32:17 apf.py[line:60] INFO tan(psi_hat) = [0.2150767428421856, 0.482997100000635]
16:32:17 apf.py[line:62] INFO psi_hat = 0.41893531196038936
16:32:17 apf.py[line:65] INFO term1 = 1.8 * cos(-2.9845130209102724 - -0.19250053956803628) + 0.04 * 6.6394800970707415 = -1.4255506546508088
16:32:17 apf.py[line:69] INFO term1 = -1.4255506546508088
16:32:17 apf.py[line:73] INFO theta_term_tmp = 1.8 * sin(-2.9845130209102724 - 0.41893531196038936)/1.4997748884202469 = 0.3106947290269529
16:32:17 apf.py[line:78] INFO [v, theta] = [1.4997748884202469, 0.7348591587027993]
16:32:17 apf.py[line:161] INFO 
16:32:17 apf.py[line:162] INFO 391
16:32:17 apf.py[line:84] INFO [ 2.86773891  7.91359292  0.75526272  1.49977489 -0.1218123 ]
16:32:17 apf.py[line:85] INFO [array([0., 2.]), array([4., 2.]), array([5., 4.]), array([5., 6.]), array([7., 9.])]
16:32:17 apf.py[line:49] INFO n = [0.0009188  0.00159012 0.00686229 0.03964496 0.00821198]
16:32:17 apf.py[line:50] INFO beta = [0.02291367 0.03632935 0.11605073 0.43099819 0.13313983]
16:32:17 apf.py[line:58] INFO theta_robo_ob = [-2.0223236710916477, -1.3816183549755356, -1.0719274723186327, -0.731403230400407, 0.25709057418187303]
16:32:17 apf.py[line:59] INFO psi = -0.19813377066932664
16:32:17 apf.py[line:60] INFO tan(psi_hat) = [0.21538233571921672, 0.4785503291115967]
16:32:17 apf.py[line:62] INFO psi_hat = 0.4229142029075533
16:32:17 apf.py[line:65] INFO term1 = 1.8 * cos(-2.971946650295913 - -0.19813377066932664) + 0.04 * 6.58841724306883 = -1.4160935573417068
16:32:17 apf.py[line:69] INFO term1 = -1.4160935573417068
16:32:17 apf.py[line:73] INFO theta_term_tmp = 1.8 * sin(-2.971946650295913 - 0.4229142029075533)/1.4861844327288907 = 0.30347822709409017
16:32:17 apf.py[line:78] INFO [v, theta] = [1.4861844327288907, 0.7312551306201658]
16:32:17 apf.py[line:161] INFO 
16:32:17 apf.py[line:162] INFO 392
16:32:17 apf.py[line:84] INFO [ 2.88943258  7.93391243  0.75270191  1.48618443 -0.12804047]
16:32:17 apf.py[line:85] INFO [array([0., 2.]), array([4., 2.]), array([5., 4.]), array([5., 6.]), array([7., 9.])]
16:32:17 apf.py[line:49] INFO n = [0.00089232 0.0015661  0.00681242 0.03977117 0.00842655]
16:32:17 apf.py[line:50] INFO beta = [0.02252024 0.03615295 0.11629554 0.43534784 0.13683404]
16:32:17 apf.py[line:58] INFO theta_robo_ob = [-2.0239378127900483, -1.3857806977448102, -1.078372226532855, -0.7417478591725839, 0.25376183455801493]
16:32:17 apf.py[line:59] INFO psi = -0.20387834867547747
16:32:17 apf.py[line:60] INFO tan(psi_hat) = [0.21555235399987754, 0.47408780731189004]
16:32:17 apf.py[line:62] INFO psi_hat = 0.42672869843440037
16:32:17 apf.py[line:65] INFO term1 = 1.8 * cos(-2.959380279681554 - -0.20387834867547747) + 0.04 * 6.537828258567947 = -1.4059857207871
16:32:17 apf.py[line:69] INFO term1 = -1.4059857207871
16:32:17 apf.py[line:73] INFO theta_term_tmp = 1.8 * sin(-2.959380279681554 - 0.42672869843440037)/1.4719645930392176 = 0.29603749893761117
16:32:17 apf.py[line:78] INFO [v, theta] = [1.4719645930392176, 0.7272702203353205]
16:32:17 apf.py[line:161] INFO 
16:32:17 apf.py[line:162] INFO 393
16:32:17 apf.py[line:84] INFO [ 2.91097642  7.95398216  0.7499892   1.47218443 -0.13563567]
16:32:17 apf.py[line:85] INFO [array([0., 2.]), array([4., 2.]), array([5., 4.]), array([5., 6.]), array([7., 9.])]
16:32:17 apf.py[line:49] INFO n = [0.00086668 0.00154258 0.00676272 0.03988499 0.00864527]
16:32:17 apf.py[line:50] INFO beta = [0.0221337  0.03597889 0.11653645 0.43963106 0.14060801]
16:32:17 apf.py[line:58] INFO theta_robo_ob = [-2.0255346736437585, -1.3898892862014336, -1.0847392181442428, -0.7520093317324923, 0.250440462303761]
16:32:17 apf.py[line:59] INFO psi = -0.20973413470150482
16:32:17 apf.py[line:60] INFO tan(psi_hat) = [0.21558397402619517, 0.469603532991785]
16:32:17 apf.py[line:62] INFO psi_hat = 0.43037630701386564
16:32:17 apf.py[line:65] INFO term1 = 1.8 * cos(-2.9468139090671945 - -0.20973413470150482) + 0.04 * 6.487728358513579 = -1.3952204667662214
16:32:17 apf.py[line:69] INFO term1 = -1.3952204667662214
16:32:17 apf.py[line:73] INFO theta_term_tmp = 1.8 * sin(-2.9468139090671945 - 0.43037630701386564)/1.4571126893784085 = 0.28835336529572386
16:32:17 apf.py[line:78] INFO [v, theta] = [1.4571126893784085, 0.7228830186898485]
16:32:17 apf.py[line:161] INFO 
16:32:17 apf.py[line:162] INFO 394
16:32:17 apf.py[line:84] INFO [ 2.93237277  7.97379925  0.74709787  1.45818443 -0.14456628]
16:32:17 apf.py[line:85] INFO [array([0., 2.]), array([4., 2.]), array([5., 4.]), array([5., 6.]), array([7., 9.])]
16:32:17 apf.py[line:49] INFO n = [0.00084184 0.00151954 0.00671326 0.03998692 0.0088682 ]
16:32:17 apf.py[line:50] INFO beta = [0.02175387 0.03580725 0.11677395 0.44384881 0.1444627 ]
16:32:17 apf.py[line:58] INFO theta_robo_ob = [-2.027115174229627, -1.3939451436096864, -1.0910291374725156, -0.7621857817270378, 0.24712795753590663]
16:32:17 apf.py[line:59] INFO psi = -0.215701875101466
16:32:17 apf.py[line:60] INFO tan(psi_hat) = [0.21547507645390596, 0.4650906703463304]
16:32:17 apf.py[line:62] INFO psi_hat = 0.4338564636918248
16:32:17 apf.py[line:65] INFO term1 = 1.8 * cos(-2.9342475384528353 - -0.215701875101466) + 0.04 * 6.438127505590819 = -1.3837909704599543
16:32:17 apf.py[line:69] INFO term1 = -1.3837909704599543
16:32:17 apf.py[line:73] INFO theta_term_tmp = 1.8 * sin(-2.9342475384528353 - 0.4338564636918248)/1.4416274590579883 = 0.28040728985307944
16:32:17 apf.py[line:78] INFO [v, theta] = [1.4416274590579883, 0.7180748594292861]
16:32:17 apf.py[line:161] INFO 
16:32:17 apf.py[line:162] INFO 395
16:32:17 apf.py[line:84] INFO [ 2.95362435  7.99336038  0.74400208  1.44418443 -0.15478939]
16:32:17 apf.py[line:85] INFO [array([0., 2.]), array([4., 2.]), array([5., 4.]), array([5., 6.]), array([7., 9.])]
16:32:17 apf.py[line:49] INFO n = [0.00081777 0.00149699 0.0066641  0.04007748 0.00909538]
16:32:17 apf.py[line:50] INFO beta = [0.02138058 0.0356381  0.1170086  0.44800255 0.14839908]
16:32:17 apf.py[line:58] INFO theta_robo_ob = [-2.0286802986923576, -1.3979493364203668, -1.0972427352644236, -0.7722754660814787, 0.24382597676399118]
16:32:17 apf.py[line:59] INFO psi = -0.2217821991761172
16:32:17 apf.py[line:60] INFO tan(psi_hat) = [0.21522419793391895, 0.4605420185305242]
16:32:17 apf.py[line:62] INFO psi_hat = 0.4371701190430862
16:32:17 apf.py[line:65] INFO term1 = 1.8 * cos(-2.921681167838476 - -0.2217821991761172) + 0.04 * 6.389035220677479 = -1.37169071672863
16:32:17 apf.py[line:69] INFO term1 = -1.37169071672863
16:32:17 apf.py[line:73] INFO theta_term_tmp = 1.8 * sin(-2.921681167838476 - 0.4371701190430862)/1.4255092319006646 = 0.2721808571143616
16:32:17 apf.py[line:78] INFO [v, theta] = [1.4255092319006646, 0.7128288498424598]
16:32:17 apf.py[line:161] INFO 
16:32:17 apf.py[line:162] INFO 396
16:32:17 apf.py[line:84] INFO [ 2.97473421  8.01266179  0.74067694  1.43018443 -0.16625724]
16:32:17 apf.py[line:85] INFO [array([0., 2.]), array([4., 2.]), array([5., 4.]), array([5., 6.]), array([7., 9.])]
16:32:17 apf.py[line:49] INFO n = [0.00079446 0.00147493 0.00661532 0.04015726 0.00932688]
16:32:17 apf.py[line:50] INFO beta = [0.02101367 0.03547154 0.11724097 0.45209416 0.15241816]
16:32:17 apf.py[line:58] INFO theta_robo_ob = [-2.030231085657061, -1.4019029685109636, -1.1033808187460126, -0.7822767711814161, 0.24053632496653288]
16:32:17 apf.py[line:59] INFO psi = -0.22797561883663067
16:32:17 apf.py[line:60] INFO tan(psi_hat) = [0.2148305257123418, 0.45595005832932245]
16:32:17 apf.py[line:62] INFO psi_hat = 0.44031972831235866
16:32:17 apf.py[line:65] INFO term1 = 1.8 * cos(-2.9091147972241167 - -0.22797561883663067) + 0.04 * 6.340460615516655 = -1.358913530076368
16:32:17 apf.py[line:69] INFO term1 = -1.358913530076368
16:32:17 apf.py[line:73] INFO theta_term_tmp = 1.8 * sin(-2.9091147972241167 - 0.44031972831235866)/1.4087599117457488 = 0.26365575641628736
16:32:17 apf.py[line:78] INFO [v, theta] = [1.4087599117457488, 0.7071298328246512]
16:32:17 apf.py[line:161] INFO 
16:32:17 apf.py[line:162] INFO 397
16:32:17 apf.py[line:84] INFO [ 2.99570569  8.03169935  0.73709858  1.41618443 -0.17891789]
16:32:17 apf.py[line:85] INFO [array([0., 2.]), array([4., 2.]), array([5., 4.]), array([5., 6.]), array([7., 9.])]
16:32:17 apf.py[line:49] INFO n = [0.00077187 0.00145334 0.00656696 0.04022689 0.00956276]
16:32:17 apf.py[line:50] INFO beta = [0.02065299 0.03530768 0.11747169 0.45612594 0.15652093]
16:32:17 apf.py[line:58] INFO theta_robo_ob = [-2.031768619193516, -1.4058071751558567, -1.1094442470110666, -0.7921882171493039, 0.23726094724796892]
16:32:17 apf.py[line:59] INFO psi = -0.23428252828938897
16:32:17 apf.py[line:60] INFO tan(psi_hat) = [0.21429388705136054, 0.45130700022395864]
16:32:17 apf.py[line:62] INFO psi_hat = 0.4433092322288966
16:32:17 apf.py[line:65] INFO term1 = 1.8 * cos(-2.8965484266097574 - -0.23428252828938897) + 0.04 * 6.292412426591993 = -1.345453604776529
16:32:17 apf.py[line:69] INFO term1 = -1.345453604776529
16:32:17 apf.py[line:73] INFO theta_term_tmp = 1.8 * sin(-2.8965484266097574 - 0.4433092322288966)/1.3913829488070328 = 0.2548137594870168
16:32:17 apf.py[line:78] INFO [v, theta] = [1.3913829488070328, 0.700964332397948]
16:32:17 apf.py[line:161] INFO 
16:32:17 apf.py[line:162] INFO 398
16:32:17 apf.py[line:84] INFO [ 3.01654235  8.05046853  0.73324426  1.40218443 -0.19271599]
16:32:17 apf.py[line:85] INFO [array([0., 2.]), array([4., 2.]), array([5., 4.]), array([5., 6.]), array([7., 9.])]
16:32:17 apf.py[line:49] INFO n = [0.00074999 0.00143225 0.0065191  0.04028704 0.0098031 ]
16:32:17 apf.py[line:50] INFO beta = [0.0202984  0.03514664 0.1177014  0.46010058 0.16070842]
16:32:17 apf.py[line:58] INFO theta_robo_ob = [-2.033294019900857, -1.4096631167922569, -1.1154339258168244, -0.8020084602321972, 0.2340019201910368]
16:32:17 apf.py[line:59] INFO psi = -0.2407032036840362
16:32:17 apf.py[line:60] INFO tan(psi_hat) = [0.2136147339052089, 0.44660483323746947]
16:32:17 apf.py[line:62] INFO psi_hat = 0.4461440314962526
16:32:17 apf.py[line:65] INFO term1 = 1.8 * cos(-2.883982055995398 - -0.2407032036840362) + 0.04 * 6.244899049784032 = -1.3313055351560985
16:32:17 apf.py[line:69] INFO term1 = -1.3313055351560985
16:32:17 apf.py[line:73] INFO theta_term_tmp = 1.8 * sin(-2.883982055995398 - 0.4461440314962526)/1.3733833037976526 = 0.24563669294543536
16:32:17 apf.py[line:78] INFO [v, theta] = [1.3733833037976526, 0.6943204859410821]
16:32:17 apf.py[line:161] INFO 
16:32:17 apf.py[line:162] INFO 399
16:32:17 apf.py[line:84] INFO [ 3.03724793  8.0689645   0.72909239  1.38818443 -0.20759346]
16:32:17 apf.py[line:85] INFO [array([0., 2.]), array([4., 2.]), array([5., 4.]), array([5., 6.]), array([7., 9.])]
16:32:17 apf.py[line:49] INFO n = [0.00072878 0.00141163 0.00647179 0.0403384  0.01004796]
16:32:17 apf.py[line:50] INFO beta = [0.01994979 0.03498853 0.11793079 0.46402113 0.16498167]
16:32:17 apf.py[line:58] INFO theta_robo_ob = [-2.0348084361759295, -1.413471972647977, -1.1213508018652416, -0.8117362933525537, 0.2307614430120583]
16:32:17 apf.py[line:59] INFO psi = -0.24723780267262782
16:32:17 apf.py[line:60] INFO tan(psi_hat) = [0.21279412334070674, 0.44183537399094475]
16:32:17 apf.py[line:62] INFO psi_hat = 0.448830957059444
16:32:17 apf.py[line:65] INFO term1 = 1.8 * cos(-2.871415685381039 - -0.24723780267262782) + 0.04 * 6.197928575386128 = -1.3164643460412229
16:32:17 apf.py[line:69] INFO term1 = -1.3164643460412229
16:32:17 apf.py[line:73] INFO theta_term_tmp = 1.8 * sin(-2.871415685381039 - 0.448830957059444)/1.3547674047273883 = 0.2361064073480196
16:32:17 apf.py[line:78] INFO [v, theta] = [1.3547674047273883, 0.6871879666594028]
16:32:17 apf.py[line:161] INFO 
16:32:17 apf.py[line:162] INFO 400
16:32:17 apf.py[line:84] INFO [ 3.05782633  8.08718215  0.72462259  1.37418443 -0.22349026]
16:32:17 apf.py[line:85] INFO [array([0., 2.]), array([4., 2.]), array([5., 4.]), array([5., 6.]), array([7., 9.])]
16:32:17 apf.py[line:49] INFO n = [0.00070823 0.00139149 0.0064251  0.0403817  0.01029742]
16:32:17 apf.py[line:50] INFO beta = [0.01960704 0.0348335  0.11816054 0.46789095 0.16934172]
16:32:17 apf.py[line:58] INFO theta_robo_ob = [-2.03631303572187, -1.4172349342958086, -1.127195856652745, -0.8213706449049093, 0.2275418286168335]
16:32:17 apf.py[line:59] INFO psi = -0.2538863638345616
16:32:17 apf.py[line:60] INFO tan(psi_hat) = [0.2118336942282128, 0.4369903154628564]
16:32:17 apf.py[line:62] INFO psi_hat = 0.4513782383009423
16:32:17 apf.py[line:65] INFO term1 = 1.8 * cos(-2.8588493147666796 - -0.2538863638345616) + 0.04 * 6.151508823069675 = -1.3009255233672388
16:32:17 apf.py[line:69] INFO term1 = -1.3009255233672388
16:32:17 apf.py[line:73] INFO theta_term_tmp = 1.8 * sin(-2.8588493147666796 - 0.4513782383009423)/1.3355430972077984 = 0.2262047446139318
16:32:17 apf.py[line:78] INFO [v, theta] = [1.3355430972077984, 0.6795579000489848]
16:32:17 apf.py[line:161] INFO 
16:32:17 apf.py[line:162] INFO 401
16:32:17 apf.py[line:84] INFO [ 3.07828153  8.10511607  0.71981569  1.36018443 -0.24034499]
16:32:17 apf.py[line:85] INFO [array([0., 2.]), array([4., 2.]), array([5., 4.]), array([5., 6.]), array([7., 9.])]
16:32:17 apf.py[line:49] INFO n = [0.00068832 0.00137184 0.00637909 0.04041769 0.01055157]
16:32:17 apf.py[line:50] INFO beta = [0.01927003 0.03468167 0.11839135 0.47171373 0.17378961]
16:32:17 apf.py[line:58] INFO theta_robo_ob = [-2.0378089973457243, -1.4209531991963982, -1.1329700999736216, -0.8309105759076241, 0.22434549464289044]
16:32:17 apf.py[line:59] INFO psi = -0.2606488059298185
16:32:17 apf.py[line:60] INFO tan(psi_hat) = [0.21073564074628415, 0.4320612750139518]
16:32:17 apf.py[line:62] INFO psi_hat = 0.45379547132146164
16:32:17 apf.py[line:65] INFO term1 = 1.8 * cos(-2.8462829441523203 - -0.2606488059298185) + 0.04 * 6.105647376409762 = -1.2846850449541547
16:32:17 apf.py[line:69] INFO term1 = -1.2846850449541547
16:32:17 apf.py[line:73] INFO theta_term_tmp = 1.8 * sin(-2.8462829441523203 - 0.45379547132146164)/1.3157195889691191 = 0.21591350589871558
16:32:17 apf.py[line:78] INFO [v, theta] = [1.3157195889691191, 0.6714227782931145]
16:32:18 apf.py[line:161] INFO 
16:32:18 apf.py[line:162] INFO 402
16:32:18 apf.py[line:84] INFO [ 3.09861753  8.12276067  0.71465378  1.34618443 -0.25809551]
16:32:18 apf.py[line:85] INFO [array([0., 2.]), array([4., 2.]), array([5., 4.]), array([5., 6.]), array([7., 9.])]
16:32:18 apf.py[line:49] INFO n = [0.00066903 0.00135267 0.00633382 0.04044713 0.01081047]
16:32:18 apf.py[line:50] INFO beta = [0.01893867 0.03453318 0.11862396 0.4754934  0.17832641]
16:32:18 apf.py[line:58] INFO theta_robo_ob = [-2.039297503085405, -1.4246279642872393, -1.138674563162069, -0.8403552756402194, 0.221174954560039]
16:32:18 apf.py[line:59] INFO psi = -0.2675249269516657
16:32:18 apf.py[line:60] INFO tan(psi_hat) = [0.20950268324265975, 0.42703984131663353]
16:32:18 apf.py[line:62] INFO psi_hat = 0.4560935894305369
16:32:18 apf.py[line:65] INFO term1 = 1.8 * cos(-2.833716573537961 - -0.2675249269516657) + 0.04 * 6.060351616613616 = -1.26773941144259
16:32:18 apf.py[line:69] INFO term1 = -1.26773941144259
16:32:18 apf.py[line:73] INFO theta_term_tmp = 1.8 * sin(-2.833716573537961 - 0.4560935894305369)/1.2953073891003448 = 0.20521442225430095
16:32:18 apf.py[line:78] INFO [v, theta] = [1.2953073891003448, 0.6627763766941273]
16:32:18 apf.py[line:161] INFO 
16:32:18 apf.py[line:162] INFO 403
16:32:18 apf.py[line:84] INFO [ 3.11883836  8.14011014  0.70912019  1.33218443 -0.27667946]
16:32:18 apf.py[line:85] INFO [array([0., 2.]), array([4., 2.]), array([5., 4.]), array([5., 6.]), array([7., 9.])]
16:32:18 apf.py[line:49] INFO n = [0.00065033 0.00133397 0.00628935 0.04047079 0.01107423]
16:32:18 apf.py[line:50] INFO beta = [0.01861287 0.03438818 0.11885907 0.47923411 0.18295314]
16:32:18 apf.py[line:58] INFO theta_robo_ob = [-2.0407797306971767, -1.4282604196699558, -1.1443102921556696, -0.8497040559130375, 0.2180328088857964]
16:32:18 apf.py[line:59] INFO psi = -0.2745144029592015
16:32:18 apf.py[line:60] INFO tan(psi_hat) = [0.2081380369765389, 0.4219176199076631]
16:32:18 apf.py[line:62] INFO psi_hat = 0.45828483791468494
16:32:18 apf.py[line:65] INFO term1 = 1.8 * cos(-2.8211502029236017 - -0.2745144029592015) + 0.04 * 6.015628755133897 = -1.2500856773756184
16:32:18 apf.py[line:69] INFO term1 = -1.2500856773756184
16:32:18 apf.py[line:73] INFO theta_term_tmp = 1.8 * sin(-2.8211502029236017 - 0.45828483791468494)/1.2743182422709296 = 0.19408913071976439
16:32:18 apf.py[line:78] INFO [v, theta] = [1.2743182422709296, 0.6536136764101202]
16:32:18 apf.py[line:161] INFO 
16:32:18 apf.py[line:162] INFO 404
16:32:18 apf.py[line:84] INFO [ 3.13894798  8.15715853  0.70319949  1.31818443 -0.29603472]
16:32:18 apf.py[line:85] INFO [array([0., 2.]), array([4., 2.]), array([5., 4.]), array([5., 6.]), array([7., 9.])]
16:32:18 apf.py[line:49] INFO n = [0.00063222 0.00131576 0.00624573 0.04048947 0.01134293]
16:32:18 apf.py[line:50] INFO beta = [0.01829256 0.03424681 0.11909742 0.48294022 0.18767085]
16:32:18 apf.py[line:58] INFO theta_robo_ob = [-2.0422568465254183, -1.4318517424416461, -1.1498783404589703, -0.8589563441271374, 0.2149217365555874]
16:32:18 apf.py[line:59] INFO psi = -0.2816167866797914
16:32:18 apf.py[line:60] INFO tan(psi_hat) = [0.20664537923416187, 0.4166862771638862]
16:32:18 apf.py[line:62] INFO psi_hat = 0.4603827550772398
16:32:18 apf.py[line:65] INFO term1 = 1.8 * cos(-2.8085838323092425 - -0.2816167866797914) + 0.04 * 5.971485864896382 = -1.2317214823988865
16:32:18 apf.py[line:69] INFO term1 = -1.2317214823988865
16:32:18 apf.py[line:73] INFO theta_term_tmp = 1.8 * sin(-2.8085838323092425 - 0.4603827550772398)/1.2527650578794833 = 0.18251915884611764
16:32:18 apf.py[line:78] INFO [v, theta] = [1.2527650578794833, 0.6439307979575912]
16:32:18 apf.py[line:161] INFO 
16:32:18 apf.py[line:162] INFO 405
16:32:18 apf.py[line:84] INFO [ 3.15895026  8.17389972  0.6968775   1.30418443 -0.3160997 ]
16:32:18 apf.py[line:85] INFO [array([0., 2.]), array([4., 2.]), array([5., 4.]), array([5., 6.]), array([7., 9.])]
16:32:18 apf.py[line:49] INFO n = [0.00061467 0.00129802 0.00620301 0.04050394 0.01161665]
16:32:18 apf.py[line:50] INFO beta = [0.01797765 0.03410921 0.11933973 0.48661625 0.19248056]
16:32:18 apf.py[line:58] INFO theta_robo_ob = [-2.043729998766751, -1.4354030907089568, -1.1553797620802044, -0.8681116752888106, 0.21184448646984358]
16:32:18 apf.py[line:59] INFO psi = -0.28883150588144596
16:32:18 apf.py[line:60] INFO tan(psi_hat) = [0.20502881526324232, 0.41133758258019215]
16:32:18 apf.py[line:62] INFO psi_hat = 0.46240216146309676
16:32:18 apf.py[line:65] INFO term1 = 1.8 * cos(-2.796017461694883 - -0.28883150588144596) + 0.04 * 5.927929909925355 = -1.2126450825348019
16:32:18 apf.py[line:69] INFO term1 = -1.2126450825348019
16:32:18 apf.py[line:73] INFO theta_term_tmp = 1.8 * sin(-2.796017461694883 - 0.46240216146309676)/1.2306618337014015 = 0.17048592108310726
16:32:18 apf.py[line:78] INFO [v, theta] = [1.2306618337014015, 0.6337249501822027]
16:32:18 apf.py[line:161] INFO 
16:32:18 apf.py[line:162] INFO 406
16:32:18 apf.py[line:84] INFO [ 3.17884893  8.19032754  0.69014123  1.29018443 -0.33681359]
16:32:18 apf.py[line:85] INFO [array([0., 2.]), array([4., 2.]), array([5., 4.]), array([5., 6.]), array([7., 9.])]
16:32:18 apf.py[line:49] INFO n = [0.00059766 0.00128076 0.00616126 0.04051499 0.01189551]
16:32:18 apf.py[line:50] INFO beta = [0.01766807 0.03397555 0.11958671 0.49026686 0.19738326]
16:32:18 apf.py[line:58] INFO theta_robo_ob = [-2.0452003111309947, -1.4389155978159935, -1.160815604507412, -0.8771696831453629, 0.20880386922137942]
16:32:18 apf.py[line:59] INFO psi = -0.29615786152544604
16:32:18 apf.py[line:60] INFO tan(psi_hat) = [0.20329284341374942, 0.4058634493053921]
16:32:18 apf.py[line:62] INFO psi_hat = 0.464359159102064
16:32:18 apf.py[line:65] INFO term1 = 1.8 * cos(-2.783451091080524 - -0.29615786152544604) + 0.04 * 5.884967773209544 = -1.1928553814667149
16:32:18 apf.py[line:69] INFO term1 = -1.1928553814667149
16:32:18 apf.py[line:73] INFO theta_term_tmp = 1.8 * sin(-2.783451091080524 - 0.464359159102064)/1.2080235731722313 = 0.15797073096030997
16:32:18 apf.py[line:78] INFO [v, theta] = [1.2080235731722313, 0.6229943997154626]
16:32:18 apf.py[line:161] INFO 
16:32:18 apf.py[line:162] INFO 407
16:32:18 apf.py[line:84] INFO [ 3.19864756  8.20643571  0.6829789   1.27618443 -0.35811641]
16:32:18 apf.py[line:85] INFO [array([0., 2.]), array([4., 2.]), array([5., 4.]), array([5., 6.]), array([7., 9.])]
16:32:18 apf.py[line:49] INFO n = [0.00058119 0.00126398 0.00612051 0.04052341 0.0121796 ]
16:32:18 apf.py[line:50] INFO beta = [0.01736378 0.03384595 0.11983908 0.49389678 0.20237991]
16:32:18 apf.py[line:58] INFO theta_robo_ob = [-2.0466688768918644, -1.4423903668093807, -1.166186901782597, -0.8861300906074328, 0.2058027489867592]
16:32:18 apf.py[line:59] INFO psi = -0.3035950257200042
16:32:18 apf.py[line:60] INFO tan(psi_hat) = [0.20144231980483324, 0.40025597296361054]
16:32:18 apf.py[line:62] INFO psi_hat = 0.4662711425342035
16:32:18 apf.py[line:65] INFO term1 = 1.8 * cos(-2.7708847204661646 - -0.3035950257200042) + 0.04 * 5.842606282715109 = -1.1723519617458666
16:32:18 apf.py[line:69] INFO term1 = -1.1723519617458666
16:32:18 apf.py[line:73] INFO theta_term_tmp = 1.8 * sin(-2.7708847204661646 - 0.4662711425342035)/1.184866194944177 = 0.14495483359350808
16:32:18 apf.py[line:78] INFO [v, theta] = [1.184866194944177, 0.6117384663521124]
16:32:18 apf.py[line:161] INFO 
16:32:18 apf.py[line:162] INFO 408
16:32:18 apf.py[line:84] INFO [ 3.21834949  8.22221791  0.67537992  1.26218443 -0.37994897]
16:32:18 apf.py[line:85] INFO [array([0., 2.]), array([4., 2.]), array([5., 4.]), array([5., 6.]), array([7., 9.])]
16:32:18 apf.py[line:49] INFO n = [0.00056523 0.00124767 0.00608081 0.04052996 0.01246901]
16:32:18 apf.py[line:50] INFO beta = [0.01706471 0.03372057 0.12009752 0.49751085 0.20747142]
16:32:18 apf.py[line:58] INFO theta_robo_ob = [-2.0481367533110166, -1.4458284651559943, -1.1714946677245381, -0.8949926996188496, 0.20284403554475472]
16:32:18 apf.py[line:59] INFO psi = -0.3111420395064771
16:32:18 apf.py[line:60] INFO tan(psi_hat) = [0.19948242276202788, 0.39450746885530324]
16:32:18 apf.py[line:62] INFO psi_hat = 0.4681568233258161
16:32:18 apf.py[line:65] INFO term1 = 1.8 * cos(-2.7583183498518054 - -0.3111420395064771) + 0.04 * 5.800852235519812 = -1.151135115807667
16:32:18 apf.py[line:69] INFO term1 = -1.151135115807667
16:32:18 apf.py[line:73] INFO theta_term_tmp = 1.8 * sin(-2.7583183498518054 - 0.4681568233258161)/1.1612064327853835 = 0.13141946375448935
16:32:18 apf.py[line:78] INFO [v, theta] = [1.1612064327853835, 0.5999575503283432]
16:32:18 apf.py[line:161] INFO 
16:32:18 apf.py[line:162] INFO 409
16:32:18 apf.py[line:84] INFO [ 3.23795781  8.23766781  0.66733487  1.24818443 -0.40225263]
16:32:18 apf.py[line:85] INFO [array([0., 2.]), array([4., 2.]), array([5., 4.]), array([5., 6.]), array([7., 9.])]
16:32:18 apf.py[line:49] INFO n = [0.00054977 0.00123184 0.00604222 0.04053541 0.01276386]
16:32:18 apf.py[line:50] INFO beta = [0.01677081 0.03359955 0.12036271 0.50111391 0.21265867]
16:32:18 apf.py[line:58] INFO theta_robo_ob = [-2.0496049564100156, -1.4492309197213171, -1.1767398893427876, -0.9037573806286514, 0.19993067636331163]
16:32:18 apf.py[line:59] INFO psi = -0.31879781052070055
16:32:18 apf.py[line:60] INFO tan(psi_hat) = [0.19741861718679826, 0.3886105076924707]
16:32:18 apf.py[line:62] INFO psi_hat = 0.470036269751116
16:32:18 apf.py[line:65] INFO term1 = 1.8 * cos(-2.745751979237446 - -0.31879781052070055) + 0.04 * 5.7597124201127485 = -1.1292058766545383
16:32:18 apf.py[line:69] INFO term1 = -1.1292058766545383
16:32:18 apf.py[line:73] INFO theta_term_tmp = 1.8 * sin(-2.745751979237446 - 0.470036269751116)/1.1370617232498976 = 0.11734593557222495
16:32:18 apf.py[line:78] INFO [v, theta] = [1.1370617232498976, 0.587653198184082]
16:32:18 apf.py[line:161] INFO 
16:32:18 apf.py[line:162] INFO 410
16:32:18 apf.py[line:84] INFO [ 3.25747535  8.25277907  0.65883549  1.23418443 -0.4249689 ]
16:32:18 apf.py[line:85] INFO [array([0., 2.]), array([4., 2.]), array([5., 4.]), array([5., 6.]), array([7., 9.])]
16:32:18 apf.py[line:49] INFO n = [0.0005348  0.00121648 0.00600477 0.04054052 0.01306423]
16:32:18 apf.py[line:50] INFO beta = [0.01648206 0.03348303 0.12063531 0.50471084 0.21794243]
16:32:18 apf.py[line:58] INFO theta_robo_ob = [-2.0510744560561087, -1.4525987120091963, -1.1819235204776288, -0.9124240618121892, 0.19706564867348042]
16:32:18 apf.py[line:59] INFO psi = -0.3265611105835068
16:32:18 apf.py[line:60] INFO tan(psi_hat) = [0.19525661893316595, 0.38255795007692334]
16:32:18 apf.py[line:62] INFO psi_hat = 0.47193096330608136
16:32:18 apf.py[line:65] INFO term1 = 1.8 * cos(-2.733185608623087 - -0.3265611105835068) + 0.04 * 5.719193636976942 = -1.1065660480302755
16:32:18 apf.py[line:69] INFO term1 = -1.1065660480302755
16:32:18 apf.py[line:73] INFO theta_term_tmp = 1.8 * sin(-2.733185608623087 - 0.47193096330608136)/1.1124500778235387 = 0.10271577089860545
16:32:18 apf.py[line:78] INFO [v, theta] = [1.1124500778235387, 0.5748282147842847]
16:32:18 apf.py[line:161] INFO 
16:32:18 apf.py[line:162] INFO 411
16:32:18 apf.py[line:84] INFO [ 3.27690458  8.26754542  0.64987471  1.22018443 -0.44803879]
16:32:18 apf.py[line:85] INFO [array([0., 2.]), array([4., 2.]), array([5., 4.]), array([5., 6.]), array([7., 9.])]
16:32:18 apf.py[line:49] INFO n = [0.0005203  0.00120159 0.0059685  0.04054602 0.01337024]
16:32:18 apf.py[line:50] INFO beta = [0.0161984  0.03337114 0.12091597 0.50830649 0.22332342]
16:32:18 apf.py[line:58] INFO theta_robo_ob = [-2.0525461713193494, -1.4559327736572094, -1.1870464756936807, -0.9209927181801326, 0.19425195142424811]
16:32:18 apf.py[line:59] INFO psi = -0.3344305732865953
16:32:18 apf.py[line:60] INFO tan(psi_hat) = [0.19300235917449016, 0.3763429799785545]
16:32:18 apf.py[line:62] INFO psi_hat = 0.4738638737405774
16:32:18 apf.py[line:65] INFO term1 = 1.8 * cos(-2.7206192380087275 - -0.3344305732865953) + 0.04 * 5.679302717646842 = -1.083218233875515
16:32:18 apf.py[line:69] INFO term1 = -1.083218233875515
16:32:18 apf.py[line:73] INFO theta_term_tmp = 1.8 * sin(-2.7206192380087275 - 0.4738638737405774)/1.0873899354392371 = 0.08751087448440756
16:32:18 apf.py[line:78] INFO [v, theta] = [1.0873899354392371, 0.5614868301895088]
16:32:18 apf.py[line:161] INFO 
16:32:18 apf.py[line:162] INFO 412
16:32:18 apf.py[line:84] INFO [ 3.29624765  8.28196062  0.64044667  1.20618443 -0.47140204]
16:32:18 apf.py[line:85] INFO [array([0., 2.]), array([4., 2.]), array([5., 4.]), array([5., 6.]), array([7., 9.])]
16:32:18 apf.py[line:49] INFO n = [0.00050626 0.00118717 0.00593346 0.04055264 0.01368199]
16:32:18 apf.py[line:50] INFO beta = [0.01591981 0.03326403 0.12120528 0.51190567 0.22880227]
16:32:18 apf.py[line:58] INFO theta_robo_ob = [-2.0540209660506163, -1.4592339821760347, -1.1921096244487703, -0.9294633607064857, 0.1914925969857361]
16:32:18 apf.py[line:59] INFO psi = -0.34240469165286386
16:32:18 apf.py[line:60] INFO tan(psi_hat) = [0.19066194864785857, 0.36995913751287635]
16:32:18 apf.py[line:62] INFO psi_hat = 0.4758595543439573
16:32:18 apf.py[line:65] INFO term1 = 1.8 * cos(-2.7080528673943682 - -0.34240469165286386) + 0.04 * 5.640046542509573 = -1.0591658668154293
16:32:18 apf.py[line:69] INFO term1 = -1.0591658668154293
16:32:18 apf.py[line:73] INFO theta_term_tmp = 1.8 * sin(-2.7080528673943682 - 0.4758595543439573)/1.0618999903461854 = 0.07171376537987373
16:32:18 apf.py[line:78] INFO [v, theta] = [1.0618999903461854, 0.547634931443369]
16:32:18 apf.py[line:161] INFO 
16:32:18 apf.py[line:162] INFO 413
16:32:18 apf.py[line:84] INFO [ 3.31550632  8.29601853  0.63054675  1.19218443 -0.49499595]
16:32:18 apf.py[line:85] INFO [array([0., 2.]), array([4., 2.]), array([5., 4.]), array([5., 6.]), array([7., 9.])]
16:32:18 apf.py[line:49] INFO n = [0.00049267 0.00117322 0.00589967 0.04056106 0.01399957]
16:32:18 apf.py[line:50] INFO beta = [0.01564626 0.03316182 0.12150385 0.51551315 0.23437946]
16:32:18 apf.py[line:58] INFO theta_robo_ob = [-2.055499644622448, -1.4625031569163374, -1.1971137855550251, -0.9378360256003333, 0.1887906024393595]
16:32:18 apf.py[line:59] INFO psi = -0.3504818159643624
16:32:18 apf.py[line:60] INFO tan(psi_hat) = [0.18824164156410927, 0.36340035135400284]
16:32:18 apf.py[line:62] INFO psi_hat = 0.4779442592984222
16:32:18 apf.py[line:65] INFO term1 = 1.8 * cos(-2.695486496780009 - -0.3504818159643624) + 0.04 * 5.601432057697432 = -1.0344132353889872
16:32:18 apf.py[line:69] INFO term1 = -1.0344132353889872
16:32:18 apf.py[line:73] INFO theta_term_tmp = 1.8 * sin(-2.695486496780009 - 0.4779442592984222)/1.0359989893022907 = 0.05530787540631302
16:32:18 apf.py[line:78] INFO [v, theta] = [1.0359989893022907, 0.533280371029981]
16:32:18 apf.py[line:161] INFO 
16:32:18 apf.py[line:162] INFO 414
16:32:18 apf.py[line:84] INFO [ 3.33468195  8.30971316  0.62017167  1.17818443 -0.51875404]
16:32:18 apf.py[line:85] INFO [array([0., 2.]), array([4., 2.]), array([5., 4.]), array([5., 6.]), array([7., 9.])]
16:32:18 apf.py[line:49] INFO n = [0.00047951 0.00115973 0.00586717 0.04057197 0.0143231 ]
16:32:18 apf.py[line:50] INFO beta = [0.01537774 0.03306464 0.12181221 0.51913355 0.24005539]
16:32:18 apf.py[line:58] INFO theta_robo_ob = [-2.0569829477672505, -1.4657410552428867, -1.2020597219461544, -0.9461107638418175, 0.1861489802617439]
16:32:18 apf.py[line:59] INFO psi = -0.3586601518665037
16:32:18 apf.py[line:60] INFO tan(psi_hat) = [0.18574779886789564, 0.3566609711513324]
16:32:18 apf.py[line:62] INFO psi_hat = 0.4801460850222888
16:32:18 apf.py[line:65] INFO term1 = 1.8 * cos(-2.6829201261656497 - -0.3586601518665037) + 0.04 * 5.5634662914998705 = -1.008965509683812
16:32:18 apf.py[line:69] INFO term1 = -1.008965509683812
16:32:18 apf.py[line:73] INFO theta_term_tmp = 1.8 * sin(-2.6829201261656497 - 0.4801460850222888)/1.0097054909327412 = 0.03827792714499441
16:32:18 apf.py[line:78] INFO [v, theta] = [1.0097054909327412, 0.5184333658037584]
16:32:19 apf.py[line:161] INFO 
16:32:19 apf.py[line:162] INFO 415
16:32:19 apf.py[line:84] INFO [ 3.35377545  8.32303864  0.60931959  1.16418443 -0.5426043 ]
16:32:19 apf.py[line:85] INFO [array([0., 2.]), array([4., 2.]), array([5., 4.]), array([5., 6.]), array([7., 9.])]
16:32:19 apf.py[line:49] INFO n = [0.00046678 0.00114671 0.00583599 0.04058603 0.01465265]
16:32:19 apf.py[line:50] INFO beta = [0.01511422 0.03297259 0.1221309  0.52277142 0.24583028]
16:32:19 apf.py[line:58] INFO theta_robo_ob = [-2.058471548440426, -1.4689483688930707, -1.2069481357639917, -0.9542876311016647, 0.18357072817387002]
16:32:19 apf.py[line:59] INFO psi = -0.36693775887442803
16:32:19 apf.py[line:60] INFO tan(psi_hat) = [0.18318685042374594, 0.34973580034597296]
16:32:19 apf.py[line:62] INFO psi_hat = 0.4824951375592602
16:32:19 apf.py[line:65] INFO term1 = 1.8 * cos(-2.6703537555512904 - -0.36693775887442803) + 0.04 * 5.526156370806529 = -0.9828287649914975
16:32:19 apf.py[line:69] INFO term1 = -0.9828287649914975
16:32:19 apf.py[line:73] INFO theta_term_tmp = 1.8 * sin(-2.6703537555512904 - 0.4824951375592602)/0.9830375788566195 = 0.02061040566128406
16:32:19 apf.py[line:78] INFO [v, theta] = [0.9830375788566195, 0.503107002677866]
16:32:19 apf.py[line:161] INFO 
16:32:19 apf.py[line:162] INFO 416
16:32:19 apf.py[line:84] INFO [ 3.37278728  8.33598931  0.59799024  1.15018443 -0.56646711]
16:32:19 apf.py[line:85] INFO [array([0., 2.]), array([4., 2.]), array([5., 4.]), array([5., 6.]), array([7., 9.])]
16:32:19 apf.py[line:49] INFO n = [0.00045446 0.00113415 0.00580617 0.04060388 0.01498833]
16:32:19 apf.py[line:50] INFO beta = [0.0148557  0.0328858  0.1224604  0.52643114 0.25170419]
16:32:19 apf.py[line:58] INFO theta_robo_ob = [-2.059966047629142, -1.4721257204958453, -1.2117796637788876, -0.9623666781663703, 0.18105881788735903]
16:32:19 apf.py[line:59] INFO psi = -0.37531254942691256
16:32:19 apf.py[line:60] INFO tan(psi_hat) = [0.18056525558958822, 0.34262012980695444]
16:32:19 apf.py[line:62] INFO psi_hat = 0.48502372822489803
16:32:19 apf.py[line:65] INFO term1 = 1.8 * cos(-2.657787384936931 - -0.37531254942691256) + 0.04 * 5.489509538179152 = -0.9560100030447788
16:32:19 apf.py[line:69] INFO term1 = -0.9560100030447788
16:32:19 apf.py[line:73] INFO theta_term_tmp = 1.8 * sin(-2.657787384936931 - 0.48502372822489803)/0.9560125188327705 = 0.002294140132860563
16:32:19 apf.py[line:78] INFO [v, theta] = [0.9560125188327705, 0.4873178703701368]
16:32:19 apf.py[line:161] INFO 
16:32:19 apf.py[line:162] INFO 417
16:32:19 apf.py[line:84] INFO [ 3.39171741  8.34855977  0.58618519  1.13618443 -0.59025266]
16:32:19 apf.py[line:85] INFO [array([0., 2.]), array([4., 2.]), array([5., 4.]), array([5., 6.]), array([7., 9.])]
16:32:19 apf.py[line:49] INFO n = [0.00044254 0.00112204 0.00577771 0.04062611 0.01533021]
16:32:19 apf.py[line:50] INFO beta = [0.01460216 0.03280437 0.12280115 0.5301169  0.257677  ]
16:32:19 apf.py[line:58] INFO theta_robo_ob = [-2.0614669700208954, -1.4752736602275878, -1.2165548731628297, -0.9703479419987306, 0.17861618243532465]
16:32:19 apf.py[line:59] INFO psi = -0.3837822886553689
16:32:19 apf.py[line:60] INFO tan(psi_hat) = [0.17788946151732, 0.3353097727278591]
16:32:19 apf.py[line:62] INFO psi_hat = 0.4877665998906089
16:32:19 apf.py[line:65] INFO term1 = 1.8 * cos(-2.645221014322572 - -0.3837822886553689) + 0.04 * 5.453533170240502 = -0.9285171703397065
16:32:19 apf.py[line:69] INFO term1 = -0.9285171703397065
16:32:19 apf.py[line:73] INFO theta_term_tmp = 1.8 * sin(-2.645221014322572 - 0.4877665998906089)/0.928646348730682 = -0.01667898629800624
16:32:19 apf.py[line:78] INFO [v, theta] = [0.928646348730682, 0.4710868401785157]
16:32:19 apf.py[line:161] INFO 
16:32:19 apf.py[line:162] INFO 418
16:32:19 apf.py[line:84] INFO [ 3.4105653   8.36074485  0.57390803  1.12218443 -0.61385787]
16:32:19 apf.py[line:85] INFO [array([0., 2.]), array([4., 2.]), array([5., 4.]), array([5., 6.]), array([7., 9.])]
16:32:19 apf.py[line:49] INFO n = [0.00043102 0.0011104  0.00575066 0.04065332 0.01567838]
16:32:19 apf.py[line:50] INFO beta = [0.01435361 0.03272838 0.12315355 0.53383271 0.26374835]
16:32:19 apf.py[line:58] INFO theta_robo_ob = [-2.062974759439548, -1.4783926625835175, -1.2212742576416147, -0.9782314375767693, 0.17624570172489226]
16:32:19 apf.py[line:59] INFO psi = -0.392344595060868
16:32:19 apf.py[line:60] INFO tan(psi_hat) = [0.17516585838862908, 0.3278011012420185]
16:32:19 apf.py[line:62] INFO psi_hat = 0.49076118645713795
16:32:19 apf.py[line:65] INFO term1 = 1.8 * cos(-2.6326546437082126 - -0.392344595060868) + 0.04 * 5.418234798163548 = -0.9003591729823456
16:32:19 apf.py[line:69] INFO term1 = -0.9003591729823456
16:32:19 apf.py[line:73] INFO theta_term_tmp = 1.8 * sin(-2.6326546437082126 - 0.49076118645713795)/0.900953388623031 = -0.03631317772595945
16:32:19 apf.py[line:78] INFO [v, theta] = [0.900953388623031, 0.45444002328204497]
16:32:19 apf.py[line:161] INFO 
16:32:19 apf.py[line:162] INFO 419
16:32:19 apf.py[line:84] INFO [ 3.42932987  8.37253976  0.56116478  1.10818443 -0.63716272]
16:32:19 apf.py[line:85] INFO [array([0., 2.]), array([4., 2.]), array([5., 4.]), array([5., 6.]), array([7., 9.])]
16:32:19 apf.py[line:49] INFO n = [0.00041988 0.0010992  0.00572503 0.04068606 0.0160329 ]
16:32:19 apf.py[line:50] INFO beta = [0.01411002 0.03265793 0.12351794 0.53758231 0.26991768]
16:32:19 apf.py[line:58] INFO theta_robo_ob = [-2.064489773950103, -1.4814831232474077, -1.2259382340633336, -0.9860171506740698, 0.1739501858914118]
16:32:19 apf.py[line:59] INFO psi = -0.4009969423213028
16:32:19 apf.py[line:60] INFO tan(psi_hat) = [0.1724007306510784, 0.32009108522904467]
16:32:19 apf.py[line:62] INFO psi_hat = 0.49404790822784617
16:32:19 apf.py[line:65] INFO term1 = 1.8 * cos(-2.6200882730938533 - -0.4009969423213028) + 0.04 * 5.383622131146128 = -0.8715458874297459
16:32:19 apf.py[line:69] INFO term1 = -0.8715458874297459
16:32:19 apf.py[line:73] INFO theta_term_tmp = 1.8 * sin(-2.6200882730938533 - 0.49404790822784617)/0.8729456567785042 = -0.05660769424717022
16:32:19 apf.py[line:78] INFO [v, theta] = [0.8729456567785042, 0.43740993772664905]
16:32:19 apf.py[line:161] INFO 
16:32:19 apf.py[line:162] INFO 420
16:32:19 apf.py[line:84] INFO [ 3.4480095   8.38394008  0.54796426  1.09418443 -0.66002582]
16:32:19 apf.py[line:85] INFO [array([0., 2.]), array([4., 2.]), array([5., 4.]), array([5., 6.]), array([7., 9.])]
16:32:19 apf.py[line:49] INFO n = [0.00040911 0.00108845 0.00570083 0.04072484 0.01639384]
16:32:19 apf.py[line:50] INFO beta = [0.01387142 0.03259308 0.12389462 0.54136915 0.27618414]
16:32:19 apf.py[line:58] INFO theta_robo_ob = [-2.0660122805269125, -1.4845453560483575, -1.2305471394352234, -0.9937050317720453, 0.1717323559693311]
16:32:19 apf.py[line:59] INFO psi = -0.4097366624844864
16:32:19 apf.py[line:60] INFO tan(psi_hat) = [0.16960020316108043, 0.3121773337975191]
16:32:19 apf.py[line:62] INFO psi_hat = 0.497670506012441
16:32:19 apf.py[line:65] INFO term1 = 1.8 * cos(-2.607521902479494 - -0.4097366624844864) + 0.04 * 5.349703083867437 = -0.8420881664182088
16:32:19 apf.py[line:69] INFO term1 = -0.8420881664182088
16:32:19 apf.py[line:73] INFO theta_term_tmp = 1.8 * sin(-2.607521902479494 - 0.497670506012441)/0.8446321758948298 = -0.07755562142750316
16:32:19 apf.py[line:78] INFO [v, theta] = [0.8446321758948298, 0.4200369255015292]
16:32:19 apf.py[line:161] INFO 
16:32:19 apf.py[line:162] INFO 421
16:32:19 apf.py[line:84] INFO [ 3.46660197  8.39494186  0.53431868  1.08018443 -0.68227913]
16:32:19 apf.py[line:85] INFO [array([0., 2.]), array([4., 2.]), array([5., 4.]), array([5., 6.]), array([7., 9.])]
16:32:19 apf.py[line:49] INFO n = [0.0003987  0.00107815 0.00567808 0.04077016 0.01676125]
16:32:19 apf.py[line:50] INFO beta = [0.01363778 0.0325339  0.12428382 0.54519636 0.28254658]
16:32:19 apf.py[line:58] INFO theta_robo_ob = [-2.0675424491729073, -1.4875795900014206, -1.2351012284997818, -1.0012949913305658, 0.16959482132016612]
16:32:19 apf.py[line:59] INFO psi = -0.41856095084194284
16:32:19 apf.py[line:60] INFO tan(psi_hat) = [0.1667701809626348, 0.30405813993857655]
16:32:19 apf.py[line:62] INFO psi_hat = 0.5016764168391828
16:32:19 apf.py[line:65] INFO term1 = 1.8 * cos(-2.5949555318651347 - -0.41856095084194284) + 0.04 * 5.3164858090467195 = -0.8119978392870554
16:32:19 apf.py[line:69] INFO term1 = -0.8119978392870554
16:32:19 apf.py[line:73] INFO theta_term_tmp = 1.8 * sin(-2.5949555318651347 - 0.5016764168391828)/0.8160181526886146 = -0.09914240919255736
16:32:19 apf.py[line:78] INFO [v, theta] = [0.8160181526886146, 0.40237086964737956]
16:32:19 apf.py[line:161] INFO 
16:32:19 apf.py[line:162] INFO 422
16:32:19 apf.py[line:84] INFO [ 3.48510449  8.4055417   0.52024425  1.06618443 -0.70372165]
16:32:19 apf.py[line:85] INFO [array([0., 2.]), array([4., 2.]), array([5., 4.]), array([5., 6.]), array([7., 9.])]
16:32:19 apf.py[line:49] INFO n = [0.00038865 0.00106829 0.0056568  0.04082245 0.01713515]
16:32:19 apf.py[line:50] INFO beta = [0.01340912 0.03248041 0.12468569 0.54906667 0.28900356]
16:32:19 apf.py[line:58] INFO theta_robo_ob = [-2.069080346369307, -1.4905859664387189, -1.2396006719441195, -1.0087868966883964, 0.16754005317184395]
16:32:19 apf.py[line:59] INFO psi = -0.42746687282339774
16:32:19 apf.py[line:60] INFO tan(psi_hat) = [0.16391628122734284, 0.29573252885419987]
16:32:19 apf.py[line:62] INFO psi_hat = 0.5061171940741367
16:32:19 apf.py[line:65] INFO term1 = 1.8 * cos(-2.5823891612507754 - -0.42746687282339774) + 0.04 * 5.283978736368104 = -0.78128770581176
16:32:19 apf.py[line:69] INFO term1 = -0.78128770581176
16:32:19 apf.py[line:73] INFO theta_term_tmp = 1.8 * sin(-2.5823891612507754 - 0.5061171940741367)/0.7871040131537689 = -0.12134414255082018
16:32:19 apf.py[line:78] INFO [v, theta] = [0.7871040131537689, 0.3844732742919158]
16:32:19 apf.py[line:161] INFO 
16:32:19 apf.py[line:162] INFO 423
16:32:19 apf.py[line:84] INFO [ 3.50351363  8.41573682  0.50576201  1.05218443 -0.72411185]
16:32:19 apf.py[line:85] INFO [array([0., 2.]), array([4., 2.]), array([5., 4.]), array([5., 6.]), array([7., 9.])]
16:32:19 apf.py[line:49] INFO n = [0.00037895 0.00105886 0.00563699 0.04088214 0.01751557]
16:32:19 apf.py[line:50] INFO beta = [0.01318543 0.03243265 0.1251003  0.55298236 0.29555324]
16:32:19 apf.py[line:58] INFO theta_robo_ob = [-2.070625927724879, -1.4935645362488479, -1.2440455553636758, -1.016180570919711, 0.16557035352272131]
16:32:19 apf.py[line:59] INFO psi = -0.4364513733048444
16:32:19 apf.py[line:60] INFO tan(psi_hat) = [0.16104375564336376, 0.287200310474765]
16:32:19 apf.py[line:62] INFO psi_hat = 0.5110489744594375
16:32:19 apf.py[line:65] INFO term1 = 1.8 * cos(-2.569822790636416 - -0.4364513733048444) + 0.04 * 5.252190619208034 = -0.7499715225543817
16:32:19 apf.py[line:69] INFO term1 = -0.7499715225543817
16:32:19 apf.py[line:73] INFO theta_term_tmp = 1.8 * sin(-2.569822790636416 - 0.5110489744594375)/0.7578842757127247 = -0.14412549688167883
16:32:19 apf.py[line:78] INFO [v, theta] = [0.7578842757127247, 0.36641978872238634]
16:32:19 apf.py[line:161] INFO 
16:32:19 apf.py[line:162] INFO 424
16:32:19 apf.py[line:84] INFO [ 3.52182532  8.42552522  0.49089884  1.03818443 -0.74315851]
16:32:19 apf.py[line:85] INFO [array([0., 2.]), array([4., 2.]), array([5., 4.]), array([5., 6.]), array([7., 9.])]
16:32:19 apf.py[line:49] INFO n = [0.00036958 0.00104987 0.00561865 0.04094958 0.01790251]
16:32:19 apf.py[line:50] INFO beta = [0.0129667  0.0323906  0.12552764 0.55694518 0.30219343]
16:32:19 apf.py[line:58] INFO theta_robo_ob = [-2.072179029679546, -1.496515257253976, -1.2484358791322, -1.0234757940379777, 0.16368781854276682]
16:32:19 apf.py[line:59] INFO psi = -0.44551128878541785
16:32:19 apf.py[line:60] INFO tan(psi_hat) = [0.15815740125474467, 0.27846213669802194]
16:32:19 apf.py[line:62] INFO psi_hat = 0.5165329939644041
16:32:19 apf.py[line:65] INFO term1 = 1.8 * cos(-2.557256420022057 - -0.44551128878541785) + 0.04 * 5.221130590819808 = -0.7180639806184205
16:32:19 apf.py[line:69] INFO term1 = -0.7180639806184205
16:32:19 apf.py[line:73] INFO theta_term_tmp = 1.8 * sin(-2.557256420022057 - 0.5165329939644041)/0.7283462455506107 = -0.16743731486906585
16:32:19 apf.py[line:78] INFO [v, theta] = [0.7283462455506107, 0.34830328310200787]
16:32:19 apf.py[line:161] INFO 
16:32:19 apf.py[line:162] INFO 425
16:32:19 apf.py[line:84] INFO [ 3.54003486  8.43490574  0.47568865  1.02418443 -0.76050963]
16:32:19 apf.py[line:85] INFO [array([0., 2.]), array([4., 2.]), array([5., 4.]), array([5., 6.]), array([7., 9.])]
16:32:19 apf.py[line:49] INFO n = [0.00036054 0.0010413  0.00560179 0.04102507 0.01829595]
16:32:19 apf.py[line:50] INFO beta = [0.01275292 0.03235425 0.12596757 0.56095628 0.30892147]
16:32:19 apf.py[line:58] INFO theta_robo_ob = [-2.073739360095775, -1.499437991764355, -1.2527715593632862, -1.0306723070139912, 0.16189429545557046]
16:32:19 apf.py[line:59] INFO psi = -0.4546433629630612
16:32:19 apf.py[line:60] INFO tan(psi_hat) = [0.1552614573961462, 0.26951956391590004]
16:32:19 apf.py[line:62] INFO psi_hat = 0.5226361532002907
16:32:19 apf.py[line:65] INFO term1 = 1.8 * cos(-2.5446900494076976 - -0.4546433629630612) + 0.04 * 5.190808231919229 = -0.6855806735543963
16:32:19 apf.py[line:69] INFO term1 = -0.6855806735543963
16:32:19 apf.py[line:73] INFO theta_term_tmp = 1.8 * sin(-2.5446900494076976 - 0.5226361532002907)/0.6984685162821272 = -0.19121371604742962
16:32:19 apf.py[line:78] INFO [v, theta] = [0.6984685162821272, 0.33023762324254796]
16:32:19 apf.py[line:161] INFO 
16:32:19 apf.py[line:162] INFO 426
16:32:19 apf.py[line:84] INFO [ 3.55813687  8.44387827  0.46017387  1.01018443 -0.77573879]
16:32:19 apf.py[line:85] INFO [array([0., 2.]), array([4., 2.]), array([5., 4.]), array([5., 6.]), array([7., 9.])]
16:32:19 apf.py[line:49] INFO n = [0.00035182 0.00103316 0.00558639 0.04110888 0.01869586]
16:32:19 apf.py[line:50] INFO beta = [0.01254408 0.03232353 0.12641985 0.56501607 0.31573429]
16:32:19 apf.py[line:58] INFO theta_robo_ob = [-2.0753064875377465, -1.5023325043561702, -1.2570524301829284, -1.0377698191607718, 0.16019133169444283]
16:32:19 apf.py[line:59] INFO psi = -0.46384426633072084
16:32:19 apf.py[line:60] INFO tan(psi_hat) = [0.15235948590607484, 0.2603751214637685]
16:32:19 apf.py[line:62] INFO psi_hat = 0.5294316311742482
16:32:19 apf.py[line:65] INFO term1 = 1.8 * cos(-2.5321236787933383 - -0.46384426633072084) + 0.04 * 5.161233652018965 = -0.652538053992642
16:32:19 apf.py[line:69] INFO term1 = -0.652538053992642
16:32:19 apf.py[line:73] INFO theta_term_tmp = 1.8 * sin(-2.5321236787933383 - 0.5294316311742482)/0.6682192707052711 = -0.2153686056190883
16:32:19 apf.py[line:78] INFO [v, theta] = [0.6682192707052711, 0.31236235341056134]
16:32:19 apf.py[line:161] INFO 
16:32:19 apf.py[line:162] INFO 427
16:32:19 apf.py[line:84] INFO [ 3.57612528  8.45244392  0.44440731  0.99618443 -0.78832809]
16:32:19 apf.py[line:85] INFO [array([0., 2.]), array([4., 2.]), array([5., 4.]), array([5., 6.]), array([7., 9.])]
16:32:19 apf.py[line:49] INFO n = [0.00034341 0.00102542 0.00557246 0.04120118 0.01910217]
16:32:19 apf.py[line:50] INFO beta = [0.01234015 0.03229834 0.12688406 0.56912412 0.32262827]
16:32:19 apf.py[line:58] INFO theta_robo_ob = [-2.076879828984466, -1.5051984599160935, -1.2612782475646234, -1.0447680195345435, 0.15858011487113927]
16:32:19 apf.py[line:59] INFO psi = -0.4731106205312821
16:32:19 apf.py[line:60] INFO tan(psi_hat) = [0.14945423117643214, 0.2510323867594177]
16:32:19 apf.py[line:62] INFO psi_hat = 0.5369995428547891
16:32:19 apf.py[line:65] INFO term1 = 1.8 * cos(-2.519557308178979 - -0.4731106205312821) + 0.04 * 5.1324175874462306 = -0.618953377365886
16:32:19 apf.py[line:69] INFO term1 = -0.618953377365886
16:32:19 apf.py[line:73] INFO theta_term_tmp = 1.8 * sin(-2.519557308178979 - 0.5369995428547891)/0.6375543821922098 = -0.23979137333442804
16:32:19 apf.py[line:78] INFO [v, theta] = [0.6375543821922098, 0.2948485939085974]
16:32:20 apf.py[line:161] INFO 
16:32:20 apf.py[line:162] INFO 428
16:32:20 apf.py[line:84] INFO [ 3.59399335  8.4606052   0.42845438  0.98218443 -0.79764648]
16:32:20 apf.py[line:85] INFO [array([0., 2.]), array([4., 2.]), array([5., 4.]), array([5., 6.]), array([7., 9.])]
16:32:20 apf.py[line:49] INFO n = [0.00033531 0.00101809 0.00555996 0.04130207 0.0195148 ]
16:32:20 apf.py[line:50] INFO beta = [0.01214109 0.03227855 0.12735965 0.57327899 0.32959927]
16:32:20 apf.py[line:58] INFO theta_robo_ob = [-2.0784586356349317, -1.5080354219771037, -1.2654486950039356, -1.0516665931084206, 0.1570614017383176]
16:32:20 apf.py[line:59] INFO psi = -0.48243902836371944
16:32:20 apf.py[line:60] INFO tan(psi_hat) = [0.14654745571149538, 0.2414960681479154]
16:32:20 apf.py[line:62] INFO psi_hat = 0.5454276305745116
16:32:20 apf.py[line:65] INFO term1 = 1.8 * cos(-2.5069909375646198 - -0.48243902836371944) + 0.04 * 5.104371519861989 = -0.5848446307996238
16:32:20 apf.py[line:69] INFO term1 = -0.5848446307996238
16:32:20 apf.py[line:73] INFO theta_term_tmp = 1.8 * sin(-2.5069909375646198 - 0.5454276305745116)/0.6064153345240305 = -0.2643414423836193
16:32:20 apf.py[line:78] INFO [v, theta] = [0.6064153345240305, 0.2779066192823278]
16:32:20 apf.py[line:161] INFO 
16:32:20 apf.py[line:162] INFO 429
16:32:20 apf.py[line:84] INFO [ 3.61173365  8.46836627  0.41239595  0.96818443 -0.80292139]
16:32:20 apf.py[line:85] INFO [array([0., 2.]), array([4., 2.]), array([5., 4.]), array([5., 6.]), array([7., 9.])]
16:32:20 apf.py[line:49] INFO n = [0.0003275  0.00101116 0.00554887 0.04141156 0.01993364]
16:32:20 apf.py[line:50] INFO beta = [0.01194684 0.03226394 0.12784584 0.5774781  0.3366426 ]
16:32:20 apf.py[line:58] INFO theta_robo_ob = [-2.080041976318699, -1.5108428513231125, -1.2695633913213364, -1.058465242595718, 0.15563543380134892]
16:32:20 apf.py[line:59] INFO psi = -0.49182611054757486
16:32:20 apf.py[line:60] INFO tan(psi_hat) = [0.14363974556392306, 0.23177209692173967]
16:32:20 apf.py[line:62] INFO psi_hat = 0.5548119703377512
16:32:20 apf.py[line:65] INFO term1 = 1.8 * cos(-2.4944245669502605 - -0.49182611054757486) + 0.04 * 5.07710782046775 = -0.5502304448468007
16:32:20 apf.py[line:69] INFO term1 = -0.5502304448468007
16:32:20 apf.py[line:73] INFO theta_term_tmp = 1.8 * sin(-2.4944245669502605 - 0.5548119703377512)/0.5747270043835994 = -0.2888411005249124
16:32:20 apf.py[line:78] INFO [v, theta] = [0.5747270043835994, 0.2617958483175694]
16:32:20 apf.py[line:161] INFO 
16:32:20 apf.py[line:162] INFO 430
16:32:20 apf.py[line:84] INFO [ 3.62933803  8.47573328  0.39633194  0.95418443 -0.80320055]
16:32:20 apf.py[line:85] INFO [array([0., 2.]), array([4., 2.]), array([5., 4.]), array([5., 6.]), array([7., 9.])]
16:32:20 apf.py[line:49] INFO n = [0.00031997 0.0010046  0.00553916 0.04152955 0.02035855]
16:32:20 apf.py[line:50] INFO beta = [0.01175733 0.03225428 0.12834163 0.58171743 0.3437529 ]
16:32:20 apf.py[line:58] INFO theta_robo_ob = [-2.0816287177855726, -1.5136201047452367, -1.2736219008701886, -1.0651637169380208, 0.15430183642927003]
16:32:20 apf.py[line:59] INFO psi = -0.501268550667337
16:32:20 apf.py[line:60] INFO tan(psi_hat) = [0.1407302780141416, 0.22186773079297162]
16:32:20 apf.py[line:62] INFO psi_hat = 0.5652576592855382
16:32:20 apf.py[line:65] INFO term1 = 1.8 * cos(-2.481858196335901 - -0.501268550667337) + 0.04 * 5.050639927252024 = -0.5151299851432658
16:32:20 apf.py[line:69] INFO term1 = -0.5151299851432658
16:32:20 apf.py[line:73] INFO theta_term_tmp = 1.8 * sin(-2.481858196335901 - 0.5652576592855382)/0.542395393529133 = -0.3130656438043827
16:32:20 apf.py[line:78] INFO [v, theta] = [0.542395393529133, 0.24683843090718072]
16:32:20 apf.py[line:161] INFO 
16:32:20 apf.py[line:162] INFO 431
16:32:20 apf.py[line:84] INFO [ 3.64679766  8.4827147   0.38038597  0.94018443 -0.79729872]
16:32:20 apf.py[line:85] INFO [array([0., 2.]), array([4., 2.]), array([5., 4.]), array([5., 6.]), array([7., 9.])]
16:32:20 apf.py[line:49] INFO n = [0.00031272 0.00099842 0.00553078 0.04165582 0.02078935]
16:32:20 apf.py[line:50] INFO beta = [0.01157245 0.03224923 0.12884574 0.58599134 0.35092418]
16:32:20 apf.py[line:58] INFO theta_robo_ob = [-2.083217500749073, -1.5163664336579334, -1.277623746375087, -1.0717618476412523, 0.1530594970324335]
16:32:20 apf.py[line:59] INFO psi = -0.5107631502024105
16:32:20 apf.py[line:60] INFO tan(psi_hat) = [0.13781654068491717, 0.21179167251426784]
16:32:20 apf.py[line:62] INFO psi_hat = 0.5768794257728324
16:32:20 apf.py[line:65] INFO term1 = 1.8 * cos(-2.469291825721542 - -0.5107631502024105) + 0.04 * 5.024982566131703 = -0.47956282011668105
16:32:20 apf.py[line:69] INFO term1 = -0.47956282011668105
16:32:20 apf.py[line:73] INFO theta_term_tmp = 1.8 * sin(-2.469291825721542 - 0.5768794257728324)/0.5093054679192535 = -0.33672913932572374
16:32:20 apf.py[line:78] INFO [v, theta] = [0.5093054679192535, 0.23343841610371702]
16:32:20 apf.py[line:161] INFO 
16:32:20 apf.py[line:162] INFO 432
16:32:20 apf.py[line:84] INFO [ 3.66410299  8.48932172  0.36471156  0.92618443 -0.78372027]
16:32:20 apf.py[line:85] INFO [array([0., 2.]), array([4., 2.]), array([5., 4.]), array([5., 6.]), array([7., 9.])]
16:32:20 apf.py[line:49] INFO n = [0.00030574 0.00099259 0.00552366 0.04178999 0.02122585]
16:32:20 apf.py[line:50] INFO beta = [0.01139208 0.03224836 0.12935656 0.59029218 0.35814976]
16:32:20 apf.py[line:58] INFO theta_robo_ob = [-2.08480670988568, -1.5190809819731195, -1.2815684245085186, -1.0782595943658875, 0.1519064157660961]
16:32:20 apf.py[line:59] INFO psi = -0.5203068963281837
16:32:20 apf.py[line:60] INFO tan(psi_hat) = [0.13489398608522085, 0.201554209833555]
16:32:20 apf.py[line:62] INFO psi_hat = 0.5898020612723919
16:32:20 apf.py[line:65] INFO term1 = 1.8 * cos(-2.4567254551071827 - -0.5203068963281837) + 0.04 * 5.000152032633095 = -0.443548759331059
16:32:20 apf.py[line:69] INFO term1 = -0.443548759331059
16:32:20 apf.py[line:73] INFO theta_term_tmp = 1.8 * sin(-2.4567254551071827 - 0.5898020612723919)/0.4753193791085123 = -0.35946277174634167
16:32:20 apf.py[line:78] INFO [v, theta] = [0.4753193791085123, 0.2221099406902946]
16:32:20 apf.py[line:161] INFO 
16:32:20 apf.py[line:162] INFO 433
16:32:20 apf.py[line:84] INFO [ 3.68124373  8.49556889  0.34950072  0.91218443 -0.76054197]
16:32:20 apf.py[line:85] INFO [array([0., 2.]), array([4., 2.]), array([5., 4.]), array([5., 6.]), array([7., 9.])]
16:32:20 apf.py[line:49] INFO n = [0.00029902 0.0009871  0.00551773 0.04193147 0.02166781]
16:32:20 apf.py[line:50] INFO beta = [0.01121603 0.03225115 0.12987208 0.59460988 0.36542218]
16:32:20 apf.py[line:58] INFO theta_robo_ob = [-2.086394434838121, -1.5217627820846593, -1.28545542408595, -1.0846571015047208, 0.15083951864261005]
16:32:20 apf.py[line:59] INFO psi = -0.5298970464820226
16:32:20 apf.py[line:60] INFO tan(psi_hat) = [0.13195559679614038, 0.19116738735532296]
16:32:20 apf.py[line:62] INFO psi_hat = 0.60416049968145
16:32:20 apf.py[line:65] INFO term1 = 1.8 * cos(-2.4441590844928234 - -0.5298970464820226) + 0.04 * 4.976166560567728 = -0.4071076544053965
16:32:20 apf.py[line:69] INFO term1 = -0.4071076544053965
16:32:20 apf.py[line:73] INFO theta_term_tmp = 1.8 * sin(-2.4441590844928234 - 0.60416049968145)/0.4402755483942465 = -0.3807801557110104
16:32:20 apf.py[line:78] INFO [v, theta] = [0.4402755483942465, 0.21352063303503033]
16:32:20 apf.py[line:161] INFO 
16:32:20 apf.py[line:162] INFO 434
16:32:20 apf.py[line:84] INFO [ 3.69820885  8.50147473  0.33499618  0.89818443 -0.72522714]
16:32:20 apf.py[line:85] INFO [array([0., 2.]), array([4., 2.]), array([5., 4.]), array([5., 6.]), array([7., 9.])]
16:32:20 apf.py[line:49] INFO n = [0.00029254 0.00098192 0.0055129  0.04207948 0.02211496]
16:32:20 apf.py[line:50] INFO beta = [0.01104409 0.03225694 0.1303898  0.59893144 0.37273321]
16:32:20 apf.py[line:58] INFO theta_robo_ob = [-2.087978417240197, -1.5244107468431953, -1.2892842463350036, -1.0909547680075462, 0.14985441666579685]
16:32:20 apf.py[line:59] INFO psi = -0.5395312359691291
16:32:20 apf.py[line:60] INFO tan(psi_hat) = [0.12899132116711784, 0.18064522875152705]
16:32:20 apf.py[line:62] INFO psi_hat = 0.6200992374301917
16:32:20 apf.py[line:65] INFO term1 = 1.8 * cos(-2.431592713878464 - -0.5395312359691291) + 0.04 * 4.953046821297064 = -0.370259149777427
16:32:20 apf.py[line:69] INFO term1 = -0.370259149777427
16:32:20 apf.py[line:73] INFO theta_term_tmp = 1.8 * sin(-2.431592713878464 - 0.6200992374301917)/0.40398946630868554 = -0.40001878448379585
16:32:20 apf.py[line:78] INFO [v, theta] = [0.40398946630868554, 0.20856189571891964]
16:32:20 apf.py[line:161] INFO 
16:32:20 apf.py[line:162] INFO 435
16:32:20 apf.py[line:84] INFO [ 3.71498641  8.50706276  0.32150986  0.88418443 -0.67431618]
16:32:20 apf.py[line:85] INFO [array([0., 2.]), array([4., 2.]), array([5., 4.]), array([5., 6.]), array([7., 9.])]
16:32:20 apf.py[line:49] INFO n = [0.00028629 0.00097703 0.00550904 0.04223293 0.02256702]
16:32:20 apf.py[line:50] INFO beta = [0.01087597 0.03226489 0.13090661 0.60324013 0.38007368]
16:32:20 apf.py[line:58] INFO theta_robo_ob = [-2.0895559750775887, -1.5270236536142787, -1.2930544258930925, -1.0971533336128925, 0.1489450831946817]
16:32:20 apf.py[line:59] INFO psi = -0.5492076190201218
16:32:20 apf.py[line:60] INFO tan(psi_hat) = [0.12598731151814746, 0.17000404229153987]
16:32:20 apf.py[line:62] INFO psi_hat = 0.6377705417678953
16:32:20 apf.py[line:65] INFO term1 = 1.8 * cos(-2.419026343264105 - -0.5492076190201218) + 0.04 * 4.930816628288435 = -0.33302236203932567
16:32:20 apf.py[line:69] INFO term1 = -0.33302236203932567
16:32:20 apf.py[line:73] INFO theta_term_tmp = 1.8 * sin(-2.419026343264105 - 0.6377705417678953)/0.36625777096337575 = -0.4162356366623721
16:32:20 apf.py[line:78] INFO [v, theta] = [0.36625777096337575, 0.2084692084383361]
16:32:20 apf.py[line:161] INFO 
16:32:20 apf.py[line:162] INFO 436
16:32:20 apf.py[line:84] INFO [ 3.73156343  8.51236283  0.30945219  0.87018443 -0.60288345]
16:32:20 apf.py[line:85] INFO [array([0., 2.]), array([4., 2.]), array([5., 4.]), array([5., 6.]), array([7., 9.])]
16:32:20 apf.py[line:49] INFO n = [0.00028025 0.0009724  0.005506   0.04239035 0.02302365]
16:32:20 apf.py[line:50] INFO beta = [0.01071129 0.03227397 0.13141864 0.6075145  0.38743345]
16:32:20 apf.py[line:58] INFO theta_robo_ob = [-2.091123888625491, -1.5296001130666814, -1.2967655495954857, -1.1032539862433133, 0.148103400035843]
16:32:20 apf.py[line:59] INFO psi = -0.558925061551482
16:32:20 apf.py[line:60] INFO tan(psi_hat) = [0.12292484380247597, 0.15926287061245264]
16:32:20 apf.py[line:62] INFO psi_hat = 0.6573304156114651
16:32:20 apf.py[line:65] INFO term1 = 1.8 * cos(-2.4064599726497455 - -0.558925061551482) + 0.04 * 4.909503980893196 = -0.2954154502649009
16:32:20 apf.py[line:69] INFO term1 = -0.2954154502649009
16:32:20 apf.py[line:73] INFO theta_term_tmp = 1.8 * sin(-2.4064599726497455 - 0.6573304156114651)/0.3268686149173446 = -0.4280093846136142
16:32:20 apf.py[line:78] INFO [v, theta] = [0.3268686149173446, 0.2150413484952729]
16:32:20 apf.py[line:161] INFO 
16:32:20 apf.py[line:162] INFO 437
16:32:20 apf.py[line:84] INFO [ 3.74792545  8.51741311  0.2993817   0.85618443 -0.50352447]
16:32:20 apf.py[line:85] INFO [array([0., 2.]), array([4., 2.]), array([5., 4.]), array([5., 6.]), array([7., 9.])]
16:32:20 apf.py[line:49] INFO n = [0.00027442 0.00096798 0.00550358 0.04254981 0.02348447]
16:32:20 apf.py[line:50] INFO beta = [0.01054957 0.03228285 0.13192097 0.61172672 0.39480112]
16:32:20 apf.py[line:58] INFO theta_robo_ob = [-2.0926782178654544, -1.5321385082454562, -1.3004172666885923, -1.1092584981702638, 0.14731847908765353]
16:32:20 apf.py[line:59] INFO psi = -0.568683419528842
16:32:20 apf.py[line:60] INFO tan(psi_hat) = [0.11977869081378648, 0.1484442025419197]
16:32:20 apf.py[line:62] INFO psi_hat = 0.6789303011765135
16:32:20 apf.py[line:65] INFO term1 = 1.8 * cos(-2.3938936020353863 - -0.568683419528842) + 0.04 * 4.88914270098147 = -0.25745500699976187
16:32:20 apf.py[line:69] INFO term1 = -0.25745500699976187
16:32:20 apf.py[line:73] INFO theta_term_tmp = 1.8 * sin(-2.3938936020353863 - 0.6789303011765135)/0.28562450670423173 = -0.4330378021098388
16:32:20 apf.py[line:78] INFO [v, theta] = [0.28562450670423173, 0.2310700578700498]
16:32:20 apf.py[line:161] INFO 
16:32:20 apf.py[line:162] INFO 438
16:32:20 apf.py[line:84] INFO [ 3.76405902  8.52225228  0.2914056   0.84218443 -0.39880471]
16:32:20 apf.py[line:85] INFO [array([0., 2.]), array([4., 2.]), array([5., 4.]), array([5., 6.]), array([7., 9.])]
16:32:20 apf.py[line:49] INFO n = [0.00026877 0.00096373 0.00550157 0.04270929 0.02394911]
16:32:20 apf.py[line:50] INFO beta = [0.01039034 0.0322902  0.13240858 0.61584811 0.40216494]
16:32:20 apf.py[line:58] INFO theta_robo_ob = [-2.0942151124989383, -1.534637323522385, -1.3040093377788142, -1.1151687288968548, 0.14657908539789957]
16:32:20 apf.py[line:59] INFO psi = -0.5784824326906138
16:32:20 apf.py[line:60] INFO tan(psi_hat) = [0.11652304262926941, 0.1375707529128808]
16:32:20 apf.py[line:62] INFO psi_hat = 0.7027524318886512
16:32:20 apf.py[line:65] INFO term1 = 1.8 * cos(-2.381327231421027 - -0.5784824326906138) + 0.04 * 4.869766297935026 = -0.21915817786488598
16:32:20 apf.py[line:69] INFO term1 = -0.21915817786488598
16:32:20 apf.py[line:73] INFO theta_term_tmp = 1.8 * sin(-2.381327231421027 - 0.7027524318886512)/0.24235425805217514 = -0.4269218180794039
16:32:20 apf.py[line:78] INFO [v, theta] = [0.24235425805217514, 0.2616663831476699]
16:32:20 apf.py[line:161] INFO 
16:32:20 apf.py[line:162] INFO 439
16:32:20 apf.py[line:84] INFO [ 3.77995212  8.52691761  0.2855239   0.82818443 -0.29408496]
16:32:20 apf.py[line:85] INFO [array([0., 2.]), array([4., 2.]), array([5., 4.]), array([5., 6.]), array([7., 9.])]
16:32:20 apf.py[line:49] INFO n = [0.00026328 0.00095963 0.00549981 0.04286685 0.0244172 ]
16:32:20 apf.py[line:50] INFO beta = [0.01023314 0.03229471 0.1328766  0.61985039 0.40951305]
16:32:20 apf.py[line:58] INFO theta_robo_ob = [-2.095730973493908, -1.5370951858245232, -1.3075416010147158, -1.1209864480999199, 0.1458742274396405]
16:32:20 apf.py[line:59] INFO psi = -0.5883214358330451
16:32:20 apf.py[line:60] INFO tan(psi_hat) = [0.11313295362931956, 0.12666475739379068]
16:32:20 apf.py[line:62] INFO psi_hat = 0.7290278680471097
16:32:20 apf.py[line:65] INFO term1 = 1.8 * cos(-2.3687608608066677 - -0.5883214358330451) + 0.04 * 4.851406653945778 = -0.18054321985392277
16:32:20 apf.py[line:69] INFO term1 = -0.18054321985392277
16:32:20 apf.py[line:73] INFO theta_term_tmp = 1.8 * sin(-2.3687608608066677 - 0.7290278680471097)/0.19699933646253762 = -0.4001122708359011
16:32:20 apf.py[line:78] INFO [v, theta] = [0.19699933646253762, 0.3173885211799135]
16:32:20 apf.py[line:161] INFO 
16:32:20 apf.py[line:162] INFO 440
16:32:20 apf.py[line:84] INFO [ 3.7955938   8.53144487  0.2817366   0.81418443 -0.1893652 ]
16:32:20 apf.py[line:85] INFO [array([0., 2.]), array([4., 2.]), array([5., 4.]), array([5., 6.]), array([7., 9.])]
16:32:20 apf.py[line:49] INFO n = [0.00025795 0.00095563 0.0054981  0.04302061 0.02488835]
16:32:20 apf.py[line:50] INFO beta = [0.01007753 0.03229514 0.13332032 0.62370581 0.41683337]
16:32:20 apf.py[line:58] INFO theta_robo_ob = [-2.097222427657923, -1.5395108294188637, -1.3110139257218658, -1.1267132693726662, 0.14519318577121476]
16:32:20 apf.py[line:59] INFO psi = -0.5981993224777398
16:32:20 apf.py[line:60] INFO tan(psi_hat) = [0.10958443443268345, 0.11574800360243104]
16:32:20 apf.py[line:62] INFO psi_hat = 0.7580517559245016
16:32:20 apf.py[line:65] INFO term1 = 1.8 * cos(-2.3561944901923084 - -0.5981993224777398) + 0.04 * 4.834094131862097 = -0.1416295683231332
16:32:20 apf.py[line:69] INFO term1 = -0.1416295683231332
16:32:20 apf.py[line:73] INFO theta_term_tmp = 1.8 * sin(-2.3561944901923084 - 0.7580517559245016)/0.14993761017779395 = -0.3282525212722518
16:32:20 apf.py[line:78] INFO [v, theta] = [0.14993761017779395, 0.4235987633379801]
16:32:21 apf.py[line:161] INFO 
16:32:21 apf.py[line:162] INFO 441
16:32:21 apf.py[line:84] INFO [ 3.81097404  8.53586825  0.28004369  0.80018443 -0.08464545]
16:32:21 apf.py[line:85] INFO [array([0., 2.]), array([4., 2.]), array([5., 4.]), array([5., 6.]), array([7., 9.])]
16:32:21 apf.py[line:49] INFO n = [0.00025276 0.0009517  0.00549627 0.04316875 0.02536218]
16:32:21 apf.py[line:50] INFO beta = [0.0099231  0.0322903  0.13373517 0.62738722 0.42411361]
16:32:21 apf.py[line:58] INFO theta_robo_ob = [-2.0986863039773187, -1.5418830634500869, -1.3144261696770552, -1.1323505888181435, 0.1445255401121472]
16:32:21 apf.py[line:59] INFO psi = -0.6081145115726936
16:32:21 apf.py[line:60] INFO tan(psi_hat) = [0.10585455303776689, 0.10484186078149094]
16:32:21 apf.py[line:62] INFO psi_hat = 0.7902045311935649
16:32:21 apf.py[line:65] INFO term1 = 1.8 * cos(-2.343628119577949 - -0.6081145115726936) + 0.04 * 4.817857665883145 = -0.10243789513211418
16:32:21 apf.py[line:69] INFO term1 = -0.10243789513211418
16:32:21 apf.py[line:73] INFO theta_term_tmp = 1.8 * sin(-2.343628119577949 - 0.7902045311935649)/0.10338579984015366 = -0.13510428809561054
16:32:21 apf.py[line:78] INFO [v, theta] = [0.10338579984015366, 0.6546858163610165]
16:32:21 apf.py[line:161] INFO 
16:32:21 apf.py[line:162] INFO 442
16:32:21 apf.py[line:84] INFO [3.82608344 8.54022031 0.28044518 0.78618443 0.02007431]
16:32:21 apf.py[line:85] INFO [array([0., 2.]), array([4., 2.]), array([5., 4.]), array([5., 6.]), array([7., 9.])]
16:32:21 apf.py[line:49] INFO n = [0.00024769 0.00094781 0.00549416 0.04330951 0.02583827]
16:32:21 apf.py[line:50] INFO beta = [0.00976948 0.03227905 0.13411677 0.63086816 0.43134123]
16:32:21 apf.py[line:58] INFO theta_robo_ob = [-2.100119611890876, -1.5442107422705325, -1.3177781400211404, -1.1378995285667313, 0.14386119542999204]
16:32:21 apf.py[line:59] INFO psi = -0.6180649173456172
16:32:21 apf.py[line:60] INFO tan(psi_hat) = [0.10192154507436932, 0.09396730787022473]
16:32:21 apf.py[line:62] INFO psi_hat = 0.8259817374937649
16:32:21 apf.py[line:65] INFO term1 = 1.8 * cos(-2.33106174896359 - -0.6180649173456172) + 0.04 * 4.802724833809692 = -0.06299015684935555
16:32:21 apf.py[line:69] INFO term1 = -0.06299015684935555
16:32:21 apf.py[line:73] INFO theta_term_tmp = 1.8 * sin(-2.33106174896359 - 0.8259817374937649)/0.06885621102716408 = 0.40389083562590494
16:32:21 apf.py[line:78] INFO [v, theta] = [0.06885621102716408, 1.241747786131751]
16:32:21 apf.py[line:161] INFO 
16:32:21 apf.py[line:162] INFO 443
16:32:21 apf.py[line:84] INFO [3.84091307 8.5445319  0.28294106 0.77218443 0.12479406]
16:32:21 apf.py[line:85] INFO [array([0., 2.]), array([4., 2.]), array([5., 4.]), array([5., 6.]), array([7., 9.])]
16:32:21 apf.py[line:49] INFO n = [0.00024274 0.00094393 0.00549163 0.0434412  0.02631621]
16:32:21 apf.py[line:50] INFO beta = [0.00961633 0.03226033 0.13446092 0.63412298 0.43850337]
16:32:21 apf.py[line:58] INFO theta_robo_ob = [-2.101519521640365, -1.546492738600236, -1.321069557825405, -1.1433608853401553, 0.14319040762486376]
16:32:21 apf.py[line:59] INFO psi = -0.6280479224708394
16:32:21 apf.py[line:60] INFO tan(psi_hat) = [0.09776493278754782, 0.08314495977484399]
16:32:21 apf.py[line:62] INFO psi_hat = 0.8660364860362105
16:32:21 apf.py[line:65] INFO term1 = 1.8 * cos(-2.3184953783492306 - -0.6280479224708394) + 0.04 * 4.788721909766769 = -0.02330963192310828
16:32:21 apf.py[line:69] INFO term1 = -0.02330963192310828
16:32:21 apf.py[line:73] INFO theta_term_tmp = 1.8 * sin(-2.3184953783492306 - 0.8660364860362105)/0.08070627015159969 = 0.9573832416352303
16:32:21 apf.py[line:78] INFO [v, theta] = [0.08070627015159969, 2.143838122673506]
16:32:21 apf.py[line:161] INFO 
16:32:21 apf.py[line:162] INFO 444
16:32:21 apf.py[line:84] INFO [3.85545424 8.5488321  0.28753133 0.75818443 0.22951382]
16:32:21 apf.py[line:85] INFO [array([0., 2.]), array([4., 2.]), array([5., 4.]), array([5., 6.]), array([7., 9.])]
16:32:21 apf.py[line:49] INFO n = [0.00023789 0.00094004 0.00548853 0.0435622  0.02679555]
16:32:21 apf.py[line:50] INFO beta = [0.00946334 0.03223313 0.13476363 0.63712695 0.44558687]
16:32:21 apf.py[line:58] INFO theta_robo_ob = [-2.1028833468178276, -1.5487279195559718, -1.3243000263435885, -1.1487350842328856, 0.14250380937997684]
16:32:21 apf.py[line:59] INFO psi = -0.6380603547545329
16:32:21 apf.py[line:60] INFO tan(psi_hat) = [0.09336565204305163, 0.07239509160232688]
16:32:21 apf.py[line:62] INFO psi_hat = 0.9112406518899226
16:32:21 apf.py[line:65] INFO term1 = 1.8 * cos(-2.3059290077348713 - -0.6380603547545329) + 0.04 * 4.775873896519279 = 0.01657905428709272
16:32:21 apf.py[line:69] INFO term1 = 0.01657905428709272
16:32:21 apf.py[line:73] INFO theta_term_tmp = 1.8 * sin(-2.3059290077348713 - 0.9112406518899226)/0.13691661639189337 = 0.992641691723504
16:32:21 apf.py[line:78] INFO [v, theta] = [0.13691661639189337, 2.360650404941833]
16:32:21 apf.py[line:161] INFO 
16:32:21 apf.py[line:162] INFO 445
16:32:21 apf.py[line:84] INFO [3.86969837 8.55314822 0.29421601 0.74418443 0.33423357]
16:32:21 apf.py[line:85] INFO [array([0., 2.]), array([4., 2.]), array([5., 4.]), array([5., 6.]), array([7., 9.])]
16:32:21 apf.py[line:49] INFO n = [0.00023313 0.0009361  0.00548472 0.04367098 0.02727579]
16:32:21 apf.py[line:50] INFO beta = [0.00931024 0.03219651 0.13502115 0.63985643 0.45257817]
16:32:21 apf.py[line:58] INFO theta_robo_ob = [-2.104208529209836, -1.5509151255910798, -1.3274690029998713, -1.1540221379281017, 0.14179243671729674]
16:32:21 apf.py[line:59] INFO psi = -0.6480984675860278
16:32:21 apf.py[line:60] INFO tan(psi_hat) = [0.08870618626679654, 0.06173766057473368]
16:32:21 apf.py[line:62] INFO psi_hat = 0.9627739862106098
16:32:21 apf.py[line:65] INFO term1 = 1.8 * cos(-2.293362637120512 - -0.6480984675860278) + 0.04 * 4.764204536710681 = 0.056649917715116155
16:32:21 apf.py[line:69] INFO term1 = 0.056649917715116155
16:32:21 apf.py[line:73] INFO theta_term_tmp = 1.8 * sin(-2.293362637120512 - 0.9627739862106098)/0.21338571627604422 = 0.9641160088198361
16:32:21 apf.py[line:78] INFO [v, theta] = [0.21338571627604422, 2.2648672094557383]
16:32:21 apf.py[line:161] INFO 
16:32:21 apf.py[line:162] INFO 446
16:32:21 apf.py[line:84] INFO [3.88363682 8.55750567 0.30299507 0.73018443 0.43895333]
16:32:21 apf.py[line:85] INFO [array([0., 2.]), array([4., 2.]), array([5., 4.]), array([5., 6.]), array([7., 9.])]
16:32:21 apf.py[line:49] INFO n = [0.00022846 0.0009321  0.00548009 0.04376608 0.02775642]
16:32:21 apf.py[line:50] INFO beta = [0.0091568  0.03214962 0.13522994 0.64228901 0.45946335]
16:32:21 apf.py[line:58] INFO theta_robo_ob = [-2.1054926260213946, -1.5530531523917799, -1.3305757751814256, -1.159221611608472, 0.14104775675677414]
16:32:21 apf.py[line:59] INFO psi = -0.6581579244440152
16:32:21 apf.py[line:60] INFO tan(psi_hat) = [0.08377070581725568, 0.05119232528021622]
16:32:21 apf.py[line:62] INFO psi_hat = 1.0222546061579512
16:32:21 apf.py[line:65] INFO term1 = 1.8 * cos(-2.2807962665061527 - -0.6581579244440152) + 0.04 * 4.753736302571139 = 0.09687561810048115
16:32:21 apf.py[line:69] INFO term1 = 0.09687561810048115
16:32:21 apf.py[line:73] INFO theta_term_tmp = 1.8 * sin(-2.2807962665061527 - 1.0222546061579512)/0.3051495638606194 = 0.94826855070268
16:32:21 apf.py[line:78] INFO [v, theta] = [0.3051495638606194, 2.2699914020386505]
16:32:21 apf.py[line:161] INFO 
16:32:21 apf.py[line:162] INFO 447
16:32:21 apf.py[line:84] INFO [3.89726075 8.56192797 0.31386853 0.71618443 0.54367308]
16:32:21 apf.py[line:85] INFO [array([0., 2.]), array([4., 2.]), array([5., 4.]), array([5., 6.]), array([7., 9.])]
16:32:21 apf.py[line:49] INFO n = [0.00022387 0.00092802 0.00547452 0.04384615 0.02823687]
16:32:21 apf.py[line:50] INFO beta = [0.00900283 0.03209166 0.13538675 0.64440367 0.46622807]
16:32:21 apf.py[line:58] INFO theta_robo_ob = [-2.106733299546127, -1.5551407357800235, -1.3336194399218284, -1.164332593860389, 0.1402616971248706]
16:32:21 apf.py[line:59] INFO psi = -0.6682337877838044
16:32:21 apf.py[line:60] INFO tan(psi_hat) = [0.07854521085044502, 0.040778461839395985]
16:32:21 apf.py[line:62] INFO psi_hat = 1.0919291429370102
16:32:21 apf.py[line:65] INFO term1 = 1.8 * cos(-2.2682298958917935 - -0.6682337877838044) + 0.04 * 4.744490363869049 = 0.1372274768313761
16:32:21 apf.py[line:69] INFO term1 = 0.1372274768313761
16:32:21 apf.py[line:73] INFO theta_term_tmp = 1.8 * sin(-2.2682298958917935 - 1.0919291429370102)/0.4137164030875527 = 0.9433868370966968
16:32:21 apf.py[line:78] INFO [v, theta] = [0.4137164030875527, 2.324626217847631]
16:32:21 apf.py[line:161] INFO 
16:32:21 apf.py[line:162] INFO 448
16:32:21 apf.py[line:84] INFO [3.910561   8.56643668 0.32683639 0.70218443 0.64839284]
16:32:21 apf.py[line:85] INFO [array([0., 2.]), array([4., 2.]), array([5., 4.]), array([5., 6.]), array([7., 9.])]
16:32:21 apf.py[line:49] INFO n = [0.00021934 0.00092383 0.0054679  0.04390994 0.02871653]
16:32:21 apf.py[line:50] INFO beta = [0.00884816 0.03202195 0.13548861 0.64618094 0.47285755]
16:32:21 apf.py[line:58] INFO theta_robo_ob = [-2.107928309334181, -1.5571765396770867, -1.336598887577905, -1.1693536739024988, 0.1394266773924701]
16:32:21 apf.py[line:59] INFO psi = -0.6783205126636935
16:32:21 apf.py[line:60] INFO tan(psi_hat) = [0.07301767528681558, 0.030515176469016525]
16:32:21 apf.py[line:62] INFO psi_hat = 1.1749420718358188
16:32:21 apf.py[line:65] INFO term1 = 1.8 * cos(-2.255663525277434 - -0.6783205126636935) + 0.04 * 4.736486534122 = 0.1776755110662896
16:32:21 apf.py[line:69] INFO term1 = 0.1776755110662896
16:32:21 apf.py[line:73] INFO theta_term_tmp = 1.8 * sin(-2.255663525277434 - 1.1749420718358188)/0.5429080224830944 = 0.9449321431994008
16:32:21 apf.py[line:78] INFO [v, theta] = [0.5429080224830944, 2.4123292682226687]
16:32:21 apf.py[line:161] INFO 
16:32:21 apf.py[line:162] INFO 449
16:32:21 apf.py[line:84] INFO [3.92352804 8.57105132 0.34189864 0.68818443 0.75311259]
16:32:21 apf.py[line:85] INFO [array([0., 2.]), array([4., 2.]), array([5., 4.]), array([5., 6.]), array([7., 9.])]
16:32:21 apf.py[line:49] INFO n = [0.00021488 0.00091953 0.00546016 0.04395631 0.02919472]
16:32:21 apf.py[line:50] INFO beta = [0.00869269 0.03193987 0.13553284 0.64760308 0.47933659]
16:32:21 apf.py[line:58] INFO theta_robo_ob = [-2.109075506894411, -1.5591591471854251, -1.3395127896165704, -1.1742829254936773, 0.13853564284306957]
16:32:21 apf.py[line:59] INFO psi = -0.6884119454930593
16:32:21 apf.py[line:60] INFO tan(psi_hat) = [0.06717818904553624, 0.020421313807299057]
16:32:21 apf.py[line:62] INFO psi_hat = 1.2756855192954235
16:32:21 apf.py[line:65] INFO term1 = 1.8 * cos(-2.243097154663075 - -0.6884119454930593) + 0.04 * 4.72974319534306 = 0.21818848497507953
16:32:21 apf.py[line:69] INFO term1 = 0.21818848497507953
16:32:21 apf.py[line:73] INFO theta_term_tmp = 1.8 * sin(-2.243097154663075 - 1.2756855192954235)/0.6979385954925744 = 0.9498787827828461
16:32:21 apf.py[line:78] INFO [v, theta] = [0.6979385954925744, 2.5285334399880055]
16:32:21 apf.py[line:161] INFO 
16:32:21 apf.py[line:162] INFO 450
16:32:21 apf.py[line:84] INFO [3.93659665 8.57595629 0.35905529 0.6979386  0.85783235]
16:32:21 apf.py[line:85] INFO [array([0., 2.]), array([4., 2.]), array([5., 4.]), array([5., 6.]), array([7., 9.])]
16:32:21 apf.py[line:49] INFO n = [0.00021033 0.00091494 0.00545088 0.04398514 0.02968764]
16:32:21 apf.py[line:50] INFO beta = [0.00853093 0.03184182 0.13551767 0.64869618 0.48587802]
16:32:21 apf.py[line:58] INFO theta_robo_ob = [-2.1102114409794352, -1.5611549333317738, -1.342459856061399, -1.1792882820960846, 0.13754835580109448]
16:32:21 apf.py[line:59] INFO psi = -0.6985889381451029
16:32:21 apf.py[line:60] INFO tan(psi_hat) = [0.06101355674847382, 0.010329540693536976]
16:32:21 apf.py[line:62] INFO psi_hat = 1.4030874542440754
16:32:21 apf.py[line:65] INFO term1 = 1.8 * cos(-2.2305307840487156 - -0.6985889381451029) + 0.04 * 4.724043953122953 = 0.25888222781624476
16:32:21 apf.py[line:69] INFO term1 = 0.25888222781624476
16:32:21 apf.py[line:73] INFO theta_term_tmp = 1.8 * sin(-2.2305307840487156 - 1.4030874542440754)/0.8888764473547897 = 0.9566480167815478
16:32:21 apf.py[line:78] INFO [v, theta] = [0.8888764473547897, 2.678354127675436]
16:32:21 apf.py[line:161] INFO 
16:32:21 apf.py[line:162] INFO 451
16:32:21 apf.py[line:84] INFO [3.94982862 8.58121534 0.37830633 0.7119386  0.9625521 ]
16:32:21 apf.py[line:85] INFO [array([0., 2.]), array([4., 2.]), array([5., 4.]), array([5., 6.]), array([7., 9.])]
16:32:21 apf.py[line:49] INFO n = [0.00020565 0.00091    0.00543982 0.04399411 0.03019842]
16:32:21 apf.py[line:50] INFO beta = [0.00836167 0.03172604 0.13543795 0.64943246 0.49251294]
16:32:21 apf.py[line:58] INFO theta_robo_ob = [-2.1113386521166353, -1.5631730532630426, -1.3454553551057968, -1.1843974591616602, 0.13644562374960276]
16:32:21 apf.py[line:59] INFO psi = -0.7088636421067301
16:32:21 apf.py[line:60] INFO tan(psi_hat) = [0.05449519240592818, 0.00022367741909257166]
16:32:21 apf.py[line:62] INFO psi_hat = 1.566691814945009
16:32:21 apf.py[line:65] INFO term1 = 1.8 * cos(-2.2179644134343564 - -0.7088636421067301) + 0.04 * 4.719393304160824 = 0.2997572951070666
16:32:21 apf.py[line:69] INFO term1 = 0.2997572951070666
16:32:21 apf.py[line:73] INFO theta_term_tmp = 1.8 * sin(-2.2179644134343564 - 1.566691814945009)/1.1202203819111554 = 0.963533484221965
16:32:21 apf.py[line:78] INFO [v, theta] = [1.1202203819111554, 2.8665994889760906]
16:32:21 apf.py[line:161] INFO 
16:32:21 apf.py[line:162] INFO 452
16:32:21 apf.py[line:84] INFO [3.96320327 8.58686456 0.39965177 0.7259386  1.06727186]
16:32:21 apf.py[line:85] INFO [array([0., 2.]), array([4., 2.]), array([5., 4.]), array([5., 6.]), array([7., 9.])]
16:32:21 apf.py[line:49] INFO n = [0.00020084 0.00090469 0.00542678 0.04398049 0.03072717]
16:32:21 apf.py[line:50] INFO beta = [0.00818472 0.03159124 0.13528808 0.64977399 0.49923055]
16:32:21 apf.py[line:58] INFO theta_robo_ob = [-2.112452278858541, -1.5652100040513504, -1.3484959787430517, -1.1896066732447288, 0.13521308090691003]
16:32:21 apf.py[line:59] INFO psi = -0.7192322030982443
16:32:21 apf.py[line:60] INFO tan(psi_hat) = [0.047593626884162216, -0.009878568899287232]
16:32:21 apf.py[line:62] INFO psi_hat = 1.7754511561190476
16:32:21 apf.py[line:65] INFO term1 = 1.8 * cos(-2.205398042819997 - -0.7192322030982443) + 0.04 * 4.715842529555166 = 0.3407867978520691
16:32:21 apf.py[line:69] INFO term1 = 0.3407867978520691
16:32:21 apf.py[line:73] INFO theta_term_tmp = 1.8 * sin(-2.205398042819997 - 1.7754511561190476)/1.3821358621891937 = 0.969126170033712
16:32:21 apf.py[line:78] INFO [v, theta] = [1.3821358621891937, 3.0971129144714986]
16:32:22 apf.py[line:161] INFO 
16:32:22 apf.py[line:162] INFO 453
16:32:22 apf.py[line:84] INFO [3.97669714 8.59294066 0.4230916  0.7399386  1.17199161]
16:32:22 apf.py[line:85] INFO [array([0., 2.]), array([4., 2.]), array([5., 4.]), array([5., 6.]), array([7., 9.])]
16:32:22 apf.py[line:49] INFO n = [0.0001959  0.00089897 0.00541156 0.04394154 0.03127385]
16:32:22 apf.py[line:50] INFO beta = [0.00799989 0.03143616 0.13506246 0.64968232 0.50601775]
16:32:22 apf.py[line:58] INFO theta_robo_ob = [-2.113547133898565, -1.56726182472246, -1.3515777559750555, -1.1949109006776122, 0.13383575432926959]
16:32:22 apf.py[line:59] INFO psi = -0.7296899392509127
16:32:22 apf.py[line:60] INFO tan(psi_hat) = [0.04027989255042494, -0.01995828129027144]
16:32:22 apf.py[line:62] INFO psi_hat = 2.030829377730476
16:32:22 apf.py[line:65] INFO term1 = 1.8 * cos(-2.192831672205638 - -0.7296899392509127) + 0.04 * 4.713445226676804 = 0.3819419955683929
16:32:22 apf.py[line:69] INFO term1 = 0.3819419955683929
16:32:22 apf.py[line:73] INFO theta_term_tmp = 1.8 * sin(-2.192831672205638 - 2.030829377730476)/1.6345262888742444 = 0.9723156335857178
16:32:22 apf.py[line:78] INFO [v, theta] = [1.6345262888742444, 3.365773821907008]
16:32:22 apf.py[line:161] INFO 
16:32:22 apf.py[line:162] INFO 454
16:32:22 apf.py[line:84] INFO [3.99028378 8.59948074 0.44862583 0.7539386  1.27671137]
16:32:22 apf.py[line:85] INFO [array([0., 2.]), array([4., 2.]), array([5., 4.]), array([5., 6.]), array([7., 9.])]
16:32:22 apf.py[line:49] INFO n = [0.00019081 0.00089282 0.00539394 0.04387448 0.03183827]
16:32:22 apf.py[line:50] INFO beta = [0.00780708 0.03125957 0.13475553 0.64911892 0.51285886]
16:32:22 apf.py[line:58] INFO theta_robo_ob = [-2.1146176952917153, -1.5693240570321643, -1.3546959826702971, -1.2003037325665646, 0.13229811887483264]
16:32:22 apf.py[line:59] INFO psi = -0.7402312371325594
16:32:22 apf.py[line:60] INFO tan(psi_hat) = [0.03252605864047929, -0.029995206184083134]
16:32:22 apf.py[line:62] INFO psi_hat = 2.315736712300812
16:32:22 apf.py[line:65] INFO term1 = 1.8 * cos(-2.1802653015912785 - -0.7402312371325594) + 0.04 * 4.7122572198674835 = 0.42319217210161264
16:32:22 apf.py[line:69] INFO term1 = 0.42319217210161264
16:32:22 apf.py[line:73] INFO theta_term_tmp = 1.8 * sin(-2.1802653015912785 - 2.315736712300812)/1.8082414506870244 = 0.9722281210322659
16:32:22 apf.py[line:78] INFO [v, theta] = [1.8082414506870244, 3.650306936588633]
16:32:22 apf.py[line:161] INFO 
16:32:22 apf.py[line:162] INFO 455
16:32:22 apf.py[line:84] INFO [4.00396277 8.60646479 0.47206566 0.7679386  1.17199161]
16:32:22 apf.py[line:85] INFO [array([0., 2.]), array([4., 2.]), array([5., 4.]), array([5., 6.]), array([7., 9.])]
16:32:22 apf.py[line:49] INFO n = [0.00018561 0.00088625 0.00537405 0.04378033 0.03242092]
16:32:22 apf.py[line:50] INFO beta = [0.00760683 0.03106231 0.13436965 0.64809482 0.51975235]
16:32:22 apf.py[line:58] INFO theta_robo_ob = [-2.1156651929965298, -1.571396159411943, -1.357848677823872, -1.2057797431181911, 0.13060421617123508]
16:32:22 apf.py[line:59] INFO psi = -0.750844818659964
16:32:22 apf.py[line:60] INFO tan(psi_hat) = [0.02435341068464862, -0.03999673339015164]
16:32:22 apf.py[line:62] INFO psi_hat = 2.5946656716375536
16:32:22 apf.py[line:65] INFO term1 = 1.8 * cos(-2.1676989309769192 - -0.750844818659964) + 0.04 * 4.712275890341449 = 0.46449387149763777
16:32:22 apf.py[line:69] INFO term1 = 0.46449387149763777
16:32:22 apf.py[line:73] INFO theta_term_tmp = 1.8 * sin(-2.1676989309769192 - 2.5946656716375536)/1.8567900225210077 = 0.968204610891422
16:32:22 apf.py[line:78] INFO [v, theta] = [1.8567900225210077, 3.91261689327308]
16:32:22 apf.py[line:161] INFO 
16:32:22 apf.py[line:162] INFO 456
16:32:22 apf.py[line:84] INFO [4.01773619 8.61387182 0.4934111  0.7819386  1.06727186]
16:32:22 apf.py[line:85] INFO [array([0., 2.]), array([4., 2.]), array([5., 4.]), array([5., 6.]), array([7., 9.])]
16:32:22 apf.py[line:49] INFO n = [0.00018028 0.0008793  0.00535201 0.04366027 0.03302241]
16:32:22 apf.py[line:50] INFO beta = [0.0073997  0.03084533 0.1339076  0.646624   0.52669824]
16:32:22 apf.py[line:58] INFO theta_robo_ob = [-2.1166912027442293, -1.573477985568005, -1.3610343638603768, -1.2113342670987826, 0.12875855253270654]
16:32:22 apf.py[line:59] INFO psi = -0.7615195818450314
16:32:22 apf.py[line:60] INFO tan(psi_hat) = [0.01578590642468579, -0.049972030276049906]
16:32:22 apf.py[line:62] INFO psi_hat = 2.8356179749219463
16:32:22 apf.py[line:65] INFO term1 = 1.8 * cos(-2.15513256036256 - -0.7615195818450314) + 0.04 * 4.713494668754753 = 0.5058036861528892
16:32:22 apf.py[line:69] INFO term1 = 0.5058036861528892
16:32:22 apf.py[line:73] INFO theta_term_tmp = 1.8 * sin(-2.15513256036256 - 2.8356179749219463)/1.803109289370448 = 0.9598489150063884
16:32:22 apf.py[line:78] INFO [v, theta] = [1.803109289370448, 4.122081101423832]
16:32:22 apf.py[line:161] INFO 
16:32:22 apf.py[line:162] INFO 457
16:32:22 apf.py[line:84] INFO [4.03160847 8.62167996 0.51266214 0.7959386  0.9625521 ]
16:32:22 apf.py[line:85] INFO [array([0., 2.]), array([4., 2.]), array([5., 4.]), array([5., 6.]), array([7., 9.])]
16:32:22 apf.py[line:49] INFO n = [0.00017486 0.00087199 0.00532796 0.04351562 0.03364345]
16:32:22 apf.py[line:50] INFO beta = [0.00718624 0.0306096  0.13337254 0.64472317 0.53369819]
16:32:22 apf.py[line:58] INFO theta_robo_ob = [-2.1176976294613974, -1.5755697730482336, -1.364252059367895, -1.2169634103916542, 0.12676608522571994]
16:32:22 apf.py[line:59] INFO psi = -0.7722446632131683
16:32:22 apf.py[line:60] INFO tan(psi_hat) = [0.006849892317566192, -0.059931991169601684]
16:32:22 apf.py[line:62] INFO psi_hat = 3.02779205055392
16:32:22 apf.py[line:65] INFO term1 = 1.8 * cos(-2.1425661897482007 - -0.7722446632131683) + 0.04 * 4.715903159606027 = 0.5470784860340292
16:32:22 apf.py[line:69] INFO term1 = 0.5470784860340292
16:32:22 apf.py[line:73] INFO theta_term_tmp = 1.8 * sin(-2.1425661897482007 - 3.02779205055392)/1.704684766561869 = 0.9471041087342147
16:32:22 apf.py[line:78] INFO [v, theta] = [1.704684766561869, 4.271880825219979]
16:32:22 apf.py[line:161] INFO 
16:32:22 apf.py[line:162] INFO 458
16:32:22 apf.py[line:84] INFO [4.04558637 8.62986645 0.52981879 0.8099386  0.85783235]
16:32:22 apf.py[line:85] INFO [array([0., 2.]), array([4., 2.]), array([5., 4.]), array([5., 6.]), array([7., 9.])]
16:32:22 apf.py[line:49] INFO n = [0.00016934 0.00086435 0.00530204 0.04334785 0.03428489]
16:32:22 apf.py[line:50] INFO beta = [0.006967   0.03035622 0.13276797 0.64241151 0.54075559]
16:32:22 apf.py[line:58] INFO theta_robo_ob = [-2.118686690773476, -1.577672129513341, -1.367501267327192, -1.2226640507505764, 0.1246322138763626]
16:32:22 apf.py[line:59] INFO psi = -0.783009492756542
16:32:22 apf.py[line:60] INFO tan(psi_hat) = [-0.0024261897897618623, -0.06988919178397418]
16:32:22 apf.py[line:62] INFO psi_hat = -3.1068917818652366
16:32:22 apf.py[line:65] INFO term1 = 1.8 * cos(-2.1299998191338414 - -0.783009492756542) + 0.04 * 4.719487270151802 = 0.5882756301174391
16:32:22 apf.py[line:69] INFO term1 = 0.5882756301174391
16:32:22 apf.py[line:73] INFO theta_term_tmp = 1.8 * sin(-2.1299998191338414 - -3.1068917818652366)/1.6035745514828743 = 0.930279048117951
16:32:22 apf.py[line:78] INFO [v, theta] = [1.6035745514828743, -1.9117190150912076]
16:32:22 apf.py[line:161] INFO 
16:32:22 apf.py[line:162] INFO 459
16:32:22 apf.py[line:84] INFO [4.05967884 8.63840767 0.54488104 0.8239386  0.75311259]
16:32:22 apf.py[line:85] INFO [array([0., 2.]), array([4., 2.]), array([5., 4.]), array([5., 6.]), array([7., 9.])]
16:32:22 apf.py[line:49] INFO n = [0.00016374 0.0008564  0.00527438 0.04315856 0.03494771]
16:32:22 apf.py[line:50] INFO beta = [0.00674254 0.03008632 0.13209769 0.63971045 0.54787564]
16:32:22 apf.py[line:58] INFO theta_robo_ob = [-2.1196609007316365, -1.5797860169810092, -1.3707819592387052, -1.228433829406099, 0.12236277737292434]
16:32:22 apf.py[line:59] INFO psi = -0.7938038411014662
16:32:22 apf.py[line:60] INFO tan(psi_hat) = [-0.012012100010527771, -0.07985785025155079]
16:32:22 apf.py[line:62] INFO psi_hat = -2.992293416145158
16:32:22 apf.py[line:65] INFO term1 = 1.8 * cos(-2.117433448519482 - -0.7938038411014662) + 0.04 * 4.724229340995629 = 0.6293531580612954
16:32:22 apf.py[line:69] INFO term1 = 0.6293531580612954
16:32:22 apf.py[line:73] INFO theta_term_tmp = 1.8 * sin(-2.117433448519482 - -2.992293416145158)/1.5180242281191079 = 0.910009666729567
16:32:22 apf.py[line:78] INFO [v, theta] = [1.5180242281191079, -1.8489860383650984]
16:32:22 apf.py[line:161] INFO 
16:32:22 apf.py[line:162] INFO 460
16:32:22 apf.py[line:84] INFO [4.07389691 8.64727913 0.5578489  0.8379386  0.64839284]
16:32:22 apf.py[line:85] INFO [array([0., 2.]), array([4., 2.]), array([5., 4.]), array([5., 6.]), array([7., 9.])]
16:32:22 apf.py[line:49] INFO n = [0.00015807 0.00084819 0.00524515 0.04294941 0.03563305]
16:32:22 apf.py[line:50] INFO beta = [0.00651341 0.02980107 0.13136578 0.63664343 0.55506543]
16:32:22 apf.py[line:58] INFO theta_robo_ob = [-2.1206230538533464, -1.5819127342714248, -1.374094555518495, -1.2342711342044501, 0.11996405658919768]
16:32:22 apf.py[line:59] INFO psi = -0.8046178586789099
16:32:22 apf.py[line:60] INFO tan(psi_hat) = [-0.0218760964953289, -0.08985379588582665]
16:32:22 apf.py[line:62] INFO psi_hat = -2.902775631955933
16:32:22 apf.py[line:65] INFO term1 = 1.8 * cos(-2.104867077905123 - -0.8046178586789099) + 0.04 * 4.730108275811721 = 0.6702699606025446
16:32:22 apf.py[line:69] INFO term1 = 0.6702699606025446
16:32:22 apf.py[line:73] INFO theta_term_tmp = 1.8 * sin(-2.104867077905123 - -2.902775631955933)/1.45251205043405 = 0.8871632542695819
16:32:22 apf.py[line:78] INFO [v, theta] = [1.45251205043405, -1.8116146493330498]
16:32:22 apf.py[line:161] INFO 
16:32:22 apf.py[line:162] INFO 461
16:32:22 apf.py[line:84] INFO [4.0882536  8.65645546 0.56872236 0.8519386  0.54367308]
16:32:22 apf.py[line:85] INFO [array([0., 2.]), array([4., 2.]), array([5., 4.]), array([5., 6.]), array([7., 9.])]
16:32:22 apf.py[line:49] INFO n = [0.00015233 0.00083973 0.0052145  0.04272218 0.03634221]
16:32:22 apf.py[line:50] INFO beta = [0.00628013 0.0295017  0.13057658 0.63323561 0.56233399]
16:32:22 apf.py[line:58] INFO theta_robo_ob = [-2.1215762095173107, -1.5840538978405778, -1.3774399024964967, -1.2401750749598333, 0.11744278322763]
16:32:22 apf.py[line:59] INFO psi = -0.8154421067899065
16:32:22 apf.py[line:60] INFO tan(psi_hat) = [-0.03198522557557974, -0.09989444634741484]
16:32:22 apf.py[line:62] INFO psi_hat = -2.8317171603068902
16:32:22 apf.py[line:65] INFO term1 = 1.8 * cos(-2.0923007072907636 - -0.8154421067899065) + 0.04 * 4.737099667989473 = 0.7109859276521533
16:32:22 apf.py[line:69] INFO term1 = 0.7109859276521533
16:32:22 apf.py[line:73] INFO theta_term_tmp = 1.8 * sin(-2.0923007072907636 - -2.8317171603068902)/1.4059623586642807 = 0.862713251793476
16:32:22 apf.py[line:78] INFO [v, theta] = [1.4059623586642807, -1.7911063877787203]
16:32:22 apf.py[line:161] INFO 
16:32:22 apf.py[line:162] INFO 462
16:32:22 apf.py[line:84] INFO [4.10276378 8.66591034 0.57750142 0.8659386  0.43895333]
16:32:22 apf.py[line:85] INFO [array([0., 2.]), array([4., 2.]), array([5., 4.]), array([5., 6.]), array([7., 9.])]
16:32:22 apf.py[line:49] INFO n = [0.00014654 0.00083105 0.00518259 0.04247871 0.03707664]
16:32:22 apf.py[line:50] INFO beta = [0.00604325 0.0291895  0.12973461 0.62951368 0.56969238]
16:32:22 apf.py[line:58] INFO theta_robo_ob = [-2.1225236767068614, -1.5862114211450993, -1.3808192463078865, -1.2461454516830195, 0.11480615505654478]
16:32:22 apf.py[line:59] INFO psi = -0.8262675805516451
16:32:22 apf.py[line:60] INFO tan(psi_hat) = [-0.04230560204592726, -0.10999879348110797]
16:32:22 apf.py[line:62] INFO psi_hat = -2.7744316986322173
16:32:22 apf.py[line:65] INFO term1 = 1.8 * cos(-2.0797343366764043 - -0.8262675805516451) + 0.04 * 4.7451759223303815 = 0.751462073532591
16:32:22 apf.py[line:69] INFO term1 = 0.751462073532591
16:32:22 apf.py[line:73] INFO theta_term_tmp = 1.8 * sin(-2.0797343366764043 - -2.7744316986322173)/1.3756575563723932 = 0.837617862782114
16:32:22 apf.py[line:78] INFO [v, theta] = [1.3756575563723932, -1.7815240075984802]
16:32:22 apf.py[line:161] INFO 
16:32:22 apf.py[line:162] INFO 463
16:32:22 apf.py[line:84] INFO [4.11744399 8.67561643 0.5841861  0.8799386  0.33423357]
16:32:22 apf.py[line:85] INFO [array([0., 2.]), array([4., 2.]), array([5., 4.]), array([5., 6.]), array([7., 9.])]
16:32:22 apf.py[line:49] INFO n = [0.00014071 0.00082219 0.00514959 0.0422209  0.03783801]
16:32:22 apf.py[line:50] INFO beta = [0.00580329 0.02886575 0.12884461 0.6255056  0.57715376]
16:32:22 apf.py[line:58] INFO theta_robo_ob = [-2.1234689990525037, -1.5883874926401502, -1.3842342039227593, -1.2521827163149983, 0.11206185779175375]
16:32:22 apf.py[line:59] INFO psi = -0.8370857237938766
16:32:22 apf.py[line:60] INFO tan(psi_hat) = [-0.05280267645511222, -0.12018739772080028]
16:32:22 apf.py[line:62] INFO psi_hat = -2.72764203485331
16:32:22 apf.py[line:65] INFO term1 = 1.8 * cos(-2.067167966062045 - -0.8370857237938766) + 0.04 * 4.754306370289623 = 0.7916606392509745
16:32:22 apf.py[line:69] INFO term1 = 0.7916606392509745
16:32:22 apf.py[line:73] INFO theta_term_tmp = 1.8 * sin(-2.067167966062045 - -2.72764203485331)/1.3587385496718103 = 0.8127276060375458
16:32:22 apf.py[line:78] INFO [v, theta] = [1.3587385496718103, -1.7788236594595528]
16:32:22 apf.py[line:161] INFO 
16:32:22 apf.py[line:162] INFO 464
16:32:22 apf.py[line:84] INFO [4.13231235 8.68554529 0.58877637 0.8939386  0.22951382]
16:32:22 apf.py[line:85] INFO [array([0., 2.]), array([4., 2.]), array([5., 4.]), array([5., 6.]), array([7., 9.])]
16:32:22 apf.py[line:49] INFO n = [0.00013484 0.00081317 0.00511565 0.04195071 0.03862816]
16:32:22 apf.py[line:50] INFO beta = [0.00556076 0.02853177 0.12791145 0.62124039 0.5847334 ]
16:32:22 apf.py[line:58] INFO theta_robo_ob = [-2.1244159400843787, -1.5905845524708004, -1.3876867315120938, -1.2582879285471569, 0.10921809384948852]
16:32:22 apf.py[line:59] INFO psi = -0.8478884360480462
16:32:22 apf.py[line:60] INFO tan(psi_hat) = [-0.06344148710396715, -0.13048239062801942]
16:32:22 apf.py[line:62] INFO psi_hat = -2.6890399865693917
16:32:22 apf.py[line:65] INFO term1 = 1.8 * cos(-2.0546015954476857 - -0.8478884360480462) + 0.04 * 4.764457377626892 = 0.8315451721208802
16:32:22 apf.py[line:69] INFO term1 = 0.8315451721208802
16:32:22 apf.py[line:73] INFO theta_term_tmp = 1.8 * sin(-2.0546015954476857 - -2.6890399865693917)/1.3526842752716501 = 0.7887321034650724
16:32:22 apf.py[line:78] INFO [v, theta] = [1.3526842752716501, -1.7802962289998936]
16:32:23 apf.py[line:161] INFO 
16:32:23 apf.py[line:162] INFO 465
16:32:23 apf.py[line:84] INFO [4.14738835 8.69566731 0.59127225 0.9079386  0.12479406]
16:32:23 apf.py[line:85] INFO [array([0., 2.]), array([4., 2.]), array([5., 4.]), array([5., 6.]), array([7., 9.])]
16:32:23 apf.py[line:49] INFO n = [0.00012894 0.00080402 0.00508095 0.04167011 0.03944917]
16:32:23 apf.py[line:50] INFO beta = [0.00531617 0.02818893 0.12694015 0.61674795 0.59244876]
16:32:23 apf.py[line:58] INFO theta_robo_ob = [-2.125368468568929, -1.5928052678780757, -1.3911790903004169, -1.2644627062518607, 0.10628361817395875]
16:32:23 apf.py[line:59] INFO psi = -0.8586680718327748
16:32:23 apf.py[line:60] INFO tan(psi_hat) = [-0.07418689528431337, -0.14090748483268423]
16:32:23 apf.py[line:62] INFO psi_hat = -2.65697545968272
16:32:23 apf.py[line:65] INFO term1 = 1.8 * cos(-2.0420352248333264 - -0.8586680718327748) + 0.04 * 4.775592443711895 = 0.871080583428728
16:32:23 apf.py[line:69] INFO term1 = 0.871080583428728
16:32:23 apf.py[line:73] INFO theta_term_tmp = 1.8 * sin(-2.0420352248333264 - -2.65697545968272)/1.3554090770248441 = 0.766143218016441
16:32:23 apf.py[line:78] INFO [v, theta] = [1.3554090770248441, -1.7841571531502278]
16:32:23 apf.py[line:161] INFO 
16:32:23 apf.py[line:162] INFO 466
16:32:23 apf.py[line:84] INFO [4.16269268 8.70595156 0.59167374 0.9219386  0.02007431]
16:32:23 apf.py[line:85] INFO [array([0., 2.]), array([4., 2.]), array([5., 4.]), array([5., 6.]), array([7., 9.])]
16:32:23 apf.py[line:49] INFO n = [0.00012301 0.00079477 0.00504567 0.04138112 0.04030331]
16:32:23 apf.py[line:50] INFO beta = [0.00507002 0.02783858 0.12593582 0.61205884 0.60031954]
16:32:23 apf.py[line:58] INFO theta_robo_ob = [-2.126330743771125, -1.5950525073040471, -1.3947138100088554, -1.2707091709822822, 0.10326778131797308]
16:32:23 apf.py[line:59] INFO psi = -0.8694174324889571
16:32:23 apf.py[line:60] INFO tan(psi_hat) = [-0.08500380311142038, -0.15148799037209476]
16:32:23 apf.py[line:62] INFO psi_hat = -2.6302477926280563
16:32:23 apf.py[line:65] INFO term1 = 1.8 * cos(-2.029468854218967 - -0.8694174324889571) + 0.04 * 4.787672292116121 = 0.9102331851821586
16:32:23 apf.py[line:69] INFO term1 = 0.9102331851821586
16:32:23 apf.py[line:73] INFO theta_term_tmp = 1.8 * sin(-2.029468854218967 - -2.6302477926280563)/1.3652317912809626 = 0.7453044561790106
16:32:23 apf.py[line:78] INFO [v, theta] = [1.3652317912809626, -1.7892564232011945]
16:32:23 apf.py[line:161] INFO 
16:32:23 apf.py[line:162] INFO 467
16:32:23 apf.py[line:84] INFO [ 4.17824707  8.71636565  0.58998083  0.9359386  -0.08464545]
16:32:23 apf.py[line:85] INFO [array([0., 2.]), array([4., 2.]), array([5., 4.]), array([5., 6.]), array([7., 9.])]
16:32:23 apf.py[line:49] INFO n = [0.00011708 0.00078546 0.00500996 0.04108578 0.04119312]
16:32:23 apf.py[line:50] INFO beta = [0.00482279 0.02748209 0.12490368 0.60720415 0.60836771]
16:32:23 apf.py[line:58] INFO theta_robo_ob = [-2.1273071004542166, -1.597329313146382, -1.3982936499473133, -1.2770298889303278, 0.10018057992763466]
16:32:23 apf.py[line:59] INFO psi = -0.8801297508561247
16:32:23 apf.py[line:60] INFO tan(psi_hat) = [-0.09585735408874138, -0.16225083616205715]
16:32:23 apf.py[line:62] INFO psi_hat = -2.6079673332126516
16:32:23 apf.py[line:65] INFO term1 = 1.8 * cos(-2.016902483604608 - -0.8801297508561247) + 0.04 * 4.800654952512058 = 0.9489707072750626
16:32:23 apf.py[line:69] INFO term1 = 0.9489707072750626
16:32:23 apf.py[line:73] INFO theta_term_tmp = 1.8 * sin(-2.016902483604608 - -2.6079673332126516)/1.3808108414314544 = 0.7264151840446965
16:32:23 apf.py[line:78] INFO [v, theta] = [1.3808108414314544, -1.7948759935563987]
16:32:23 apf.py[line:161] INFO 
16:32:23 apf.py[line:162] INFO 468
16:32:23 apf.py[line:84] INFO [ 4.19407404  8.72687566  0.58619353  0.9499386  -0.1893652 ]
16:32:23 apf.py[line:85] INFO [array([0., 2.]), array([4., 2.]), array([5., 4.]), array([5., 6.]), array([7., 9.])]
16:32:23 apf.py[line:49] INFO n = [0.00011114 0.0007761  0.00497401 0.04078615 0.0421214 ]
16:32:23 apf.py[line:50] INFO beta = [0.00457497 0.02712087 0.12384902 0.60221532 0.61661759]
16:32:23 apf.py[line:58] INFO theta_robo_ob = [-2.128302033403133, -1.5996388730821198, -1.4019215577721613, -1.283427807658878, 0.09703271475044392]
16:32:23 apf.py[line:59] INFO psi = -0.8907986691096037
16:32:23 apf.py[line:60] INFO tan(psi_hat) = [-0.10671311728522431, -0.17322459506484222]
16:32:23 apf.py[line:62] INFO psi_hat = -2.589463124316809
16:32:23 apf.py[line:65] INFO term1 = 1.8 * cos(-2.0043361129902486 - -0.8907986691096037) + 0.04 * 4.814495834291952 = 0.9872622966560255
16:32:23 apf.py[line:69] INFO term1 = 0.9872622966560255
16:32:23 apf.py[line:73] INFO theta_term_tmp = 1.8 * sin(-2.0043361129902486 - -2.589463124316809)/1.401078170000876 = 0.7095603264994563
16:32:23 apf.py[line:78] INFO [v, theta] = [1.401078170000876, -1.8005890759808376]
16:32:23 apf.py[line:161] INFO 
16:32:23 apf.py[line:162] INFO 469
16:32:23 apf.py[line:84] INFO [ 4.21019672  8.73744592  0.58031183  0.9639386  -0.29408496]
16:32:23 apf.py[line:85] INFO [array([0., 2.]), array([4., 2.]), array([5., 4.]), array([5., 6.]), array([7., 9.])]
16:32:23 apf.py[line:49] INFO n = [0.00010521 0.00076674 0.004938   0.0404843  0.04309121]
16:32:23 apf.py[line:50] INFO beta = [0.00432703 0.02675629 0.12277717 0.59712406 0.62509582]
16:32:23 apf.py[line:58] INFO theta_robo_ob = [-2.129320181235348, -1.6019844898533306, -1.4056006258867104, -1.2899061888511143, 0.09383565624801014]
16:32:23 apf.py[line:59] INFO psi = -0.901418210096326
16:32:23 apf.py[line:60] INFO tan(psi_hat) = [-0.11753725669595, -0.18443951072054499]
16:32:23 apf.py[line:62] INFO psi_hat = -2.5742205509116958
16:32:23 apf.py[line:65] INFO term1 = 1.8 * cos(-1.9917697423758893 - -0.901418210096326) + 0.04 * 4.8291477927093664 = 1.025078500294383
16:32:23 apf.py[line:69] INFO term1 = 1.025078500294383
16:32:23 apf.py[line:73] INFO theta_term_tmp = 1.8 * sin(-1.9917697423758893 - -2.5742205509116958)/1.4251819607576406 = 0.6947394542756777
16:32:23 apf.py[line:78] INFO [v, theta] = [1.4251819607576406, -1.806162954128616]
16:32:23 apf.py[line:161] INFO 
16:32:23 apf.py[line:162] INFO 470
16:32:23 apf.py[line:84] INFO [ 4.22663857  8.74803889  0.57233573  0.9779386  -0.39880471]
16:32:23 apf.py[line:85] INFO [array([0., 2.]), array([4., 2.]), array([5., 4.]), array([5., 6.]), array([7., 9.])]
16:32:23 apf.py[line:49] INFO n = [9.92815630e-05 7.57403708e-04 4.90209604e-03 4.01822992e-02
 4.41059149e-02]
16:32:23 apf.py[line:50] INFO beta = [0.00407944 0.02638976 0.12169352 0.59196219 0.63383148]
16:32:23 apf.py[line:58] INFO theta_robo_ob = [-2.130366309244296, -1.6043695493840215, -1.409334045426358, -1.2964685372470686, 0.09060171784727646]
16:32:23 apf.py[line:59] INFO psi = -0.9119827425172002
16:32:23 apf.py[line:60] INFO tan(psi_hat) = [-0.1282966879935112, -0.1959275239558359]
16:32:23 apf.py[line:62] INFO psi_hat = -2.5618385393412297
16:32:23 apf.py[line:65] INFO term1 = 1.8 * cos(-1.97920337176153 - -0.9119827425172002) + 0.04 * 4.844561188737237 = 1.0623912339027817
16:32:23 apf.py[line:69] INFO term1 = 1.0623912339027817
16:32:23 apf.py[line:73] INFO theta_term_tmp = 1.8 * sin(-1.97920337176153 - -2.5618385393412297)/1.452439898008973 = 0.6818920718656978
16:32:23 apf.py[line:78] INFO [v, theta] = [1.452439898008973, -1.8114922819079493]
16:32:23 apf.py[line:161] INFO 
16:32:23 apf.py[line:162] INFO 471
16:32:23 apf.py[line:84] INFO [ 4.24342316  8.75861502  0.56226524  0.9919386  -0.50352447]
16:32:23 apf.py[line:85] INFO [array([0., 2.]), array([4., 2.]), array([5., 4.]), array([5., 6.]), array([7., 9.])]
16:32:23 apf.py[line:49] INFO n = [9.33766506e-05 7.48118145e-04 4.86649006e-03 3.98822486e-02
 4.51691872e-02]
16:32:23 apf.py[line:50] INFO beta = [0.00383267 0.02602268 0.12060349 0.58676162 0.64285604]
16:32:23 apf.py[line:58] INFO theta_robo_ob = [-2.1314452910052673, -1.6067974870783788, -1.4131250577390597, -1.3031185258668732, 0.0873441368041957]
16:32:23 apf.py[line:59] INFO psi = -0.9224869403071246
16:32:23 apf.py[line:60] INFO tan(psi_hat) = [-0.13895922546118433, -0.20772229614711968]
16:32:23 apf.py[line:62] INFO psi_hat = -2.551999653640856
16:32:23 apf.py[line:65] INFO term1 = 1.8 * cos(-1.9666370011471708 - -0.9224869403071246) + 0.04 * 4.8606839442255305 = 1.0991737384999647
16:32:23 apf.py[line:69] INFO term1 = 1.0991737384999647
16:32:23 apf.py[line:73] INFO theta_term_tmp = 1.8 * sin(-1.9666370011471708 - -2.551999653640856)/1.4823020007691305 = 0.6709179696754295
16:32:23 apf.py[line:78] INFO [v, theta] = [1.4823020007691305, -1.8165536209682986]
16:32:23 apf.py[line:161] INFO 
16:32:23 apf.py[line:162] INFO 472
16:32:23 apf.py[line:84] INFO [ 4.26057385  8.76913257  0.55010036  1.0059386  -0.60824422]
16:32:23 apf.py[line:85] INFO [array([0., 2.]), array([4., 2.]), array([5., 4.]), array([5., 6.]), array([7., 9.])]
16:32:23 apf.py[line:49] INFO n = [8.74995963e-05 7.38917808e-04 4.83136336e-03 3.95862470e-02
 4.62850289e-02]
16:32:23 apf.py[line:50] INFO beta = [0.00358718 0.02565647 0.11951253 0.5815542  0.65220347]
16:32:23 apf.py[line:58] INFO theta_robo_ob = [-2.1325620884622114, -1.6092717521352835, -1.41697690324491, -1.3098599175523675, 0.08407716257690977]
16:32:23 apf.py[line:59] INFO psi = -0.9329257365615624
16:32:23 apf.py[line:60] INFO tan(psi_hat) = [-0.14949372243213133, -0.2198592263591173]
16:32:23 apf.py[line:62] INFO psi_hat = -2.544448813541237
16:32:23 apf.py[line:65] INFO term1 = 1.8 * cos(-1.9540706305328115 - -0.9329257365615624) + 0.04 * 4.877461594329639 = 1.1354005269860241
16:32:23 apf.py[line:69] INFO term1 = 1.1354005269860241
16:32:23 apf.py[line:73] INFO theta_term_tmp = 1.8 * sin(-1.9540706305328115 - -2.544448813541237)/1.5143213824461557 = 0.6616927073687441
16:32:23 apf.py[line:78] INFO [v, theta] = [1.5143213824461557, -1.8213746753091935]
16:32:23 apf.py[line:161] INFO 
16:32:23 apf.py[line:162] INFO 473
16:32:23 apf.py[line:84] INFO [ 4.27811352  8.77954745  0.53584108  1.0199386  -0.71296398]
16:32:23 apf.py[line:85] INFO [array([0., 2.]), array([4., 2.]), array([5., 4.]), array([5., 6.]), array([7., 9.])]
16:32:23 apf.py[line:49] INFO n = [8.16590089e-05 7.29834858e-04 4.79690314e-03 3.92964082e-02
 4.74577913e-02]
16:32:23 apf.py[line:50] INFO beta = [0.00334342 0.02529252 0.11842609 0.57637178 0.66191019]
16:32:23 apf.py[line:58] INFO theta_robo_ob = [-2.1337217302060707, -1.6117957697031702, -1.4208927675363447, -1.3166964827942764, 0.08081615250629669]
16:32:23 apf.py[line:59] INFO psi = -0.9432942723527554
16:32:23 apf.py[line:60] INFO tan(psi_hat) = [-0.1598702090449572, -0.2323754583645864]
16:32:23 apf.py[line:62] INFO psi_hat = -2.53897785806765
16:32:23 apf.py[line:65] INFO term1 = 1.8 * cos(-1.9415042599184522 - -0.9432942723527554) + 0.04 * 4.894837339567461 = 1.1710473229585374
16:32:23 apf.py[line:69] INFO term1 = 1.1710473229585374
16:32:23 apf.py[line:73] INFO theta_term_tmp = 1.8 * sin(-1.9415042599184522 - -2.53897785806765)/1.5481313094404885 = 0.6540788713548713
16:32:23 apf.py[line:78] INFO [v, theta] = [1.5481313094404885, -1.8260136170682006]
16:32:23 apf.py[line:161] INFO 
16:32:23 apf.py[line:162] INFO 474
16:32:23 apf.py[line:84] INFO [ 4.29606422  8.78981313  0.5194874   1.0339386  -0.81768373]
16:32:23 apf.py[line:85] INFO [array([0., 2.]), array([4., 2.]), array([5., 4.]), array([5., 6.]), array([7., 9.])]
16:32:23 apf.py[line:49] INFO n = [7.58637863e-05 7.20902109e-04 4.76329985e-03 3.90148621e-02
 4.86921920e-02]
16:32:23 apf.py[line:50] INFO beta = [0.00310187 0.02493227 0.11734966 0.57124608 0.67201509]
16:32:23 apf.py[line:58] INFO theta_robo_ob = [-2.1349292876512793, -1.614372900692794, -1.424875724562887, -1.323631913751383, 0.07757767447374622]
16:32:23 apf.py[line:59] INFO psi = -0.95358784077078
16:32:23 apf.py[line:60] INFO tan(psi_hat) = [-0.1700600315669283, -0.2453098727297096]
16:32:23 apf.py[line:62] INFO psi_hat = -2.535414127944281
16:32:23 apf.py[line:65] INFO term1 = 1.8 * cos(-1.928937889304093 - -0.95358784077078) + 0.04 * 4.912752100248557 = 1.206090994025919
16:32:23 apf.py[line:69] INFO term1 = 1.206090994025919
16:32:23 apf.py[line:73] INFO theta_term_tmp = 1.8 * sin(-1.928937889304093 - -2.535414127944281)/1.5834271709477343 = 0.6479339350960538
16:32:23 apf.py[line:78] INFO [v, theta] = [1.5834271709477343, -1.830545282554556]
16:32:23 apf.py[line:161] INFO 
16:32:23 apf.py[line:162] INFO 475
16:32:23 apf.py[line:84] INFO [ 4.31444682  8.79988041  0.50103933  1.0479386  -0.92240349]
16:32:23 apf.py[line:85] INFO [array([0., 2.]), array([4., 2.]), array([5., 4.]), array([5., 6.]), array([7., 9.])]
16:32:23 apf.py[line:49] INFO n = [7.01231612e-05 7.12153111e-04 4.73074765e-03 3.87437580e-02
 4.99933328e-02]
16:32:23 apf.py[line:50] INFO beta = [0.00286298 0.02457711 0.11628873 0.56620876 0.68255957]
16:32:23 apf.py[line:58] INFO theta_robo_ob = [-2.136189848816969, -1.6170063990634282, -1.4289286767315394, -1.330669734310977, 0.07437961604108366]
16:32:23 apf.py[line:59] INFO psi = -0.9638018265164752
16:32:23 apf.py[line:60] INFO tan(psi_hat) = [-0.18003599793087538, -0.2587030579683782]
16:32:23 apf.py[line:62] INFO psi_hat = -2.5336118475717115
16:32:23 apf.py[line:65] INFO term1 = 1.8 * cos(-1.9163715186897337 - -0.9638018265164752) + 0.04 * 4.93114457640293 = 1.2405094818779605
16:32:23 apf.py[line:69] INFO term1 = 1.2405094818779605
16:32:23 apf.py[line:73] INFO theta_term_tmp = 1.8 * sin(-1.9163715186897337 - -2.5336118475717115)/1.619952246246057 = 0.6431155286298775
16:32:23 apf.py[line:78] INFO [v, theta] = [1.619952246246057, -1.8350520020751682]
16:32:23 apf.py[line:161] INFO 
16:32:23 apf.py[line:162] INFO 476
16:32:23 apf.py[line:84] INFO [ 4.33328062  8.80969739  0.48049687  1.0619386  -1.02712324]
16:32:23 apf.py[line:85] INFO [array([0., 2.]), array([4., 2.]), array([5., 4.]), array([5., 6.]), array([7., 9.])]
16:32:23 apf.py[line:49] INFO n = [6.44467442e-05 7.03622240e-04 4.69944485e-03 3.84852711e-02
 5.13667144e-02]
16:32:23 apf.py[line:50] INFO beta = [0.00262721 0.02422847 0.11524879 0.56129139 0.69358743]
16:32:23 apf.py[line:58] INFO theta_robo_ob = [-2.1375084894233654, -1.61969936640053, -1.4330542917459212, -1.337813205986218, 0.07124129936595512]
16:32:23 apf.py[line:59] INFO psi = -0.9739316413664989
16:32:23 apf.py[line:60] INFO tan(psi_hat) = [-0.18977253447295195, -0.27259725326478756]
16:32:23 apf.py[line:62] INFO psi_hat = -2.5334454815783856
16:32:23 apf.py[line:65] INFO term1 = 1.8 * cos(-1.9038051480753744 - -0.9739316413664989) + 0.04 * 4.949951316719333 = 1.274281731356513
16:32:23 apf.py[line:69] INFO term1 = 1.274281731356513
16:32:23 apf.py[line:73] INFO theta_term_tmp = 1.8 * sin(-1.9038051480753744 - -2.5334454815783856)/1.657486403616719 = 0.6394848106396833
16:32:23 apf.py[line:78] INFO [v, theta] = [1.657486403616719, -1.839617521052038]
16:32:24 apf.py[line:161] INFO 
16:32:24 apf.py[line:162] INFO 477
16:32:24 apf.py[line:84] INFO [ 4.35258297  8.81920932  0.45786001  1.0759386  -1.131843  ]
16:32:24 apf.py[line:85] INFO [array([0., 2.]), array([4., 2.]), array([5., 4.]), array([5., 6.]), array([7., 9.])]
16:32:24 apf.py[line:49] INFO n = [5.88445624e-05 6.95344779e-04 4.66959438e-03 3.82416088e-02
 5.28182487e-02]
16:32:24 apf.py[line:50] INFO beta = [0.00239503 0.02388777 0.11423538 0.55652548 0.70514484]
16:32:24 apf.py[line:58] INFO theta_robo_ob = [-2.1388902410219517, -1.6224547036100883, -1.437254936004115, -1.345065229395569, 0.06818360091577598]
16:32:24 apf.py[line:59] INFO psi = -0.9839726558271017
16:32:24 apf.py[line:60] INFO tan(psi_hat) = [-0.19924585912954423, -0.2870362533656758]
16:32:24 apf.py[line:62] INFO psi_hat = -2.5348045007970486
16:32:24 apf.py[line:65] INFO term1 = 1.8 * cos(-1.891238777461015 - -0.9839726558271017) + 0.04 * 4.969106800383015 = 1.307387620734724
16:32:24 apf.py[line:69] INFO term1 = 1.307387620734724
16:32:24 apf.py[line:73] INFO theta_term_tmp = 1.8 * sin(-1.891238777461015 - -2.5348045007970486)/1.6958370710982837 = 0.6369084985195345
16:32:24 apf.py[line:78] INFO [v, theta] = [1.6958370710982837, -1.844322955211366]
16:32:24 apf.py[line:161] INFO 
16:32:24 apf.py[line:162] INFO 478
16:32:24 apf.py[line:84] INFO [ 4.37236878  8.82835854  0.43312876  1.0899386  -1.23656275]
16:32:24 apf.py[line:85] INFO [array([0., 2.]), array([4., 2.]), array([5., 4.]), array([5., 6.]), array([7., 9.])]
16:32:24 apf.py[line:49] INFO n = [5.33270939e-05 6.87357010e-04 4.64140435e-03 3.80150191e-02
 5.43542670e-02]
16:32:24 apf.py[line:50] INFO beta = [0.00216692 0.02355644 0.11325403 0.55194252 0.71728026]
16:32:24 apf.py[line:58] INFO theta_robo_ob = [-2.140340055890353, -1.6252750595668546, -1.44153260437704, -1.3524282410217676, 0.06522907466032843]
16:32:24 apf.py[line:59] INFO psi = -0.9939201272944074
16:32:24 apf.py[line:60] INFO tan(psi_hat) = [-0.20843417652279245, -0.30206526387053567]
16:32:24 apf.py[line:62] INFO psi_hat = -2.5375891667857418
16:32:24 apf.py[line:65] INFO term1 = 1.8 * cos(-1.8786724068466558 - -0.9939201272944074) + 0.04 * 4.9885435360788435 = 1.3398078953637436
16:32:24 apf.py[line:69] INFO term1 = 1.3398078953637436
16:32:24 apf.py[line:73] INFO theta_term_tmp = 1.8 * sin(-1.8786724068466558 - -2.5375891667857418)/1.7348319842950108 = 0.6352599814378165
16:32:24 apf.py[line:78] INFO [v, theta] = [1.7348319842950108, -1.8492440599184858]
16:32:24 apf.py[line:161] INFO 
16:32:24 apf.py[line:162] INFO 479
16:32:24 apf.py[line:84] INFO [ 4.39265008  8.83708443  0.4063031   1.1039386  -1.34128251]
16:32:24 apf.py[line:85] INFO [array([0., 2.]), array([4., 2.]), array([5., 4.]), array([5., 6.]), array([7., 9.])]
16:32:24 apf.py[line:49] INFO n = [4.79052982e-05 6.79696301e-04 4.61508862e-03 3.78078001e-02
 5.59815208e-02]
16:32:24 apf.py[line:50] INFO beta = [0.00194334 0.02323592 0.11231027 0.54757408 0.73004421]
16:32:24 apf.py[line:58] INFO theta_robo_ob = [-2.1418627684396734, -1.6281627765706153, -1.445888846196167, -1.3599041049024687, 0.06240207699034914]
16:32:24 apf.py[line:59] INFO psi = -1.0037691250467864
16:32:24 apf.py[line:60] INFO tan(psi_hat) = [-0.21731790038643134, -0.31773069221124695]
16:32:24 apf.py[line:62] INFO psi_hat = -2.541707063160326
16:32:24 apf.py[line:65] INFO term1 = 1.8 * cos(-1.8661060362322965 - -1.0037691250467864) + 0.04 * 5.0081921827959235 = 1.3715241067830886
16:32:24 apf.py[line:69] INFO term1 = 1.3715241067830886
16:32:24 apf.py[line:73] INFO theta_term_tmp = 1.8 * sin(-1.8661060362322965 - -2.541707063160326)/1.774313346323992 = 0.6344198311147897
16:32:24 apf.py[line:78] INFO [v, theta] = [1.774313346323992, -1.8544493274110232]
16:32:24 apf.py[line:161] INFO 
16:32:24 apf.py[line:162] INFO 480
16:32:24 apf.py[line:84] INFO [ 4.41343551  8.84532339  0.37738306  1.1179386  -1.44600226]
16:32:24 apf.py[line:85] INFO [array([0., 2.]), array([4., 2.]), array([5., 4.]), array([5., 6.]), array([7., 9.])]
16:32:24 apf.py[line:49] INFO n = [4.25906424e-05 6.72401192e-04 4.59086740e-03 3.76223108e-02
 5.77071747e-02]
16:32:24 apf.py[line:50] INFO beta = [0.0017248  0.02292764 0.11140971 0.5434518  0.74348907]
16:32:24 apf.py[line:58] INFO theta_robo_ob = [-2.1434630529033374, -1.631119832486852, -1.4503246872918083, -1.3674939988613655, 0.05972889106708678]
16:32:24 apf.py[line:59] INFO psi = -1.0135144524111293
16:32:24 apf.py[line:60] INFO tan(psi_hat) = [-0.22587990858274054, -0.3340798560178959]
16:32:24 apf.py[line:62] INFO psi_hat = -2.5470701852603477
16:32:24 apf.py[line:65] INFO term1 = 1.8 * cos(-1.8535396656179373 - -1.0135144524111293) + 0.04 * 5.02798169743083 = 1.4025185593159448
16:32:24 apf.py[line:69] INFO term1 = 1.4025185593159448
16:32:24 apf.py[line:73] INFO theta_term_tmp = 1.8 * sin(-1.8535396656179373 - -2.5470701852603477)/1.814133136275568 = 0.6342759374381197
16:32:24 apf.py[line:78] INFO [v, theta] = [1.814133136275568, -1.8599985876697416]
16:32:24 apf.py[line:161] INFO 
16:32:24 apf.py[line:162] INFO 481
16:32:24 apf.py[line:84] INFO [ 4.43472981  8.8530089   0.34636862  1.1319386  -1.55072202]
16:32:24 apf.py[line:85] INFO [array([0., 2.]), array([4., 2.]), array([5., 4.]), array([5., 6.]), array([7., 9.])]
16:32:24 apf.py[line:49] INFO n = [3.73951237e-05 6.65511482e-04 4.56896794e-03 3.74609836e-02
 5.95387868e-02]
16:32:24 apf.py[line:50] INFO beta = [0.00151177 0.02263307 0.11055794 0.53960758 0.75766873]
16:32:24 apf.py[line:58] INFO theta_robo_ob = [-2.1451453771024527, -1.6341477794758736, -1.4548405479415505, -1.3751982948470474, 0.05723784763294886]
16:32:24 apf.py[line:59] INFO psi = -1.0231505664713945
16:32:24 apf.py[line:60] INFO tan(psi_hat) = [-0.23410583542872382, -0.3511605862220917]
16:32:24 apf.py[line:62] INFO psi_hat = -2.5535924593041313
16:32:24 apf.py[line:65] INFO term1 = 1.8 * cos(-1.840973295003578 - -1.0231505664713945) + 0.04 * 5.047839514534098 = 1.4327742660838167
16:32:24 apf.py[line:69] INFO term1 = 1.4327742660838167
16:32:24 apf.py[line:73] INFO theta_term_tmp = 1.8 * sin(-1.840973295003578 - -2.5535924593041313)/1.8541493809953715 = 0.6347234290915732
16:32:24 apf.py[line:78] INFO [v, theta] = [1.8541493809953715, -1.8659419015817595]
16:32:24 apf.py[line:161] INFO 
16:32:24 apf.py[line:162] INFO 482
16:32:24 apf.py[line:84] INFO [ 4.45653322  8.86007158  0.31325978  1.1459386  -1.65544177]
16:32:24 apf.py[line:85] INFO [array([0., 2.]), array([4., 2.]), array([5., 4.]), array([5., 6.]), array([7., 9.])]
16:32:24 apf.py[line:49] INFO n = [3.23312872e-05 6.59068319e-04 4.54962517e-03 3.73263382e-02
 6.14842723e-02]
16:32:24 apf.py[line:50] INFO beta = [0.00130477 0.02235365 0.10976062 0.53607361 0.77263817]
16:32:24 apf.py[line:58] INFO theta_robo_ob = [-2.1469139521134624, -1.6372476792482085, -1.4594361566132552, -1.3830164329070942, 0.054959438480044205]
16:32:24 apf.py[line:59] INFO psi = -1.0326714957267207
16:32:24 apf.py[line:60] INFO tan(psi_hat) = [-0.24198440503248853, -0.36902069707150725]
16:32:24 apf.py[line:62] INFO psi_hat = -2.5611876060965124
16:32:24 apf.py[line:65] INFO term1 = 1.8 * cos(-1.8284069243892187 - -1.0326714957267207) + 0.04 * 5.067691763872818 = 1.4622749162753879
16:32:24 apf.py[line:69] INFO term1 = 1.4622749162753879
16:32:24 apf.py[line:73] INFO theta_term_tmp = 1.8 * sin(-1.8284069243892187 - -2.5611876060965124)/1.8942232649912798 = 0.6356644894098903
16:32:24 apf.py[line:78] INFO [v, theta] = [1.8942232649912798, -1.8723186146958017]
16:32:24 apf.py[line:161] INFO 
16:32:24 apf.py[line:162] INFO 483
16:32:24 apf.py[line:84] INFO [ 4.47884094  8.86643935  0.27805655  1.1599386  -1.76016153]
16:32:24 apf.py[line:85] INFO [array([0., 2.]), array([4., 2.]), array([5., 4.]), array([5., 6.]), array([7., 9.])]
16:32:24 apf.py[line:49] INFO n = [2.74122414e-05 6.53114277e-04 4.53308248e-03 3.72209972e-02
 6.35518465e-02]
16:32:24 apf.py[line:50] INFO beta = [0.00110432 0.02209088 0.10902344 0.53288251 0.78845276]
16:32:24 apf.py[line:58] INFO theta_robo_ob = [-2.148772677699504, -1.6404200348243347, -1.464110459419436, -1.3909467882872704, 0.05292641775318208]
16:32:24 apf.py[line:59] INFO psi = -1.042070756159919
16:32:24 apf.py[line:60] INFO tan(psi_hat) = [-0.24950780763009991, -0.38770728916788444]
16:32:24 apf.py[line:62] INFO psi_hat = -2.5697672976215116
16:32:24 apf.py[line:65] INFO term1 = 1.8 * cos(-1.8158405537748594 - -1.042070756159919) + 0.04 * 5.087463531783518 = 1.4910048553909154
16:32:24 apf.py[line:69] INFO term1 = 1.4910048553909154
16:32:24 apf.py[line:73] INFO theta_term_tmp = 1.8 * sin(-1.8158405537748594 - -2.5697672976215116)/1.9342169979631092 = 0.6370081409022508
16:32:24 apf.py[line:78] INFO [v, theta] = [1.9342169979631092, -1.879156497125717]
16:32:24 apf.py[line:161] INFO 
16:32:24 apf.py[line:162] INFO 484
16:32:24 apf.py[line:84] INFO [ 4.50164252  8.87203762  0.24075893  1.1739386  -1.86488128]
16:32:24 apf.py[line:85] INFO [array([0., 2.]), array([4., 2.]), array([5., 4.]), array([5., 6.]), array([7., 9.])]
16:32:24 apf.py[line:49] INFO n = [2.26516692e-05 6.47693449e-04 4.51959245e-03 3.71477035e-02
 6.57499398e-02]
16:32:24 apf.py[line:50] INFO beta = [0.00091093 0.02184623 0.10835216 0.53006751 0.80516755]
16:32:24 apf.py[line:58] INFO theta_robo_ob = [-2.1507250834076395, -1.6436647188244125, -1.468861525241004, -1.3989865311110177, 0.05117388502673289]
16:32:24 apf.py[line:59] INFO psi = -1.051341266247671
16:32:24 apf.py[line:60] INFO tan(psi_hat) = [-0.2566721182300725, -0.40726584470055066]
16:32:24 apf.py[line:62] INFO psi_hat = -2.579239580730864
16:32:24 apf.py[line:65] INFO term1 = 1.8 * cos(-1.8032741831605001 - -1.051341266247671) + 0.04 * 5.107079172554194 = 1.5189490800536016
16:32:24 apf.py[line:69] INFO term1 = 1.5189490800536016
16:32:24 apf.py[line:73] INFO theta_term_tmp = 1.8 * sin(-1.8032741831605001 - -2.579239580730864)/1.9739923909102084 = 0.6386700449881468
16:32:24 apf.py[line:78] INFO [v, theta] = [1.9739923909102084, -1.886470937389213]
16:32:24 apf.py[line:161] INFO 
16:32:24 apf.py[line:162] INFO 485
16:32:24 apf.py[line:84] INFO [ 4.52492122  8.87678958  0.20136691  1.1879386  -1.96960104]
16:32:24 apf.py[line:85] INFO [array([0., 2.]), array([4., 2.]), array([5., 4.]), array([5., 6.]), array([7., 9.])]
16:32:24 apf.py[line:49] INFO n = [1.80638376e-05 6.42851518e-04 4.50941764e-03 3.71093397e-02
 6.80870778e-02]
16:32:24 apf.py[line:50] INFO beta = [7.25162642e-04 2.16212193e-02 1.07752581e-01 5.27662504e-01
 8.22836171e-01]
16:32:24 apf.py[line:58] INFO theta_robo_ob = [-2.1527742652801067, -1.6469808983695833, -1.473686446530137, -1.4071314780642332, 0.049739342610996606]
16:32:24 apf.py[line:59] INFO psi = -1.0604752615340158
16:32:24 apf.py[line:60] INFO tan(psi_hat) = [-0.26347775285564506, -0.42773906633276915]
16:32:24 apf.py[line:62] INFO psi_hat = -2.5895075626417605
16:32:24 apf.py[line:65] INFO term1 = 1.8 * cos(-1.7907078125461409 - -1.0604752615340158) + 0.04 * 5.126462676290427 = 1.5460932488303534
16:32:24 apf.py[line:69] INFO term1 = 1.5460932488303534
16:32:24 apf.py[line:73] INFO theta_term_tmp = 1.8 * sin(-1.7907078125461409 - -2.5895075626417605)/2.013410111263118 = 0.6405723438035579
16:32:24 apf.py[line:78] INFO [v, theta] = [2.013410111263118, -1.8942641900248347]
16:32:24 apf.py[line:161] INFO 
16:32:24 apf.py[line:162] INFO 486
16:32:24 apf.py[line:84] INFO [ 4.54865341  8.88061656  0.15988049  1.2019386  -2.07432079]
16:32:24 apf.py[line:85] INFO [array([0., 2.]), array([4., 2.]), array([5., 4.]), array([5., 6.]), array([7., 9.])]
16:32:24 apf.py[line:49] INFO n = [1.36636042e-05 6.38635844e-04 4.50283145e-03 3.71089499e-02
 7.05717158e-02]
16:32:24 apf.py[line:50] INFO beta = [5.47563786e-04 2.14173717e-02 1.07230604e-01 5.25702307e-01
 8.41509506e-01]
16:32:24 apf.py[line:58] INFO theta_robo_ob = [-2.154922818179352, -1.6503669567418582, -1.4785812358666826, -1.4153759354869082, 0.04866271778731899]
16:32:24 apf.py[line:59] INFO psi = -1.0694642095016467
16:32:24 apf.py[line:60] INFO tan(psi_hat) = [-0.26992995186904645, -0.449165402972305]
16:32:24 apf.py[line:62] INFO psi_hat = -2.6004683692565997
16:32:24 apf.py[line:65] INFO term1 = 1.8 * cos(-1.7781414419317816 - -1.0694642095016467) + 0.04 * 5.145538099872832 = 1.572423710332476
16:32:24 apf.py[line:69] INFO term1 = 1.572423710332476
16:32:24 apf.py[line:73] INFO theta_term_tmp = 1.8 * sin(-1.7781414419317816 - -2.6004683692565997)/2.052329595813924 = 0.6426435564518714
16:32:24 apf.py[line:78] INFO [v, theta] = [2.052329595813924, -1.9025247017687397]
16:32:24 apf.py[line:161] INFO 
16:32:24 apf.py[line:162] INFO 487
16:32:24 apf.py[line:84] INFO [ 4.5728031   8.88347934  0.11799259  1.2159386  -2.0943951 ]
16:32:24 apf.py[line:85] INFO [array([0., 2.]), array([4., 2.]), array([5., 4.]), array([5., 6.]), array([7., 9.])]
16:32:24 apf.py[line:49] INFO n = [9.45807622e-06 6.35065665e-04 4.49994615e-03 3.71477855e-02
 7.32117015e-02]
16:32:24 apf.py[line:50] INFO beta = [3.78374209e-04 2.12351986e-02 1.06788196e-01 5.24198380e-01
 8.61224899e-01]
16:32:24 apf.py[line:58] INFO theta_robo_ob = [-2.1571695410080407, -1.6538192269015144, -1.483540467431333, -1.423712956022741, 0.04796943690644852]
16:32:24 apf.py[line:59] INFO psi = -1.0783016481400358
16:32:24 apf.py[line:60] INFO tan(psi_hat) = [-0.2760550616332025, -0.4715675567303399]
16:32:24 apf.py[line:62] INFO psi_hat = -2.6119785488197165
16:32:24 apf.py[line:65] INFO term1 = 1.8 * cos(-1.7655750713174223 - -1.0783016481400358) + 0.04 * 5.164268370900937 = 1.597932419261144
16:32:24 apf.py[line:69] INFO term1 = 1.597932419261144
16:32:24 apf.py[line:73] INFO theta_term_tmp = 1.8 * sin(-1.7655750713174223 - -2.6119785488197165)/2.0905872839983015 = 0.6448060997784849
16:32:24 apf.py[line:78] INFO [v, theta] = [2.0905872839983015, -1.9112089738979847]
16:32:24 apf.py[line:161] INFO 
16:32:24 apf.py[line:162] INFO 488
16:32:24 apf.py[line:84] INFO [ 4.59733067  8.88534962  0.07610469  1.2299386  -2.0943951 ]
16:32:24 apf.py[line:85] INFO [array([0., 2.]), array([4., 2.]), array([5., 4.]), array([5., 6.]), array([7., 9.])]
16:32:24 apf.py[line:49] INFO n = [5.45215761e-06 6.32153526e-04 4.50083865e-03 3.72267540e-02
 7.60148334e-02]
16:32:24 apf.py[line:50] INFO beta = [2.17741701e-04 2.10749644e-02 1.06426417e-01 5.23157226e-01
 8.82015754e-01]
16:32:24 apf.py[line:58] INFO theta_robo_ob = [-2.1595122384612626, -1.6573335223060406, -1.4885583714900745, -1.4321353723751193, 0.04768175071223223]
16:32:24 apf.py[line:59] INFO psi = -1.0869817189207331
16:32:24 apf.py[line:60] INFO tan(psi_hat) = [-0.2818872222544223, -0.49496321698131174]
16:32:24 apf.py[line:62] INFO psi_hat = -2.623892943092996
16:32:24 apf.py[line:65] INFO term1 = 1.8 * cos(-1.753008700703063 - -1.0869817189207331) + 0.04 * 5.182626390597799 = 1.6226138468183242
16:32:24 apf.py[line:69] INFO term1 = 1.6226138468183242
16:32:24 apf.py[line:73] INFO theta_term_tmp = 1.8 * sin(-1.753008700703063 - -2.623892943092996)/2.1280279991252784 = 0.646992369726251
16:32:24 apf.py[line:78] INFO [v, theta] = [2.1280279991252784, -1.9202595911643434]
16:32:24 apf.py[line:161] INFO 
16:32:24 apf.py[line:162] INFO 489
16:32:24 apf.py[line:84] INFO [ 4.62219487  8.88620072  0.03421678  1.2439386  -2.0943951 ]
16:32:24 apf.py[line:85] INFO [array([0., 2.]), array([4., 2.]), array([5., 4.]), array([5., 6.]), array([7., 9.])]
16:32:24 apf.py[line:49] INFO n = [1.65044901e-06 6.29912250e-04 4.50559115e-03 3.73468873e-02
 7.89889068e-02]
16:32:24 apf.py[line:50] INFO beta = [6.58013730e-05 2.09369303e-02 1.06146372e-01 5.22586216e-01
 9.03913527e-01]
16:32:24 apf.py[line:58] INFO theta_robo_ob = [-2.1619485437227772, -1.6609055150446408, -1.4936290281218387, -1.440635887848137, 0.04782246818167932]
16:32:24 apf.py[line:59] INFO psi = -1.0954985785635523
16:32:24 apf.py[line:60] INFO tan(psi_hat) = [-0.28746459723581574, -0.5193672149988869]
16:32:24 apf.py[line:62] INFO psi_hat = -2.6360738742666885
16:32:24 apf.py[line:65] INFO term1 = 1.8 * cos(-1.7404423300887037 - -1.0954985785635523) + 0.04 * 5.200586058740646 = 1.6464638902629136
16:32:24 apf.py[line:69] INFO term1 = 1.6464638902629136
16:32:24 apf.py[line:73] INFO theta_term_tmp = 1.8 * sin(-1.7404423300887037 - -2.6360738742666885)/2.164512236345157 = 0.6491472394471657
16:32:24 apf.py[line:78] INFO [v, theta] = [2.164512236345157, -1.9296110502652615]
16:32:25 apf.py[line:161] INFO 
16:32:25 apf.py[line:162] INFO 490
16:32:25 apf.py[line:84] INFO [ 4.64735291e+00  8.88600773e+00 -7.67111735e-03  1.25793860e+00
 -2.09439510e+00]
16:32:25 apf.py[line:85] INFO [array([4., 2.]), array([5., 4.]), array([5., 6.]), array([7., 9.])]
16:32:25 apf.py[line:49] INFO n = [0.00062836 0.00451429 0.03750935 0.0821416 ]
16:32:25 apf.py[line:50] INFO beta = [0.02082136 0.10594921 0.52249368 0.92694692]
16:32:25 apf.py[line:58] INFO theta_robo_ob = [-1.6645307385047614, -1.4987463666132603, -1.449207068315205, 0.04841490677639259]
16:32:25 apf.py[line:59] INFO psi = -1.103846394650595
16:32:25 apf.py[line:60] INFO tan(psi_hat) = [-0.292765529641268, -0.5447473169841743]
16:32:25 apf.py[line:62] INFO psi_hat = -2.648448489045901
16:32:25 apf.py[line:65] INFO term1 = 1.8 * cos(-1.7278759594743445 - -1.103846394650595) + 0.04 * 5.2181223606029015 = 1.6694798601804854
16:32:25 apf.py[line:69] INFO term1 = 1.6694798601804854
16:32:25 apf.py[line:73] INFO theta_term_tmp = 1.8 * sin(-1.7278759594743445 - -2.648448489045901)/2.199957359495941 = 0.6512430820781069
16:32:25 apf.py[line:78] INFO [v, theta] = [2.199957359495941, -1.939227129724562]
16:32:25 apf.py[line:161] INFO 
16:32:25 apf.py[line:162] INFO 491
16:32:25 apf.py[line:84] INFO [ 4.67276044  8.88474753 -0.04955902  1.2719386  -2.0943951 ]
16:32:25 apf.py[line:85] INFO [array([4., 2.]), array([5., 4.]), array([5., 6.]), array([7., 9.])]
16:32:25 apf.py[line:49] INFO n = [0.0006275  0.00452703 0.03771546 0.08548031]
16:32:25 apf.py[line:50] INFO beta = [0.02072851 0.10583616 0.52288898 0.95114089]
16:32:25 apf.py[line:58] INFO theta_robo_ob = [-1.6682045897411866, -1.5039041642595896, -1.457841332952622, 0.04948282677583281]
16:32:25 apf.py[line:59] INFO psi = -1.1120193413619557
16:32:25 apf.py[line:60] INFO tan(psi_hat) = [-0.29785420606686136, -0.5711205850829494]
16:32:25 apf.py[line:62] INFO psi_hat = -2.660872954329299
16:32:25 apf.py[line:65] INFO term1 = 1.8 * cos(-1.7153095888599852 - -1.1120193413619557) + 0.04 * 5.235211454916995 = 1.6916604654279102
16:32:25 apf.py[line:69] INFO term1 = 1.6916604654279102
16:32:25 apf.py[line:73] INFO theta_term_tmp = 1.8 * sin(-1.7153095888599852 - -2.660872954329299)/2.234238351966092 = 0.6532374780655618
16:32:25 apf.py[line:78] INFO [v, theta] = [2.234238351966092, -1.94902050591825]
16:32:25 apf.py[line:161] INFO 
16:32:25 apf.py[line:162] INFO 492
16:32:25 apf.py[line:84] INFO [ 4.69837175  8.8823989  -0.09144692  1.2859386  -2.0943951 ]
16:32:25 apf.py[line:85] INFO [array([4., 2.]), array([5., 4.]), array([5., 6.]), array([7., 9.])]
16:32:25 apf.py[line:49] INFO n = [0.00062735 0.00454392 0.03796669 0.089012  ]
16:32:25 apf.py[line:50] INFO beta = [0.02065865 0.10580849 0.52378264 0.97651558]
16:32:25 apf.py[line:58] INFO theta_robo_ob = [-1.6719223315476905, -1.5090960445769308, -1.4665309437034542, 0.05105034712111749]
16:32:25 apf.py[line:59] INFO psi = -1.1200115953986263
16:32:25 apf.py[line:60] INFO tan(psi_hat) = [-0.30283691175316674, -0.5985235843257465]
16:32:25 apf.py[line:62] INFO psi_hat = -2.6731778861739124
16:32:25 apf.py[line:65] INFO term1 = 1.8 * cos(-1.702743218245626 - -1.1200115953986263) + 0.04 * 5.251830762765703 = 1.7130057959031928
16:32:25 apf.py[line:69] INFO term1 = 1.7130057959031928
16:32:25 apf.py[line:73] INFO theta_term_tmp = 1.8 * sin(-1.702743218245626 - -2.6731778861739124)/2.2672265272217844 = 0.6550895631882411
16:32:25 apf.py[line:78] INFO [v, theta] = [2.2672265272217844, -1.9588767315962086]
16:32:25 apf.py[line:161] INFO 
16:32:25 apf.py[line:162] INFO 493
16:32:25 apf.py[line:84] INFO [ 4.72413976  8.87894262 -0.13333482  1.2999386  -2.0943951 ]
16:32:25 apf.py[line:85] INFO [array([4., 2.]), array([5., 4.]), array([5., 6.]), array([7., 9.])]
16:32:25 apf.py[line:49] INFO n = [0.00062793 0.00456506 0.03826469 0.09274296]
16:32:25 apf.py[line:50] INFO beta = [0.02061206 0.10586758 0.52518639 1.00308491]
16:32:25 apf.py[line:58] INFO theta_robo_ob = [-1.6756790942335373, -1.5143154749321848, -1.475267993429262, 0.0531418399655012]
16:32:25 apf.py[line:59] INFO psi = -1.1278173321597704
16:32:25 apf.py[line:60] INFO tan(psi_hat) = [-0.30777003431266187, -0.6269483760548884]
16:32:25 apf.py[line:62] INFO psi_hat = -2.6852501269511064
16:32:25 apf.py[line:65] INFO term1 = 1.8 * cos(-1.6901768476312666 - -1.1278173321597704) + 0.04 * 5.267959057305204 = 1.7335173032764666
16:32:25 apf.py[line:69] INFO term1 = 1.7335173032764666
16:32:25 apf.py[line:73] INFO theta_term_tmp = 1.8 * sin(-1.6901768476312666 - -2.6852501269511064)/2.2988459921509237 = 0.6567808203111248
16:32:25 apf.py[line:78] INFO [v, theta] = [2.2988459921509237, -1.9687083527237266]
16:32:25 apf.py[line:161] INFO 
16:32:25 apf.py[line:162] INFO 494
16:32:25 apf.py[line:84] INFO [ 4.75001615  8.87436151 -0.17522273  1.3139386  -2.0943951 ]
16:32:25 apf.py[line:85] INFO [array([4., 2.]), array([5., 4.]), array([5., 6.]), array([7., 9.])]
16:32:25 apf.py[line:49] INFO n = [0.00062925 0.00459057 0.03861129 0.09667857]
16:32:25 apf.py[line:50] INFO beta = [0.02058902 0.10601488 0.52711333 1.03085515]
16:32:25 apf.py[line:58] INFO theta_robo_ob = [-1.6794698771093517, -1.5195557635982717, -1.4840443926988236, 0.05578180092034807]
16:32:25 apf.py[line:59] INFO psi = -1.1354307222434383
16:32:25 apf.py[line:60] INFO tan(psi_hat) = [-0.3127146826362294, -0.6563773959143273]
16:32:25 apf.py[line:62] INFO psi_hat = -2.6969821857866982
16:32:25 apf.py[line:65] INFO term1 = 1.8 * cos(-1.6776104770169074 - -1.1354307222434383) + 0.04 * 5.283576554217352 = 1.7531977798028644
16:32:25 apf.py[line:69] INFO term1 = 1.7531977798028644
16:32:25 apf.py[line:73] INFO theta_term_tmp = 1.8 * sin(-1.6776104770169074 - -2.6969821857866982)/2.329036623423368 = 0.6582989009998377
16:32:25 apf.py[line:78] INFO [v, theta] = [2.329036623423368, -1.9784254902404568]
16:32:25 apf.py[line:161] INFO 
16:32:25 apf.py[line:162] INFO 495
16:32:25 apf.py[line:84] INFO [ 4.77595142  8.86864051 -0.21711063  1.3279386  -2.0943951 ]
16:32:25 apf.py[line:85] INFO [array([4., 2.]), array([5., 4.]), array([5., 6.]), array([7., 9.])]
16:32:25 apf.py[line:49] INFO n = [0.00063133 0.00462058 0.03900854 0.10082294]
16:32:25 apf.py[line:50] INFO beta = [0.02058983 0.10625193 0.52957798 1.05982311]
16:32:25 apf.py[line:58] INFO theta_robo_ob = [-1.6832895496891007, -1.5248100562434976, -1.4928518551540233, 0.0589946918228706]
16:32:25 apf.py[line:59] INFO psi = -1.1428459283419918
16:32:25 apf.py[line:60] INFO tan(psi_hat) = [-0.3177365245931973, -0.6867814080913637]
16:32:25 apf.py[line:62] INFO psi_hat = -2.708272394956338
16:32:25 apf.py[line:65] INFO term1 = 1.8 * cos(-1.665044106402548 - -1.1428459283419918) + 0.04 * 5.298665002781551 = 1.7720513353221954
16:32:25 apf.py[line:69] INFO term1 = 1.7720513353221954
16:32:25 apf.py[line:73] INFO theta_term_tmp = 1.8 * sin(-1.665044106402548 - -2.708272394956338)/2.3577538222554644 = 0.6596367717895024
16:32:25 apf.py[line:78] INFO [v, theta] = [2.3577538222554644, -1.9879370198779052]
16:32:25 apf.py[line:161] INFO 
16:32:25 apf.py[line:162] INFO 496
16:32:25 apf.py[line:84] INFO [ 4.80189504  8.86176676 -0.25899853  1.3419386  -2.0943951 ]
16:32:25 apf.py[line:85] INFO [array([4., 2.]), array([5., 4.]), array([5., 6.]), array([7., 9.])]
16:32:25 apf.py[line:49] INFO n = [0.00063418 0.00465522 0.0394587  0.10517863]
16:32:25 apf.py[line:50] INFO beta = [0.0206148  0.1065804  0.53259647 1.08997423]
16:32:25 apf.py[line:58] INFO theta_robo_ob = [-1.6871328526171112, -1.5300713318653016, -1.5016818813834698, 0.06280475275907645]
16:32:25 apf.py[line:59] INFO psi = -1.1500571026059871
16:32:25 apf.py[line:60] INFO tan(psi_hat) = [-0.3229054324748639, -0.7181172021956492]
16:32:25 apf.py[line:62] INFO psi_hat = -2.7190251548912894
16:32:25 apf.py[line:65] INFO term1 = 1.8 * cos(-1.6524777357881888 - -1.1500571026059871) + 0.04 * 5.313207777448057 = 1.7900833725341188
16:32:25 apf.py[line:69] INFO term1 = 1.7900833725341188
16:32:25 apf.py[line:73] INFO theta_term_tmp = 1.8 * sin(-1.6524777357881888 - -2.7190251548912894)/2.3849680657652232 = 0.6607919508289973
16:32:25 apf.py[line:78] INFO [v, theta] = [2.3849680657652232, -1.9971517496614344]
16:32:25 apf.py[line:161] INFO 
16:32:25 apf.py[line:162] INFO 497
16:32:25 apf.py[line:84] INFO [ 4.82779548  8.85372966 -0.30088643  1.3559386  -2.0943951 ]
16:32:25 apf.py[line:85] INFO [array([4., 2.]), array([5., 4.]), array([5., 6.]), array([7., 9.])]
16:32:25 apf.py[line:49] INFO n = [0.00063783 0.00469463 0.03996428 0.10974615]
16:32:25 apf.py[line:50] INFO beta = [0.02066425 0.10700204 0.53618658 1.12128041]
16:32:25 apf.py[line:58] INFO theta_robo_ob = [-1.690994398331251, -1.5353323981801927, -1.5105257412241195, 0.06723578008335711]
16:32:25 apf.py[line:59] INFO psi = -1.1570583845530686
16:32:25 apf.py[line:60] INFO tan(psi_hat) = [-0.3282948827311338, -0.7503250370068939]
16:32:25 apf.py[line:62] INFO psi_hat = -2.729151249505392
16:32:25 apf.py[line:65] INFO term1 = 1.8 * cos(-1.6399113651738295 - -1.1570583845530686) + 0.04 * 5.3271899697842935 = 1.8073005606210963
16:32:25 apf.py[line:69] INFO term1 = 1.8073005606210963
16:32:25 apf.py[line:73] INFO theta_term_tmp = 1.8 * sin(-1.6399113651738295 - -2.729151249505392)/2.410664248602634 = 0.6617658222946261
16:32:25 apf.py[line:78] INFO [v, theta] = [2.410664248602634, -2.0059795912723954]
16:32:25 apf.py[line:161] INFO 
16:32:25 apf.py[line:162] INFO 498
16:32:25 apf.py[line:84] INFO [ 4.85360035  8.84452089 -0.34277433  1.3699386  -2.0943951 ]
16:32:25 apf.py[line:85] INFO [array([4., 2.]), array([5., 4.]), array([5., 6.]), array([7., 9.])]
16:32:25 apf.py[line:49] INFO n = [0.00064229 0.00473898 0.04052807 0.11452357]
16:32:25 apf.py[line:50] INFO beta = [0.02073852 0.10751875 0.54036796 1.15369758]
16:32:25 apf.py[line:58] INFO theta_robo_ob = [-1.6948686714756416, -1.540585886483478, -1.519374454400197, 0.07231086732251746]
16:32:25 apf.py[line:59] INFO psi = -1.1638438996015104
16:32:25 apf.py[line:60] INFO tan(psi_hat) = [-0.3339810492881298, -0.7833258494119847]
16:32:25 apf.py[line:62] INFO psi_hat = -2.738568218219326
16:32:25 apf.py[line:65] INFO term1 = 1.8 * cos(-1.6273449945594702 - -1.1638438996015104) + 0.04 * 5.340598480653605 = 1.823710807274887
16:32:25 apf.py[line:69] INFO term1 = 1.823710807274887
16:32:25 apf.py[line:73] INFO theta_term_tmp = 1.8 * sin(-1.6273449945594702 - -2.738568218219326)/2.4348408238650885 = 0.6625630180235541
16:32:25 apf.py[line:78] INFO [v, theta] = [2.4348408238650885, -2.0143327223572083]
16:32:25 apf.py[line:161] INFO 
16:32:25 apf.py[line:162] INFO 499
16:32:25 apf.py[line:84] INFO [ 4.8792565   8.83413454 -0.38466224  1.3839386  -2.0943951 ]
16:32:25 apf.py[line:85] INFO [array([4., 2.]), array([5., 4.]), array([5., 6.]), array([7., 9.])]
16:32:25 apf.py[line:49] INFO n = [0.00064759 0.00478844 0.04115314 0.11950595]
16:32:25 apf.py[line:50] INFO beta = [0.02083798 0.10813253 0.54516224 1.18716316]
16:32:25 apf.py[line:58] INFO theta_robo_ob = [-1.6987500290785553, -1.5458242459944855, -1.5282187693969485, 0.07805210618066527]
16:32:25 apf.py[line:59] INFO psi = -1.170407758311437
16:32:25 apf.py[line:60] INFO tan(psi_hat) = [-0.3400415235660985, -0.817018265580495]
16:32:25 apf.py[line:62] INFO psi_hat = -2.7472007754118555
16:32:25 apf.py[line:65] INFO term1 = 1.8 * cos(-1.614778623945111 - -1.170407758311437) + 0.04 * 5.353422112471776 = 1.8393232291659816
16:32:25 apf.py[line:69] INFO term1 = 1.8393232291659816
16:32:25 apf.py[line:73] INFO theta_term_tmp = 1.8 * sin(-1.614778623945111 - -2.7472007754118555)/2.457508765112335 = 0.6631908578339305
16:32:25 apf.py[line:78] INFO [v, theta] = [2.457508765112335, -2.0221267379623824]
16:32:25 apf.py[line:161] INFO 
16:32:25 apf.py[line:162] INFO 500
16:32:25 apf.py[line:84] INFO [ 4.90471013  8.82256709 -0.42655014  1.3979386  -2.0943951 ]
16:32:25 apf.py[line:85] INFO [array([4., 2.]), array([5., 4.]), array([5., 6.]), array([7., 9.])]
16:32:25 apf.py[line:49] INFO n = [0.00065374 0.00484317 0.04184289 0.12468477]
16:32:25 apf.py[line:50] INFO beta = [0.020963   0.10884553 0.55059317 1.22159332]
16:32:25 apf.py[line:58] INFO theta_robo_ob = [-1.7026327005135475, -1.5510397377054679, -1.5370491404542115, 0.08448024542174852]
16:32:25 apf.py[line:59] INFO psi = -1.1767440564203933
16:32:25 apf.py[line:60] INFO tan(psi_hat) = [-0.34655359030988364, -0.8512754753667147]
16:32:25 apf.py[line:62] INFO psi_hat = -2.7549812719951325
16:32:25 apf.py[line:65] INFO term1 = 1.8 * cos(-1.6022122533307517 - -1.1767440564203933) + 0.04 * 5.365651661370176 = 1.8541481208792412
16:32:25 apf.py[line:69] INFO term1 = 1.8541481208792412
16:32:25 apf.py[line:73] INFO theta_term_tmp = 1.8 * sin(-1.6022122533307517 - -2.7549812719951325)/2.478690381352129 = 0.6636588419218601
16:32:25 apf.py[line:78] INFO [v, theta] = [2.478690381352129, -2.029281790454547]
16:32:26 apf.py[line:161] INFO 
16:32:26 apf.py[line:162] INFO 501
16:32:26 apf.py[line:84] INFO [ 4.92990686  8.80981748 -0.46843804  1.4119386  -2.0943951 ]
16:32:26 apf.py[line:85] INFO [array([4., 2.]), array([5., 4.]), array([5., 6.]), array([7., 9.])]
16:32:26 apf.py[line:49] INFO n = [0.00066076 0.00490339 0.04260106 0.13004735]
16:32:26 apf.py[line:50] INFO beta = [0.02111398 0.10966003 0.55668683 1.25688014]
16:32:26 apf.py[line:58] INFO theta_robo_ob = [-1.7065107872643626, -1.5562244277553068, -1.545855702551387, 0.09161430625165186]
16:32:26 apf.py[line:59] INFO psi = -1.182846875763818
16:32:26 apf.py[line:60] INFO tan(psi_hat) = [-0.3535919878936735, -0.8859420603892088]
16:32:26 apf.py[line:62] INFO psi_hat = -2.76185019730868
16:32:26 apf.py[line:65] INFO term1 = 1.8 * cos(-1.5896458827163924 - -1.182846875763818) + 0.04 * 5.3772800090756325 = 1.8681969223233255
16:32:26 apf.py[line:69] INFO term1 = 1.8681969223233255
16:32:26 apf.py[line:73] INFO theta_term_tmp = 1.8 * sin(-1.5896458827163924 - -2.76185019730868)/2.4984180240980147 = 0.6639781905299118
16:32:26 apf.py[line:78] INFO [v, theta] = [2.4984180240980147, -2.0357237184304027]
16:32:26 apf.py[line:161] INFO 
16:32:26 apf.py[line:162] INFO 502
16:32:26 apf.py[line:84] INFO [ 4.95479193  8.79588715 -0.51032594  1.4259386  -2.0943951 ]
16:32:26 apf.py[line:85] INFO [array([4., 2.]), array([5., 4.]), array([5., 6.]), array([7., 9.])]
16:32:26 apf.py[line:49] INFO n = [0.00066869 0.00496929 0.04343179 0.13557622]
16:32:26 apf.py[line:50] INFO beta = [0.02129133 0.11057844 0.5634718  1.29288884]
16:32:26 apf.py[line:58] INFO theta_robo_ob = [-1.7103782625168162, -1.5613701803526405, -1.5546282442411181, 0.09947115400520477]
16:32:26 apf.py[line:59] INFO psi = -1.188710286175019
16:32:26 apf.py[line:60] INFO tan(psi_hat) = [-0.36122608658916705, -0.9208309010907961]
16:32:26 apf.py[line:62] INFO psi_hat = -2.767756722483716
16:32:26 apf.py[line:65] INFO term1 = 1.8 * cos(-1.5770795121020331 - -1.188710286175019) + 0.04 * 5.388302214295614 = 1.8814821846063625
16:32:26 apf.py[line:69] INFO term1 = 1.8814821846063625
16:32:26 apf.py[line:73] INFO theta_term_tmp = 1.8 * sin(-1.5770795121020331 - -2.767756722483716)/2.516732730083431 = 0.664161427755168
16:32:26 apf.py[line:78] INFO [v, theta] = [2.516732730083431, -2.041385166116837]
16:32:26 apf.py[line:161] INFO 
16:32:26 apf.py[line:162] INFO 503
16:32:26 apf.py[line:84] INFO [ 4.9793102   8.78078008 -0.55221384  1.4399386  -2.0943951 ]
16:32:26 apf.py[line:85] INFO [array([4., 2.]), array([5., 4.]), array([5., 6.]), array([7., 9.])]
16:32:26 apf.py[line:49] INFO n = [0.00067754 0.00504109 0.04433964 0.14124844]
16:32:26 apf.py[line:50] INFO beta = [0.02149551 0.11160334 0.57097937 1.32945508]
16:32:26 apf.py[line:58] INFO theta_robo_ob = [-1.7142289706036802, -1.5664686502771648, -1.5633561781737801, 0.10806502751392842]
16:32:26 apf.py[line:59] INFO psi = -1.1943283484634173
16:32:26 apf.py[line:60] INFO tan(psi_hat) = [-0.3695164303872518, -0.9557203275054036]
16:32:26 apf.py[line:62] INFO psi_hat = -2.772659288809812
16:32:26 apf.py[line:65] INFO term1 = 1.8 * cos(-1.5645131414876738 - -1.1943283484634173) + 0.04 * 5.398715603373088 = 1.8940175343559567
16:32:26 apf.py[line:69] INFO term1 = 1.8940175343559567
16:32:26 apf.py[line:73] INFO theta_term_tmp = 1.8 * sin(-1.5645131414876738 - -2.772659288809812)/2.5336828451699875 = 0.6642220078967913
16:32:26 apf.py[line:78] INFO [v, theta] = [2.5336828451699875, -2.04620669552691]
16:32:26 apf.py[line:161] INFO 
16:32:26 apf.py[line:162] INFO 504
16:32:26 apf.py[line:84] INFO [ 5.00340637  8.76450281 -0.59410175  1.4539386  -2.0943951 ]
16:32:26 apf.py[line:85] INFO [array([4., 2.]), array([5., 4.]), array([5., 6.]), array([7., 9.])]
16:32:26 apf.py[line:49] INFO n = [0.00068735 0.00511904 0.04532966 0.14703505]
16:32:26 apf.py[line:50] INFO beta = [0.02172698 0.11273744 0.57924377 1.3663825 ]
16:32:26 apf.py[line:58] INFO theta_robo_ob = [-1.7180566263316495, -1.5715112749927742, -1.5720285091387833, 0.11740702952505495]
16:32:26 apf.py[line:59] INFO psi = -1.1996951185739917
16:32:26 apf.py[line:60] INFO tan(psi_hat) = [-0.3785106094737761, -0.9903517206861565]
16:32:26 apf.py[line:62] INFO psi_hat = -2.7765262464590865
16:32:26 apf.py[line:65] INFO term1 = 1.8 * cos(-1.5519467708733146 - -1.1996951185739917) + 0.04 * 5.408519859948115 = 1.905817636448148
16:32:26 apf.py[line:69] INFO term1 = 1.905817636448148
16:32:26 apf.py[line:73] INFO theta_term_tmp = 1.8 * sin(-1.5519467708733146 - -2.7765262464590865)/2.5493226747328435 = 0.6641739841190789
16:32:26 apf.py[line:78] INFO [v, theta] = [2.5493226747328435, -2.0501378941596946]
16:32:26 apf.py[line:161] INFO 
16:32:26 apf.py[line:162] INFO 505
16:32:26 apf.py[line:84] INFO [ 5.02702504  8.74706447 -0.63598965  1.4679386  -2.0943951 ]
16:32:26 apf.py[line:85] INFO [array([4., 2.]), array([5., 4.]), array([5., 6.]), array([7., 9.])]
16:32:26 apf.py[line:49] INFO n = [0.00069813 0.00520339 0.04640738 0.15290053]
16:32:26 apf.py[line:50] INFO beta = [0.0219862  0.11398362 0.58830239 1.40344079]
16:32:26 apf.py[line:58] INFO theta_robo_ob = [-1.7218548142227625, -1.5764892664119863, -1.5806337994316473, 0.1275045839774733]
16:32:26 apf.py[line:59] INFO psi = -1.204804653034957
16:32:26 apf.py[line:60] INFO tan(psi_hat) = [-0.3882384634160343, -1.0244278137947385]
16:32:26 apf.py[line:62] INFO psi_hat = -2.7793365502859464
16:32:26 apf.py[line:65] INFO term1 = 1.8 * cos(-1.5393804002589553 - -1.204804653034957) + 0.04 * 5.417717113332731 = 1.9168981550975805
16:32:26 apf.py[line:69] INFO term1 = 1.9168981550975805
16:32:26 apf.py[line:73] INFO theta_term_tmp = 1.8 * sin(-1.5393804002589553 - -2.7793365502859464)/2.563711203715889 = 0.6640317204020656
16:32:26 apf.py[line:78] INFO [v, theta] = [2.563711203715889, -2.053138481391135]
16:32:26 apf.py[line:161] INFO 
16:32:26 apf.py[line:162] INFO 506
16:32:26 apf.py[line:84] INFO [ 5.05011085  8.72847677 -0.67787755  1.4819386  -2.0943951 ]
16:32:26 apf.py[line:85] INFO [array([4., 2.]), array([5., 4.]), array([5., 6.]), array([7., 9.])]
16:32:26 apf.py[line:49] INFO n = [0.00070993 0.00529441 0.04757895 0.15880233]
16:32:26 apf.py[line:50] INFO beta = [0.0222737  0.11534488 0.59819607 1.44036439]
16:32:26 apf.py[line:58] INFO theta_robo_ob = [-1.7256169877062397, -1.5813936023579025, -1.5891601313379093, 0.13836086879995307]
16:32:26 apf.py[line:59] INFO psi = -1.209651015804567
16:32:26 apf.py[line:60] INFO tan(psi_hat) = [-0.3987066610836558, -1.0576119792934857]
16:32:26 apf.py[line:62] INFO psi_hat = -2.781080520521001
16:32:26 apf.py[line:65] INFO term1 = 1.8 * cos(-1.526814029644596 - -1.209651015804567) + 0.04 * 5.426312025271891 = 1.9272757132500367
16:32:26 apf.py[line:69] INFO term1 = 1.9272757132500367
16:32:26 apf.py[line:73] INFO theta_term_tmp = 1.8 * sin(-1.526814029644596 - -2.781080520521001)/2.576910925999673 = 0.6638096487323079
16:32:26 apf.py[line:78] INFO [v, theta] = [2.576910925999673, -2.055179417100976]
16:32:26 apf.py[line:161] INFO 
16:32:26 apf.py[line:162] INFO 507
16:32:26 apf.py[line:84] INFO [ 5.07260858  8.70875407 -0.71976545  1.4959386  -2.0943951 ]
16:32:26 apf.py[line:85] INFO [array([4., 2.]), array([5., 4.]), array([5., 6.]), array([7., 9.])]
16:32:26 apf.py[line:49] INFO n = [0.00072277 0.00539238 0.04885111 0.1646907 ]
16:32:26 apf.py[line:50] INFO beta = [0.02258999 0.1168244  0.60896939 1.4768521 ]
16:32:26 apf.py[line:58] INFO theta_robo_ob = [-1.7293364683005972, -1.5862150177779342, -1.597595066506241, 0.1499742361210441]
16:32:26 apf.py[line:59] INFO psi = -1.2142282866314207
16:32:26 apf.py[line:60] INFO tan(psi_hat) = [-0.4098927628943586, -1.0895288155763942]
16:32:26 apf.py[line:62] INFO psi_hat = -2.7817606773430006
16:32:26 apf.py[line:65] INFO term1 = 1.8 * cos(-1.5142476590302367 - -1.2142282866314207) + 0.04 * 5.434311874725853 = 1.9369678502089074
16:32:26 apf.py[line:69] INFO term1 = 1.9369678502089074
16:32:26 apf.py[line:73] INFO theta_term_tmp = 1.8 * sin(-1.5142476590302367 - -2.7817606773430006)/2.5889868180489963 = 0.6635220742033863
16:32:26 apf.py[line:78] INFO [v, theta] = [2.5889868180489963, -2.0562440168701537]
16:32:26 apf.py[line:161] INFO 
16:32:26 apf.py[line:162] INFO 508
16:32:26 apf.py[line:84] INFO [ 5.09446331  8.68791332 -0.76165335  1.5099386  -2.0943951 ]
16:32:26 apf.py[line:85] INFO [array([4., 2.]), array([5., 4.]), array([5., 6.]), array([7., 9.])]
16:32:26 apf.py[line:49] INFO n = [0.00073668 0.00549761 0.05023135 0.17050863]
16:32:26 apf.py[line:50] INFO beta = [0.02293562 0.11842551 0.62067096 1.51256784]
16:32:26 apf.py[line:58] INFO theta_robo_ob = [-1.7330064448301699, -1.5909439957728277, -1.6059256019638044, 0.1623376352512915]
16:32:26 apf.py[line:59] INFO psi = -1.2185305710455747
16:32:26 apf.py[line:60] INFO tan(psi_hat) = [-0.4217389431352495, -1.1197663554111044]
16:32:26 apf.py[line:62] INFO psi_hat = -2.7813926600324095
16:32:26 apf.py[line:65] INFO term1 = 1.8 * cos(-1.5016812884158774 - -1.2185305710455747) + 0.04 * 5.441726640268503 = 1.9459929774193037
16:32:26 apf.py[line:69] INFO term1 = 1.9459929774193037
16:32:26 apf.py[line:73] INFO theta_term_tmp = 1.8 * sin(-1.5016812884158774 - -2.7813926600324095)/2.6000054862632296 = 0.6631830310894722
16:32:26 apf.py[line:78] INFO [v, theta] = [2.6000054862632296, -2.0563290798009457]
16:32:26 apf.py[line:161] INFO 
16:32:26 apf.py[line:162] INFO 509
16:32:26 apf.py[line:84] INFO [ 5.11562051  8.66597413 -0.80354126  1.5239386  -2.0943951 ]
16:32:26 apf.py[line:85] INFO [array([4., 2.]), array([5., 4.]), array([5., 6.]), array([7., 9.])]
16:32:26 apf.py[line:49] INFO n = [0.0007517  0.00561044 0.0517279  0.17619212]
16:32:26 apf.py[line:50] INFO beta = [0.02331114 0.12015168 0.6333538  1.54714294]
16:32:26 apf.py[line:58] INFO theta_robo_ob = [-1.736619972724833, -1.5955707585153536, -1.6141381225071265, 0.17543805733274953]
16:32:26 apf.py[line:59] INFO psi = -1.2225520120998834
16:32:26 apf.py[line:60] INFO tan(psi_hat) = [-0.4341456316031422, -1.1478802015564207]
16:32:26 apf.py[line:62] INFO psi_hat = -2.7800062443800475
16:32:26 apf.py[line:65] INFO term1 = 1.8 * cos(-1.4891149178015182 - -1.2225520120998834) + 0.04 * 5.448569079651446 = 1.9543703323276205
16:32:26 apf.py[line:69] INFO term1 = 1.9543703323276205
16:32:26 apf.py[line:73] INFO theta_term_tmp = 1.8 * sin(-1.4891149178015182 - -2.7800062443800475)/2.610034511206316 = 0.6628061929579239
16:32:26 apf.py[line:78] INFO [v, theta] = [2.610034511206316, -2.055446038419893]
16:32:26 apf.py[line:161] INFO 
16:32:26 apf.py[line:162] INFO 510
16:32:26 apf.py[line:84] INFO [ 5.1360262   8.6429587  -0.84542916  1.5379386  -2.0943951 ]
16:32:26 apf.py[line:85] INFO [array([4., 2.]), array([5., 4.]), array([5., 6.]), array([7., 9.])]
16:32:26 apf.py[line:49] INFO n = [0.00076786 0.00573119 0.05334988 0.18167087]
16:32:26 apf.py[line:50] INFO beta = [0.02371712 0.12200651 0.64707569 1.58017994]
16:32:26 apf.py[line:58] INFO theta_robo_ob = [-1.7401699734568088, -1.600085258145562, -1.6222183491819016, 0.18925602389156834]
16:32:26 apf.py[line:59] INFO psi = -1.2262868039820907
16:32:26 apf.py[line:60] INFO tan(psi_hat) = [-0.4469654185434413, -1.1733998437540303]
16:32:26 apf.py[line:62] INFO psi_hat = -2.7776464772014884
16:32:26 apf.py[line:65] INFO term1 = 1.8 * cos(-1.4765485471871589 - -1.2262868039820907) + 0.04 * 5.454854806035432 = 1.9621199302307342
16:32:26 apf.py[line:69] INFO term1 = 1.9621199302307342
16:32:26 apf.py[line:73] INFO theta_term_tmp = 1.8 * sin(-1.4765485471871589 - -2.7776464772014884)/2.6191420050137064 = 0.6624048394250147
16:32:26 apf.py[line:78] INFO [v, theta] = [2.6191420050137064, -2.0536221462581308]
16:32:26 apf.py[line:161] INFO 
16:32:26 apf.py[line:162] INFO 511
16:32:26 apf.py[line:84] INFO [ 5.15562701  8.61889185 -0.88731706  1.5519386  -2.0943951 ]
16:32:26 apf.py[line:85] INFO [array([4., 2.]), array([5., 4.]), array([5., 6.]), array([7., 9.])]
16:32:26 apf.py[line:49] INFO n = [0.00078521 0.00586025 0.05510736 0.18686926]
16:32:26 apf.py[line:50] INFO beta = [0.02415416 0.12399374 0.6618996  1.61125833]
16:32:26 apf.py[line:58] INFO theta_robo_ob = [-1.74364923417401, -1.604477167743985, -1.6301512835456469, 0.2037651443506552]
16:32:26 apf.py[line:59] INFO psi = -1.2297292076179578
16:32:26 apf.py[line:60] INFO tan(psi_hat) = [-0.4599976456307702, -1.1958373193487293]
16:32:26 apf.py[line:62] INFO psi_hat = -2.774374955487702
16:32:26 apf.py[line:65] INFO term1 = 1.8 * cos(-1.4639821765727996 - -1.2297292076179578) + 0.04 * 5.46060236033877 = 1.969262514027919
16:32:26 apf.py[line:69] INFO term1 = 1.969262514027919
16:32:26 apf.py[line:73] INFO theta_term_tmp = 1.8 * sin(-1.4639821765727996 - -2.774374955487702)/2.6273963907354156 = 0.6619918811563739
16:32:26 apf.py[line:78] INFO [v, theta] = [2.6273963907354156, -2.050901728950546]
16:32:26 apf.py[line:161] INFO 
16:32:26 apf.py[line:162] INFO 512
16:32:26 apf.py[line:84] INFO [ 5.17437039  8.59380099 -0.92920496  1.5659386  -2.0943951 ]
16:32:26 apf.py[line:85] INFO [array([4., 2.]), array([5., 4.]), array([5., 6.]), array([7., 9.])]
16:32:26 apf.py[line:49] INFO n = [0.00080378 0.00599799 0.0570115  0.19170785]
16:32:26 apf.py[line:50] INFO beta = [0.02462283 0.12611724 0.67789413 1.63994217]
16:32:26 apf.py[line:58] INFO theta_robo_ob = [-1.7470504075954412, -1.6087358725008087, -1.6379211473886304, 0.21893176948019527]
16:32:26 apf.py[line:59] INFO psi = -1.2328735683838208
16:32:26 apf.py[line:60] INFO tan(psi_hat) = [-0.4729841663902144, -1.2146982437850151]
16:32:26 apf.py[line:62] INFO psi_hat = -2.7702712916458494
16:32:26 apf.py[line:65] INFO term1 = 1.8 * cos(-1.4514158059584403 - -1.2328735683838208) + 0.04 * 5.465833279096964 = 1.9758195017903388
16:32:26 apf.py[line:69] INFO term1 = 1.9758195017903388
16:32:26 apf.py[line:73] INFO theta_term_tmp = 1.8 * sin(-1.4514158059584403 - -2.7702712916458494)/2.63486640405774 = 0.6615799430890427
16:32:26 apf.py[line:78] INFO [v, theta] = [2.63486640405774, -2.0473475408986843]
16:32:27 apf.py[line:161] INFO 
16:32:27 apf.py[line:162] INFO 513
16:32:27 apf.py[line:84] INFO [ 5.19220467  8.56771611 -0.97109286  1.5799386  -2.0943951 ]
16:32:27 apf.py[line:85] INFO [array([4., 2.]), array([5., 4.]), array([5., 6.]), array([7., 9.])]
16:32:27 apf.py[line:49] INFO n = [0.00082361 0.00614483 0.05907462 0.19610528]
16:32:27 apf.py[line:50] INFO beta = [0.02512373 0.12838098 0.695134   1.66578966]
16:32:27 apf.py[line:58] INFO theta_robo_ob = [-1.750366012240782, -1.6128504612180974, -1.6455113175718765, 0.23471476837727392]
16:32:27 apf.py[line:59] INFO psi = -1.2357143360430873
16:32:27 apf.py[line:60] INFO tan(psi_hat) = [-0.4856067878890809, -1.2294950592436538]
16:32:27 apf.py[line:62] INFO psi_hat = -2.765434827800884
16:32:27 apf.py[line:65] INFO term1 = 1.8 * cos(-1.438849435344081 - -1.2357143360430873) + 0.04 * 5.470572157169272 = 1.9818129320679294
16:32:27 apf.py[line:69] INFO term1 = 1.9818129320679294
16:32:27 apf.py[line:73] INFO theta_term_tmp = 1.8 * sin(-1.438849435344081 - -2.765434827800884)/2.6416213085047255 = 0.6611815035047434
16:32:27 apf.py[line:78] INFO [v, theta] = [2.6416213085047255, -2.0430422941858817]
16:32:27 apf.py[line:161] INFO 
16:32:27 apf.py[line:162] INFO 514
16:32:27 apf.py[line:84] INFO [ 5.20907919  8.54066973 -1.01298077  1.5939386  -2.0943951 ]
16:32:27 apf.py[line:85] INFO [array([4., 2.]), array([5., 4.]), array([5., 6.]), array([7., 9.])]
16:32:27 apf.py[line:49] INFO n = [0.00084475 0.0063012  0.06131041 0.1999806 ]
16:32:27 apf.py[line:50] INFO beta = [0.02565746 0.13078903 0.71370057 1.68836437]
16:32:27 apf.py[line:58] INFO theta_robo_ob = [-1.7535884330734435, -1.616809718303902, -1.6529042556274824, 0.25106545548361975]
16:32:27 apf.py[line:59] INFO psi = -1.238246087014862
16:32:27 apf.py[line:60] INFO tan(psi_hat) = [-0.4974868874498687, -1.2397621389888418]
16:32:27 apf.py[line:62] INFO psi_hat = -2.759986694453973
16:32:27 apf.py[line:65] INFO term1 = 1.8 * cos(-1.4262830647297218 - -1.238246087014862) + 0.04 * 5.474846704566404 = 1.987265406861973
16:32:27 apf.py[line:69] INFO term1 = 1.987265406861973
16:32:27 apf.py[line:73] INFO theta_term_tmp = 1.8 * sin(-1.4262830647297218 - -2.759986694453973)/2.6477313043837416 = 0.6608090833586802
16:32:27 apf.py[line:78] INFO [v, theta] = [2.6477313043837416, -2.038090462942739]
16:32:27 apf.py[line:161] INFO 
16:32:27 apf.py[line:162] INFO 515
16:32:27 apf.py[line:84] INFO [ 5.22494446  8.51269689 -1.05486867  1.6079386  -2.0943951 ]
16:32:27 apf.py[line:85] INFO [array([4., 2.]), array([5., 4.]), array([5., 6.]), array([7., 9.])]
16:32:27 apf.py[line:49] INFO n = [0.00086723 0.00646755 0.063734   0.20325586]
16:32:27 apf.py[line:50] INFO beta = [0.0262246  0.1333455  0.7336824  1.70724792]
16:32:27 apf.py[line:58] INFO theta_robo_ob = [-1.7567099226441343, -1.6206021164417932, -1.6600814317574903, 0.2679276910595632]
16:32:27 apf.py[line:59] INFO psi = -1.2404635490737643
16:32:27 apf.py[line:60] INFO tan(psi_hat) = [-0.5081876217426265, -1.245072159088366]
16:32:27 apf.py[line:62] INFO psi_hat = -2.754072356427613
16:32:27 apf.py[line:65] INFO term1 = 1.8 * cos(-1.4137166941153625 - -1.2404635490737643) + 0.04 * 5.478687796609914 = 1.9922000322040339
16:32:27 apf.py[line:69] INFO term1 = 1.9922000322040339
16:32:27 apf.py[line:73] INFO theta_term_tmp = 1.8 * sin(-1.4137166941153625 - -2.754072356427613)/2.6532680984813957 = 0.6604754758777167
16:32:27 apf.py[line:78] INFO [v, theta] = [2.6532680984813957, -2.032620519626307]
16:32:27 apf.py[line:161] INFO 
16:32:27 apf.py[line:162] INFO 516
16:32:27 apf.py[line:84] INFO [ 5.23975225  8.48383509 -1.09675657  1.6219386  -2.0943951 ]
16:32:27 apf.py[line:85] INFO [array([4., 2.]), array([5., 4.]), array([5., 6.]), array([7., 9.])]
16:32:27 apf.py[line:49] INFO n = [0.00089111 0.00664435 0.06636221 0.20585905]
16:32:27 apf.py[line:50] INFO beta = [0.02682573 0.13605457 0.75517591 1.72205353]
16:32:27 apf.py[line:58] INFO theta_robo_ob = [-1.7597226028303248, -1.624215810147308, -1.667023242865254, 0.285238173260007]
16:32:27 apf.py[line:59] INFO psi = -1.242361628567571
16:32:27 apf.py[line:60] INFO tan(psi_hat) = [-0.5172190047728732, -1.2450529334117832]
16:32:27 apf.py[line:62] INFO psi_hat = -2.747864858453228
16:32:27 apf.py[line:65] INFO term1 = 1.8 * cos(-1.4011503235010032 - -1.242361628567571) + 0.04 * 5.482129516568554 = 1.9966403562984847
16:32:27 apf.py[line:69] INFO term1 = 1.9966403562984847
16:32:27 apf.py[line:73] INFO theta_term_tmp = 1.8 * sin(-1.4011503235010032 - -2.747864858453228)/2.6583055839775978 = 0.6601940003164952
16:32:27 apf.py[line:78] INFO [v, theta] = [2.6583055839775978, -2.0267878369500485]
16:32:27 apf.py[line:161] INFO 
16:32:27 apf.py[line:162] INFO 517
16:32:27 apf.py[line:84] INFO [ 5.25345572  8.45412427 -1.13864447  1.6359386  -2.0943951 ]
16:32:27 apf.py[line:85] INFO [array([4., 2.]), array([5., 4.]), array([5., 6.]), array([7., 9.])]
16:32:27 apf.py[line:49] INFO n = [0.00091643 0.00683211 0.06921369 0.20772695]
16:32:27 apf.py[line:50] INFO beta = [0.02746139 0.13892041 0.778286   1.73243976]
16:32:27 apf.py[line:58] INFO theta_robo_ob = [-1.7626184672759377, -1.6276386304542958, -1.6737089242602259, 0.3029269325337716]
16:32:27 apf.py[line:59] INFO psi = -1.2439354402231093
16:32:27 apf.py[line:60] INFO tan(psi_hat) = [-0.5240459286290177, -1.2394037332123702]
16:32:27 apf.py[line:62] INFO psi_hat = -2.741569083616743
16:32:27 apf.py[line:65] INFO term1 = 1.8 * cos(-1.388583952886644 - -1.2439354402231093) + 0.04 * 5.485209189850867 = 2.000610305206944
16:32:27 apf.py[line:69] INFO term1 = 2.000610305206944
16:32:27 apf.py[line:73] INFO theta_term_tmp = 1.8 * sin(-1.388583952886644 - -2.741569083616743)/2.662920554508722 = 0.6599787547649492
16:32:27 apf.py[line:78] INFO [v, theta] = [2.662920554508722, -2.0207786016551865]
16:32:27 apf.py[line:161] INFO 
16:32:27 apf.py[line:162] INFO 518
16:32:27 apf.py[line:84] INFO [ 5.26600953  8.42360672 -1.18053237  1.6499386  -2.0943951 ]
16:32:27 apf.py[line:85] INFO [array([4., 2.]), array([5., 4.]), array([5., 6.]), array([7., 9.])]
16:32:27 apf.py[line:49] INFO n = [0.00094323 0.00703134 0.07230914 0.20880798]
16:32:27 apf.py[line:50] INFO beta = [0.02813211 0.14194719 0.80312679 1.73812368]
16:32:27 apf.py[line:58] INFO theta_robo_ob = [-1.7653893846451338, -1.630858081009424, -1.6801164546969172, 0.32091802976869543]
16:32:27 apf.py[line:59] INFO psi = -1.245180339590395
16:32:27 apf.py[line:60] INFO tan(psi_hat) = [-0.5280989499836525, -1.2279100115562498]
16:32:27 apf.py[line:62] INFO psi_hat = -2.7354274849535414
16:32:27 apf.py[line:65] INFO term1 = 1.8 * cos(-1.3760175822722847 - -1.245180339590395) + 0.04 * 5.4879674087679176 = 2.0041341160788155
16:32:27 apf.py[line:69] INFO term1 = 2.0041341160788155
16:32:27 apf.py[line:73] INFO theta_term_tmp = 1.8 * sin(-1.3760175822722847 - -2.7354274849535414)/2.667193335437628 = 0.6598448288095844
16:32:27 apf.py[line:78] INFO [v, theta] = [2.667193335437628, -2.0148152517296634]
16:32:27 apf.py[line:161] INFO 
16:32:27 apf.py[line:162] INFO 519
16:32:27 apf.py[line:84] INFO [ 5.27736996  8.39232706 -1.22242028  1.6639386  -2.0943951 ]
16:32:27 apf.py[line:85] INFO [array([0., 2.]), array([4., 2.]), array([5., 4.]), array([5., 6.]), array([7., 9.])]
16:32:27 apf.py[line:49] INFO n = [2.78092567e-06 9.71576848e-04 7.24257349e-03 7.56715802e-02
 2.09064665e-01]
16:32:27 apf.py[line:50] INFO beta = [1.04963768e-04 2.88383713e-02 1.45138962e-01 8.29822334e-01
 1.73889270e+00]
16:32:27 apf.py[line:58] INFO theta_robo_ob = [-2.2609406934888163, -1.768027102814157, -1.6338613358924432, -1.6862224544458995, 0.3391304489743529]
16:32:27 apf.py[line:59] INFO psi = -1.2460919581498036
16:32:27 apf.py[line:60] INFO tan(psi_hat) = [-0.5287064479012116, -1.2103886282895504]
16:32:27 apf.py[line:62] INFO psi_hat = -2.7297638712968038
16:32:27 apf.py[line:65] INFO term1 = 1.8 * cos(-1.3634512116579254 - -1.2460919581498036) + 0.04 * 5.49044804681637 = 2.0072362679629734
16:32:27 apf.py[line:69] INFO term1 = 2.0072362679629734
16:32:27 apf.py[line:73] INFO theta_term_tmp = 1.8 * sin(-1.3634512116579254 - -2.7297638712968038)/2.671216804559718 = 0.6598111876736161
16:32:27 apf.py[line:78] INFO [v, theta] = [2.671216804559718, -2.009196408355101]
16:32:27 apf.py[line:161] INFO 
16:32:27 apf.py[line:162] INFO 520
16:32:27 apf.py[line:84] INFO [ 5.28749506  8.36033216 -1.26430818  1.6779386  -2.0943951 ]
16:32:27 apf.py[line:85] INFO [array([0., 2.]), array([4., 2.]), array([5., 4.]), array([5., 6.]), array([7., 9.])]
16:32:27 apf.py[line:49] INFO n = [7.55603633e-06 1.00150387e-03 7.46637426e-03 7.93265870e-02
 2.08475599e-01]
16:32:27 apf.py[line:50] INFO beta = [2.84454387e-04 2.95806078e-02 1.48499694e-01 8.58507464e-01
 1.73461402e+00]
16:32:27 apf.py[line:58] INFO theta_robo_ob = [-2.2643474350031627, -1.770523254135828, -1.6366352395234085, -1.6920020761549277, 0.35747916411716035]
16:32:27 apf.py[line:59] INFO psi = -1.2466662410767
16:32:27 apf.py[line:60] INFO tan(psi_hat) = [-0.5252953009652813, -1.1868485467674168]
16:32:27 apf.py[line:62] INFO psi_hat = -2.7249123077007273
16:32:27 apf.py[line:65] INFO term1 = 1.8 * cos(-1.350884841043566 - -1.2466662410767) + 0.04 * 5.4926982613720865 = 2.0099414102716344
16:32:27 apf.py[line:69] INFO term1 = 2.0099414102716344
16:32:27 apf.py[line:73] INFO theta_term_tmp = 1.8 * sin(-1.350884841043566 - -2.7249123077007273)/2.6750754900618237 = 0.6598939382608568
16:32:27 apf.py[line:78] INFO [v, theta] = [2.6750754900618237, -2.004234715497516]
16:32:27 apf.py[line:161] INFO 
16:32:27 apf.py[line:162] INFO 521
16:32:27 apf.py[line:84] INFO [ 5.29634469  8.32767107 -1.30619608  1.6919386  -2.0943951 ]
16:32:27 apf.py[line:85] INFO [array([0., 2.]), array([4., 2.]), array([5., 4.]), array([5., 6.]), array([7., 9.])]
16:32:27 apf.py[line:49] INFO n = [1.27265688e-05 1.03306541e-03 7.70331393e-03 8.33025987e-02
 2.07036744e-01]
16:32:27 apf.py[line:50] INFO beta = [4.77799623e-04 3.03591929e-02 1.52033148e-01 8.89328575e-01
 1.72524128e+00]
16:32:27 apf.py[line:58] INFO theta_robo_ob = [-2.2677024450782333, -1.7728693619223372, -1.6391663090660296, -1.6974288883489377, 0.37587634895730065]
16:32:27 apf.py[line:59] INFO psi = -1.246899487621952
16:32:27 apf.py[line:60] INFO tan(psi_hat) = [-0.5173241341801694, -1.1574291859720178]
16:32:27 apf.py[line:62] INFO psi_hat = -2.721269966554332
16:32:27 apf.py[line:65] INFO term1 = 1.8 * cos(-1.3383184704292068 - -1.246899487621952) + 0.04 * 5.494768483629814 = 2.012274289008541
16:32:27 apf.py[line:69] INFO term1 = 2.012274289008541
16:32:27 apf.py[line:73] INFO theta_term_tmp = 1.8 * sin(-1.3383184704292068 - -2.721269966554332)/2.6788543418335697 = 0.6601091112702601
16:32:27 apf.py[line:78] INFO [v, theta] = [2.6788543418335697, -2.0003059598050053]
16:32:27 apf.py[line:161] INFO 
16:32:27 apf.py[line:162] INFO 522
16:32:27 apf.py[line:84] INFO [ 5.3038807   8.29439497 -1.34808398  1.7059386  -2.0943951 ]
16:32:27 apf.py[line:85] INFO [array([0., 2.]), array([4., 2.]), array([5., 4.]), array([5., 6.]), array([7., 9.])]
16:32:27 apf.py[line:49] INFO n = [1.83051542e-05 1.06631096e-03 7.95397996e-03 8.76312437e-02
 2.04761919e-01]
16:32:27 apf.py[line:50] INFO beta = [6.85278057e-04 3.11744258e-02 1.55742835e-01 9.22444497e-01
 1.71081763e+00]
16:32:27 apf.py[line:58] INFO theta_robo_ob = [-2.270999355689391, -1.7750568483033966, -1.6414407397887574, -1.7024747515481924, 0.39423268940589284]
16:32:27 apf.py[line:59] INFO psi = -1.2467883940248037
16:32:27 apf.py[line:60] INFO tan(psi_hat) = [-0.5042282546428228, -1.1223413529724475]
16:32:27 apf.py[line:62] INFO psi_hat = -2.7193504433885165
16:32:27 apf.py[line:65] INFO term1 = 1.8 * cos(-1.3257520998148475 - -1.2467883940248037) + 0.04 * 5.496712394577613 = 2.0142596709196745
16:32:27 apf.py[line:69] INFO term1 = 2.0142596709196745
16:32:27 apf.py[line:73] INFO theta_term_tmp = 1.8 * sin(-1.3257520998148475 - -2.7193504433885165)/2.682642202339065 = 0.6604737117962333
16:32:27 apf.py[line:78] INFO [v, theta] = [2.682642202339065, -1.9979009560381749]
16:32:27 apf.py[line:161] INFO 
16:32:27 apf.py[line:162] INFO 523
16:32:27 apf.py[line:84] INFO [ 5.310067    8.26055704 -1.38997188  1.7199386  -2.0943951 ]
16:32:27 apf.py[line:85] INFO [array([0., 2.]), array([4., 2.]), array([5., 4.]), array([5., 6.]), array([7., 9.])]
16:32:27 apf.py[line:49] INFO n = [2.43050017e-05 1.10128963e-03 8.21897035e-03 9.23476985e-02
 2.01682435e-01]
16:32:27 apf.py[line:50] INFO beta = [9.07166003e-04 3.20265175e-02 1.59631933e-01 9.58027347e-01
 1.69147505e+00]
16:32:27 apf.py[line:58] INFO theta_robo_ob = [-2.2742316973856487, -1.7770770436284373, -1.643444413901984, -1.7071096871661096, 0.41245875097553436]
16:32:27 apf.py[line:59] INFO psi = -1.2463300988264596
16:32:27 apf.py[line:60] INFO tan(psi_hat) = [-0.48548030648565343, -1.0819004888428674]
16:32:27 apf.py[line:62] INFO psi_hat = -2.7197960546390365
16:32:27 apf.py[line:65] INFO term1 = 1.8 * cos(-1.3131857292004883 - -1.2463300988264596) + 0.04 * 5.498586885758036 = 2.0159222657754685
16:32:27 apf.py[line:69] INFO term1 = 2.0159222657754685
16:32:27 apf.py[line:73] INFO theta_term_tmp = 1.8 * sin(-1.3131857292004883 - -2.7197960546390365)/2.686518893199559 = 0.6610015354707275
16:32:27 apf.py[line:78] INFO [v, theta] = [2.686518893199559, -1.9976433807743268]
16:32:27 apf.py[line:161] INFO 
16:32:27 apf.py[line:162] INFO 524
16:32:27 apf.py[line:84] INFO [ 5.31486966  8.22621244 -1.43185979  1.7339386  -2.0943951 ]
16:32:27 apf.py[line:85] INFO [array([0., 2.]), array([4., 2.]), array([5., 4.]), array([5., 6.]), array([7., 9.])]
16:32:27 apf.py[line:49] INFO n = [3.07398879e-05 1.13804975e-03 8.49888933e-03 9.74910791e-02
 1.97845896e-01]
16:32:27 apf.py[line:50] INFO beta = [1.14373459e-03 3.29155756e-02 1.63703191e-01 9.96263371e-01
 1.66742995e+00]
16:32:27 apf.py[line:58] INFO theta_robo_ob = [-2.277392900533849, -1.7789211975931831, -1.6451629134505876, -1.7113017395971768, 0.43046635008038187]
16:32:27 apf.py[line:59] INFO psi = -1.2455222303982831
16:32:27 apf.py[line:60] INFO tan(psi_hat) = [-0.46060135072008956, -1.0365169962820406]
16:32:27 apf.py[line:62] INFO psi_hat = -2.7234270318451235
16:32:27 apf.py[line:65] INFO term1 = 1.8 * cos(-1.300619358586129 - -1.2455222303982831) + 0.04 * 5.500452003544545 = 2.017286647048397
16:32:27 apf.py[line:69] INFO term1 = 2.017286647048397
16:32:27 apf.py[line:73] INFO theta_term_tmp = 1.8 * sin(-1.300619358586129 - -2.7234270318451235)/2.6905396924293865 = 0.6616982363049865
16:32:27 apf.py[line:78] INFO [v, theta] = [2.6905396924293865, -2.0003455194632367]
16:32:27 apf.py[line:161] INFO 
16:32:27 apf.py[line:162] INFO 525
16:32:27 apf.py[line:84] INFO [ 5.31825704  8.19141817 -1.47374769  1.7479386  -2.0943951 ]
16:32:27 apf.py[line:85] INFO [array([0., 2.]), array([4., 2.]), array([5., 4.]), array([5., 6.]), array([7., 9.])]
16:32:27 apf.py[line:49] INFO n = [3.76241391e-05 1.17663833e-03 8.79434198e-03 1.03104865e-01
 1.93314249e-01]
16:32:27 apf.py[line:50] INFO beta = [1.39524649e-03 3.38415874e-02 1.67958833e-01 1.03735374e+00
 1.63897522e+00]
16:32:27 apf.py[line:58] INFO theta_robo_ob = [-2.2804762969062238, -1.7805804922823774, -1.6465815379054956, -1.715016832239523, 0.4481698776727553]
16:32:27 apf.py[line:59] INFO psi = -1.244362956437878
16:32:27 apf.py[line:60] INFO tan(psi_hat) = [-0.4291687484506632, -0.9866831120254893]
16:32:27 apf.py[line:62] INFO psi_hat = -2.7313152284017574
16:32:27 apf.py[line:65] INFO term1 = 1.8 * cos(-1.2880529879717697 - -1.244362956437878) + 0.04 * 5.502370875654214 = 2.0183771713080993
16:32:27 apf.py[line:69] INFO term1 = 2.0183771713080993
16:32:27 apf.py[line:73] INFO theta_term_tmp = 1.8 * sin(-1.2880529879717697 - -2.7313152284017574)/2.694704637449591 = 0.6625517901648631
16:32:27 apf.py[line:78] INFO [v, theta] = [2.694704637449591, -2.007094722782251]
16:32:28 apf.py[line:161] INFO 
16:32:28 apf.py[line:162] INFO 526
16:32:28 apf.py[line:84] INFO [ 5.32019985  8.15623299 -1.51563559  1.7619386  -2.0943951 ]
16:32:28 apf.py[line:85] INFO [array([0., 2.]), array([4., 2.]), array([5., 4.]), array([5., 6.]), array([7., 9.])]
16:32:28 apf.py[line:49] INFO n = [4.49726068e-05 1.21710041e-03 9.10592766e-03 1.09237352e-01
 1.88161228e-01]
16:32:28 apf.py[line:50] INFO beta = [0.00166195 0.0348044  0.17240044 1.08151523 1.60646948]
16:32:28 apf.py[line:58] INFO theta_robo_ob = [-2.2834751216760507, -1.7820460573314068, -1.6476853271651262, -1.7182186186391897, 0.4654875270117426]
16:32:28 apf.py[line:59] INFO psi = -1.242851035119758
16:32:28 apf.py[line:60] INFO tan(psi_hat) = [-0.39082039393194556, -0.9329574398085224]
16:32:28 apf.py[line:62] INFO psi_hat = -2.7448959615159803
16:32:28 apf.py[line:65] INFO term1 = 1.8 * cos(-1.2754866173574104 - -1.242851035119758) + 0.04 * 5.50440961862996 = 2.019217896716838
16:32:28 apf.py[line:69] INFO term1 = 2.019217896716838
16:32:28 apf.py[line:73] INFO theta_term_tmp = 1.8 * sin(-1.2754866173574104 - -2.7448959615159803)/2.698897900644714 = 0.6635139971267137
16:32:28 apf.py[line:78] INFO [v, theta] = [2.698897900644714, -2.019390096960537]
16:32:28 apf.py[line:161] INFO 
16:32:28 apf.py[line:162] INFO 527
16:32:28 apf.py[line:84] INFO [ 5.32067127  8.12071735 -1.55752349  1.7759386  -2.0943951 ]
16:32:28 apf.py[line:85] INFO [array([0., 2.]), array([4., 2.]), array([5., 4.]), array([5., 6.]), array([7., 9.])]
16:32:28 apf.py[line:49] INFO n = [5.28006356e-05 1.25947842e-03 9.43423211e-03 1.15942126e-01
 1.82469394e-01]
16:32:28 apf.py[line:50] INFO beta = [0.00194409 0.03580371 0.17702882 1.12898082 1.57032405]
16:32:28 apf.py[line:58] INFO theta_robo_ob = [-2.2863825158914532, -1.7833089874196784, -1.6484590907463685, -1.7208683305223493, 0.48234238388094636]
16:32:28 apf.py[line:59] INFO psi = -1.2409858675154353
16:32:28 apf.py[line:60] INFO tan(psi_hat) = [-0.3452551965184425, -0.875948433164781]
16:32:28 apf.py[line:62] INFO psi_hat = -2.7661394104920105
16:32:28 apf.py[line:65] INFO term1 = 1.8 * cos(-1.2629202467430511 - -1.2409858675154353) + 0.04 * 5.5066372250605236 = 2.019832501069769
16:32:28 apf.py[line:69] INFO term1 = 2.019832501069769
16:32:28 apf.py[line:73] INFO theta_term_tmp = 1.8 * sin(-1.2629202467430511 - -2.7661394104920105)/2.702767067492633 = 0.664464052333903
16:32:28 apf.py[line:78] INFO [v, theta] = [2.702767067492633, -2.039362980664785]
16:32:28 apf.py[line:161] INFO 
16:32:28 apf.py[line:162] INFO 528
16:32:28 apf.py[line:84] INFO [ 5.31964702  8.08493323 -1.5994114   1.7899386  -2.0943951 ]
16:32:28 apf.py[line:85] INFO [array([0., 2.]), array([4., 2.]), array([5., 4.]), array([5., 6.]), array([7., 9.])]
16:32:28 apf.py[line:49] INFO n = [6.11240203e-05 1.30381138e-03 9.77981800e-03 1.23278557e-01
 1.76326970e-01]
16:32:28 apf.py[line:50] INFO beta = [0.00224186 0.03683903 0.18184386 1.17999995 1.53098876]
16:32:28 apf.py[line:58] INFO theta_robo_ob = [-2.289191529502989, -1.7843603623174584, -1.648887444013444, -1.7229246252319805, 0.4986633466063464]
16:32:28 apf.py[line:59] INFO psi = -1.238767550821405
16:32:28 apf.py[line:60] INFO tan(psi_hat) = [-0.292230068069377, -0.8162981558638598]
16:32:28 apf.py[line:62] INFO psi_hat = -2.7978138115614293
16:32:28 apf.py[line:65] INFO term1 = 1.8 * cos(-1.2503538761286919 - -1.238767550821405) + 0.04 * 5.509125429368069 = 2.0202441998855907
16:32:28 apf.py[line:69] INFO term1 = 2.0202441998855907
16:32:28 apf.py[line:73] INFO theta_term_tmp = 1.8 * sin(-1.2503538761286919 - -2.7978138115614293)/2.7054800840229905 = 0.6651351471496605
16:32:28 apf.py[line:78] INFO [v, theta] = [2.7054800840229905, -2.070139021152842]
16:32:28 apf.py[line:161] INFO 
16:32:28 apf.py[line:162] INFO 529
16:32:28 apf.py[line:84] INFO [ 5.31710547  8.04894409 -1.6412993   1.8039386  -2.0943951 ]
16:32:28 apf.py[line:85] INFO [array([0., 2.]), array([4., 2.]), array([5., 4.]), array([5., 6.]), array([7., 9.])]
16:32:28 apf.py[line:49] INFO n = [6.99589550e-05 1.35013404e-03 1.01432138e-02 1.31312279e-01
 1.69824688e-01]
16:32:28 apf.py[line:50] INFO beta = [0.00255547 0.03790966 0.18684439 1.23483851 1.48893722]
16:32:28 apf.py[line:58] INFO theta_robo_ob = [-2.291895125026579, -1.7851912697149548, -1.648954852359381, -1.7243434360481655, 0.5143858538424337]
16:32:28 apf.py[line:59] INFO psi = -1.2361969318539652
16:32:28 apf.py[line:60] INFO tan(psi_hat) = [-0.23155399447860525, -0.7546675577920574]
16:32:28 apf.py[line:62] INFO psi_hat = -2.843882432501234
16:32:28 apf.py[line:65] INFO term1 = 1.8 * cos(-1.2377875055143326 - -1.2361969318539652) + 0.04 * 5.51194855108468 = 2.0204756651117552
16:32:28 apf.py[line:69] INFO term1 = 2.0204756651117552
16:32:28 apf.py[line:73] INFO theta_term_tmp = 1.8 * sin(-1.2377875055143326 - -2.843882432501234)/2.7052331837228234 = 0.6649625382380949
16:32:28 apf.py[line:78] INFO [v, theta] = [2.7052331837228234, -2.116438773512443]
16:32:28 apf.py[line:161] INFO 
16:32:28 apf.py[line:162] INFO 530
16:32:28 apf.py[line:84] INFO [ 5.31302767  8.01281472 -1.6831872   1.8179386  -2.0943951 ]
16:32:28 apf.py[line:85] INFO [array([0., 2.]), array([4., 2.]), array([5., 4.]), array([5., 6.]), array([7., 9.])]
16:32:28 apf.py[line:49] INFO n = [7.93219687e-05 1.39847587e-03 1.05249005e-02 1.40115662e-01
 1.63052835e-01]
16:32:28 apf.py[line:50] INFO beta = [0.00288507 0.03901472 0.19202798 1.29377836 1.44465259]
16:32:28 apf.py[line:58] INFO theta_robo_ob = [-2.2944861819294546, -1.785792831067115, -1.6486456843159594, -1.7250778300947132, 0.529452409274349]
16:32:28 apf.py[line:59] INFO psi = -1.2332756601886685
16:32:28 apf.py[line:60] INFO tan(psi_hat) = [-0.16308002687030942, -0.6917243094943311]
16:32:28 apf.py[line:62] INFO psi_hat = -2.910061817215293
16:32:28 apf.py[line:65] INFO term1 = 1.8 * cos(-1.2252211348999733 - -1.2332756601886685) + 0.04 * 5.515183314663878 = 2.020548945062352
16:32:28 apf.py[line:69] INFO term1 = 2.020548945062352
16:32:28 apf.py[line:73] INFO theta_term_tmp = 1.8 * sin(-1.2252211348999733 - -2.910061817215293)/2.698269927553197 = 0.6627606673607748
16:32:28 apf.py[line:78] INFO [v, theta] = [2.698269927553197, -2.185562408423727]
16:32:28 apf.py[line:161] INFO 
16:32:28 apf.py[line:162] INFO 531
16:32:28 apf.py[line:84] INFO [ 5.30739749  7.97661112 -1.7250751   1.8319386  -2.0943951 ]
16:32:28 apf.py[line:85] INFO [array([0., 2.]), array([4., 2.]), array([5., 4.]), array([5., 6.]), array([7., 9.])]
16:32:28 apf.py[line:49] INFO n = [8.92298488e-05 1.44886000e-03 1.09252969e-02 1.49768206e-01
 1.56098642e-01]
16:32:28 apf.py[line:50] INFO beta = [0.00323078 0.04015303 0.19739079 1.35711613 1.39861445]
16:32:28 apf.py[line:58] INFO theta_robo_ob = [-2.2969575018331563, -1.7861562306892251, -1.6479442746201285, -1.7250778800751039, 0.5438129031501672]
16:32:28 apf.py[line:59] INFO psi = -1.2300062402415066
16:32:28 apf.py[line:60] INFO tan(psi_hat) = [-0.08669620452101257, -0.6281339742015208]
16:32:28 apf.py[line:62] INFO psi_hat = -3.004437373871134
16:32:28 apf.py[line:65] INFO term1 = 1.8 * cos(-1.212654764285614 - -1.2300062402415066) + 0.04 * 5.518908645034129 = 2.0204853862536374
16:32:28 apf.py[line:69] INFO term1 = 2.0204853862536374
16:32:28 apf.py[line:73] INFO theta_term_tmp = 1.8 * sin(-1.212654764285614 - -3.004437373871134)/2.677068345470933 = 0.6560262581390881
16:32:28 apf.py[line:78] INFO [v, theta] = [2.677068345470933, -2.288895801537937]
16:32:28 apf.py[line:161] INFO 
16:32:28 apf.py[line:162] INFO 532
16:32:28 apf.py[line:84] INFO [ 5.30020161  7.94040041 -1.766963    1.8459386  -2.0943951 ]
16:32:28 apf.py[line:85] INFO [array([0., 2.]), array([4., 2.]), array([5., 4.]), array([5., 6.]), array([7., 9.])]
16:32:28 apf.py[line:49] INFO n = [9.96995505e-05 1.50130201e-03 1.13447416e-02 1.60356846e-01
 1.49044122e-01]
16:32:28 apf.py[line:50] INFO beta = [0.00359269 0.04132318 0.20292731 1.42516118 1.35128729]
16:32:28 apf.py[line:58] INFO theta_robo_ob = [-2.2993018146340973, -1.7862727483361376, -1.6468349983034292, -1.7242905580000571, 0.5574247400946212]
16:32:28 apf.py[line:59] INFO psi = -1.2263920815111082
16:32:28 apf.py[line:60] INFO tan(psi_hat) = [-0.0023165180476485414, -0.5645549996232809]
16:32:28 apf.py[line:62] INFO psi_hat = -3.1374894128985775
16:32:28 apf.py[line:65] INFO term1 = 1.8 * cos(-1.2000883936712547 - -1.2263920815111082) + 0.04 * 5.523205438300781 = 2.020305557839384
16:32:28 apf.py[line:69] INFO term1 = 2.020305557839384
16:32:28 apf.py[line:73] INFO theta_term_tmp = 1.8 * sin(-1.2000883936712547 - -3.1374894128985775)/2.627802061949072 = 0.6394658110331608
16:32:28 apf.py[line:78] INFO [v, theta] = [2.627802061949072, -2.4436861653262385]
16:32:28 apf.py[line:161] INFO 
16:32:28 apf.py[line:162] INFO 533
16:32:28 apf.py[line:84] INFO [ 5.29142968  7.9042507  -1.80885091  1.8599386  -2.0943951 ]
16:32:28 apf.py[line:85] INFO [array([0., 2.]), array([4., 2.]), array([5., 4.]), array([5., 6.]), array([7., 9.])]
16:32:28 apf.py[line:49] INFO n = [1.10748090e-04 1.55580861e-03 1.17834737e-02 1.71976077e-01
 1.41964410e-01]
16:32:28 apf.py[line:50] INFO beta = [0.00397083 0.04252346 0.20863024 1.49823237 1.30311101]
16:32:28 apf.py[line:58] INFO theta_robo_ob = [-2.3015117856487746, -1.7861337954909184, -1.6453023568901441, -1.7226596614334844, 0.5702527903819969]
16:32:28 apf.py[line:59] INFO psi = -1.2224375461291348
16:32:28 apf.py[line:60] INFO tan(psi_hat) = [0.09012694893265405, -0.5016377161992511]
16:32:28 apf.py[line:62] INFO psi_hat = 2.963823817999398
16:32:28 apf.py[line:65] INFO term1 = 1.8 * cos(-1.1875220230568955 - -1.2224375461291348) + 0.04 * 5.528156307242318 = 2.020029179373114
16:32:28 apf.py[line:69] INFO term1 = 2.020029179373114
16:32:28 apf.py[line:73] INFO theta_term_tmp = 1.8 * sin(-1.1875220230568955 - 2.963823817999398)/2.5304702687269898 = 0.6022836967961559
16:32:28 apf.py[line:78] INFO [v, theta] = [2.5304702687269898, 3.6101826140664914]
16:32:28 apf.py[line:161] INFO 
16:32:28 apf.py[line:162] INFO 534
16:32:28 apf.py[line:84] INFO [ 5.28107428  7.86823093 -1.85073881  1.8739386  -2.0943951 ]
16:32:28 apf.py[line:85] INFO [array([0., 2.]), array([4., 2.]), array([5., 4.]), array([5., 6.]), array([7., 9.])]
16:32:28 apf.py[line:49] INFO n = [1.22392419e-04 1.61237624e-03 1.22416102e-02 1.84727823e-01
 1.34926620e-01]
16:32:28 apf.py[line:50] INFO beta = [0.00436518 0.04375184 0.21449018 1.57665327 1.25449362]
16:32:28 apf.py[line:58] INFO theta_robo_ob = [-2.3035800238972355, -1.785730955575887, -1.6433310777830086, -1.720125785658537, 0.582269187444918]
16:32:28 apf.py[line:59] INFO psi = -1.2181479928028498
16:32:28 apf.py[line:60] INFO tan(psi_hat) = [0.19068957718721014, -0.44002725692743727]
16:32:28 apf.py[line:62] INFO psi_hat = 2.732663588657712
16:32:28 apf.py[line:65] INFO term1 = 1.8 * cos(-1.1749556524425362 - -1.2181479928028498) + 0.04 * 5.533845301527086 = 2.019675052634301
16:32:28 apf.py[line:69] INFO term1 = 2.019675052634301
16:32:28 apf.py[line:73] INFO theta_term_tmp = 1.8 * sin(-1.1749556524425362 - 2.732663588657712)/2.374097536528559 = 0.5256308693832655
16:32:28 apf.py[line:78] INFO [v, theta] = [2.374097536528559, 3.2861201094418537]
16:32:28 apf.py[line:161] INFO 
16:32:28 apf.py[line:162] INFO 535
16:32:28 apf.py[line:84] INFO [ 5.26913105  7.83241076 -1.89262671  1.8879386  -2.0943951 ]
16:32:28 apf.py[line:85] INFO [array([0., 2.]), array([4., 2.]), array([5., 4.]), array([5., 6.]), array([7., 9.])]
16:32:28 apf.py[line:49] INFO n = [1.34649282e-04 1.67098950e-03 1.27191209e-02 1.98720926e-01
 1.27989176e-01]
16:32:28 apf.py[line:50] INFO beta = [0.00477565 0.04500594 0.22049543 1.66074536 1.20580604]
16:32:28 apf.py[line:58] INFO theta_robo_ob = [-2.305499091644802, -1.7850560282793337, -1.6409062278743574, -1.716626358606876, 0.5934529978035656]
16:32:28 apf.py[line:59] INFO psi = -1.213529816183015
16:32:28 apf.py[line:60] INFO tan(psi_hat) = [0.29941638301278095, -0.3803700764428113]
16:32:28 apf.py[line:62] INFO psi_hat = 2.4747232266176242
16:32:28 apf.py[line:65] INFO term1 = 1.8 * cos(-1.162389281828177 - -1.213529816183015) + 0.04 * 5.540357602896797 = 2.019260998248303
16:32:28 apf.py[line:69] INFO term1 = 2.019260998248303
16:32:28 apf.py[line:73] INFO theta_term_tmp = 1.8 * sin(-1.162389281828177 - 2.4747232266176242)/2.19315891546901 = 0.3902500049071531
16:32:28 apf.py[line:78] INFO [v, theta] = [2.19315891546901, 2.8756263389240697]
16:32:28 apf.py[line:161] INFO 
16:32:28 apf.py[line:162] INFO 536
16:32:28 apf.py[line:84] INFO [ 5.25559869  7.79686047 -1.93451461  1.9019386  -2.0943951 ]
16:32:28 apf.py[line:85] INFO [array([0., 2.]), array([4., 2.]), array([5., 4.]), array([5., 6.]), array([7., 9.])]
16:32:28 apf.py[line:49] INFO n = [1.47535052e-04 1.73161953e-03 1.32158016e-02 2.14070114e-01
 1.21201588e-01]
16:32:28 apf.py[line:50] INFO beta = [0.00520212 0.04628305 0.22663179 1.75081879 1.15737892]
16:32:28 apf.py[line:58] INFO theta_robo_ob = [-2.307261515328136, -1.784101078163477, -1.638013342336532, -1.7120957594352144, 0.6037897909630109]
16:32:28 apf.py[line:59] INFO psi = -1.2085904806554377
16:32:28 apf.py[line:60] INFO tan(psi_hat) = [0.4163397558065761, -0.3233235404980742]
16:32:28 apf.py[line:62] INFO psi_hat = 2.231096369918558
16:32:28 apf.py[line:65] INFO term1 = 1.8 * cos(-1.1498229112138176 - -1.2085904806554377) + 0.04 * 5.547779195921173 = 2.0188037978031743
16:32:28 apf.py[line:69] INFO term1 = 2.0188037978031743
16:32:28 apf.py[line:73] INFO theta_term_tmp = 1.8 * sin(-1.1498229112138176 - 2.231096369918558)/2.0634027300888915 = 0.20678818264701487
16:32:28 apf.py[line:78] INFO [v, theta] = [2.0634027300888915, 2.4393874120725947]
16:32:28 apf.py[line:161] INFO 
16:32:28 apf.py[line:162] INFO 537
16:32:28 apf.py[line:84] INFO [ 5.24047903  7.76165075 -1.97640251  1.9159386  -2.0943951 ]
16:32:28 apf.py[line:85] INFO [array([0., 2.]), array([4., 2.]), array([5., 4.]), array([5., 6.]), array([7., 9.])]
16:32:28 apf.py[line:49] INFO n = [1.61065543e-04 1.79422229e-03 1.37312437e-02 2.30894237e-01
 1.14604581e-01]
16:32:28 apf.py[line:50] INFO beta = [0.00564434 0.04758005 0.23288226 1.84715985 1.1095013 ]
16:32:28 apf.py[line:58] INFO theta_robo_ob = [-2.308859797997341, -1.7828584876822153, -1.6346385694081023, -1.706465546262713, 0.6132711364410209]
16:32:28 apf.py[line:59] INFO psi = -1.2033385475393599
16:32:28 apf.py[line:60] INFO tan(psi_hat) = [0.5414717409000074, -0.2695678665204251]
16:32:28 apf.py[line:62] INFO psi_hat = 2.0327167742903893
16:32:28 apf.py[line:65] INFO term1 = 1.8 * cos(-1.1372565405994584 - -1.2033385475393599) + 0.04 * 5.556196515320412 = 2.0183191421189615
16:32:28 apf.py[line:69] INFO term1 = 2.0183191421189615
16:32:28 apf.py[line:73] INFO theta_term_tmp = 1.8 * sin(-1.1372565405994584 - 2.0327167742903893)/2.018965367588237 = 0.025299261479942395
16:32:28 apf.py[line:78] INFO [v, theta] = [2.018965367588237, 2.0580187353577633]
16:32:28 apf.py[line:161] INFO 
16:32:28 apf.py[line:162] INFO 538
16:32:28 apf.py[line:84] INFO [ 5.22377704  7.72685264 -2.01829042  1.9299386  -2.0943951 ]
16:32:28 apf.py[line:85] INFO [array([0., 2.]), array([4., 2.]), array([5., 4.]), array([5., 6.]), array([7., 9.])]
16:32:28 apf.py[line:49] INFO n = [1.75255795e-04 1.85873671e-03 1.42648027e-02 2.49313542e-01
 1.08230503e-01]
16:32:28 apf.py[line:50] INFO beta = [0.00610204 0.04889342 0.23922689 1.95001467 1.06242076]
16:32:28 apf.py[line:58] INFO theta_robo_ob = [-2.3102864334107114, -1.7813210146897402, -1.630768831791198, -1.699664823715625, 0.6218940533361362]
16:32:28 apf.py[line:59] INFO psi = -1.1977836946839706
16:32:28 apf.py[line:60] INFO tan(psi_hat) = [0.6747898608072412, -0.21981949793971367]
16:32:28 apf.py[line:62] INFO psi_hat = 1.885715403121714
16:32:28 apf.py[line:65] INFO term1 = 1.8 * cos(-1.124690169985099 - -1.1977836946839706) + 0.04 * 5.565696071272904 = 2.017821586255963
16:32:28 apf.py[line:69] INFO term1 = 2.017821586255963
16:32:28 apf.py[line:73] INFO theta_term_tmp = 1.8 * sin(-1.124690169985099 - 1.885715403121714)/2.0315130737133393 = -0.11590376141109385
16:32:28 apf.py[line:78] INFO [v, theta] = [2.0315130737133393, 1.7695505579411093]
16:32:29 apf.py[line:161] INFO 
16:32:29 apf.py[line:162] INFO 539
16:32:29 apf.py[line:84] INFO [ 5.20550089  7.69253732 -2.06017832  1.9439386  -2.0943951 ]
16:32:29 apf.py[line:85] INFO [array([0., 2.]), array([4., 2.]), array([5., 4.]), array([5., 6.]), array([7., 9.])]
16:32:29 apf.py[line:49] INFO n = [1.90119838e-04 1.92508284e-03 1.48155647e-02 2.69445695e-01
 1.02103948e-01]
16:32:29 apf.py[line:50] INFO beta = [0.00657481 0.05021926 0.2456425  2.05956817 1.01634473]
16:32:29 apf.py[line:58] INFO theta_robo_ob = [-2.311533921922705, -1.7794818544618576, -1.6263920049987894, -1.6916207863592276, 0.6296604351331665]
16:32:29 apf.py[line:59] INFO psi = -1.1919367274888288
16:32:29 apf.py[line:60] INFO tan(psi_hat) = [0.8162154865938354, -0.17484476128860427]
16:32:29 apf.py[line:62] INFO psi_hat = 1.781821066264986
16:32:29 apf.py[line:65] INFO term1 = 1.8 * cos(-1.1121237993707398 - -1.1919367274888288) + 0.04 * 5.5763640545676045 = 2.017324511757644
16:32:29 apf.py[line:69] INFO term1 = 2.017324511757644
16:32:29 apf.py[line:73] INFO theta_term_tmp = 1.8 * sin(-1.1121237993707398 - 1.781821066264986)/2.065012445214042 = -0.21366628663332632
16:32:29 apf.py[line:78] INFO [v, theta] = [2.065012445214042, 1.5664946820210144]
16:32:29 apf.py[line:161] INFO 
16:32:29 apf.py[line:162] INFO 540
16:32:29 apf.py[line:84] INFO [ 5.18566193  7.65877602 -2.10206622  1.9579386  -2.0943951 ]
16:32:29 apf.py[line:85] INFO [array([0., 2.]), array([4., 2.]), array([5., 4.]), array([5., 6.]), array([7., 9.])]
16:32:29 apf.py[line:49] INFO n = [2.05670428e-04 1.99315996e-03 1.53823116e-02 2.91400208e-01
 9.62425075e-02]
16:32:29 apf.py[line:50] INFO beta = [0.00706217 0.05155321 0.25210256 2.1759176  0.97144286]
16:32:29 apf.py[line:58] INFO theta_robo_ob = [-2.3125947883084517, -1.7773347061798177, -1.621497112628255, -1.682259479455717, 0.6365764691575168]
16:32:29 apf.py[line:59] INFO psi = -1.1858095804375481
16:32:29 apf.py[line:60] INFO tan(psi_hat) = [0.9655838296182218, -0.13547235776304734]
16:32:29 apf.py[line:62] INFO psi_hat = 1.7101874504616714
16:32:29 apf.py[line:65] INFO term1 = 1.8 * cos(-1.0995574287563805 - -1.1858095804375481) + 0.04 * 5.588285923914322 = 2.0168400965126994
16:32:29 apf.py[line:69] INFO term1 = 2.0168400965126994
16:32:29 apf.py[line:73] INFO theta_term_tmp = 1.8 * sin(-1.0995574287563805 - 1.7101874504616714)/2.100365656687884 = -0.27920042529470834
16:32:29 apf.py[line:78] INFO [v, theta] = [2.100365656687884, 1.427226130526669]
16:32:29 apf.py[line:161] INFO 
16:32:29 apf.py[line:162] INFO 541
16:32:29 apf.py[line:84] INFO [ 5.16427476  7.62563985 -2.14395412  1.9719386  -2.0943951 ]
16:32:29 apf.py[line:85] INFO [array([0., 2.]), array([4., 2.]), array([5., 4.]), array([5., 6.]), array([7., 9.])]
16:32:29 apf.py[line:49] INFO n = [2.21918743e-04 2.06284465e-03 1.59634868e-02 3.15270909e-01
 9.06575959e-02]
16:32:29 apf.py[line:50] INFO beta = [0.00756355 0.0528905  0.25857698 2.29903991 0.92784982]
16:32:29 apf.py[line:58] INFO theta_robo_ob = [-2.313461601669227, -1.7748738437406324, -1.6160745380793298, -1.6715068231512658, 0.6426520665663262]
16:32:29 apf.py[line:59] INFO psi = -1.1794153083285457
16:32:29 apf.py[line:60] INFO tan(psi_hat) = [1.1226047811234379, -0.10260285893957277]
16:32:29 apf.py[line:62] INFO psi_hat = 1.6619402348050132
16:32:29 apf.py[line:65] INFO term1 = 1.8 * cos(-1.0869910581420212 - -1.1794153083285457) + 0.04 * 5.601545978179695 = 2.01637929249123
16:32:29 apf.py[line:69] INFO term1 = 2.01637929249123
16:32:29 apf.py[line:73] INFO theta_term_tmp = 1.8 * sin(-1.0869910581420212 - 1.6619402348050132)/2.1307712333815396 = -0.32324795712266496
16:32:29 apf.py[line:78] INFO [v, theta] = [2.1307712333815396, 1.3327805322481918]
16:32:29 apf.py[line:161] INFO 
16:32:29 apf.py[line:162] INFO 542
16:32:29 apf.py[line:84] INFO [ 5.1413572   7.59319966 -2.18584202  1.9859386  -2.0943951 ]
16:32:29 apf.py[line:85] INFO [array([0., 2.]), array([4., 2.]), array([5., 4.]), array([5., 6.]), array([7., 9.])]
16:32:29 apf.py[line:49] INFO n = [2.38874064e-04 2.13398899e-03 1.65571616e-02 3.41126099e-01
 8.53552973e-02]
16:32:29 apf.py[line:50] INFO beta = [0.00807826 0.05422592 0.26503206 2.42875241 0.88566867]
16:32:29 apf.py[line:58] INFO theta_robo_ob = [-2.3141269975625267, -1.7720941906575658, -1.6101162516731464, -1.6592899492246587, 0.6479003152706165]
16:32:29 apf.py[line:59] INFO psi = -1.172768066512821
16:32:29 apf.py[line:60] INFO tan(psi_hat) = [1.2868141669567574, -0.07721290447666429]
16:32:29 apf.py[line:62] INFO psi_hat = 1.6307276213863602
16:32:29 apf.py[line:65] INFO term1 = 1.8 * cos(-1.074424687527662 - -1.172768066512821) + 0.04 * 5.61622691675941 = 2.0159518114656336
16:32:29 apf.py[line:69] INFO term1 = 2.0159518114656336
16:32:29 apf.py[line:73] INFO theta_term_tmp = 1.8 * sin(-1.074424687527662 - 1.6307276213863602)/2.1547654015361326 = -0.353119232405489
16:32:29 apf.py[line:78] INFO [v, theta] = [2.1547654015361326, 1.2698245914185322]
16:32:29 apf.py[line:161] INFO 
16:32:29 apf.py[line:162] INFO 543
16:32:29 apf.py[line:84] INFO [ 5.11693029  7.56152589 -2.22772993  1.9999386  -2.0943951 ]
16:32:29 apf.py[line:85] INFO [array([0., 2.]), array([4., 2.]), array([5., 4.]), array([5., 6.]), array([7., 9.])]
16:32:29 apf.py[line:49] INFO n = [2.56543416e-04 2.20641873e-03 1.71610039e-02 3.68996070e-01
 8.03371968e-02]
16:32:29 apf.py[line:50] INFO beta = [0.0086055  0.05555382 0.27143043 2.56466673 0.84497432]
16:32:29 apf.py[line:58] INFO theta_robo_ob = [-2.314583702497112, -1.7689913986994281, -1.6036160514609374, -1.6455388995841285, 0.6523369649132255]
16:32:29 apf.py[line:59] INFO psi = -1.165883079606167
16:32:29 apf.py[line:60] INFO tan(psi_hat) = [1.4575156154980462, -0.060351261133909095]
16:32:29 apf.py[line:62] INFO psi_hat = 1.6121796262178283
16:32:29 apf.py[line:65] INFO term1 = 1.8 * cos(-1.0618583169133027 - -1.165883079606167) + 0.04 * 5.632409391714143 = 2.015566118671966
16:32:29 apf.py[line:69] INFO term1 = 2.015566118671966
16:32:29 apf.py[line:73] INFO theta_term_tmp = 1.8 * sin(-1.0618583169133027 - 1.6121796262178283)/2.1727088066561326 = -0.3733904061160757
16:32:29 apf.py[line:78] INFO [v, theta] = [2.1727088066561326, 1.2295185440201375]
16:32:29 apf.py[line:161] INFO 
16:32:29 apf.py[line:162] INFO 544
16:32:29 apf.py[line:84] INFO [ 5.09119765  7.53090185 -2.26961783  2.         -2.0943951 ]
16:32:29 apf.py[line:85] INFO [array([0., 2.]), array([4., 2.]), array([5., 4.]), array([5., 6.]), array([7., 9.])]
16:32:29 apf.py[line:49] INFO n = [2.74801983e-04 2.27941553e-03 1.77679454e-02 3.98641866e-01
 7.56327358e-02]
16:32:29 apf.py[line:50] INFO beta = [0.0091402  0.0568565  0.27767484 2.70500673 0.80604473]
16:32:29 apf.py[line:58] INFO theta_robo_ob = [-2.3148228850699346, -1.765585812917332, -1.596619015337327, -1.6302972025047724, 0.6559551456469945]
16:32:29 apf.py[line:59] INFO psi = -1.1588208083774707
16:32:29 apf.py[line:60] INFO tan(psi_hat) = [1.6323567034713373, -0.05312225473293519]
16:32:29 apf.py[line:62] INFO psi_hat = 1.6033281338502328
16:32:29 apf.py[line:65] INFO term1 = 1.8 * cos(-1.0492919462989434 - -1.1588208083774707) + 0.04 * 5.6502953102403755 = 2.015225687458658
16:32:29 apf.py[line:69] INFO term1 = 2.015225687458658
16:32:29 apf.py[line:73] INFO theta_term_tmp = 1.8 * sin(-1.0492919462989434 - 1.6033281338502328)/2.185405074923763 = -0.3868822323135441
16:32:29 apf.py[line:78] INFO [v, theta] = [2.185405074923763, 1.2060800023169835]
16:32:29 apf.py[line:161] INFO 
16:32:29 apf.py[line:162] INFO 545
16:32:29 apf.py[line:84] INFO [ 5.06420519  7.50138225 -2.31150573  2.         -2.0943951 ]
16:32:29 apf.py[line:85] INFO [array([0., 2.]), array([4., 2.]), array([5., 4.]), array([5., 6.]), array([7., 9.])]
16:32:29 apf.py[line:49] INFO n = [2.93638253e-04 2.35272669e-03 1.83746170e-02 4.29925968e-01
 7.12305655e-02]
16:32:29 apf.py[line:50] INFO beta = [0.0096811  0.05812764 0.2837219  2.84868043 0.76887588]
16:32:29 apf.py[line:58] INFO theta_robo_ob = [-2.3148406300233195, -1.7618794302346898, -1.5891313688521667, -1.6135343369345385, 0.6587859756851165]
16:32:29 apf.py[line:59] INFO psi = -1.1516004121598402
16:32:29 apf.py[line:60] INFO tan(psi_hat) = [1.809856290742806, -0.05644362389498436]
16:32:29 apf.py[line:62] INFO psi_hat = 1.6019730205044433
16:32:29 apf.py[line:65] INFO term1 = 1.8 * cos(-1.0367255756845841 - -1.1516004121598402) + 0.04 * 5.669933699978502 = 2.014933797538423
16:32:29 apf.py[line:69] INFO term1 = 2.014933797538423
16:32:29 apf.py[line:73] INFO theta_term_tmp = 1.8 * sin(-1.0367255756845841 - 1.6019730205044433)/2.1937578149442674 = -0.39545565925187176
16:32:29 apf.py[line:78] INFO [v, theta] = [2.1937578149442674, 1.1954091236942377]
16:32:29 apf.py[line:161] INFO 
16:32:29 apf.py[line:162] INFO 546
16:32:29 apf.py[line:84] INFO [ 5.03600025  7.47301887 -2.35339363  2.         -2.0943951 ]
16:32:29 apf.py[line:85] INFO [array([0., 2.]), array([4., 2.]), array([5., 4.]), array([5., 6.]), array([7., 9.])]
16:32:29 apf.py[line:49] INFO n = [3.13037561e-04 2.42607818e-03 1.89773101e-02 4.62625756e-01
 6.71175734e-02]
16:32:29 apf.py[line:50] INFO beta = [0.01022686 0.05936078 0.28952658 2.99427091 0.7334468 ]
16:32:29 apf.py[line:58] INFO theta_robo_ob = [-2.314633335308982, -1.7578751276827131, -1.581161648021523, -1.5952312346717468, 0.6608609674632777]
16:32:29 apf.py[line:59] INFO psi = -1.144241312460639
16:32:29 apf.py[line:60] INFO tan(psi_hat) = [1.9881550744555698, -0.07116924218025089]
16:32:29 apf.py[line:62] INFO psi_hat = 1.6065776738977382
16:32:29 apf.py[line:65] INFO term1 = 1.8 * cos(-1.0241592050702248 - -1.144241312460639) + 0.04 * 5.691368431029286 = 2.0146925830918283
16:32:29 apf.py[line:69] INFO term1 = 2.0146925830918283
16:32:29 apf.py[line:73] INFO theta_term_tmp = 1.8 * sin(-1.0241592050702248 - 1.6065776738977382)/2.198521606051601 = -0.4002976776391267
16:32:29 apf.py[line:78] INFO [v, theta] = [2.198521606051601, 1.1947360118694679]
16:32:29 apf.py[line:161] INFO 
16:32:29 apf.py[line:162] INFO 547
16:32:29 apf.py[line:84] INFO [ 5.00663231  7.44586147 -2.39528153  2.         -2.0943951 ]
16:32:29 apf.py[line:85] INFO [array([0., 2.]), array([4., 2.]), array([5., 4.]), array([5., 6.]), array([7., 9.])]
16:32:29 apf.py[line:49] INFO n = [3.32981229e-04 2.49917308e-03 1.95719782e-02 4.96418085e-01
 6.32796119e-02]
16:32:29 apf.py[line:50] INFO beta = [0.01077604 0.06054936 0.2950425  3.1400032  0.69972401]
16:32:29 apf.py[line:58] INFO theta_robo_ob = [-2.3141977273872785, -1.7535768061308927, -1.5727210421776152, -1.5753833943583646, 0.6622115856312073]
16:32:29 apf.py[line:59] INFO psi = -1.136763282897888
16:32:29 apf.py[line:60] INFO tan(psi_hat) = [2.1649747033997304, -0.09802296094289642]
16:32:29 apf.py[line:62] INFO psi_hat = 1.6160421494353032
16:32:29 apf.py[line:65] INFO term1 = 1.8 * cos(-1.0115928344558656 - -1.136763282897888) + 0.04 * 5.7146385557180315 = 2.0145030661929884
16:32:29 apf.py[line:69] INFO term1 = 2.0145030661929884
16:32:29 apf.py[line:73] INFO theta_term_tmp = 1.8 * sin(-1.0115928344558656 - 1.6160421494353032)/2.2003005844043795 = -0.40218568988845504
16:32:29 apf.py[line:78] INFO [v, theta] = [2.2003005844043795, 1.2021392755810556]
16:32:29 apf.py[line:161] INFO 
16:32:29 apf.py[line:162] INFO 548
16:32:29 apf.py[line:84] INFO [ 4.9761529   7.41995769 -2.43716944  2.         -2.0943951 ]
16:32:29 apf.py[line:85] INFO [array([0., 2.]), array([4., 2.]), array([5., 4.]), array([5., 6.]), array([7., 9.])]
16:32:29 apf.py[line:49] INFO n = [3.53446242e-04 2.57169255e-03 2.01542685e-02 5.30867348e-01
 5.97019590e-02]
16:32:29 apf.py[line:50] INFO beta = [0.01132712 0.06168672 0.3002225  3.28373093 0.66766445]
16:32:29 apf.py[line:58] INFO theta_robo_ob = [-2.3135308916779116, -1.7489894350844315, -1.5638235181002902, -1.554003674642595, 0.6628689988297265]
16:32:29 apf.py[line:59] INFO psi = -1.1291863439274188
16:32:29 apf.py[line:60] INFO tan(psi_hat) = [2.3376042703570574, -0.13751625386800376]
16:32:29 apf.py[line:62] INFO psi_hat = 1.629556463935225
16:32:29 apf.py[line:65] INFO term1 = 1.8 * cos(-0.9990264638415063 - -1.1291863439274188) + 0.04 * 5.739778070866674 = 2.014365202057943
16:32:29 apf.py[line:69] INFO term1 = 2.014365202057943
16:32:29 apf.py[line:73] INFO theta_term_tmp = 1.8 * sin(-0.9990264638415063 - 1.629556463935225)/2.1995769997347487 = -0.40164229597586437
16:32:29 apf.py[line:78] INFO [v, theta] = [2.1995769997347487, 1.2162470238730012]
16:32:30 apf.py[line:161] INFO 
16:32:30 apf.py[line:162] INFO 549
16:32:30 apf.py[line:84] INFO [ 4.94461549  7.39535298 -2.47905734  2.         -2.0943951 ]
16:32:30 apf.py[line:85] INFO [array([0., 2.]), array([4., 2.]), array([5., 4.]), array([5., 6.]), array([7., 9.])]
16:32:30 apf.py[line:49] INFO n = [3.74404927e-04 2.64329743e-03 2.07195661e-02 5.65418638e-01
 5.63696843e-02]
16:32:30 apf.py[line:50] INFO beta = [0.01187851 0.06276623 0.30501928 3.42294546 0.63721787]
16:32:30 apf.py[line:58] INFO theta_robo_ob = [-2.312630304076392, -1.7441190921617227, -1.5544859178033548, -1.5311250393571296, 0.662863880170825]
16:32:30 apf.py[line:59] INFO psi = -1.1215306539512473
16:32:30 apf.py[line:60] INFO tan(psi_hat) = [2.50291865587336, -0.18985379206520275]
16:32:30 apf.py[line:62] INFO psi_hat = 1.6465043106280228
16:32:30 apf.py[line:65] INFO term1 = 1.8 * cos(-0.986460093227147 - -1.1215306539512473) + 0.04 * 5.766815710965815 = 2.0142779259450267
16:32:30 apf.py[line:69] INFO term1 = 2.0142779259450267
16:32:30 apf.py[line:73] INFO theta_term_tmp = 1.8 * sin(-0.986460093227147 - 1.6465043106280228)/2.196742758769209 = -0.3990286424324356
16:32:30 apf.py[line:78] INFO [v, theta] = [2.196742758769209, 1.2360470577526659]
16:32:30 apf.py[line:161] INFO 
16:32:30 apf.py[line:162] INFO 550
16:32:30 apf.py[line:84] INFO [ 4.91207541  7.3720905  -2.52094524  2.         -2.0943951 ]
16:32:30 apf.py[line:85] INFO [array([0., 2.]), array([4., 2.]), array([5., 4.]), array([5., 6.]), array([7., 9.])]
16:32:30 apf.py[line:49] INFO n = [3.95824654e-04 2.71363026e-03 2.12630525e-02 5.99398797e-01
 5.32679339e-02]
16:32:30 apf.py[line:50] INFO beta = [0.01242852 0.0637813  0.30938619 3.55481488 0.6083289 ]
16:32:30 apf.py[line:58] INFO theta_robo_ob = [-2.311493863366936, -1.738972996168617, -1.5447280245746189, -1.5068030714421052, 0.6622262500808492]
16:32:30 apf.py[line:59] INFO psi = -1.1138163982749418
16:32:30 apf.py[line:60] INFO tan(psi_hat) = [2.6574385554473063, -0.2548340029928412]
16:32:30 apf.py[line:62] INFO psi_hat = 1.6663985947252902
16:32:30 apf.py[line:65] INFO term1 = 1.8 * cos(-0.9738937226127877 - -1.1138163982749418) + 0.04 * 5.795774774436867 = 2.014239200973797
16:32:30 apf.py[line:69] INFO term1 = 2.014239200973797
16:32:30 apf.py[line:73] INFO theta_term_tmp = 1.8 * sin(-0.9738937226127877 - 1.6663985947252902)/2.1921263585337405 = -0.39460285230010844
16:32:30 apf.py[line:78] INFO [v, theta] = [2.1921263585337405, 1.260763005527555]
16:32:30 apf.py[line:161] INFO 
16:32:30 apf.py[line:162] INFO 551
16:32:30 apf.py[line:84] INFO [ 4.87858974  7.35021107 -2.56283314  2.         -2.0943951 ]
16:32:30 apf.py[line:85] INFO [array([0., 2.]), array([4., 2.]), array([5., 4.]), array([5., 6.]), array([7., 9.])]
16:32:30 apf.py[line:49] INFO n = [4.17667552e-04 2.78231790e-03 2.17797756e-02 6.32028097e-01
 5.03821464e-02]
16:32:30 apf.py[line:50] INFO beta = [0.01297541 0.06472547 0.31327802 3.67625899 0.58093874]
16:32:30 apf.py[line:58] INFO theta_robo_ob = [-2.3101199243278554, -1.7335595326795499, -1.5345725920855369, -1.4811180352892894, 0.6609853555830631]
16:32:30 apf.py[line:59] INFO psi = -1.106063677437636
16:32:30 apf.py[line:60] INFO tan(psi_hat) = [2.7974398756216208, -0.33175545660647754]
16:32:30 apf.py[line:62] INFO psi_hat = 1.6888375269503162
16:32:30 apf.py[line:65] INFO term1 = 1.8 * cos(-0.9613273519984284 - -1.106063677437636) + 0.04 * 5.82667298469173 = 2.014246066202269
16:32:30 apf.py[line:69] INFO term1 = 2.014246066202269
16:32:30 apf.py[line:73] INFO theta_term_tmp = 1.8 * sin(-0.9613273519984284 - 1.6888375269503162)/2.1860137775604116 = -0.3885580839749751
16:32:30 apf.py[line:78] INFO [v, theta] = [2.1860137775604116, 1.2897713290335113]
16:32:30 apf.py[line:161] INFO 
16:32:30 apf.py[line:162] INFO 552
16:32:30 apf.py[line:84] INFO [ 4.84421722  7.32975306 -2.60472104  2.         -2.0943951 ]
16:32:30 apf.py[line:85] INFO [array([0., 2.]), array([4., 2.]), array([5., 4.]), array([5., 6.]), array([7., 9.])]
16:32:30 apf.py[line:49] INFO n = [4.39890254e-04 2.84897465e-03 2.22647332e-02 6.62444752e-01
 4.76982129e-02]
16:32:30 apf.py[line:50] INFO beta = [0.01351735 0.06559253 0.3166519  3.7840636  0.5549865 ]
16:32:30 apf.py[line:58] INFO theta_robo_ob = [-2.3085073312889417, -1.727888271055896, -1.5240453318543228, -1.4541762441026613, 0.659169580598959]
16:32:30 apf.py[line:59] INFO psi = -1.0982923964550837
16:32:30 apf.py[line:60] INFO tan(psi_hat) = [2.919115523641163, -0.4193433024968491]
16:32:30 apf.py[line:62] INFO psi_hat = 1.7134744427249295
16:32:30 apf.py[line:65] INFO term1 = 1.8 * cos(-0.9487609813840692 - -1.0982923964550837) + 0.04 * 5.859522387178216 = 2.01429468439379
16:32:30 apf.py[line:69] INFO term1 = 2.01429468439379
16:32:30 apf.py[line:73] INFO theta_term_tmp = 1.8 * sin(-0.9487609813840692 - 1.7134744427249295)/2.178663681534975 = -0.3810483049024157
16:32:30 apf.py[line:78] INFO [v, theta] = [2.178663681534975, 1.3225445629015973]
16:32:30 apf.py[line:161] INFO 
16:32:30 apf.py[line:162] INFO 553
16:32:30 apf.py[line:84] INFO [ 4.80901816  7.31075237 -2.64660895  2.         -2.0943951 ]
16:32:30 apf.py[line:85] INFO [array([0., 2.]), array([4., 2.]), array([5., 4.]), array([5., 6.]), array([7., 9.])]
16:32:30 apf.py[line:49] INFO n = [4.62443687e-04 2.91320594e-03 2.27129669e-02 6.89743147e-01
 4.52025897e-02]
16:32:30 apf.py[line:50] INFO beta = [0.01405249 0.06637651 0.31946814 3.87503266 0.53041036]
16:32:30 apf.py[line:58] INFO theta_robo_ob = [-2.3066554518624254, -1.721969971882504, -1.513174855083377, -1.4261104888919398, 0.6568063823910611]
16:32:30 apf.py[line:59] INFO psi = -1.090522156493116
16:32:30 apf.py[line:60] INFO tan(psi_hat) = [3.018785345855277, -0.5157118631061866]
16:32:30 apf.py[line:62] INFO psi_hat = 1.739997167713629
16:32:30 apf.py[line:65] INFO term1 = 1.8 * cos(-0.9361946107697099 - -1.090522156493116) + 0.04 * 5.894329283057949 = 2.0143803890099945
16:32:30 apf.py[line:69] INFO term1 = 2.0143803890099945
16:32:30 apf.py[line:73] INFO theta_term_tmp = 1.8 * sin(-0.9361946107697099 - 1.739997167713629)/2.170317668867429 = -0.37220631282892347
16:32:30 apf.py[line:78] INFO [v, theta] = [2.170317668867429, 1.358612168725025]
16:32:30 apf.py[line:161] INFO 
16:32:30 apf.py[line:162] INFO 554
16:32:30 apf.py[line:84] INFO [ 4.77305431  7.29324232 -2.68849685  2.         -2.0943951 ]
16:32:30 apf.py[line:85] INFO [array([0., 2.]), array([4., 2.]), array([5., 4.]), array([5., 6.]), array([7., 9.])]
16:32:30 apf.py[line:49] INFO n = [4.85272896e-04 2.97461250e-03 2.31196642e-02 7.13024678e-01
 4.28823745e-02]
16:32:30 apf.py[line:50] INFO beta = [0.01457891 0.06707185 0.3216912  3.94617069 0.50714842]
16:32:30 apf.py[line:58] INFO theta_robo_ob = [-2.3045642105303603, -1.7158165838868074, -1.5019925659007036, -1.3970793169974853, 0.6539222498200065]
16:32:30 apf.py[line:59] INFO psi = -1.0827721504269818
16:32:30 apf.py[line:60] INFO tan(psi_hat) = [3.0931407579966805, -0.618378669586269]
16:32:30 apf.py[line:62] INFO psi_hat = 1.7681143310822534
16:32:30 apf.py[line:65] INFO term1 = 1.8 * cos(-0.9236282401553506 - -1.0827721504269818) + 0.04 * 5.931094199615309 = 2.0144977300794285
16:32:30 apf.py[line:69] INFO term1 = 2.0144977300794285
16:32:30 apf.py[line:73] INFO theta_term_tmp = 1.8 * sin(-0.9236282401553506 - 1.7681143310822534)/2.1612062634783564 = -0.362156532020326
16:32:30 apf.py[line:78] INFO [v, theta] = [2.1612062634783564, 1.3975338900981489]
16:32:30 apf.py[line:161] INFO 
16:32:30 apf.py[line:162] INFO 555
16:32:30 apf.py[line:84] INFO [ 4.73638877  7.27725365 -2.73038475  2.         -2.0943951 ]
16:32:30 apf.py[line:85] INFO [array([0., 2.]), array([4., 2.]), array([5., 4.]), array([5., 6.]), array([7., 9.])]
16:32:30 apf.py[line:49] INFO n = [5.08316935e-04 3.03279501e-03 2.34802659e-02 7.31457681e-01
 4.07253521e-02]
16:32:30 apf.py[line:50] INFO beta = [0.01509467 0.06767339 0.32329044 3.99488096 0.48513938]
16:32:30 apf.py[line:58] INFO theta_robo_ob = [-2.302234121732606, -1.709441229522774, -1.490532504300171, -1.3672650152540717, 0.6505426796222551]
16:32:30 apf.py[line:59] INFO psi = -1.0750610636438707
16:32:30 apf.py[line:60] INFO tan(psi_hat) = [3.1395010515152393, -0.7243407941784665]
16:32:30 apf.py[line:62] INFO psi_hat = 1.7975469543961848
16:32:30 apf.py[line:65] INFO term1 = 1.8 * cos(-0.9110618695409913 - -1.0750610636438707) + 0.04 * 5.969811896956201 = 2.0146405187069916
16:32:30 apf.py[line:69] INFO term1 = 2.0146405187069916
16:32:30 apf.py[line:73] INFO theta_term_tmp = 1.8 * sin(-0.9110618695409913 - 1.7975469543961848)/2.151551306165556 = -0.351023957801456
16:32:30 apf.py[line:78] INFO [v, theta] = [2.151551306165556, 1.4388825307402704]
16:32:30 apf.py[line:161] INFO 
16:32:30 apf.py[line:162] INFO 556
16:32:30 apf.py[line:84] INFO [ 4.69908584  7.2628144  -2.77227265  2.         -2.0943951 ]
16:32:30 apf.py[line:85] INFO [array([0., 2.]), array([4., 2.]), array([5., 4.]), array([5., 6.]), array([7., 9.])]
16:32:30 apf.py[line:49] INFO n = [5.31508817e-04 3.08735912e-03 2.37905747e-02 7.44340460e-01
 3.87200178e-02]
16:32:30 apf.py[line:50] INFO beta = [0.0155978  0.06817652 0.32424099 4.01915918 0.46432312]
16:32:30 apf.py[line:58] INFO theta_robo_ob = [-2.2996663220618316, -1.702858178554556, -1.4788311385610173, -1.3368702546345552, 0.6466921674169243]
16:32:30 apf.py[line:59] INFO psi = -1.0674069813153997
16:32:30 apf.py[line:60] INFO tan(psi_hat) = [3.156050832553063, -0.8302161550627034]
16:32:30 apf.py[line:62] INFO psi_hat = 1.8280241653531106
16:32:30 apf.py[line:65] INFO term1 = 1.8 * cos(-0.898495498926632 - -1.0674069813153997) + 0.04 * 6.0104714100388295 = 2.0148018701016857
16:32:30 apf.py[line:69] INFO term1 = 2.0148018701016857
16:32:30 apf.py[line:73] INFO theta_term_tmp = 1.8 * sin(-0.898495498926632 - 1.8280241653531106)/2.1415654008382425 = -0.33893996473451715
16:32:30 apf.py[line:78] INFO [v, theta] = [2.1415654008382425, 1.482234225417688]
16:32:30 apf.py[line:161] INFO 
16:32:30 apf.py[line:162] INFO 557
16:32:30 apf.py[line:84] INFO [ 4.66121099  7.24994989 -2.81416055  2.         -2.0943951 ]
16:32:30 apf.py[line:85] INFO [array([0., 2.]), array([4., 2.]), array([5., 4.]), array([5., 6.]), array([7., 9.])]
16:32:30 apf.py[line:49] INFO n = [5.54775542e-04 3.13792077e-03 2.40468618e-02 7.51159676e-01
 3.68555824e-02]
16:32:30 apf.py[line:50] INFO beta = [0.01608633 0.06857722 0.32452441 4.01775897 0.44464101]
16:32:30 apf.py[line:58] INFO theta_robo_ob = [-2.296862601136246, -1.6960828091608964, -1.4669271085761033, -1.3061134802868413, 0.6423942106121411]
16:32:30 apf.py[line:59] INFO psi = -1.059827303209195
16:32:30 apf.py[line:60] INFO tan(psi_hat) = [3.14202514744339, -0.9324415908035968]
16:32:30 apf.py[line:62] INFO psi_hat = 1.8592821558701655
16:32:30 apf.py[line:65] INFO term1 = 1.8 * cos(-0.8859291283122728 - -1.059827303209195) + 0.04 * 6.053056124598731 = 2.014974245104378
16:32:30 apf.py[line:69] INFO term1 = 2.014974245104378
16:32:30 apf.py[line:73] INFO theta_term_tmp = 1.8 * sin(-0.8859291283122728 - 1.8592821558701655)/2.131449137995809 = -0.3260453484308117
16:32:30 apf.py[line:78] INFO [v, theta] = [2.131449137995809, 1.5271648638944877]
16:32:30 apf.py[line:161] INFO 
16:32:30 apf.py[line:162] INFO 558
16:32:30 apf.py[line:84] INFO [ 4.62283065  7.23868271 -2.85604846  2.         -2.0943951 ]
16:32:30 apf.py[line:85] INFO [array([0., 2.]), array([4., 2.]), array([5., 4.]), array([5., 6.]), array([7., 9.])]
16:32:30 apf.py[line:49] INFO n = [5.78038210e-04 3.18411168e-03 2.42459650e-02 7.51635917e-01
 3.51219636e-02]
16:32:30 apf.py[line:50] INFO beta = [0.01655829 0.0688721  0.32412923 3.99030633 0.42603631]
16:32:30 apf.py[line:58] INFO theta_robo_ob = [-2.2938254306883015, -1.6891315562983613, -1.4548609232552498, -1.2752232664579748, 0.6376713207987067]
16:32:30 apf.py[line:59] INFO psi = -1.0523386669299477
16:32:30 apf.py[line:60] INFO tan(psi_hat) = [3.0978124760451693, -1.0275081717165637]
16:32:30 apf.py[line:62] INFO psi_hat = 1.891065626439599
16:32:30 apf.py[line:65] INFO term1 = 1.8 * cos(-0.8733627576979135 - -1.0523386669299477) + 0.04 * 6.097543885098674 = 2.0151494902889673
16:32:30 apf.py[line:69] INFO term1 = 2.0151494902889673
16:32:30 apf.py[line:73] INFO theta_term_tmp = 1.8 * sin(-0.8733627576979135 - 1.891065626439599)/2.1213869048083587 = -0.31249083726414584
16:32:30 apf.py[line:78] INFO [v, theta] = [2.1213869048083587, 1.5732515683165513]
16:32:30 apf.py[line:161] INFO 
16:32:30 apf.py[line:162] INFO 559
16:32:30 apf.py[line:84] INFO [ 4.58401216  7.2290326  -2.89793636  2.         -2.0943951 ]
16:32:30 apf.py[line:85] INFO [array([0., 2.]), array([4., 2.]), array([5., 4.]), array([5., 6.]), array([7., 9.])]
16:32:30 apf.py[line:49] INFO n = [6.01212226e-04 3.22558496e-03 2.43853762e-02 7.45749471e-01
 3.35097686e-02]
16:32:30 apf.py[line:50] INFO beta = [0.01701172 0.0690585  0.32305135 3.93734551 0.40845427]
16:32:30 apf.py[line:58] INFO theta_robo_ob = [-2.290557991379691, -1.6820218473048152, -1.4426746169037605, -1.2444319779856476, 0.6325450435906649]
16:32:30 apf.py[line:59] INFO psi = -1.04495688028716
16:32:30 apf.py[line:60] INFO tan(psi_hat) = [3.024956231091792, -1.1122053891789259]
16:32:30 apf.py[line:62] INFO psi_hat = 1.9231310070615313
16:32:30 apf.py[line:65] INFO term1 = 1.8 * cos(-0.8607963870835542 - -1.04495688028716) + 0.04 * 6.143907132460122 = 2.015318876786281
16:32:30 apf.py[line:69] INFO term1 = 2.015318876786281
16:32:30 apf.py[line:73] INFO theta_term_tmp = 1.8 * sin(-0.8607963870835542 - 1.9231310070615313)/2.1115421462431625 = -0.29843532087592756
16:32:30 apf.py[line:78] INFO [v, theta] = [2.1115421462431625, 1.6200781603605656]
16:32:31 apf.py[line:161] INFO 
16:32:31 apf.py[line:162] INFO 560
16:32:31 apf.py[line:84] INFO [ 4.54482361  7.22101652 -2.93982426  2.         -2.0943951 ]
16:32:31 apf.py[line:85] INFO [array([0., 2.]), array([4., 2.]), array([5., 4.]), array([5., 6.]), array([7., 9.])]
16:32:31 apf.py[line:49] INFO n = [6.24207607e-04 3.26202061e-03 2.44633122e-02 7.33742167e-01
 3.20102681e-02]
16:32:31 apf.py[line:50] INFO beta = [0.01744469 0.06913448 0.32129428 3.86030843 0.39184234]
16:32:31 apf.py[line:58] INFO theta_robo_ob = [-2.287064196831065, -1.6747720249881362, -1.430411371107297, -1.2139691666009207, 0.62703598419964]
16:32:31 apf.py[line:59] INFO psi = -1.0376968632860395
16:32:31 apf.py[line:60] INFO tan(psi_hat) = [2.9260509083079573, -1.1838422431191813]
16:32:31 apf.py[line:62] INFO psi_hat = 1.9552507737400913
16:32:31 apf.py[line:65] INFO term1 = 1.8 * cos(-0.8482300164691949 - -1.0376968632860395) + 0.04 * 6.192113069023826 = 2.015473138038021
16:32:31 apf.py[line:69] INFO term1 = 2.015473138038021
16:32:31 apf.py[line:73] INFO theta_term_tmp = 1.8 * sin(-0.8482300164691949 - 1.9552507737400913)/2.102052919356191 = -0.2840421394510889
16:32:31 apf.py[line:78] INFO [v, theta] = [2.102052919356191, 1.6672435014929334]
16:32:31 apf.py[line:161] INFO 
16:32:31 apf.py[line:162] INFO 561
16:32:31 apf.py[line:84] INFO [ 4.50533375  7.21464851 -2.98171216  2.         -2.0943951 ]
16:32:31 apf.py[line:85] INFO [array([0., 2.]), array([4., 2.]), array([5., 4.]), array([5., 6.]), array([7., 9.])]
16:32:31 apf.py[line:49] INFO n = [6.46929398e-04 3.29313078e-03 2.44787666e-02 7.16094989e-01
 3.06153676e-02]
16:32:31 apf.py[line:50] INFO beta = [0.01785535 0.06909893 0.31886913 3.76141091 0.3761502 ]
16:32:31 apf.py[line:58] INFO theta_robo_ob = [-2.283348714340388, -1.6674012587213074, -1.418115110082084, -1.1840551643297816, 0.621163837315045]
16:32:31 apf.py[line:59] INFO psi = -1.0305726000364315
16:32:31 apf.py[line:60] INFO tan(psi_hat) = [2.804546050548518, -1.24041623164401]
16:32:31 apf.py[line:62] INFO psi_hat = 1.987218225602957
16:32:31 apf.py[line:65] INFO term1 = 1.8 * cos(-0.8356636458548357 - -1.0305726000364315) + 0.04 * 6.242123847947016 = 2.0156025067270202
16:32:31 apf.py[line:69] INFO term1 = 2.0156025067270202
16:32:31 apf.py[line:73] INFO theta_term_tmp = 1.8 * sin(-0.8356636458548357 - 1.987218225602957)/2.093028460104774 = -0.2694739042714662
16:32:31 apf.py[line:78] INFO [v, theta] = [2.093028460104774, 1.7143715407299216]
16:32:31 apf.py[line:161] INFO 
16:32:31 apf.py[line:162] INFO 562
16:32:31 apf.py[line:84] INFO [ 4.46561188  7.20993975 -3.02360006  2.         -2.0943951 ]
16:32:31 apf.py[line:85] INFO [array([0., 2.]), array([4., 2.]), array([5., 4.]), array([5., 6.]), array([7., 9.])]
16:32:31 apf.py[line:49] INFO n = [6.69278197e-04 3.31866470e-03 2.44315388e-02 6.93485071e-01
 2.93175735e-02]
16:32:31 apf.py[line:50] INFO beta = [0.01824186 0.06895153 0.31579446 3.64348988 0.36132982]
16:32:31 apf.py[line:58] INFO theta_robo_ob = [-2.2794169817582888, -1.6599294443447692, -1.4058300785811642, -1.1548953109299265, 0.614947420108721]
16:32:31 apf.py[line:59] INFO psi = -1.0235971006785385
16:32:31 apf.py[line:60] INFO tan(psi_hat) = [2.664485526007433, -1.2807102890828532]
16:32:31 apf.py[line:62] INFO psi_hat = 2.0188521711425493
16:32:31 apf.py[line:65] INFO term1 = 1.8 * cos(-0.8230972752404764 - -1.0235971006785385) + 0.04 * 6.293896784075335 = 2.015696751150133
16:32:31 apf.py[line:69] INFO term1 = 2.015696751150133
16:32:31 apf.py[line:73] INFO theta_term_tmp = 1.8 * sin(-0.8230972752404764 - 2.0188521711425493)/2.084547266273835 = -0.2548864224993844
16:32:31 apf.py[line:78] INFO [v, theta] = [2.084547266273835, 1.761121926741734]
16:32:31 apf.py[line:161] INFO 
16:32:31 apf.py[line:162] INFO 563
16:32:31 apf.py[line:84] INFO [ 4.42572766  7.2068985  -3.06548797  2.         -2.0943951 ]
16:32:31 apf.py[line:85] INFO [array([0., 2.]), array([4., 2.]), array([5., 4.]), array([5., 6.]), array([7., 9.])]
16:32:31 apf.py[line:49] INFO n = [0.00069115 0.00333841 0.02432224 0.6667287  0.02810996]
16:32:31 apf.py[line:50] INFO beta = [0.01860249 0.0686928  0.31209589 3.5098036  0.34733545]
16:32:31 apf.py[line:58] INFO theta_robo_ob = [-2.2752752199934507, -1.6523770939504772, -1.3936004122067134, -1.1266751726845319, 0.608404707393949]
16:32:31 apf.py[line:59] INFO psi = -1.0167823732391166
16:32:31 apf.py[line:60] INFO tan(psi_hat) = [2.510217869693521, -1.3043104507023855]
16:32:31 apf.py[line:62] INFO psi_hat = 2.050001096502733
16:32:31 apf.py[line:65] INFO term1 = 1.8 * cos(-0.8105309046261171 - -1.0167823732391166) + 0.04 * 6.347384583228269 = 2.0157452113022547
16:32:31 apf.py[line:69] INFO term1 = 2.0157452113022547
16:32:31 apf.py[line:73] INFO theta_term_tmp = 1.8 * sin(-0.8105309046261171 - 2.050001096502733)/2.0766569270507027 = -0.24042233612597863
16:32:31 apf.py[line:78] INFO [v, theta] = [2.0766569270507027, 1.8072001706287033]
16:32:31 apf.py[line:161] INFO 
16:32:31 apf.py[line:162] INFO 564
16:32:31 apf.py[line:84] INFO [ 4.38575107  7.2055301  -3.10737587  2.         -2.0943951 ]
16:32:31 apf.py[line:85] INFO [array([0., 2.]), array([4., 2.]), array([5., 4.]), array([5., 6.]), array([7., 9.])]
16:32:31 apf.py[line:49] INFO n = [0.00071244 0.00335221 0.02415228 0.63671846 0.02698613]
16:32:31 apf.py[line:50] INFO beta = [0.0189356  0.06832406 0.30780555 3.36381978 0.33412361]
16:32:31 apf.py[line:58] INFO theta_robo_ob = [-2.2709304406373376, -1.6447652168791727, -1.3814697103126528, -1.099556991649438, 0.601552868148841]
16:32:31 apf.py[line:59] INFO psi = -1.010139405162551
16:32:31 apf.py[line:60] INFO tan(psi_hat) = [2.346114112426276, -1.3115501122257656]
16:32:31 apf.py[line:62] INFO psi_hat = 2.0805465446161926
16:32:31 apf.py[line:65] INFO term1 = 1.8 * cos(-0.7979645340117578 - -1.010139405162551) + 0.04 * 6.40253558680444 = 2.015736834926142
16:32:31 apf.py[line:69] INFO term1 = 2.015736834926142
16:32:31 apf.py[line:73] INFO theta_term_tmp = 1.8 * sin(-0.7979645340117578 - 2.0805465446161926)/2.0693756515961588 = -0.2262050358587032
16:32:31 apf.py[line:78] INFO [v, theta] = [2.0693756515961588, 1.8523665838733572]
16:32:31 apf.py[line:161] INFO 
16:32:31 apf.py[line:162] INFO 565
16:32:31 apf.py[line:84] INFO [ 4.34575225  7.20583694  3.13392154  2.         -2.0943951 ]
16:32:31 apf.py[line:85] INFO [array([0., 2.]), array([4., 2.]), array([5., 4.]), array([5., 6.]), array([7., 9.])]
16:32:31 apf.py[line:49] INFO n = [0.00073304 0.00335995 0.02392381 0.60436243 0.0259402 ]
16:32:31 apf.py[line:50] INFO beta = [0.01923964 0.06784746 0.30296142 3.20901522 0.32165303]
16:32:31 apf.py[line:58] INFO theta_robo_ob = [-2.266390448226387, -1.6371151934928005, -1.3694806215675481, -1.0736774694067197, 0.5944083027666133]
16:32:31 apf.py[line:59] INFO psi = -1.0036781541113768
16:32:31 apf.py[line:60] INFO tan(psi_hat) = [2.176323380819331, -1.303397095589932]
16:32:31 apf.py[line:62] INFO psi_hat = 2.1104056041548533
16:32:31 apf.py[line:65] INFO term1 = 1.8 * cos(-0.7853981633973985 - -1.0036781541113768) + 0.04 * 6.459294028642695 = 2.01566021375546
16:32:31 apf.py[line:69] INFO term1 = 2.01566021375546
16:32:31 apf.py[line:73] INFO theta_term_tmp = 1.8 * sin(-0.7853981633973985 - 2.1104056041548533)/2.0626952175283493 = -0.21233327877016897
16:32:31 apf.py[line:78] INFO [v, theta] = [2.0626952175283493, 1.8964435358785605]
16:32:31 apf.py[line:161] INFO 
16:32:31 apf.py[line:162] INFO 566
16:32:31 apf.py[line:84] INFO [ 4.30580136  7.20781849  3.09203363  2.         -2.0943951 ]
16:32:31 apf.py[line:85] INFO [array([0., 2.]), array([4., 2.]), array([5., 4.]), array([5., 6.]), array([7., 9.])]
16:32:31 apf.py[line:49] INFO n = [0.00075284 0.00336155 0.02363968 0.57053165 0.02496672]
16:32:31 apf.py[line:50] INFO beta = [0.0195132  0.06726592 0.29760644 3.04870496 0.30988458]
16:32:31 apf.py[line:58] INFO theta_robo_ob = [-2.261663836702015, -1.6294486434782691, -1.3576744516930601, -1.049146859808123, 0.5869866805236374]
16:32:31 apf.py[line:59] INFO psi = -0.9974075475030703
16:32:31 apf.py[line:60] INFO tan(psi_hat) = [2.0045860521256187, -1.2813054231967909]
16:32:31 apf.py[line:62] INFO psi_hat = 2.139532573349348
16:32:31 apf.py[line:65] INFO term1 = 1.8 * cos(-0.7728317927830393 - -0.9974075475030703) + 0.04 * 6.517600301160016 = 2.0155036201406493
16:32:31 apf.py[line:69] INFO term1 = 2.0155036201406493
16:32:31 apf.py[line:73] INFO theta_term_tmp = 1.8 * sin(-0.7728317927830393 - 2.139532573349348)/2.0565849122229167 = -0.1988767470037994
16:32:31 apf.py[line:78] INFO [v, theta] = [2.0565849122229167, 1.9393209339931075]
16:32:31 apf.py[line:161] INFO 
16:32:31 apf.py[line:162] INFO 567
16:32:31 apf.py[line:84] INFO [ 4.2659685   7.21147127  3.05014573  2.         -2.0943951 ]
16:32:31 apf.py[line:85] INFO [array([0., 2.]), array([4., 2.]), array([5., 4.]), array([5., 6.]), array([7., 9.])]
16:32:31 apf.py[line:49] INFO n = [0.00077173 0.00335701 0.02330336 0.53601997 0.0240607 ]
16:32:31 apf.py[line:50] INFO beta = [0.01975499 0.06658311 0.29178758 2.88591199 0.29878126]
16:32:31 apf.py[line:58] INFO theta_robo_ob = [-2.2567599796847593, -1.621787290588593, -1.3460908019367581, -1.0260492389056899, 0.579302976863722]
16:32:31 apf.py[line:59] INFO psi = -0.9913354901457742
16:32:31 apf.py[line:60] INFO tan(psi_hat) = [1.8341124852944346, -1.2470544109625536]
16:32:31 apf.py[line:62] INFO psi_hat = 2.1679200120174
16:32:31 apf.py[line:65] INFO term1 = 1.8 * cos(-0.76026542216868 - -0.9913354901457742) + 0.04 * 6.577391227920391 = 2.0152550442019384
16:32:31 apf.py[line:69] INFO term1 = 2.0152550442019384
16:32:31 apf.py[line:73] INFO theta_term_tmp = 1.8 * sin(-0.76026542216868 - 2.1679200120174)/2.0509959889069935 = -0.18587256668586327
16:32:31 apf.py[line:78] INFO [v, theta] = [2.0509959889069935, 1.980960182320647]
16:32:31 apf.py[line:161] INFO 
16:32:31 apf.py[line:162] INFO 568
16:32:31 apf.py[line:84] INFO [ 4.22632353  7.21678887  3.00825783  2.         -2.0943951 ]
16:32:31 apf.py[line:85] INFO [array([0., 2.]), array([4., 2.]), array([5., 4.]), array([5., 6.]), array([7., 9.])]
16:32:31 apf.py[line:49] INFO n = [0.0007896  0.00334636 0.02291883 0.50151743 0.02321754]
16:32:31 apf.py[line:50] INFO beta = [0.01996388 0.06580337 0.28555491 2.7232811  0.28830806]
16:32:31 apf.py[line:58] INFO theta_robo_ob = [-2.251689014248606, -1.6141528258263427, -1.3347672455453936, -1.0044437476524557, 0.5713715101866988]
16:32:31 apf.py[line:59] INFO psi = -0.9854688792556175
16:32:31 apf.py[line:60] INFO tan(psi_hat) = [1.6675250098189556, -1.202594409902052]
16:32:31 apf.py[line:62] INFO psi_hat = 2.195599520256445
16:32:31 apf.py[line:65] INFO term1 = 1.8 * cos(-0.7476990515543207 - -0.9854688792556175) + 0.04 * 6.638600339961669 = 2.014902231604186
16:32:31 apf.py[line:69] INFO term1 = 2.014902231604186
16:32:31 apf.py[line:73] INFO theta_term_tmp = 1.8 * sin(-0.7476990515543207 - 2.195599520256445)/2.0458661974982766 = -0.17332259206502618
16:32:31 apf.py[line:78] INFO [v, theta] = [2.0458661974982766, 2.0213971937117847]
16:32:31 apf.py[line:161] INFO 
16:32:31 apf.py[line:162] INFO 569
16:32:31 apf.py[line:84] INFO [ 4.18693602  7.22376197  2.96636993  2.         -2.0943951 ]
16:32:31 apf.py[line:85] INFO [array([0., 2.]), array([4., 2.]), array([5., 4.]), array([5., 6.]), array([7., 9.])]
16:32:31 apf.py[line:49] INFO n = [0.00080634 0.0033297  0.02249047 0.46759685 0.022433  ]
16:32:31 apf.py[line:50] INFO beta = [0.02013889 0.06493169 0.27896053 2.56303466 0.2784319 ]
16:32:31 apf.py[line:58] INFO theta_robo_ob = [-2.2464618179645486, -1.606566771117872, -1.3237390479615179, -0.9843665665009189, 0.5632059779037031]
16:32:31 apf.py[line:59] INFO psi = -0.979813626081995
16:32:31 apf.py[line:60] INFO tan(psi_hat) = [1.506853570151923, -1.149912947347643]
16:32:31 apf.py[line:62] INFO psi_hat = 2.2226426888355877
16:32:31 apf.py[line:65] INFO term1 = 1.8 * cos(-0.7351326809399614 - -0.979813626081995) + 0.04 * 6.701158153411521 = 2.0144327219971085
16:32:31 apf.py[line:69] INFO term1 = 2.0144327219971085
16:32:31 apf.py[line:73] INFO theta_term_tmp = 1.8 * sin(-0.7351326809399614 - 2.2226426888355877)/2.0411240549832206 = -0.16119106830106042
16:32:31 apf.py[line:78] INFO [v, theta] = [2.0411240549832206, 2.0607453044942936]
16:32:31 apf.py[line:161] INFO 
16:32:31 apf.py[line:162] INFO 570
16:32:31 apf.py[line:84] INFO [ 4.14787507  7.23237833  2.92448203  2.         -2.0943951 ]
16:32:31 apf.py[line:85] INFO [array([0., 2.]), array([4., 2.]), array([5., 4.]), array([5., 6.]), array([7., 9.])]
16:32:31 apf.py[line:49] INFO n = [0.00082186 0.00330716 0.02202299 0.43471131 0.02170321]
16:32:31 apf.py[line:50] INFO beta = [0.02027923 0.06397359 0.27205759 2.40696373 0.26912161]
16:32:31 apf.py[line:58] INFO theta_robo_ob = [-2.2410899790776, -1.599050345513051, -1.3130389347704494, -0.9658333768139507, 0.5548194915828347]
16:32:31 apf.py[line:59] INFO psi = -0.9743746833334682
16:32:31 apf.py[line:60] INFO tan(psi_hat) = [1.3535716551967987, -1.0909288639469803]
16:32:31 apf.py[line:62] INFO psi_hat = 2.2491627691585103
16:32:31 apf.py[line:65] INFO term1 = 1.8 * cos(-0.7225663103256021 - -0.9743746833334682) + 0.04 * 6.764992446150655 = 2.01383388811443
16:32:31 apf.py[line:69] INFO term1 = 2.01383388811443
16:32:31 apf.py[line:73] INFO theta_term_tmp = 1.8 * sin(-0.7225663103256021 - 2.2491627691585103)/2.036692666968821 = -0.14940211830310618
16:32:31 apf.py[line:78] INFO [v, theta] = [2.036692666968821, 2.099199192221623]
16:32:31 apf.py[line:161] INFO 
16:32:31 apf.py[line:162] INFO 571
16:32:31 apf.py[line:84] INFO [ 4.10920919  7.24262283  2.88259412  2.         -2.0943951 ]
16:32:31 apf.py[line:85] INFO [array([0., 2.]), array([4., 2.]), array([5., 4.]), array([5., 6.]), array([7., 9.])]
16:32:31 apf.py[line:49] INFO n = [0.00083604 0.00327893 0.02152129 0.40320005 0.02102459]
16:32:31 apf.py[line:50] INFO beta = [0.02038426 0.06293509 0.26489936 2.25644633 0.26034775]
16:32:31 apf.py[line:58] INFO theta_robo_ob = [-2.2355857597873015, -1.5916243358748245, -1.3026969096772174, -0.9488420842244821, 0.5462246110591923]
16:32:31 apf.py[line:59] INFO psi = -0.9691560775840233
16:32:31 apf.py[line:60] INFO tan(psi_hat) = [1.2086584455541887, -1.027416607571614]
16:32:31 apf.py[line:62] INFO psi_hat = 2.2753177348768063
16:32:31 apf.py[line:65] INFO term1 = 1.8 * cos(-0.7099999397112429 - -0.9691560775840233) + 0.04 * 6.830028531523149 = 2.0130929754787026
16:32:31 apf.py[line:69] INFO term1 = 2.0130929754787026
16:32:31 apf.py[line:73] INFO theta_term_tmp = 1.8 * sin(-0.7099999397112429 - 2.2753177348768063)/2.0324930837792876 = -0.1378363368636646
16:32:31 apf.py[line:78] INFO [v, theta] = [2.0324930837792876, 2.137041168344745]
16:32:32 apf.py[line:161] INFO 
16:32:32 apf.py[line:162] INFO 572
16:32:32 apf.py[line:84] INFO [ 4.07100622  7.25447751  2.84070622  2.         -2.0943951 ]
16:32:32 apf.py[line:85] INFO [array([0., 2.]), array([4., 2.]), array([5., 4.]), array([5., 6.]), array([7., 9.])]
16:32:32 apf.py[line:49] INFO n = [0.00084881 0.00324524 0.02099037 0.37329977 0.02039387]
16:32:32 apf.py[line:50] INFO beta = [0.02045356 0.06182257 0.25753834 2.11248401 0.2520826 ]
16:32:32 apf.py[line:58] INFO theta_robo_ob = [-2.2299620527160764, -1.584308973898975, -1.2927401230902462, -0.9333756146119122, 0.5374333774243047]
16:32:32 apf.py[line:59] INFO psi = -0.9641609458450465
16:32:32 apf.py[line:60] INFO tan(psi_hat) = [1.0726745681626884, -0.9609588305862021]
16:32:32 apf.py[line:62] INFO psi_hat = 2.3013155902253715
16:32:32 apf.py[line:65] INFO term1 = 1.8 * cos(-0.6974335690968836 - -0.9641609458450465) + 0.04 * 6.896189527343029 = 2.0121971426167313
16:32:32 apf.py[line:69] INFO term1 = 2.0121971426167313
16:32:32 apf.py[line:73] INFO theta_term_tmp = 1.8 * sin(-0.6974335690968836 - 2.3013155902253715)/2.0284473708821436 = -0.1263255828480331
16:32:32 apf.py[line:78] INFO [v, theta] = [2.0284473708821436, 2.174651584265529]
16:32:32 apf.py[line:161] INFO 
16:32:32 apf.py[line:162] INFO 573
16:32:32 apf.py[line:84] INFO [ 4.03333319  7.26792156  2.79881832  2.         -2.0943951 ]
16:32:32 apf.py[line:85] INFO [array([0., 2.]), array([4., 2.]), array([5., 4.]), array([5., 6.]), array([7., 9.])]
16:32:32 apf.py[line:49] INFO n = [0.00086008 0.00320636 0.02043521 0.34515898 0.01980804]
16:32:32 apf.py[line:50] INFO beta = [0.02048689 0.06064277 0.25002547 1.97574911 0.24430008]
16:32:32 apf.py[line:58] INFO theta_robo_ob = [-2.2242323307699414, -1.5771238211324394, -1.2831927903140716, -0.9194046357503114, 0.528457344843276]
16:32:32 apf.py[line:59] INFO psi = -0.9593915755100181
16:32:32 apf.py[line:60] INFO tan(psi_hat) = [0.9458414596781979, -0.8929230060679643]
16:32:32 apf.py[line:62] INFO psi_hat = 2.3274230776883043
16:32:32 apf.py[line:65] INFO term1 = 1.8 * cos(-0.6848671984825243 - -0.9593915755100181) + 0.04 * 6.963396618696117 = 2.0111335016548755
16:32:32 apf.py[line:69] INFO term1 = 2.0111335016548755
16:32:32 apf.py[line:73] INFO theta_term_tmp = 1.8 * sin(-0.6848671984825243 - 2.3274230776883043)/2.024481820734355 = -0.11464478115672999
16:32:32 apf.py[line:78] INFO [v, theta] = [2.024481820734355, 2.2125256619125744]
16:32:32 apf.py[line:161] INFO 
16:32:32 apf.py[line:162] INFO 574
16:32:32 apf.py[line:84] INFO [ 3.99625618  7.28293141  2.75693042  2.         -2.0943951 ]
16:32:32 apf.py[line:85] INFO [array([0., 2.]), array([4., 2.]), array([5., 4.]), array([5., 6.]), array([7., 9.])]
16:32:32 apf.py[line:49] INFO n = [0.00086976 0.00316259 0.0198607  0.3188534  0.01926435]
16:32:32 apf.py[line:50] INFO beta = [0.02048422 0.05940259 0.24240949 1.84663624 0.23697564]
16:32:32 apf.py[line:58] INFO theta_robo_ob = [-2.2184105907190492, -1.5700876634458603, -1.2740761569738177, -0.9068901002960692, 0.519307611174759]
16:32:32 apf.py[line:59] INFO psi = -0.9548494469138811
16:32:32 apf.py[line:60] INFO tan(psi_hat) = [0.8281172786479319, -0.8244567337568888]
16:32:32 apf.py[line:62] INFO psi_hat = 2.353979437264735
16:32:32 apf.py[line:65] INFO term1 = 1.8 * cos(-0.672300827868165 - -0.9548494469138811) + 0.04 * 7.031569313281201 = 2.0098891591347607
16:32:32 apf.py[line:69] INFO term1 = 2.0098891591347607
16:32:32 apf.py[line:73] INFO theta_term_tmp = 1.8 * sin(-0.672300827868165 - 2.353979437264735)/2.0205310996838257 = -0.10249909747428365
16:32:32 apf.py[line:78] INFO [v, theta] = [2.0205310996838257, 2.2513000088973127]
16:32:32 apf.py[line:161] INFO 
16:32:32 apf.py[line:162] INFO 575
16:32:32 apf.py[line:84] INFO [ 3.95984024  7.29948071  2.71504252  2.         -2.0943951 ]
16:32:32 apf.py[line:85] INFO [array([0., 2.]), array([4., 2.]), array([5., 4.]), array([5., 6.]), array([7., 9.])]
16:32:32 apf.py[line:49] INFO n = [0.0008778  0.00311426 0.01927157 0.29440085 0.01876027]
16:32:32 apf.py[line:50] INFO beta = [0.0204457  0.05810911 0.23473635 1.72531335 0.23008622]
16:32:32 apf.py[line:58] INFO theta_robo_ob = [-2.2125112909478593, -1.5632184161716367, -1.2654085081558468, -0.8957855441997461, 0.5099948473903061]
16:32:32 apf.py[line:59] INFO psi = -0.9505352777946138
16:32:32 apf.py[line:60] INFO tan(psi_hat) = [0.7192650181893324, -0.7564963796729798]
16:32:32 apf.py[line:62] INFO psi_hat = 2.3814177176956974
16:32:32 apf.py[line:65] INFO term1 = 1.8 * cos(-0.6597344572538058 - -0.9505352777946138) + 0.04 * 7.100625688269983 = 2.008451256868451
16:32:32 apf.py[line:69] INFO term1 = 2.008451256868451
16:32:32 apf.py[line:73] INFO theta_term_tmp = 1.8 * sin(-0.6597344572538058 - 2.3814177176956974)/2.0165447533513694 = -0.0895041048571955
16:32:32 apf.py[line:78] INFO [v, theta] = [2.0165447533513694, 2.2917936773022687]
16:32:32 apf.py[line:161] INFO 
16:32:32 apf.py[line:162] INFO 576
16:32:32 apf.py[line:84] INFO [ 3.92414926  7.31754043  2.67315461  2.         -2.0943951 ]
16:32:32 apf.py[line:85] INFO [array([0., 2.]), array([4., 2.]), array([5., 4.]), array([5., 6.]), array([7., 9.])]
16:32:32 apf.py[line:49] INFO n = [0.00088413 0.00306174 0.0186723  0.27177498 0.01829351]
16:32:32 apf.py[line:50] INFO beta = [0.0203717  0.05676945 0.22704883 1.6117694  0.22361015]
16:32:32 apf.py[line:58] INFO theta_robo_ob = [-2.206549283942797, -1.5565330408525069, -1.2572052168773626, -0.8860391064792704, 0.5005293258066157]
16:32:32 apf.py[line:59] INFO psi = -0.9464490689980838
16:32:32 apf.py[line:60] INFO tan(psi_hat) = [0.6189106680090081, -0.6897842930924841]
16:32:32 apf.py[line:62] INFO psi_hat = 2.4102975938269413
16:32:32 apf.py[line:65] INFO term1 = 1.8 * cos(-0.6471680866394465 - -0.9464490689980838) + 0.04 * 7.170482627887143 = 2.006807012637836
16:32:32 apf.py[line:69] INFO term1 = 2.006807012637836
16:32:32 apf.py[line:73] INFO theta_term_tmp = 1.8 * sin(-0.6471680866394465 - 2.4102975938269413)/2.0124986825544373 = -0.07515532674897256
16:32:32 apf.py[line:78] INFO [v, theta] = [2.0124986825544373, 2.3350713363800324]
16:32:32 apf.py[line:161] INFO 
16:32:32 apf.py[line:162] INFO 577
16:32:32 apf.py[line:84] INFO [ 3.889205    7.33700576  2.63336111  2.         -1.98967535]
16:32:32 apf.py[line:85] INFO [array([0., 2.]), array([4., 2.]), array([5., 4.]), array([5., 6.]), array([7., 9.])]
16:32:32 apf.py[line:49] INFO n = [0.0008888  0.0030056  0.01806824 0.25093317 0.01786053]
16:32:32 apf.py[line:50] INFO beta = [0.0202644  0.0553939  0.21939753 1.50593418 0.21751543]
16:32:32 apf.py[line:58] INFO theta_robo_ob = [-2.200541268727397, -1.5500395401701037, -1.2494612397441391, -0.8775502971107152, 0.4909337753291118]
16:32:32 apf.py[line:59] INFO psi = -0.9425796504756013
16:32:32 apf.py[line:60] INFO tan(psi_hat) = [0.5266304058052304, -0.6249789608845202]
16:32:32 apf.py[line:62] INFO psi_hat = 2.441388743361365
16:32:32 apf.py[line:65] INFO term1 = 1.8 * cos(-0.6346017160250872 - -0.9425796504756013) + 0.04 * 7.241020875867056 = 2.004948083012592
16:32:32 apf.py[line:69] INFO term1 = 2.004948083012592
16:32:32 apf.py[line:73] INFO theta_term_tmp = 1.8 * sin(-0.6346017160250872 - 2.441388743361365)/2.0084174474196588 = -0.05875236212377763
16:32:32 apf.py[line:78] INFO [v, theta] = [2.0084174474196588, 2.382602527999844]
16:32:32 apf.py[line:161] INFO 
16:32:32 apf.py[line:162] INFO 578
16:32:32 apf.py[line:84] INFO [ 3.85501922  7.3577743   2.59566199  2.         -1.88495559]
16:32:32 apf.py[line:85] INFO [array([0., 2.]), array([4., 2.]), array([5., 4.]), array([5., 6.]), array([7., 9.])]
16:32:32 apf.py[line:49] INFO n = [0.00089184 0.00294639 0.01746405 0.2317986  0.0174581 ]
16:32:32 apf.py[line:50] INFO beta = [0.02012614 0.05399201 0.21182558 1.40758406 0.21177182]
16:32:32 apf.py[line:58] INFO theta_robo_ob = [-2.194502380438873, -1.5437430392769909, -1.2421671193446653, -0.8702178783619091, 0.4812286667582546]
16:32:32 apf.py[line:59] INFO psi = -0.9389150220742141
16:32:32 apf.py[line:60] INFO tan(psi_hat) = [0.4419136200346885, -0.5625412189170965]
16:32:32 apf.py[line:62] INFO psi_hat = 2.475714706283767
16:32:32 apf.py[line:65] INFO term1 = 1.8 * cos(-0.6220353454107279 - -0.9389150220742141) + 0.04 * 7.312130711577752 = 2.0028674490978866
16:32:32 apf.py[line:69] INFO term1 = 2.0028674490978866
16:32:32 apf.py[line:73] INFO theta_term_tmp = 1.8 * sin(-0.6220353454107279 - 2.475714706283767)/2.0044205826789576 = -0.03935870774504276
16:32:32 apf.py[line:78] INFO [v, theta] = [2.0044205826789576, 2.436345829634378]
16:32:32 apf.py[line:161] INFO 
16:32:32 apf.py[line:162] INFO 579
16:32:32 apf.py[line:84] INFO [ 3.82159441  7.37974661  2.56005728  2.         -1.78023584]
16:32:32 apf.py[line:85] INFO [array([0., 2.]), array([4., 2.]), array([5., 4.]), array([5., 6.]), array([7., 9.])]
16:32:32 apf.py[line:49] INFO n = [0.00089331 0.00288465 0.0168637  0.21427305 0.01708321]
16:32:32 apf.py[line:50] INFO beta = [0.0199593  0.05257252 0.20436906 1.31639188 0.20635073]
16:32:32 apf.py[line:58] INFO theta_robo_ob = [-2.1884461701496316, -1.5376460233754041, -1.2353096657917895, -0.8639418931034278, 0.4714324202802055]
16:32:32 apf.py[line:59] INFO psi = -0.9354425736928247
16:32:32 apf.py[line:60] INFO tan(psi_hat) = [0.3642077461975367, -0.5027714561548731]
16:32:32 apf.py[line:62] INFO psi_hat = 2.514677720076596
16:32:32 apf.py[line:65] INFO term1 = 1.8 * cos(-0.6094689747963686 - -0.9354425736928247) + 0.04 * 7.383711876559564 = 2.000559392624863
16:32:32 apf.py[line:69] INFO term1 = 2.000559392624863
16:32:32 apf.py[line:73] INFO theta_term_tmp = 1.8 * sin(-0.6094689747963686 - 2.514677720076596)/2.0008058163044256 = -0.015694243037143524
16:32:32 apf.py[line:78] INFO [v, theta] = [2.0008058163044256, 2.4989828326951216]
16:32:32 apf.py[line:161] INFO 
16:32:32 apf.py[line:162] INFO 580
16:32:32 apf.py[line:84] INFO [ 3.78892453  7.40282644  2.52654696  2.         -1.67551608]
16:32:32 apf.py[line:85] INFO [array([0., 2.]), array([4., 2.]), array([5., 4.]), array([5., 6.]), array([7., 9.])]
16:32:32 apf.py[line:49] INFO n = [0.0008933  0.00282088 0.01627055 0.19824664 0.01673307]
16:32:32 apf.py[line:50] INFO beta = [0.01976635 0.05114335 0.19705745 1.23196588 0.20122522]
16:32:32 apf.py[line:58] INFO theta_robo_ob = [-2.1823846069514867, -1.5317485826512514, -1.2288725934151574, -0.8586251308071423, 0.46156160663949813]
16:32:32 apf.py[line:59] INFO psi = -0.9321492768928001
16:32:32 apf.py[line:60] INFO tan(psi_hat) = [0.2929500644376044, -0.4458431951031592]
16:32:32 apf.py[line:62] INFO psi_hat = 2.560263549074924
16:32:32 apf.py[line:65] INFO term1 = 1.8 * cos(-0.5969026041820094 - -0.9321492768928001) + 0.04 * 7.4556733881031745 = 1.9980194640576792
16:32:32 apf.py[line:69] INFO term1 = 1.9980194640576792
16:32:32 apf.py[line:73] INFO theta_term_tmp = 1.8 * sin(-0.5969026041820094 - 2.560263549074924)/1.9982160856715634 = 0.014028095602447032
16:32:32 apf.py[line:78] INFO [v, theta] = [1.9982160856715634, 2.574292104810351]
16:32:32 apf.py[line:161] INFO 
16:32:32 apf.py[line:162] INFO 581
16:32:32 apf.py[line:84] INFO [ 3.7570242   7.42689958  2.49513103  1.99821609 -1.57079633]
16:32:32 apf.py[line:85] INFO [array([0., 2.]), array([4., 2.]), array([5., 4.]), array([5., 6.]), array([7., 9.])]
16:32:32 apf.py[line:49] INFO n = [0.00089187 0.00275559 0.01568787 0.18361723 0.01640538]
16:32:32 apf.py[line:50] INFO beta = [0.01954987 0.04971266 0.18991981 1.1539413  0.19637346]
16:32:32 apf.py[line:58] INFO theta_robo_ob = [-2.1763335007675324, -1.52605371857661, -1.2228424382574314, -0.8541780253303228, 0.45163995467270335]
16:32:32 apf.py[line:59] INFO psi = -0.9290231709321408
16:32:32 apf.py[line:60] INFO tan(psi_hat) = [0.22764178963635828, -0.3918735396099736]
16:32:32 apf.py[line:62] INFO psi_hat = 2.6153309965303473
16:32:32 apf.py[line:65] INFO term1 = 1.8 * cos(-0.5843362335676501 - -0.9290231709321408) + 0.04 * 7.52789899597982 = 1.9952422696555716
16:32:32 apf.py[line:69] INFO term1 = 1.9952422696555716
16:32:32 apf.py[line:73] INFO theta_term_tmp = 1.8 * sin(-0.5843362335676501 - 2.6153309965303473)/1.9979756860886868 = 0.05229067033795002
16:32:32 apf.py[line:78] INFO [v, theta] = [1.9979756860886868, 2.6676455260911243]
16:32:32 apf.py[line:161] INFO 
16:32:32 apf.py[line:162] INFO 582
16:32:32 apf.py[line:84] INFO [ 3.72584709  7.4518946   2.4658095   1.99797569 -1.46607657]
16:32:32 apf.py[line:85] INFO [array([0., 2.]), array([4., 2.]), array([5., 4.]), array([5., 6.]), array([7., 9.])]
16:32:32 apf.py[line:49] INFO n = [0.00088911 0.00268916 0.01511741 0.17025748 0.01609747]
16:32:32 apf.py[line:50] INFO beta = [0.01931226 0.04828578 0.18296927 1.0818138  0.19176831]
16:32:32 apf.py[line:58] INFO theta_robo_ob = [-2.1702970475784444, -1.520552843360244, -1.21719332258448, -0.8505072489302299, 0.44167324848831263]
16:32:32 apf.py[line:59] INFO psi = -0.9260495097197148
16:32:32 apf.py[line:60] INFO tan(psi_hat) = [0.1677022827098276, -0.34082328076982604]
16:32:32 apf.py[line:62] INFO psi_hat = 2.6843248046491035
16:32:32 apf.py[line:65] INFO term1 = 1.8 * cos(-0.5717698629532908 - -0.9260495097197148) + 0.04 * 7.600344626092751 = 1.9922277251002858
16:32:32 apf.py[line:69] INFO term1 = 1.9922277251002858
16:32:32 apf.py[line:73] INFO theta_term_tmp = 1.8 * sin(-0.5717698629532908 - 2.6843248046491035)/2.002814193877182 = 0.10268229580911355
16:32:32 apf.py[line:78] INFO [v, theta] = [2.002814193877182, 2.787188403096583]
16:32:32 apf.py[line:161] INFO 
16:32:32 apf.py[line:162] INFO 583
16:32:32 apf.py[line:84] INFO [ 3.69533112  7.47775528  2.43858236  2.         -1.36135682]
16:32:32 apf.py[line:85] INFO [array([0., 2.]), array([4., 2.]), array([5., 4.]), array([5., 6.]), array([7., 9.])]
16:32:32 apf.py[line:49] INFO n = [0.00088512 0.00262191 0.0145603  0.15804349 0.01580678]
16:32:32 apf.py[line:50] INFO beta = [0.01905575 0.04686687 0.17621272 1.01507711 0.18738335]
16:32:32 apf.py[line:58] INFO theta_robo_ob = [-2.164275838935473, -1.5152342790776334, -1.2118969317080288, -0.8475251583352734, 0.4316623564364803]
16:32:32 apf.py[line:59] INFO psi = -0.9232135819455461
16:32:32 apf.py[line:60] INFO tan(psi_hat) = [0.11258208160652416, -0.2925931383644145]
16:32:32 apf.py[line:62] INFO psi_hat = 2.7742811002327215
16:32:32 apf.py[line:65] INFO term1 = 1.8 * cos(-0.5592034923389315 - -0.9232135819455461) + 0.04 * 7.672989345329264 = 1.988977546043424
16:32:32 apf.py[line:69] INFO term1 = 1.988977546043424
16:32:32 apf.py[line:73] INFO theta_term_tmp = 1.8 * sin(-0.5592034923389315 - 2.7742811002327215)/2.018385352818977 = 0.17008130079984435
16:32:32 apf.py[line:78] INFO [v, theta] = [2.018385352818977, 2.945193271638319]
16:32:32 apf.py[line:161] INFO 
16:32:32 apf.py[line:162] INFO 584
16:32:32 apf.py[line:84] INFO [ 3.66547466  7.50437467  2.41344962  2.         -1.25663706]
16:32:32 apf.py[line:85] INFO [array([0., 2.]), array([4., 2.]), array([5., 4.]), array([5., 6.]), array([7., 9.])]
16:32:32 apf.py[line:49] INFO n = [0.00087999 0.00255424 0.01401846 0.14688456 0.01553152]
16:32:32 apf.py[line:50] INFO beta = [0.01878285 0.04546194 0.16966602 0.95337645 0.18320136]
16:32:32 apf.py[line:58] INFO theta_robo_ob = [-2.1582820147987243, -1.5100965357219578, -1.2069356261067135, -0.8451562044055467, 0.4216284726117886]
16:32:32 apf.py[line:59] INFO psi = -0.9205034382886325
16:32:32 apf.py[line:60] INFO tan(psi_hat) = [0.0618856114183369, -0.24714071999966103]
16:32:32 apf.py[line:62] INFO psi_hat = 2.8962315579520688
16:32:32 apf.py[line:65] INFO term1 = 1.8 * cos(-0.5466371217245722 - -0.9205034382886325) + 0.04 * 7.745736596804966 = 1.9854895336015619
16:32:32 apf.py[line:69] INFO term1 = 1.9854895336015619
16:32:32 apf.py[line:73] INFO theta_term_tmp = 1.8 * sin(-0.5466371217245722 - 2.8962315579520688)/2.0560797062949248 = 0.25978088223248125
16:32:32 apf.py[line:78] INFO [v, theta] = [2.0560797062949248, 3.1590268458642012]
16:32:33 apf.py[line:161] INFO 
16:32:33 apf.py[line:162] INFO 585
16:32:33 apf.py[line:84] INFO [ 3.63623933  7.53167478  2.39041127  2.         -1.15191731]
16:32:33 apf.py[line:85] INFO [array([0., 2.]), array([4., 2.]), array([5., 4.]), array([5., 6.]), array([7., 9.])]
16:32:33 apf.py[line:49] INFO n = [0.00087381 0.00248648 0.01349284 0.13668273 0.01526975]
16:32:33 apf.py[line:50] INFO beta = [0.01849585 0.04407509 0.16333527 0.89630572 0.17920262]
16:32:33 apf.py[line:58] INFO theta_robo_ob = [-2.152320272111077, -1.505131280135647, -1.2022852287273362, -0.8433259798286754, 0.4115816986873391]
16:32:33 apf.py[line:59] INFO psi = -0.9179059566017631
16:32:33 apf.py[line:60] INFO tan(psi_hat) = [0.015196430362584473, -0.2043501380364574]
16:32:33 apf.py[line:62] INFO psi_hat = 3.067364613046341
16:32:33 apf.py[line:65] INFO term1 = 1.8 * cos(-0.534070751110213 - -0.9179059566017631) + 0.04 * 7.818536280938702 = 1.9817649067802376
16:32:33 apf.py[line:69] INFO term1 = 1.9817649067802376
16:32:33 apf.py[line:73] INFO theta_term_tmp = 1.8 * sin(-0.534070751110213 - 3.067364613046341)/2.1367166606343924 = 0.37386936045876457
16:32:33 apf.py[line:78] INFO [v, theta] = [2.1367166606343924, 3.450542044722158]
16:32:33 apf.py[line:161] INFO 
16:32:33 apf.py[line:162] INFO 586
16:32:33 apf.py[line:84] INFO [ 3.60758215  7.55958116  2.36946732  2.         -1.04719755]
16:32:33 apf.py[line:85] INFO [array([0., 2.]), array([4., 2.]), array([5., 4.]), array([5., 6.]), array([7., 9.])]
16:32:33 apf.py[line:49] INFO n = [0.00086668 0.0024189  0.01298411 0.12734759 0.01501966]
16:32:33 apf.py[line:50] INFO beta = [0.01819694 0.04270979 0.15722365 0.8434826  0.17536862]
16:32:33 apf.py[line:58] INFO theta_robo_ob = [-2.1463940672502515, -1.5003291301662454, -1.1979211018564435, -0.8419649091741278, 0.4015313513359425]
16:32:33 apf.py[line:59] INFO psi = -0.915408249836041
16:32:33 apf.py[line:60] INFO tan(psi_hat) = [-0.02786352656741095, -0.16408913160556335]
16:32:33 apf.py[line:62] INFO psi_hat = -2.9733898243305488
16:32:33 apf.py[line:65] INFO term1 = 1.8 * cos(-0.5215043804958537 - -0.915408249836041) + 0.04 * 7.891345036066927 = 1.9778058591570213
16:32:33 apf.py[line:69] INFO term1 = 1.9778058591570213
16:32:33 apf.py[line:73] INFO theta_term_tmp = 1.8 * sin(-0.5215043804958537 - -2.9733898243305488)/2.2855123050686976 = 0.5011394654917611
16:32:33 apf.py[line:78] INFO [v, theta] = [2.2855123050686976, -2.4484748068078646]
16:32:33 apf.py[line:161] INFO 
16:32:33 apf.py[line:162] INFO 587
16:32:33 apf.py[line:84] INFO [ 3.57945605  7.58802272  2.35061777  2.         -0.9424778 ]
16:32:33 apf.py[line:85] INFO [array([0., 2.]), array([4., 2.]), array([5., 4.]), array([5., 6.]), array([7., 9.])]
16:32:33 apf.py[line:49] INFO n = [0.00085872 0.00235173 0.01249265 0.11879638 0.01477954]
16:32:33 apf.py[line:50] INFO beta = [0.01788823 0.04136893 0.15133197 0.79455072 0.17168206]
16:32:33 apf.py[line:58] INFO theta_robo_ob = [-2.1405057053473215, -1.495679832517732, -1.1938183987870032, -0.8410080664630327, 0.391486117035576]
16:32:33 apf.py[line:59] INFO psi = -0.9129977121154724
16:32:33 apf.py[line:60] INFO tan(psi_hat) = [-0.0676355880288884, -0.12621623663554968]
16:32:33 apf.py[line:62] INFO psi_hat = -2.649661920049902
16:32:33 apf.py[line:65] INFO term1 = 1.8 * cos(-0.5089380098814944 - -0.9129977121154724) + 0.04 * 7.964125696388939 = 1.9736155022138724
16:32:33 apf.py[line:69] INFO term1 = 1.9736155022138724
16:32:33 apf.py[line:73] INFO theta_term_tmp = 1.8 * sin(-0.5089380098814944 - -2.649661920049902)/2.4883477314182256 = 0.6090354949921875
16:32:33 apf.py[line:78] INFO [v, theta] = [2.4883477314182256, -1.9948179521357896]
16:32:33 apf.py[line:161] INFO 
16:32:33 apf.py[line:162] INFO 588
16:32:33 apf.py[line:84] INFO [ 3.55181042  7.61693153  2.33386261  2.         -0.83775804]
16:32:33 apf.py[line:85] INFO [array([0., 2.]), array([4., 2.]), array([5., 4.]), array([5., 6.]), array([7., 9.])]
16:32:33 apf.py[line:49] INFO n = [0.00085    0.0022852  0.01201863 0.11095385 0.0145478 ]
16:32:33 apf.py[line:50] INFO beta = [0.0175717  0.0400549  0.14565904 0.7491805  0.16812672]
16:32:33 apf.py[line:58] INFO theta_robo_ob = [-2.1346564333596643, -1.4911724246284483, -1.189952272383459, -0.8403949435165561, 0.38145420093570415]
16:32:33 apf.py[line:59] INFO psi = -0.9106620523884951
16:32:33 apf.py[line:60] INFO tan(psi_hat) = [-0.1044266604057721, -0.09058611838751926]
16:32:33 apf.py[line:62] INFO psi_hat = -2.285340808799331
16:32:33 apf.py[line:65] INFO term1 = 1.8 * cos(-0.4963716392671351 - -0.9106620523884951) + 0.04 * 8.036846738874305 = 1.969197808617562
16:32:33 apf.py[line:69] INFO term1 = 1.969197808617562
16:32:33 apf.py[line:73] INFO theta_term_tmp = 1.8 * sin(-0.4963716392671351 - -2.285340808799331)/2.6393085209916527 = 0.6658297784815757
16:32:33 apf.py[line:78] INFO [v, theta] = [2.6393085209916527, -1.5567353928995988]
16:32:33 apf.py[line:161] INFO 
16:32:33 apf.py[line:162] INFO 589
16:32:33 apf.py[line:84] INFO [ 3.52459157  7.64624252  2.31920184  2.         -0.73303829]
16:32:33 apf.py[line:85] INFO [array([0., 2.]), array([4., 2.]), array([5., 4.]), array([5., 6.]), array([7., 9.])]
16:32:33 apf.py[line:49] INFO n = [0.00084063 0.00221948 0.01156207 0.10375191 0.01432295]
16:32:33 apf.py[line:50] INFO beta = [0.01724923 0.03876963 0.14020212 0.70706886 0.16468746]
16:32:33 apf.py[line:58] INFO theta_robo_ob = [-2.1288465353199215, -1.486795380835366, -1.186298045489757, -0.8400691893294021, 0.3714434698946524]
16:32:33 apf.py[line:59] INFO psi = -0.9083893174850685
16:32:33 apf.py[line:60] INFO tan(psi_hat) = [-0.1385118827233976, -0.05705346119092883]
16:32:33 apf.py[line:62] INFO psi_hat = -1.9615216174664303
16:32:33 apf.py[line:65] INFO term1 = 1.8 * cos(-0.48380526865277584 - -0.9083893174850685) + 0.04 * 8.109481724445844 = 1.9645575559840034
16:32:33 apf.py[line:69] INFO term1 = 1.9645575559840034
16:32:33 apf.py[line:73] INFO theta_term_tmp = 1.8 * sin(-0.48380526865277584 - -1.9615216174664303)/2.6592285321899785 = 0.6739579213757189
16:32:33 apf.py[line:78] INFO [v, theta] = [2.6592285321899785, -1.2219683839069022]
16:32:33 apf.py[line:161] INFO 
16:32:33 apf.py[line:162] INFO 590
16:32:33 apf.py[line:84] INFO [ 3.4977432   7.67589323  2.30663547  2.         -0.62831853]
16:32:33 apf.py[line:85] INFO [array([0., 2.]), array([4., 2.]), array([5., 4.]), array([5., 6.]), array([7., 9.])]
16:32:33 apf.py[line:49] INFO n = [0.00083071 0.00215473 0.01112281 0.09712919 0.0141036 ]
16:32:33 apf.py[line:50] INFO beta = [0.01692258 0.03751463 0.13495726 0.66793843 0.16135016]
16:32:33 apf.py[line:58] INFO theta_robo_ob = [-2.1230754284239475, -1.4825367434364256, -1.182831348055112, -0.8399783355703137, 0.3614615897166892]
16:32:33 apf.py[line:59] INFO psi = -0.906167906263578
16:32:33 apf.py[line:60] INFO tan(psi_hat) = [-0.17013739863334051, -0.02547574013562917]
16:32:33 apf.py[line:62] INFO psi_hat = -1.719428341670991
16:32:33 apf.py[line:65] INFO term1 = 1.8 * cos(-0.47123889803841656 - -0.906167906263578) + 0.04 * 8.18200873760341 = 1.9597002715396628
16:32:33 apf.py[line:69] INFO term1 = 1.9597002715396628
16:32:33 apf.py[line:73] INFO theta_term_tmp = 1.8 * sin(-0.47123889803841656 - -1.719428341670991)/2.598991833626173 = 0.6568477274468706
16:32:33 apf.py[line:78] INFO [v, theta] = [2.598991833626173, -1.0027978373546382]
16:32:33 apf.py[line:161] INFO 
16:32:33 apf.py[line:162] INFO 591
16:32:33 apf.py[line:84] INFO [ 3.47120679  7.70582347  2.2961635   2.         -0.52359878]
16:32:33 apf.py[line:85] INFO [array([0., 2.]), array([4., 2.]), array([5., 4.]), array([5., 6.]), array([7., 9.])]
16:32:33 apf.py[line:49] INFO n = [0.00082033 0.00209108 0.0107006  0.09103051 0.01388844]
16:32:33 apf.py[line:50] INFO beta = [0.01659341 0.03629108 0.12991955 0.6315362  0.15810169]
16:32:33 apf.py[line:58] INFO theta_robo_ob = [-2.117341758857658, -1.4783842395261353, -1.1795282256452377, -0.8400735192770857, 0.3515161565221192]
16:32:33 apf.py[line:59] INFO psi = -0.9039865763853142
16:32:33 apf.py[line:60] INFO tan(psi_hat) = [-0.1995231001149628, 0.004284863129106059]
16:32:33 apf.py[line:62] INFO psi_hat = -1.549324103351921
16:32:33 apf.py[line:65] INFO term1 = 1.8 * cos(-0.4586725274240573 - -0.9039865763853142) + 0.04 * 8.25440982766125 = 1.9546321779737756
16:32:33 apf.py[line:69] INFO term1 = 1.9546321779737756
16:32:33 apf.py[line:73] INFO theta_term_tmp = 1.8 * sin(-0.4586725274240573 - -1.549324103351921)/2.5237482233225554 = 0.6325791583480344
16:32:33 apf.py[line:78] INFO [v, theta] = [2.5237482233225554, -0.8644452890629692]
16:32:33 apf.py[line:161] INFO 
16:32:33 apf.py[line:162] INFO 592
16:32:33 apf.py[line:84] INFO [ 3.44492205  7.73597496  2.28778591  2.         -0.41887902]
16:32:33 apf.py[line:85] INFO [array([0., 2.]), array([4., 2.]), array([5., 4.]), array([5., 6.]), array([7., 9.])]
16:32:33 apf.py[line:49] INFO n = [0.00080956 0.00202864 0.01029509 0.08540638 0.01367626]
16:32:33 apf.py[line:50] INFO beta = [0.01626325 0.03509985 0.1250834  0.59763209 0.15492986]
16:32:33 apf.py[line:58] INFO theta_robo_ob = [-2.111643496488794, -1.47432538466662, -1.1763652237100355, -0.8403092106900117, 0.34161482207804467]
16:32:33 apf.py[line:59] INFO psi = -0.9018344451106448
16:32:33 apf.py[line:60] INFO tan(psi_hat) = [-0.22686525288271633, 0.032360192033875024]
16:32:33 apf.py[line:62] INFO psi_hat = -1.4291115068491245
16:32:33 apf.py[line:65] INFO term1 = 1.8 * cos(-0.446106156809698 - -0.9018344451106448) + 0.04 * 8.326670453927047 = 1.949360140661109
16:32:33 apf.py[line:69] INFO term1 = 1.949360140661109
16:32:33 apf.py[line:73] INFO theta_term_tmp = 1.8 * sin(-0.446106156809698 - -1.4291115068491245)/2.458396784928018 = 0.6093002587758741
16:32:33 apf.py[line:78] INFO [v, theta] = [2.458396784928018, -0.7739336801709101]
16:32:33 apf.py[line:161] INFO 
16:32:33 apf.py[line:162] INFO 593
16:32:33 apf.py[line:84] INFO [ 3.41895449  7.76640005  2.27731394  2.         -0.52359878]
16:32:33 apf.py[line:85] INFO [array([0., 2.]), array([4., 2.]), array([5., 4.]), array([5., 6.]), array([7., 9.])]
16:32:33 apf.py[line:49] INFO n = [0.00079837 0.00196733 0.00990537 0.08021291 0.01346817]
16:32:33 apf.py[line:50] INFO beta = [0.01593117 0.03393904 0.12043794 0.5660191  0.15184212]
16:32:33 apf.py[line:58] INFO theta_robo_ob = [-2.1059860558515635, -1.4703713010788155, -1.1733585006256555, -0.8407136134998542, 0.3317491339330638]
16:32:33 apf.py[line:59] INFO psi = -0.8997209208262686
16:32:33 apf.py[line:60] INFO tan(psi_hat) = [-0.2523341693922789, 0.05887592746354886]
16:32:33 apf.py[line:62] INFO psi_hat = -1.3415720808939777
16:32:33 apf.py[line:65] INFO term1 = 1.8 * cos(-0.4335397861953387 - -0.8997209208262686) + 0.04 * 8.39878522261189 = 1.9438757391016788
16:32:33 apf.py[line:69] INFO term1 = 1.9438757391016788
16:32:33 apf.py[line:73] INFO theta_term_tmp = 1.8 * sin(-0.4335397861953387 - -1.3415720808939777)/2.4066607007665968 = 0.5895846364427597
16:32:33 apf.py[line:78] INFO [v, theta] = [2.4066607007665968, -0.711027587234343]
16:32:33 apf.py[line:161] INFO 
16:32:33 apf.py[line:162] INFO 594
16:32:33 apf.py[line:84] INFO [ 3.39337131  7.79714905  2.26474757  2.         -0.62831853]
16:32:33 apf.py[line:85] INFO [array([0., 2.]), array([4., 2.]), array([5., 4.]), array([5., 6.]), array([7., 9.])]
16:32:33 apf.py[line:49] INFO n = [0.0007867  0.00190708 0.00953061 0.07541116 0.01326517]
16:32:33 apf.py[line:50] INFO beta = [0.0155963  0.032807   0.11597334 0.53651201 0.14884514]
16:32:33 apf.py[line:58] INFO theta_robo_ob = [-2.1003754176167884, -1.4665331951658216, -1.1705238275368686, -0.8413130258852496, 0.3219105988838126]
16:32:33 apf.py[line:59] INFO psi = -0.8976551039450247
16:32:33 apf.py[line:60] INFO tan(psi_hat) = [-0.2760839206664873, 0.08394193007113007]
16:32:33 apf.py[line:62] INFO psi_hat = -1.2756326855307516
16:32:33 apf.py[line:65] INFO term1 = 1.8 * cos(-0.42097341558097945 - -0.8976551039450247) + 0.04 * 8.47074544556249 = 1.9381700725677002
16:32:33 apf.py[line:69] INFO term1 = 1.9381700725677002
16:32:33 apf.py[line:73] INFO theta_term_tmp = 1.8 * sin(-0.42097341558097945 - -1.2756326855307516)/2.366472530629054 = 0.5737759828497317
16:32:33 apf.py[line:78] INFO [v, theta] = [2.366472530629054, -0.6645238252561951]
16:32:33 apf.py[line:161] INFO 
16:32:33 apf.py[line:162] INFO 595
16:32:33 apf.py[line:84] INFO [ 3.36824166  7.82826979  2.2500868   2.         -0.73303829]
16:32:33 apf.py[line:85] INFO [array([0., 2.]), array([4., 2.]), array([5., 4.]), array([5., 6.]), array([7., 9.])]
16:32:33 apf.py[line:49] INFO n = [0.00077451 0.00184783 0.00917008 0.07096655 0.01306822]
16:32:33 apf.py[line:50] INFO beta = [0.0152579  0.03170228 0.11168082 0.5089448  0.14594499]
16:32:33 apf.py[line:58] INFO theta_robo_ob = [-2.094818177486257, -1.462822373064959, -1.1678766046852176, -0.842131972068082, 0.3120908181294299]
16:32:33 apf.py[line:59] INFO psi = -0.8956457922651715
16:32:33 apf.py[line:60] INFO tan(psi_hat) = [-0.2982539442780953, 0.10765437787842658]
16:32:33 apf.py[line:62] INFO psi_hat = -1.2244011323305921
16:32:33 apf.py[line:65] INFO term1 = 1.8 * cos(-0.40840704496662017 - -0.8956457922651715) + 0.04 * 8.542538647544786 = 1.9322337644152734
16:32:33 apf.py[line:69] INFO term1 = 1.9322337644152734
16:32:33 apf.py[line:73] INFO theta_term_tmp = 1.8 * sin(-0.40840704496662017 - -1.2244011323305921)/2.3350794977168 = 0.5614938141995108
16:32:33 apf.py[line:78] INFO [v, theta] = [2.3350794977168, -0.6282111805638275]
16:32:33 apf.py[line:161] INFO 
16:32:33 apf.py[line:162] INFO 596
16:32:33 apf.py[line:84] INFO [ 3.34363695  7.8598072   2.23333164  2.         -0.83775804]
16:32:33 apf.py[line:85] INFO [array([0., 2.]), array([4., 2.]), array([5., 4.]), array([5., 6.]), array([7., 9.])]
16:32:33 apf.py[line:49] INFO n = [0.00076176 0.00178953 0.00882314 0.06684829 0.01287817]
16:32:33 apf.py[line:50] INFO beta = [0.01491532 0.03062368 0.10755249 0.48316848 0.14314713]
16:32:33 apf.py[line:58] INFO theta_robo_ob = [-2.089321589066306, -1.4592502485423606, -1.1654318685384621, -0.843193313393548, 0.30228161611847515]
16:32:33 apf.py[line:59] INFO psi = -0.893701481908499
16:32:33 apf.py[line:60] INFO tan(psi_hat) = [-0.3189704954835631, 0.13009759936422122]
16:32:33 apf.py[line:62] INFO psi_hat = -1.183526342100903
16:32:33 apf.py[line:65] INFO term1 = 1.8 * cos(-0.3958406743522609 - -0.893701481908499) + 0.04 * 8.614148082083267 = 1.9260569692105627
16:32:33 apf.py[line:69] INFO term1 = 1.9260569692105627
16:32:33 apf.py[line:73] INFO theta_term_tmp = 1.8 * sin(-0.3958406743522609 - -1.183526342100903)/2.3102179414262567 = 0.552199153325541
16:32:33 apf.py[line:78] INFO [v, theta] = [2.3102179414262567, -0.5985266167816586]
16:32:34 apf.py[line:161] INFO 
16:32:34 apf.py[line:162] INFO 597
16:32:34 apf.py[line:84] INFO [ 3.31963105  7.89180277  2.21448209  2.         -0.9424778 ]
16:32:34 apf.py[line:85] INFO [array([0., 2.]), array([4., 2.]), array([5., 4.]), array([5., 6.]), array([7., 9.])]
16:32:34 apf.py[line:49] INFO n = [0.00074841 0.00173216 0.00848921 0.06302891 0.01269585]
16:32:34 apf.py[line:50] INFO beta = [0.01456804 0.02957019 0.10358128 0.45904909 0.14045656]
16:32:34 apf.py[line:58] INFO theta_robo_ob = [-2.0838935998898567, -1.4558283429663184, -1.1632042898678343, -0.8445183405905267, 0.2924751639805789]
16:32:34 apf.py[line:59] INFO psi = -0.8918303636556313
16:32:34 apf.py[line:60] INFO tan(psi_hat) = [-0.33834795070504786, 0.15134564833717498]
16:32:34 apf.py[line:62] INFO psi_hat = -1.1501835622508245
16:32:34 apf.py[line:65] INFO term1 = 1.8 * cos(-0.3832743037379016 - -0.8918303636556313) + 0.04 * 8.68555225725425 = 1.9196293835851728
16:32:34 apf.py[line:69] INFO term1 = 1.9196293835851728
16:32:34 apf.py[line:73] INFO theta_term_tmp = 1.8 * sin(-0.3832743037379016 - -1.1501835622508245)/2.290215398010119 = 0.5453825324429191
16:32:34 apf.py[line:78] INFO [v, theta] = [2.290215398010119, -0.5733381345981529]
16:32:34 apf.py[line:161] INFO 
16:32:34 apf.py[line:162] INFO 598
16:32:34 apf.py[line:84] INFO [ 3.29630047  7.92429406  2.19353814  2.         -1.04719755]
16:32:34 apf.py[line:85] INFO [array([0., 2.]), array([4., 2.]), array([5., 4.]), array([5., 6.]), array([7., 9.])]
16:32:34 apf.py[line:49] INFO n = [0.00073445 0.00167568 0.00816779 0.05948388 0.01252202]
16:32:34 apf.py[line:50] INFO beta = [0.01421563 0.02854097 0.09976092 0.43646602 0.13787785]
16:32:34 apf.py[line:58] INFO theta_robo_ob = [-2.078542879714197, -1.452568277137032, -1.1612081629649513, -0.8461268487512099, 0.282664098492894]
16:32:34 apf.py[line:59] INFO psi = -0.8900403145312779
16:32:34 apf.py[line:60] INFO tan(psi_hat) = [-0.35648997374574587, 0.1714636596582276]
16:32:34 apf.py[line:62] INFO psi_hat = -1.122482190017184
16:32:34 apf.py[line:65] INFO term1 = 1.8 * cos(-0.37070793312354233 - -0.8900403145312779) + 0.04 * 8.756724473381748 = 1.91294026174367
16:32:34 apf.py[line:69] INFO term1 = 1.91294026174367
16:32:34 apf.py[line:73] INFO theta_term_tmp = 1.8 * sin(-0.37070793312354233 - -1.122482190017184)/2.27386918704235 = 0.5406135981109071
16:32:34 apf.py[line:78] INFO [v, theta] = [2.27386918704235, -0.5513158810890805]
16:32:34 apf.py[line:161] INFO 
16:32:34 apf.py[line:162] INFO 599
16:32:34 apf.py[line:84] INFO [ 3.27372456  7.95731418  2.17049979  2.         -1.15191731]
16:32:34 apf.py[line:85] INFO [array([0., 2.]), array([4., 2.]), array([5., 4.]), array([5., 6.]), array([7., 9.])]
16:32:34 apf.py[line:49] INFO n = [0.00071985 0.0016201  0.00785844 0.05619121 0.01235741]
16:32:34 apf.py[line:50] INFO beta = [0.01385778 0.02753539 0.0960858  0.41531053 0.13541528]
16:32:34 apf.py[line:58] INFO theta_robo_ob = [-2.0732788401962403, -1.4494817547985064, -1.159457386233323, -0.8480371964481387, 0.27284163756460483]
16:32:34 apf.py[line:59] INFO psi = -0.8883388845251935
16:32:34 apf.py[line:60] INFO tan(psi_hat) = [-0.37349055557933053, 0.190509018713959]
16:32:34 apf.py[line:62] INFO psi_hat = -1.0991194918360845
16:32:34 apf.py[line:65] INFO term1 = 1.8 * cos(-0.35814156250918305 - -0.8883388845251935) + 0.04 * 8.827632375174124 = 1.9059784365554022
16:32:34 apf.py[line:69] INFO term1 = 1.9059784365554022
16:32:34 apf.py[line:73] INFO theta_term_tmp = 1.8 * sin(-0.35814156250918305 - -1.0991194918360845)/2.260314466492147 = 0.5375435960249477
16:32:34 apf.py[line:78] INFO [v, theta] = [2.260314466492147, -0.5315981647528752]
16:32:34 apf.py[line:161] INFO 
16:32:34 apf.py[line:162] INFO 600
16:32:34 apf.py[line:84] INFO [ 3.25198558  7.99089121  2.14536705  2.         -1.25663706]
16:32:34 apf.py[line:85] INFO [array([0., 2.]), array([4., 2.]), array([5., 4.]), array([5., 6.]), array([7., 9.])]
16:32:34 apf.py[line:49] INFO n = [0.0007046  0.0015654  0.00756075 0.05313117 0.01220269]
16:32:34 apf.py[line:50] INFO beta = [0.01349429 0.02655298 0.09255094 0.39548435 0.13307282]
16:32:34 apf.py[line:58] INFO theta_robo_ob = [-2.068111645041155, -1.4465805377129717, -1.1579654344298518, -0.850266350284831, 0.26300169323658884]
16:32:34 apf.py[line:59] INFO psi = -0.8867332783668262
16:32:34 apf.py[line:60] INFO tan(psi_hat) = [-0.38943493852245703, 0.20853237231771016]
16:32:34 apf.py[line:62] INFO psi_hat = -1.0791736974383561
16:32:34 apf.py[line:65] INFO term1 = 1.8 * cos(-0.3455751918948238 - -0.8867332783668262) + 0.04 * 8.898237521464607 = 1.8987323471716635
16:32:34 apf.py[line:69] INFO term1 = 1.8987323471716635
16:32:34 apf.py[line:73] INFO theta_term_tmp = 1.8 * sin(-0.3455751918948238 - -1.0791736974383561)/2.248922784377048 = 0.5358940265319038
16:32:34 apf.py[line:78] INFO [v, theta] = [2.248922784377048, -0.51360739048024]
16:32:34 apf.py[line:161] INFO 
16:32:34 apf.py[line:162] INFO 601
16:32:34 apf.py[line:84] INFO [ 3.23116875  8.02504761  2.11813991  2.         -1.36135682]
16:32:34 apf.py[line:85] INFO [array([0., 2.]), array([4., 2.]), array([5., 4.]), array([5., 6.]), array([7., 9.])]
16:32:34 apf.py[line:49] INFO n = [0.0006887  0.00151161 0.0072744  0.05028605 0.01205855]
16:32:34 apf.py[line:50] INFO beta = [0.01312509 0.02559341 0.08915194 0.3768986  0.13085428]
16:32:34 apf.py[line:58] INFO theta_robo_ob = [-2.0630522097371777, -1.4438764122388714, -1.1567453228688551, -0.852829916054703, 0.25313898319232997]
16:32:34 apf.py[line:59] INFO psi = -0.8852303323035545
16:32:34 apf.py[line:60] INFO tan(psi_hat) = [-0.40440043525408614, 0.22557850430479787]
16:32:34 apf.py[line:62] INFO psi_hat = -1.0619769287471488
16:32:34 apf.py[line:65] INFO term1 = 1.8 * cos(-0.3330088212804645 - -0.8852303323035545) + 0.04 * 8.968494976374268 = 1.8911900741165062
16:32:34 apf.py[line:69] INFO term1 = 1.8911900741165062
16:32:34 apf.py[line:73] INFO theta_term_tmp = 1.8 * sin(-0.3330088212804645 - -1.0619769287471488)/2.2392307619438956 = 0.5354430783687667
16:32:34 apf.py[line:78] INFO [v, theta] = [2.2392307619438956, -0.49694464955641415]
16:32:34 apf.py[line:161] INFO 
16:32:34 apf.py[line:162] INFO 602
16:32:34 apf.py[line:84] INFO [ 3.21136224  8.05979962  2.08881838  2.         -1.46607657]
16:32:34 apf.py[line:85] INFO [array([0., 2.]), array([4., 2.]), array([5., 4.]), array([5., 6.]), array([7., 9.])]
16:32:34 apf.py[line:49] INFO n = [0.00067214 0.00145873 0.00699907 0.04763985 0.01192562]
16:32:34 apf.py[line:50] INFO beta = [0.01275021 0.02465651 0.08588489 0.3594727  0.12876335]
16:32:34 apf.py[line:58] INFO theta_robo_ob = [-2.0581121900316948, -1.441381147419261, -1.1558095639340706, -0.8557421575627817, 0.24324914176404341]
16:32:34 apf.py[line:59] INFO psi = -0.8838364858644328
16:32:34 apf.py[line:60] INFO tan(psi_hat) = [-0.4184571526092634, 0.24168709537786853]
16:32:34 apf.py[line:62] INFO psi_hat = -1.0470349231602403
16:32:34 apf.py[line:65] INFO term1 = 1.8 * cos(-0.3204424506661052 - -0.8838364858644328) + 0.04 * 9.038352926397344 = 1.8833393828035834
16:32:34 apf.py[line:69] INFO term1 = 1.8833393828035834
16:32:34 apf.py[line:73] INFO theta_term_tmp = 1.8 * sin(-0.3204424506661052 - -1.0470349231602403)/2.230891243124461 = 0.5360134980070039
16:32:34 apf.py[line:78] INFO [v, theta] = [2.230891243124461, -0.48132710379196264]
16:32:34 apf.py[line:161] INFO 
16:32:34 apf.py[line:162] INFO 603
16:32:34 apf.py[line:84] INFO [ 3.1926571   8.09515662  2.05740245  2.         -1.57079633]
16:32:34 apf.py[line:85] INFO [array([0., 2.]), array([4., 2.]), array([5., 4.]), array([5., 6.]), array([7., 9.])]
16:32:34 apf.py[line:49] INFO n = [0.00065494 0.0014068  0.00673451 0.04517816 0.01180457]
16:32:34 apf.py[line:50] INFO beta = [0.0123698  0.02374222 0.08274631 0.34313353 0.12680363]
16:32:34 apf.py[line:58] INFO theta_robo_ob = [-2.053303958373242, -1.4391064446571935, -1.1551701162718235, -0.8590160040459389, 0.23332883139754726]
16:32:34 apf.py[line:59] INFO psi = -0.8825577486237747
16:32:34 apf.py[line:60] INFO tan(psi_hat) = [-0.4316686294333294, 0.2568933836462354]
16:32:34 apf.py[line:62] INFO psi_hat = -1.0339749285248097
16:32:34 apf.py[line:65] INFO term1 = 1.8 * cos(-0.30787608005174594 - -0.8825577486237747) + 0.04 * 9.1077523286103 = 1.8751677764307053
16:32:34 apf.py[line:69] INFO term1 = 1.8751677764307053
16:32:34 apf.py[line:73] INFO theta_term_tmp = 1.8 * sin(-0.30787608005174594 - -1.0339749285248097)/2.2236399207862783 = 0.5374627169108811
16:32:34 apf.py[line:78] INFO [v, theta] = [2.2236399207862783, -0.46654951367217345]
16:32:34 apf.py[line:161] INFO 
16:32:34 apf.py[line:162] INFO 604
16:32:34 apf.py[line:84] INFO [ 3.17514706  8.13112047  2.02389213  2.         -1.67551608]
16:32:34 apf.py[line:85] INFO [array([0., 2.]), array([4., 2.]), array([5., 4.]), array([5., 6.]), array([7., 9.])]
16:32:34 apf.py[line:49] INFO n = [0.00063711 0.00135583 0.00648048 0.04288795 0.01169602]
16:32:34 apf.py[line:50] INFO beta = [0.01198415 0.02285061 0.07973315 0.32781458 0.12497875]
16:32:34 apf.py[line:58] INFO theta_robo_ob = [-2.04864056764194, -1.437063879126787, -1.1548383270600426, -0.8626630470099116, 0.22337585551270747]
16:32:34 apf.py[line:59] INFO psi = -0.8813996620119938
16:32:34 apf.py[line:60] INFO tan(psi_hat) = [-0.44409239709414916, 0.271228739699111]
16:32:34 apf.py[line:62] INFO psi_hat = -1.0225110225529461
16:32:34 apf.py[line:65] INFO term1 = 1.8 * cos(-0.29530970943738666 - -0.8813996620119938) + 0.04 * 9.17662659592157 = 1.8666625591964616
16:32:34 apf.py[line:69] INFO term1 = 1.8666625591964616
16:32:34 apf.py[line:73] INFO theta_term_tmp = 1.8 * sin(-0.29530970943738666 - -1.0225110225529461)/2.21727237259643 = 0.539675117947558
16:32:34 apf.py[line:78] INFO [v, theta] = [2.21727237259643, -0.45245986461273335]
16:32:34 apf.py[line:161] INFO 
16:32:34 apf.py[line:162] INFO 605
16:32:34 apf.py[line:84] INFO [ 3.15892832  8.16768484  1.98828742  2.         -1.78023584]
16:32:34 apf.py[line:85] INFO [array([0., 2.]), array([4., 2.]), array([5., 4.]), array([5., 6.]), array([7., 9.])]
16:32:34 apf.py[line:49] INFO n = [0.00061869 0.00130588 0.00623678 0.04075741 0.01160065]
16:32:34 apf.py[line:50] INFO beta = [0.01159363 0.02198186 0.07684269 0.31345533 0.12329238]
16:32:34 apf.py[line:58] INFO theta_robo_ob = [-2.044135701617074, -1.4352648331413602, -1.1548248677621002, -0.8666935271848083, 0.21338927366443688]
16:32:34 apf.py[line:59] INFO psi = -0.8803672562550596
16:32:34 apf.py[line:60] INFO tan(psi_hat) = [-0.45578047055457127, 0.2847211678789848]
16:32:34 apf.py[line:62] INFO psi_hat = -1.0124204913986012
16:32:34 apf.py[line:65] INFO term1 = 1.8 * cos(-0.2827433388230274 - -0.8803672562550596) + 0.04 * 9.244901326001386 = 1.857810910767443
16:32:34 apf.py[line:69] INFO term1 = 1.857810910767443
16:32:34 apf.py[line:73] INFO theta_term_tmp = 1.8 * sin(-0.2827433388230274 - -1.0124204913986012)/2.211628079597579 = 0.5425560706976637
16:32:34 apf.py[line:78] INFO [v, theta] = [2.211628079597579, -0.438943491259705]
16:32:34 apf.py[line:161] INFO 
16:32:34 apf.py[line:162] INFO 606
16:32:34 apf.py[line:84] INFO [ 3.14409923  8.20483451  1.9505883   2.         -1.88495559]
16:32:34 apf.py[line:85] INFO [array([0., 2.]), array([4., 2.]), array([5., 4.]), array([5., 6.]), array([7., 9.])]
16:32:34 apf.py[line:49] INFO n = [0.00059971 0.00125698 0.00600323 0.03877582 0.01151912]
16:32:34 apf.py[line:50] INFO beta = [0.01119874 0.0211362  0.07407252 0.30000058 0.12174828]
16:32:34 apf.py[line:58] INFO theta_robo_ob = [-2.0398036117838396, -1.4337204217713555, -1.1551396637806521, -0.871116312184705, 0.2033695198724506]
16:32:34 apf.py[line:59] INFO psi = -0.8794650025589938
16:32:34 apf.py[line:60] INFO tan(psi_hat) = [-0.46677977723163677, 0.2973957436108941]
16:32:34 apf.py[line:62] INFO psi_hat = -1.0035273987623434
16:32:34 apf.py[line:65] INFO term1 = 1.8 * cos(-0.2701769682086681 - -0.8794650025589938) + 0.04 * 9.312494081252753 = 1.8485999728981024
16:32:34 apf.py[line:69] INFO term1 = 1.8485999728981024
16:32:34 apf.py[line:73] INFO theta_term_tmp = 1.8 * sin(-0.2701769682086681 - -1.0035273987623434)/2.206579160339205 = 0.5460273522624306
16:32:34 apf.py[line:78] INFO [v, theta] = [2.206579160339205, -0.4259124755852304]
16:32:34 apf.py[line:161] INFO 
16:32:34 apf.py[line:162] INFO 607
16:32:34 apf.py[line:84] INFO [ 3.13075981  8.24254471  1.9107948   2.         -1.98967535]
16:32:34 apf.py[line:85] INFO [array([0., 2.]), array([4., 2.]), array([5., 4.]), array([5., 6.]), array([7., 9.])]
16:32:34 apf.py[line:49] INFO n = [0.0005802  0.00120919 0.00577967 0.03693345 0.01145214]
16:32:34 apf.py[line:50] INFO beta = [0.01080008 0.02031399 0.07142049 0.28739997 0.12035043]
16:32:34 apf.py[line:58] INFO theta_robo_ob = [-2.035659040259126, -1.4324414110726238, -1.155791818424102, -0.8759388653408419, 0.19331852494552376]
16:32:34 apf.py[line:59] INFO psi = -0.878696760692237
16:32:34 apf.py[line:60] INFO tan(psi_hat) = [-0.47713253023042457, 0.3092749951388586]
16:32:34 apf.py[line:62] INFO psi_hat = -0.9956909354864741
16:32:34 apf.py[line:65] INFO term1 = 1.8 * cos(-0.2576105975943088 - -0.878696760692237) + 0.04 * 9.379314227896772 = 1.8390169490659247
16:32:34 apf.py[line:69] INFO term1 = 1.8390169490659247
16:32:34 apf.py[line:73] INFO theta_term_tmp = 1.8 * sin(-0.2576105975943088 - -0.9956909354864741)/2.2020223250080297 = 0.5500236279202929
16:32:34 apf.py[line:78] INFO [v, theta] = [2.2020223250080297, -0.41329840602243284]
16:32:34 apf.py[line:161] INFO 
16:32:34 apf.py[line:162] INFO 608
16:32:34 apf.py[line:84] INFO [ 3.11901122  8.28078044  1.86890689  2.         -2.0943951 ]
16:32:34 apf.py[line:85] INFO [array([0., 2.]), array([4., 2.]), array([5., 4.]), array([5., 6.]), array([7., 9.])]
16:32:34 apf.py[line:49] INFO n = [0.00056022 0.00116255 0.00556596 0.03522147 0.01140045]
16:32:34 apf.py[line:50] INFO beta = [0.01039836 0.01951563 0.06888468 0.2756075  0.11910298]
16:32:34 apf.py[line:58] INFO theta_robo_ob = [-2.031717128814778, -1.4314381293479845, -1.15678953158654, -0.8811672060614258, 0.1832398435760169]
16:32:34 apf.py[line:59] INFO psi = -0.8780657221567992
16:32:34 apf.py[line:60] INFO tan(psi_hat) = [-0.4868765519502882, 0.32037923677408986]
16:32:34 apf.py[line:62] INFO psi_hat = -0.9887970130968682
16:32:34 apf.py[line:65] INFO term1 = 1.8 * cos(-0.24504422697994954 - -0.8780657221567992) + 0.04 * 9.445262842938128 = 1.8290492179297984
16:32:34 apf.py[line:69] INFO term1 = 1.8290492179297984
16:32:34 apf.py[line:73] INFO theta_term_tmp = 1.8 * sin(-0.24504422697994954 - -0.9887970130968682)/2.1978730572376963 = 0.5544897348714612
16:32:34 apf.py[line:78] INFO [v, theta] = [2.1978730572376963, -0.40104733129636516]
16:32:34 apf.py[line:161] INFO 
16:32:34 apf.py[line:162] INFO 609
16:32:34 apf.py[line:84] INFO [ 3.10887409  8.31947461  1.82701899  2.         -2.0943951 ]
16:32:34 apf.py[line:85] INFO [array([0., 2.]), array([4., 2.]), array([5., 4.]), array([5., 6.]), array([7., 9.])]
16:32:34 apf.py[line:49] INFO n = [0.00053987 0.00111713 0.0053619  0.03363033 0.01136385]
16:32:34 apf.py[line:50] INFO beta = [0.00999493 0.01874163 0.06646252 0.26457156 0.11800227]
16:32:34 apf.py[line:58] INFO theta_robo_ob = [-2.027984311700032, -1.430707331879835, -1.1581224666415892, -0.8867804032137028, 0.17314052480766942]
16:32:34 apf.py[line:59] INFO psi = -0.8775663719230501
16:32:34 apf.py[line:60] INFO tan(psi_hat) = [-0.4960516256170825, 0.3307410422370015]
16:32:34 apf.py[line:62] INFO psi_hat = -0.9827379577953611
16:32:34 apf.py[line:65] INFO term1 = 1.8 * cos(-0.23247785636559026 - -0.8775663719230501) + 0.04 * 9.51026823402066 = 1.8186945164765365
16:32:34 apf.py[line:69] INFO term1 = 1.8186945164765365
16:32:34 apf.py[line:73] INFO theta_term_tmp = 1.8 * sin(-0.23247785636559026 - -0.9827379577953611)/2.1940592769142335 = 0.5593706165672314
16:32:34 apf.py[line:78] INFO [v, theta] = [2.1940592769142335, -0.38911163588973297]
16:32:35 apf.py[line:161] INFO 
16:32:35 apf.py[line:162] INFO 610
16:32:35 apf.py[line:84] INFO [ 3.10036619  8.35855933  1.78513109  2.         -2.0943951 ]
16:32:35 apf.py[line:85] INFO [array([0., 2.]), array([4., 2.]), array([5., 4.]), array([5., 6.]), array([7., 9.])]
16:32:35 apf.py[line:49] INFO n = [0.00051923 0.00107298 0.00516727 0.03215122 0.01134221]
16:32:35 apf.py[line:50] INFO beta = [0.00959107 0.0179924  0.06415115 0.25424377 0.1170451 ]
16:32:35 apf.py[line:58] INFO theta_robo_ob = [-2.024466261163476, -1.430245302006471, -1.1597801779073638, -0.8927584728559576, 0.16302757419955133]
16:32:35 apf.py[line:59] INFO psi = -0.8771931321961649
16:32:35 apf.py[line:60] INFO tan(psi_hat) = [-0.504694099553879, 0.3403922615183427]
16:32:35 apf.py[line:62] INFO psi_hat = -0.9774227950543672
16:32:35 apf.py[line:65] INFO term1 = 1.8 * cos(-0.21991148575123098 - -0.8771931321961649) + 0.04 * 9.574260487184787 = 1.8079511817203004
16:32:35 apf.py[line:69] INFO term1 = 1.8079511817203004
16:32:35 apf.py[line:73] INFO theta_term_tmp = 1.8 * sin(-0.21991148575123098 - -0.9774227950543672)/2.1905206926105922 = 0.5646181575809673
16:32:35 apf.py[line:78] INFO [v, theta] = [2.1905206926105922, -0.37745225648627956]
16:32:35 apf.py[line:161] INFO 
16:32:35 apf.py[line:162] INFO 611
16:32:35 apf.py[line:84] INFO [ 3.09350245  8.39796604  1.74324319  2.         -2.0943951 ]
16:32:35 apf.py[line:85] INFO [array([0., 2.]), array([4., 2.]), array([5., 4.]), array([5., 6.]), array([7., 9.])]
16:32:35 apf.py[line:49] INFO n = [0.00049839 0.00103014 0.00498183 0.030776   0.01133544]
16:32:35 apf.py[line:50] INFO beta = [0.00918798 0.01726815 0.06194754 0.24457894 0.11622868]
16:32:35 apf.py[line:58] INFO theta_robo_ob = [-2.0211678970329463, -1.430047895060271, -1.161752156343857, -0.8990823417261591, 0.1529079686096427]
16:32:35 apf.py[line:59] INFO psi = -0.8769403739090004
16:32:35 apf.py[line:60] INFO tan(psi_hat) = [-0.5128371228427933, 0.34936383958707407]
16:32:35 apf.py[line:62] INFO psi_hat = -0.9727739969689823
16:32:35 apf.py[line:65] INFO term1 = 1.8 * cos(-0.2073451151368717 - -0.8769403739090004) + 0.04 * 9.637171533954428 = 1.7968181539050496
16:32:35 apf.py[line:69] INFO term1 = 1.7968181539050496
16:32:35 apf.py[line:73] INFO theta_term_tmp = 1.8 * sin(-0.2073451151368717 - -0.9727739969689823)/2.187206484321803 = 0.5701900527942396
16:32:35 apf.py[line:78] INFO [v, theta] = [2.187206484321803, -0.3660368154312046]
16:32:35 apf.py[line:161] INFO 
16:32:35 apf.py[line:162] INFO 612
16:32:35 apf.py[line:84] INFO [ 3.08829492  8.43762562  1.70135529  2.         -2.0943951 ]
16:32:35 apf.py[line:85] INFO [array([0., 2.]), array([4., 2.]), array([5., 4.]), array([5., 6.]), array([7., 9.])]
16:32:35 apf.py[line:49] INFO n = [0.00047743 0.00098865 0.0048053  0.02949713 0.01134352]
16:32:35 apf.py[line:50] INFO beta = [0.00878678 0.01656902 0.05984854 0.23553486 0.11555065]
16:32:35 apf.py[line:58] INFO theta_robo_ob = [-2.0180934007094393, -1.430110580448361, -1.164027869671481, -0.9057338088619589, 0.1427886708907126]
16:32:35 apf.py[line:59] INFO psi = -0.8768024270565279
16:32:35 apf.py[line:60] INFO tan(psi_hat) = [-0.5205108731767898, 0.3576856804072753]
16:32:35 apf.py[line:62] INFO psi_hat = -0.9687249783466395
16:32:35 apf.py[line:65] INFO term1 = 1.8 * cos(-0.19477874452251243 - -0.8768024270565279) + 0.04 * 9.698935214595158 = 1.7852949785235133
16:32:35 apf.py[line:69] INFO term1 = 1.7852949785235133
16:32:35 apf.py[line:73] INFO theta_term_tmp = 1.8 * sin(-0.19477874452251243 - -0.9687249783466395)/2.1840735226876378 = 0.576048894245032
16:32:35 apf.py[line:78] INFO [v, theta] = [2.1840735226876378, -0.3548382254946386]
16:32:35 apf.py[line:161] INFO 
16:32:35 apf.py[line:162] INFO 613
16:32:35 apf.py[line:84] INFO [ 3.08475272  8.47746847  1.65946738  2.         -2.0943951 ]
16:32:35 apf.py[line:85] INFO [array([0., 2.]), array([4., 2.]), array([5., 4.]), array([5., 6.]), array([7., 9.])]
16:32:35 apf.py[line:49] INFO n = [0.00045644 0.00094853 0.00463743 0.02830769 0.01136648]
16:32:35 apf.py[line:50] INFO beta = [0.0083885  0.015895   0.05785089 0.22707219 0.11500906]
16:32:35 apf.py[line:58] INFO theta_robo_ob = [-2.0152462330848206, -1.4304284817030266, -1.166596797317475, -0.9126955061311228, 0.13267664454334135]
16:32:35 apf.py[line:59] INFO psi = -0.8767735899396115
16:32:35 apf.py[line:60] INFO tan(psi_hat) = [-0.5277427743532495, 0.3653865479595714]
16:32:35 apf.py[line:62] INFO psi_hat = -0.9652181475952365
16:32:35 apf.py[line:65] INFO term1 = 1.8 * cos(-0.18221237390815315 - -0.8767735899396115) + 0.04 * 9.759487337828627 = 1.7733818071918486
16:32:35 apf.py[line:69] INFO term1 = 1.7733818071918486
16:32:35 apf.py[line:73] INFO theta_term_tmp = 1.8 * sin(-0.18221237390815315 - -0.9652181475952365)/2.18108498710942 = 0.5821614284349229
16:32:35 apf.py[line:78] INFO [v, theta] = [2.18108498710942, -0.34383363479189033]
16:32:35 apf.py[line:161] INFO 
16:32:35 apf.py[line:162] INFO 614
16:32:35 apf.py[line:84] INFO [ 3.08288208  8.5174247   1.61757948  2.         -2.0943951 ]
16:32:35 apf.py[line:85] INFO [array([0., 2.]), array([4., 2.]), array([5., 4.]), array([5., 6.]), array([7., 9.])]
16:32:35 apf.py[line:49] INFO n = [0.00043548 0.00090978 0.00447792 0.02720131 0.01140441]
16:32:35 apf.py[line:50] INFO beta = [0.0079941  0.01524599 0.05595129 0.21915433 0.11460237]
16:32:35 apf.py[line:58] INFO theta_robo_ob = [-2.0126291558830767, -1.4309964143767895, -1.1694484605965583, -0.9199508582959842, 0.12257886837092569]
16:32:35 apf.py[line:59] INFO psi = -0.8768481373861206
16:32:35 apf.py[line:60] INFO tan(psi_hat) = [-0.5345577018027767, 0.37249399723026017]
16:32:35 apf.py[line:62] INFO psi_hat = -0.9622033738400108
16:32:35 apf.py[line:65] INFO term1 = 1.8 * cos(-0.16964600329379387 - -0.8768481373861206) + 0.04 * 9.818765737269104 = 1.7610793974203
16:32:35 apf.py[line:69] INFO term1 = 1.7610793974203
16:32:35 apf.py[line:73] INFO theta_term_tmp = 1.8 * sin(-0.16964600329379387 - -0.9622033738400108)/2.178209283470823 = 0.5884979479341207
16:32:35 apf.py[line:78] INFO [v, theta] = [2.178209283470823, -0.33300362064826605]
16:32:35 apf.py[line:161] INFO 
16:32:35 apf.py[line:162] INFO 615
16:32:35 apf.py[line:84] INFO [ 3.08268627  8.55742422  1.57569158  2.         -2.0943951 ]
16:32:35 apf.py[line:85] INFO [array([0., 2.]), array([4., 2.]), array([5., 4.]), array([5., 6.]), array([7., 9.])]
16:32:35 apf.py[line:49] INFO n = [0.00041462 0.00087243 0.00432649 0.02617211 0.01145745]
16:32:35 apf.py[line:50] INFO beta = [0.00760442 0.0146218  0.0541464  0.21174725 0.11432945]
16:32:35 apf.py[line:58] INFO theta_robo_ob = [-2.0102442559250027, -1.4318089216994405, -1.1725724485248006, -0.9274840431052688, 0.11250235118150721]
16:32:35 apf.py[line:59] INFO psi = -0.8770203280168727
16:32:35 apf.py[line:60] INFO tan(psi_hat) = [-0.5409781752582927, 0.37903432923407754]
16:32:35 apf.py[line:62] INFO psi_hat = -0.9596367699773372
16:32:35 apf.py[line:65] INFO term1 = 1.8 * cos(-0.1570796326794346 - -0.8770203280168727) + 0.04 * 9.876710324828966 = 1.7483891113208543
16:32:35 apf.py[line:69] INFO term1 = 1.7483891113208543
16:32:35 apf.py[line:73] INFO theta_term_tmp = 1.8 * sin(-0.1570796326794346 - -0.9596367699773372)/2.175419189048184 = 0.595031789479628
16:32:35 apf.py[line:78] INFO [v, theta] = [2.175419189048184, -0.32233156805000174]
16:32:35 apf.py[line:161] INFO 
16:32:35 apf.py[line:162] INFO 616
16:32:35 apf.py[line:84] INFO [ 3.08416564  8.59739686  1.53380368  2.         -2.0943951 ]
16:32:35 apf.py[line:85] INFO [array([0., 2.]), array([4., 2.]), array([5., 4.]), array([5., 6.]), array([7., 9.])]
16:32:35 apf.py[line:49] INFO n = [0.00039392 0.00083647 0.00418286 0.0252147  0.01152579]
16:32:35 apf.py[line:50] INFO beta = [0.00722026 0.01402217 0.05243292 0.20481935 0.11418958]
16:32:35 apf.py[line:58] INFO theta_robo_ob = [-2.0080929718253344, -1.4328603079515037, -1.1759584396528941, -0.9352799517981275, 0.10245414658126929]
16:32:35 apf.py[line:59] INFO psi = -0.8772844106228487
16:32:35 apf.py[line:60] INFO tan(psi_hat) = [-0.5470245381997249, 0.385032565087735]
16:32:35 apf.py[line:62] INFO psi_hat = -0.9574797182041455
16:32:35 apf.py[line:65] INFO term1 = 1.8 * cos(-0.1445132620650753 - -0.8772844106228487) + 0.04 * 9.933263141321062 = 1.7353129132931153
16:32:35 apf.py[line:69] INFO term1 = 1.7353129132931153
16:32:35 apf.py[line:73] INFO theta_term_tmp = 1.8 * sin(-0.1445132620650753 - -0.9574797182041455)/2.1726911712558103 = 0.6017389170856653
16:32:35 apf.py[line:78] INFO [v, theta] = [2.1726911712558103, -0.3118031866645812]
16:32:35 apf.py[line:161] INFO 
16:32:35 apf.py[line:162] INFO 617
16:32:35 apf.py[line:84] INFO [ 3.08731759  8.63727248  1.49191578  2.         -2.0943951 ]
16:32:35 apf.py[line:85] INFO [array([0., 2.]), array([4., 2.]), array([5., 4.]), array([5., 6.]), array([7., 9.])]
16:32:35 apf.py[line:49] INFO n = [0.00037345 0.00080189 0.00404673 0.02432412 0.0116097 ]
16:32:35 apf.py[line:50] INFO beta = [0.00684231 0.01344678 0.05080754 0.19834131 0.11418243]
16:32:35 apf.py[line:58] INFO theta_robo_ob = [-2.006176122648091, -1.4341446695407223, -1.1795962202882344, -0.9433241503153008, 0.09244136790452026]
16:32:35 apf.py[line:59] INFO psi = -0.8776346297186377
16:32:35 apf.py[line:60] INFO tan(psi_hat) = [-0.5527151240981292, 0.3905124349660647]
16:32:35 apf.py[line:62] INFO psi_hat = -0.9556980836132554
16:32:35 apf.py[line:65] INFO term1 = 1.8 * cos(-0.13194689145071603 - -0.8776346297186377) + 0.04 * 9.988368404467545 = 1.7218533667294837
16:32:35 apf.py[line:69] INFO term1 = 1.7218533667294837
16:32:35 apf.py[line:73] INFO theta_term_tmp = 1.8 * sin(-0.13194689145071603 - -0.9556980836132554)/2.1700048405302397 = 0.6085975734814459
16:32:35 apf.py[line:78] INFO [v, theta] = [2.1700048405302397, -0.30140613312557574]
16:32:35 apf.py[line:161] INFO 
16:32:35 apf.py[line:162] INFO 618
16:32:35 apf.py[line:84] INFO [ 3.09213659  8.67698113  1.45002787  2.         -2.0943951 ]
16:32:35 apf.py[line:85] INFO [array([0., 2.]), array([4., 2.]), array([5., 4.]), array([5., 6.]), array([7., 9.])]
16:32:35 apf.py[line:49] INFO n = [0.00035326 0.00076869 0.00391783 0.02349582 0.01170949]
16:32:35 apf.py[line:50] INFO beta = [0.00649834 0.01294937 0.04947383 0.193093   0.11478784]
16:32:35 apf.py[line:58] INFO theta_robo_ob = [-2.0044939380689866, -1.4356559237954714, -1.1834756994556377, -0.9516028414381846, 0.0824712033249604]
16:32:35 apf.py[line:59] INFO psi = -0.8780652303352262
16:32:35 apf.py[line:60] INFO tan(psi_hat) = [-0.5571789492606308, 0.3944758377363176]
16:32:35 apf.py[line:62] INFO psi_hat = -0.9547295887849904
16:32:35 apf.py[line:65] INFO term1 = 1.8 * cos(-0.11938052083635675 - -0.8780652303352262) + 0.04 * 10.0 = 1.7063347275999554
16:32:35 apf.py[line:69] INFO term1 = 1.7063347275999554
16:32:35 apf.py[line:73] INFO theta_term_tmp = 1.8 * sin(-0.11938052083635675 - -0.9547295887849904)/2.1663679424861364 = 0.6161258803461942
16:32:35 apf.py[line:78] INFO [v, theta] = [2.1663679424861364, -0.2909149988222779]
16:32:35 apf.py[line:161] INFO 
16:32:35 apf.py[line:162] INFO 619
16:32:35 apf.py[line:84] INFO [ 3.09861419  8.71645316  1.40813997  2.         -2.0943951 ]
16:32:35 apf.py[line:85] INFO [array([0., 2.]), array([4., 2.]), array([5., 4.]), array([5., 6.]), array([7., 9.])]
16:32:35 apf.py[line:49] INFO n = [0.00033338 0.00073685 0.00379587 0.02272562 0.01182554]
16:32:35 apf.py[line:50] INFO beta = [0.00616484 0.01248342 0.04825777 0.18838279 0.11564418]
16:32:35 apf.py[line:58] INFO theta_robo_ob = [-2.003046089621819, -1.4373878355118355, -1.187586920925133, -0.9601028280157882, 0.0725509311929441]
16:32:35 apf.py[line:59] INFO psi = -0.8785704621131687
16:32:35 apf.py[line:60] INFO tan(psi_hat) = [-0.5611493533918053, 0.3977654552581111]
16:32:35 apf.py[line:62] INFO psi_hat = -0.9541616704516968
16:32:35 apf.py[line:65] INFO term1 = 1.8 * cos(-0.10681415022199747 - -0.8785704621131687) + 0.04 * 10.0 = 1.690036478315331
16:32:35 apf.py[line:69] INFO term1 = 1.690036478315331
16:32:35 apf.py[line:73] INFO theta_term_tmp = 1.8 * sin(-0.10681415022199747 - -0.9541616704516968)/2.1625045850012006 = 0.6238825663720432
16:32:35 apf.py[line:78] INFO [v, theta] = [2.1625045850012006, -0.28046077932344815]
16:32:35 apf.py[line:161] INFO 
16:32:35 apf.py[line:162] INFO 620
16:32:35 apf.py[line:84] INFO [ 3.10673903  8.7556193   1.36625207  2.         -2.0943951 ]
16:32:35 apf.py[line:85] INFO [array([0., 2.]), array([4., 2.]), array([5., 4.]), array([5., 6.]), array([7., 9.])]
16:32:35 apf.py[line:49] INFO n = [0.00031387 0.00070635 0.00368058 0.02200969 0.01195829]
16:32:35 apf.py[line:50] INFO beta = [0.00583458 0.01203338 0.04709886 0.18396429 0.11662093]
16:32:35 apf.py[line:58] INFO theta_robo_ob = [-2.0018317226375166, -1.4393340413097984, -1.1919200726128534, -0.9688114773899928, 0.06268793564332321]
16:32:35 apf.py[line:59] INFO psi = -0.8791445827549108
16:32:35 apf.py[line:60] INFO tan(psi_hat) = [-0.5648845876368307, 0.40068275115562596]
16:32:35 apf.py[line:62] INFO psi_hat = -0.9538440728443531
16:32:35 apf.py[line:65] INFO term1 = 1.8 * cos(-0.0942477796076382 - -0.8791445827549108) + 0.04 * 10.0 = 1.673430173562084
16:32:35 apf.py[line:69] INFO term1 = 1.673430173562084
16:32:35 apf.py[line:73] INFO theta_term_tmp = 1.8 * sin(-0.0942477796076382 - -0.9538440728443531)/2.158677633241233 = 0.631702655788519
16:32:35 apf.py[line:78] INFO [v, theta] = [2.158677633241233, -0.27009644367972707]
16:32:35 apf.py[line:161] INFO 
16:32:35 apf.py[line:162] INFO 621
16:32:35 apf.py[line:84] INFO [ 3.11649685  8.79441086  1.32436417  2.         -2.0943951 ]
16:32:35 apf.py[line:85] INFO [array([0., 2.]), array([4., 2.]), array([5., 4.]), array([5., 6.]), array([7., 9.])]
16:32:35 apf.py[line:49] INFO n = [0.00029475 0.00067717 0.00357171 0.02134451 0.01210825]
16:32:35 apf.py[line:50] INFO beta = [0.00550823 0.01159928 0.04599569 0.17982291 0.11772071]
16:32:35 apf.py[line:58] INFO theta_robo_ob = [-2.0008494885188144, -1.4414880718689564, -1.1964654936382697, -0.9777166870893683, 0.05288972251821094]
16:32:35 apf.py[line:59] INFO psi = -0.8797818608926731
16:32:35 apf.py[line:60] INFO tan(psi_hat) = [-0.5683901180369504, 0.40323947742338107]
16:32:35 apf.py[line:62] INFO psi_hat = -0.9537619221481651
16:32:35 apf.py[line:65] INFO term1 = 1.8 * cos(-0.08168140899327891 - -0.8797818608926731) + 0.04 * 10.0 = 1.6565225871469256
16:32:35 apf.py[line:69] INFO term1 = 1.6565225871469256
16:32:35 apf.py[line:73] INFO theta_term_tmp = 1.8 * sin(-0.08168140899327891 - -0.9537619221481651)/2.154881241303266 = 0.6395730340548713
16:32:35 apf.py[line:78] INFO [v, theta] = [2.154881241303266, -0.25981920199885233]
16:32:36 apf.py[line:161] INFO 
16:32:36 apf.py[line:162] INFO 622
16:32:36 apf.py[line:84] INFO [ 3.12787053  8.83275978  1.28247627  2.         -2.0943951 ]
16:32:36 apf.py[line:85] INFO [array([0., 2.]), array([4., 2.]), array([5., 4.]), array([5., 6.]), array([7., 9.])]
16:32:36 apf.py[line:49] INFO n = [0.00027607 0.00064929 0.00346899 0.02072687 0.01227601]
16:32:36 apf.py[line:50] INFO beta = [0.0051864  0.01118111 0.04494687 0.17594507 0.11894651]
16:32:36 apf.py[line:58] INFO theta_robo_ob = [-2.000097577029318, -1.443843372125795, -1.2012136792983488, -0.9868068518294631, 0.043163935648641114]
16:32:36 apf.py[line:59] INFO psi = -0.8804765784258827
16:32:36 apf.py[line:60] INFO tan(psi_hat) = [-0.571670535062721, 0.40544666366629956]
16:32:36 apf.py[line:62] INFO psi_hat = -0.9539016589340243
16:32:36 apf.py[line:65] INFO term1 = 1.8 * cos(-0.06911503837891964 - -0.8804765784258827) + 0.04 * 10.0 = 1.6393209667060464
16:32:36 apf.py[line:69] INFO term1 = 1.6393209667060464
16:32:36 apf.py[line:73] INFO theta_term_tmp = 1.8 * sin(-0.06911503837891964 - -0.9539016589340243)/2.151110272574213 = 0.6474813156481564
16:32:36 apf.py[line:78] INFO [v, theta] = [2.151110272574213, -0.24962688889560924]
16:32:36 apf.py[line:161] INFO 
16:32:36 apf.py[line:162] INFO 623
16:32:36 apf.py[line:84] INFO [ 3.14084012  8.87059877  1.24058836  2.         -2.0943951 ]
16:32:36 apf.py[line:85] INFO [array([0., 2.]), array([4., 2.]), array([5., 4.]), array([5., 6.]), array([7., 9.])]
16:32:36 apf.py[line:49] INFO n = [0.00025784 0.00062268 0.00337218 0.02015382 0.0124622 ]
16:32:36 apf.py[line:50] INFO beta = [0.00486964 0.01077884 0.04395102 0.17231821 0.12030164]
16:32:36 apf.py[line:58] INFO theta_robo_ob = [-1.999573748311961, -1.4463933195232312, -1.2061552841970735, -0.9960708318316756, 0.033518373538534034]
16:32:36 apf.py[line:59] INFO psi = -0.8812230323797234
16:32:36 apf.py[line:60] INFO tan(psi_hat) = [-0.5747296164731146, 0.40731461006303227]
16:32:36 apf.py[line:62] INFO psi_hat = -0.9542509486056633
16:32:36 apf.py[line:65] INFO term1 = 1.8 * cos(-0.056548667764560356 - -0.8812230323797234) + 0.04 * 10.0 = 1.621833023907071
16:32:36 apf.py[line:69] INFO term1 = 1.621833023907071
16:32:36 apf.py[line:73] INFO theta_term_tmp = 1.8 * sin(-0.056548667764560356 - -0.9542509486056633)/2.14736023387901 = 0.6554157901044569
16:32:36 apf.py[line:78] INFO [v, theta] = [2.14736023387901, -0.2395179397750531]
16:32:36 apf.py[line:161] INFO 
16:32:36 apf.py[line:162] INFO 624
16:32:36 apf.py[line:84] INFO [ 3.15538287  8.90786147  1.19870046  2.         -2.0943951 ]
16:32:36 apf.py[line:85] INFO [array([0., 2.]), array([4., 2.]), array([5., 4.]), array([5., 6.]), array([7., 9.])]
16:32:36 apf.py[line:49] INFO n = [0.0002401  0.00059732 0.00328104 0.01962265 0.01266757]
16:32:36 apf.py[line:50] INFO beta = [0.00455846 0.01039238 0.04300676 0.16893065 0.12178982]
16:32:36 apf.py[line:58] INFO theta_robo_ob = [-1.9992753643879173, -1.449131240409219, -1.2112811237474033, -1.005497922452365, 0.023961006493568693]
16:32:36 apf.py[line:59] INFO psi = -0.8820155363339858
16:32:36 apf.py[line:60] INFO tan(psi_hat) = [-0.5775703848697727, 0.4088528817727314]
16:32:36 apf.py[line:62] INFO psi_hat = -0.9547986073372184
16:32:36 apf.py[line:65] INFO term1 = 1.8 * cos(-0.04398229715020108 - -0.8820155363339858) + 0.04 * 10.0 = 1.604066923993794
16:32:36 apf.py[line:69] INFO term1 = 1.604066923993794
16:32:36 apf.py[line:73] INFO theta_term_tmp = 1.8 * sin(-0.04398229715020108 - -0.9547986073372184)/2.1436272177361024 = 0.6633653736637873
16:32:36 apf.py[line:78] INFO [v, theta] = [2.1436272177361024, -0.22949137623683502]
16:32:36 apf.py[line:161] INFO 
16:32:36 apf.py[line:162] INFO 625
16:32:36 apf.py[line:84] INFO [ 3.17147326  8.94448249  1.15681256  2.         -2.0943951 ]
16:32:36 apf.py[line:85] INFO [array([0., 2.]), array([4., 2.]), array([5., 4.]), array([5., 6.]), array([7., 9.])]
16:32:36 apf.py[line:49] INFO n = [0.00022285 0.00057318 0.00319535 0.01913091 0.01289291]
16:32:36 apf.py[line:50] INFO beta = [0.0042533  0.01002162 0.04211277 0.1657716  0.12341511]
16:32:36 apf.py[line:58] INFO theta_robo_ob = [-1.9991994199220327, -1.4520504246850738, -1.2165821742424123, -1.0150778250978618, 0.014499994236422323]
16:32:36 apf.py[line:59] INFO psi = -0.8828484214690946
16:32:36 apf.py[line:60] INFO tan(psi_hat) = [-0.580195160424329, 0.4100703040198229]
16:32:36 apf.py[line:62] INFO psi_hat = -0.9555345419756902
16:32:36 apf.py[line:65] INFO term1 = 1.8 * cos(-0.0314159265358418 - -0.8828484214690946) + 0.04 * 10.0 = 1.586031274701171
16:32:36 apf.py[line:69] INFO term1 = 1.586031274701171
16:32:36 apf.py[line:73] INFO theta_term_tmp = 1.8 * sin(-0.0314159265358418 - -0.9555345419756902)/2.139907851250536 = 0.6713195658359477
16:32:36 apf.py[line:78] INFO [v, theta] = [2.139907851250536, -0.2195467999095262]
16:32:36 apf.py[line:161] INFO 
16:32:36 apf.py[line:162] INFO 626
16:32:36 apf.py[line:84] INFO [ 3.18908306  8.9803976   1.11492466  2.         -2.0943951 ]
16:32:36 apf.py[line:85] INFO [array([0., 2.]), array([4., 2.]), array([5., 4.]), array([5., 6.]), array([7., 9.])]
16:32:36 apf.py[line:49] INFO n = [0.00020612 0.00055022 0.00311489 0.01867632 0.01313913]
16:32:36 apf.py[line:50] INFO beta = [0.00395455 0.00966646 0.04126775 0.16283108 0.125182  ]
16:32:36 apf.py[line:58] INFO theta_robo_ob = [-1.999342572074459, -1.4551441388061668, -1.2220495716731208, -1.02480061938865, 0.0051437040482844205]
16:32:36 apf.py[line:59] INFO psi = -0.8837160372739741
16:32:36 apf.py[line:60] INFO tan(psi_hat) = [-0.5826056092688565, 0.41097495721549265]
16:32:36 apf.py[line:62] INFO psi_hat = -0.9564497027264185
16:32:36 apf.py[line:65] INFO term1 = 1.8 * cos(-0.01884955592148252 - -0.8837160372739741) + 0.04 * 10.0 = 1.567735114566597
16:32:36 apf.py[line:69] INFO term1 = 1.567735114566597
16:32:36 apf.py[line:73] INFO theta_term_tmp = 1.8 * sin(-0.01884955592148252 - -0.9564497027264185)/2.1361992503834957 = 0.6792684102992145
16:32:36 apf.py[line:78] INFO [v, theta] = [2.1361992503834957, -0.2096843942517017]
16:32:36 apf.py[line:161] INFO 
16:32:36 apf.py[line:162] INFO 627
16:32:36 apf.py[line:84] INFO [ 3.20818139  9.01554378  1.07303676  2.         -2.0943951 ]
16:32:36 apf.py[line:85] INFO [array([0., 2.]), array([4., 2.]), array([5., 4.]), array([5., 6.]), array([7., 9.])]
16:32:36 apf.py[line:49] INFO n = [0.00018991 0.00052842 0.00303946 0.01825685 0.01340721]
16:32:36 apf.py[line:50] INFO beta = [0.00366257 0.00932673 0.04047046 0.16009989 0.12709537]
16:32:36 apf.py[line:58] INFO theta_robo_ob = [-1.9997011692898041, -1.458405637238021, -1.2276746094525404, -1.034656736526575, -0.004099270525530786]
16:32:36 apf.py[line:59] INFO psi = -0.8846127519583179
16:32:36 apf.py[line:60] INFO tan(psi_hat) = [-0.5848027880472448, 0.4115741715804555]
16:32:36 apf.py[line:62] INFO psi_hat = -0.957536047731315
16:32:36 apf.py[line:65] INFO term1 = 1.8 * cos(-0.00628318530712324 - -0.8846127519583179) + 0.04 * 10.0 = 1.5491879006619986
16:32:36 apf.py[line:69] INFO term1 = 1.5491879006619986
16:32:36 apf.py[line:73] INFO theta_term_tmp = 1.8 * sin(-0.00628318530712324 - -0.957536047731315)/2.132498978495126 = 0.6872024596212097
16:32:36 apf.py[line:78] INFO [v, theta] = [2.132498978495126, -0.19990493405484144]
16:32:36 apf.py[line:161] INFO 
16:32:36 apf.py[line:162] INFO 628
16:32:36 apf.py[line:84] INFO [ 3.22873473  9.04985937  1.03114885  2.         -2.0943951 ]
16:32:36 apf.py[line:85] INFO [array([0., 2.]), array([4., 2.]), array([5., 4.]), array([5., 6.]), array([7., 9.])]
16:32:36 apf.py[line:49] INFO n = [0.00017424 0.00050775 0.00296887 0.0178706  0.01369824]
16:32:36 apf.py[line:50] INFO beta = [0.00337764 0.00900227 0.03971969 0.15756954 0.12916056]
16:32:36 apf.py[line:58] INFO theta_robo_ob = [-2.0002712789046, -1.46182817246995, -1.2334487351887224, -1.0446369338119068, -0.013220090370783392]
16:32:36 apf.py[line:59] INFO psi = -0.8855329526098772
16:32:36 apf.py[line:60] INFO tan(psi_hat) = [-0.5867871851311098, 0.4118745208245991]
16:32:36 apf.py[line:62] INFO psi_hat = -0.9587865189015987
16:32:36 apf.py[line:65] INFO term1 = 1.8 * cos(0.006283185307235933 - -0.8855329526098772) + 0.04 * 10.0 = 1.5303994957696574
16:32:36 apf.py[line:69] INFO term1 = 1.5303994957696574
16:32:36 apf.py[line:73] INFO theta_term_tmp = 1.8 * sin(0.006283185307235933 - -0.9587865189015987)/2.12880500817232 = 0.6951127433547617
16:32:36 apf.py[line:78] INFO [v, theta] = [2.12880500817232, -0.19020980256028952]
16:32:36 apf.py[line:161] INFO 
16:32:36 apf.py[line:162] INFO 629
16:32:36 apf.py[line:84] INFO [ 3.25070704  9.08328418  0.98926095  2.         -2.0943951 ]
16:32:36 apf.py[line:85] INFO [array([0., 2.]), array([4., 2.]), array([5., 4.]), array([5., 6.]), array([7., 9.])]
16:32:36 apf.py[line:49] INFO n = [0.00015911 0.00048817 0.00290293 0.01751588 0.01401341]
16:32:36 apf.py[line:50] INFO beta = [0.00310004 0.00869291 0.03901428 0.15523225 0.13138333]
16:32:36 apf.py[line:58] INFO theta_robo_ob = [-2.0010487134809485, -1.46540500368641, -1.2393635466341308, -1.0547322702520001, -0.022209650868783078]
16:32:36 apf.py[line:59] INFO psi = -0.8864710451355772
16:32:36 apf.py[line:60] INFO tan(psi_hat) = [-0.5885587590098513, 0.4118818145183756]
16:32:36 apf.py[line:62] INFO psi_hat = -0.9601950285891817
16:32:36 apf.py[line:65] INFO term1 = 1.8 * cos(0.018849555921595106 - -0.8864710451355772) + 0.04 * 10.0 = 1.5113801550230295
16:32:36 apf.py[line:69] INFO term1 = 1.5113801550230295
16:32:36 apf.py[line:73] INFO theta_term_tmp = 1.8 * sin(0.018849555921595106 - -0.9601950285891817)/2.125115685430533 = 0.7029907391136719
16:32:36 apf.py[line:78] INFO [v, theta] = [2.125115685430533, -0.18060101626541925]
16:32:36 apf.py[line:161] INFO 
16:32:36 apf.py[line:162] INFO 630
16:32:36 apf.py[line:84] INFO [ 3.27405975  9.11575957  0.94737305  2.         -2.0943951 ]
16:32:36 apf.py[line:85] INFO [array([0., 2.]), array([4., 2.]), array([5., 4.]), array([5., 6.]), array([7., 9.])]
16:32:36 apf.py[line:49] INFO n = [0.00014452 0.00046967 0.00284147 0.01719113 0.01435401]
16:32:36 apf.py[line:50] INFO beta = [0.00282998 0.00839846 0.03835312 0.15308087 0.13376995]
16:32:36 apf.py[line:58] INFO theta_robo_ob = [-2.0020290557987663, -1.4691294041934366, -1.2454107869244364, -1.0649340831997334, -0.031058561303138162]
16:32:36 apf.py[line:59] INFO psi = -0.8874214540236273
16:32:36 apf.py[line:60] INFO tan(psi_hat) = [-0.5901169743723091, 0.4116010888612609]
16:32:36 apf.py[line:62] INFO psi_hat = -0.9617564568815113
16:32:36 apf.py[line:65] INFO term1 = 1.8 * cos(0.03141592653595428 - -0.8874214540236273) + 0.04 * 10.0 = 1.4921405120320888
16:32:36 apf.py[line:69] INFO term1 = 1.4921405120320888
16:32:36 apf.py[line:73] INFO theta_term_tmp = 1.8 * sin(0.03141592653595428 - -0.9617564568815113)/2.1214296954220013 = 0.7108283462759982
16:32:36 apf.py[line:78] INFO [v, theta] = [2.1214296954220013, -0.1710812576483498]
16:32:36 apf.py[line:161] INFO 
16:32:36 apf.py[line:162] INFO 631
16:32:36 apf.py[line:84] INFO [ 3.29875191  9.14722856  0.90548515  2.         -2.0943951 ]
16:32:36 apf.py[line:85] INFO [array([0., 2.]), array([4., 2.]), array([5., 4.]), array([5., 6.]), array([7., 9.])]
16:32:36 apf.py[line:49] INFO n = [0.00013047 0.0004522  0.00278432 0.01689496 0.01472146]
16:32:36 apf.py[line:50] INFO beta = [0.00256764 0.00811873 0.03773517 0.1511089  0.13632716]
16:32:36 apf.py[line:58] INFO theta_robo_ob = [-2.003207682461049, -1.4729946676941053, -1.251582339206833, -1.0752339659575854, -0.03975712358753691]
16:32:36 apf.py[line:59] INFO psi = -0.8883786219623142
16:32:36 apf.py[line:60] INFO tan(psi_hat) = [-0.5914608364086869, 0.4110365956169672]
16:32:36 apf.py[line:62] INFO psi_hat = -0.9634666594901046
16:32:36 apf.py[line:65] INFO term1 = 1.8 * cos(0.04398229715031345 - -0.8883786219623142) + 0.04 * 10.0 = 1.4726915645109755
16:32:36 apf.py[line:69] INFO term1 = 1.4726915645109755
16:32:36 apf.py[line:73] INFO theta_term_tmp = 1.8 * sin(0.04398229715031345 - -0.9634666594901046)/2.117746028794161 = 0.718617861997332
16:32:36 apf.py[line:78] INFO [v, theta] = [2.117746028794161, -0.16165391619079372]
16:32:36 apf.py[line:161] INFO 
16:32:36 apf.py[line:162] INFO 632
16:32:36 apf.py[line:84] INFO [ 3.3247402   9.17763594  0.86359725  2.         -2.0943951 ]
16:32:36 apf.py[line:85] INFO [array([0., 2.]), array([4., 2.]), array([5., 4.]), array([5., 6.]), array([7., 9.])]
16:32:36 apf.py[line:49] INFO n = [0.00011697 0.00043574 0.00273135 0.01662609 0.01511731]
16:32:36 apf.py[line:50] INFO beta = [0.00231317 0.00785352 0.03715942 0.14931039 0.13906223]
16:32:36 apf.py[line:58] INFO theta_robo_ob = [-2.0045797860860666, -1.4769941135030178, -1.2578702207461179, -1.0856237462818337, -0.04829531030053295]
16:32:36 apf.py[line:59] INFO psi = -0.889337009349867
16:32:36 apf.py[line:60] INFO tan(psi_hat) = [-0.5925889238771659, 0.4101917890460301]
16:32:36 apf.py[line:62] INFO psi_hat = -0.9653224863783755
16:32:36 apf.py[line:65] INFO term1 = 1.8 * cos(0.05654866776467263 - -0.889337009349867) + 0.04 * 10.0 = 1.4530446594239006
16:32:36 apf.py[line:69] INFO term1 = 1.4530446594239006
16:32:36 apf.py[line:73] INFO theta_term_tmp = 1.8 * sin(0.05654866776467263 - -0.9653224863783755)/2.1140639478219483 = 0.7263519592447795
16:32:36 apf.py[line:78] INFO [v, theta] = [2.1140639478219483, -0.15232313822885402]
16:32:36 apf.py[line:161] INFO 
16:32:36 apf.py[line:162] INFO 633
16:32:36 apf.py[line:84] INFO [ 3.35197901  9.20692838  0.82170934  2.         -2.0943951 ]
16:32:36 apf.py[line:85] INFO [array([0., 2.]), array([4., 2.]), array([5., 4.]), array([5., 6.]), array([7., 9.])]
16:32:36 apf.py[line:49] INFO n = [0.00010401 0.00042027 0.0026824  0.01638339 0.01554323]
16:32:36 apf.py[line:50] INFO beta = [0.00206669 0.00760264 0.03662494 0.14767998 0.14198298]
16:32:36 apf.py[line:58] INFO theta_robo_ob = [-2.0061403960774267, -1.4811210907855878, -1.2642665765860515, -1.0960954657207138, -0.0566627420222993]
16:32:36 apf.py[line:59] INFO psi = -0.8902910937286556
16:32:36 apf.py[line:60] INFO tan(psi_hat) = [-0.5934994215010628, 0.4090693107265793]
16:32:36 apf.py[line:62] INFO psi_hat = -0.9673218114439909
16:32:36 apf.py[line:65] INFO term1 = 1.8 * cos(0.0691150383790318 - -0.8902910937286556) + 0.04 * 10.0 = 1.4332114776634284
16:32:36 apf.py[line:69] INFO term1 = 1.4332114776634284
16:32:36 apf.py[line:73] INFO theta_term_tmp = 1.8 * sin(0.0691150383790318 - -0.9673218114439909)/2.1103829513852066 = 0.73402366658488
16:32:36 apf.py[line:78] INFO [v, theta] = [2.1103829513852066, -0.14309388631533893]
16:32:37 apf.py[line:161] INFO 
16:32:37 apf.py[line:162] INFO 634
16:32:37 apf.py[line:84] INFO [ 3.38042058  9.23505448  0.77982144  2.         -2.0943951 ]
16:32:37 apf.py[line:85] INFO [array([0., 2.]), array([4., 2.]), array([5., 4.]), array([5., 6.]), array([7., 9.])]
16:32:37 apf.py[line:49] INFO n = [9.15772414e-05 4.05747682e-04 2.63735782e-03 1.61658535e-02
 1.60010646e-02]
16:32:37 apf.py[line:50] INFO beta = [0.0018283  0.00736588 0.03613086 0.14621283 0.1450978 ]
16:32:37 apf.py[line:58] INFO theta_robo_ob = [-2.0078843979776444, -1.4853689819034184, -1.2707636728337974, -1.1066413597202933, -0.06484866397941497]
16:32:37 apf.py[line:59] INFO psi = -0.8912353691760255
16:32:37 apf.py[line:60] INFO tan(psi_hat) = [-0.5941901522903886, 0.4076709722162405]
16:32:37 apf.py[line:62] INFO psi_hat = -0.969463573738309
16:32:37 apf.py[line:65] INFO term1 = 1.8 * cos(0.08168140899339096 - -0.8912353691760255) + 0.04 * 10.0 = 1.4132040182733734
16:32:37 apf.py[line:69] INFO term1 = 1.4132040182733734
16:32:37 apf.py[line:73] INFO theta_term_tmp = 1.8 * sin(0.08168140899339096 - -0.969463573738309)/2.1067027377752354 = 0.7416263494761705
16:32:37 apf.py[line:78] INFO [v, theta] = [2.1067027377752354, -0.1339720089374803]
16:32:37 apf.py[line:161] INFO 
16:32:37 apf.py[line:162] INFO 635
16:32:37 apf.py[line:84] INFO [ 3.41001499  9.2619649   0.73793354  2.         -2.0943951 ]
16:32:37 apf.py[line:85] INFO [array([0., 2.]), array([4., 2.]), array([5., 4.]), array([5., 6.]), array([7., 9.])]
16:32:37 apf.py[line:49] INFO n = [7.96758324e-05 3.92157645e-04 2.59608860e-03 1.59725623e-02
 1.64927816e-02]
16:32:37 apf.py[line:50] INFO beta = [0.00159805 0.00714305 0.03567634 0.14490461 0.14841567]
16:32:37 apf.py[line:58] INFO theta_robo_ob = [-2.009806551423348, -1.4897312049425013, -1.2773538896265182, -1.1172538384321375, -0.07284192201740058]
16:32:37 apf.py[line:59] INFO psi = -0.8921643456833052
16:32:37 apf.py[line:60] INFO tan(psi_hat) = [-0.5946586104171256, 0.4059977355751158]
16:32:37 apf.py[line:62] INFO psi_hat = -0.9717478308732034
16:32:37 apf.py[line:65] INFO term1 = 1.8 * cos(0.09424777960775013 - -0.8921643456833052) + 0.04 * 10.0 = 1.393034582226652
16:32:37 apf.py[line:69] INFO term1 = 1.393034582226652
16:32:37 apf.py[line:73] INFO theta_term_tmp = 1.8 * sin(0.09424777960775013 - -0.9717478308732034)/2.1030231641887895 = 0.7491536928300184
16:32:37 apf.py[line:78] INFO [v, theta] = [2.1030231641887895, -0.12496432160347581]
16:32:37 apf.py[line:161] INFO 
16:32:37 apf.py[line:162] INFO 636
16:32:37 apf.py[line:84] INFO [ 3.44071034  9.28761242  0.69604564  2.         -2.0943951 ]
16:32:37 apf.py[line:85] INFO [array([0., 2.]), array([4., 2.]), array([5., 4.]), array([5., 6.]), array([7., 9.])]
16:32:37 apf.py[line:49] INFO n = [6.82952144e-05 3.79472195e-04 2.55848689e-03 1.58027242e-02
 1.70205347e-02]
16:32:37 apf.py[line:50] INFO beta = [0.00137598 0.00693395 0.03526064 0.14375149 0.15194619]
16:32:37 apf.py[line:58] INFO theta_robo_ob = [-2.0119015067307076, -1.4942012154963777, -1.2840297138313717, -1.1279254681574447, -0.08063093793736939]
16:32:37 apf.py[line:59] INFO psi = -0.893072548553903
16:32:37 apf.py[line:60] INFO tan(psi_hat) = [-0.5949019953171173, 0.4040496918447366]
16:32:37 apf.py[line:62] INFO psi_hat = -0.9741758254356634
16:32:37 apf.py[line:65] INFO term1 = 1.8 * cos(0.1068141502221093 - -0.893072548553903) + 0.04 * 10.0 = 1.3727157557664804
16:32:37 apf.py[line:69] INFO term1 = 1.3727157557664804
16:32:37 apf.py[line:73] INFO theta_term_tmp = 1.8 * sin(0.1068141502221093 - -0.9741758254356634)/2.0993442015980017 = 0.7565996846120124
16:32:37 apf.py[line:78] INFO [v, theta] = [2.0993442015980017, -0.11607870049226154]
16:32:37 apf.py[line:161] INFO 
16:32:37 apf.py[line:162] INFO 637
16:32:37 apf.py[line:84] INFO [ 3.47245277  9.31195207  0.65415774  2.         -2.0943951 ]
16:32:37 apf.py[line:85] INFO [array([0., 2.]), array([4., 2.]), array([5., 4.]), array([5., 6.]), array([7., 9.])]
16:32:37 apf.py[line:49] INFO n = [5.74271111e-05 3.67667627e-04 2.52445191e-03 1.56556441e-02
 1.75866527e-02]
16:32:37 apf.py[line:50] INFO beta = [0.00116212 0.00673839 0.03488305 0.14275009 0.15569964]
16:32:37 apf.py[line:58] INFO theta_robo_ob = [-2.014163820148259, -1.498772507771842, -1.2907837315231674, -1.1386489533631219, -0.08820368425339657]
16:32:37 apf.py[line:59] INFO psi = -0.8939545178509823
16:32:37 apf.py[line:60] INFO tan(psi_hat) = [-0.5949172477437785, 0.4018260376642161]
16:32:37 apf.py[line:62] INFO psi_hat = -0.9767500654041273
16:32:37 apf.py[line:65] INFO term1 = 1.8 * cos(0.11938052083646847 - -0.8939545178509823) + 0.04 * 10.0 = 1.35226039331737
16:32:37 apf.py[line:69] INFO term1 = 1.35226039331737
16:32:37 apf.py[line:73] INFO theta_term_tmp = 1.8 * sin(0.11938052083646847 - -0.9767500654041273)/2.0956658834634503 = 0.7639586002607768
16:32:37 apf.py[line:78] INFO [v, theta] = [2.0956658834634503, -0.1073241900550751]
16:32:37 apf.py[line:161] INFO 
16:32:37 apf.py[line:162] INFO 638
16:32:37 apf.py[line:84] INFO [ 3.50518659  9.33494112  0.61226983  2.         -2.0943951 ]
16:32:37 apf.py[line:85] INFO [array([0., 2.]), array([4., 2.]), array([5., 4.]), array([5., 6.]), array([7., 9.])]
16:32:37 apf.py[line:49] INFO n = [4.70624562e-05 3.56721463e-04 2.49389226e-03 1.55307238e-02
 1.81936558e-02]
16:32:37 apf.py[line:50] INFO beta = [0.00095648 0.00655619 0.03454292 0.14189751 0.15968695]
16:32:37 apf.py[line:58] INFO theta_robo_ob = [-2.0165879678211978, -1.5034386150803365, -1.2976086202777222, -1.1494171192061664, -0.0955476584516709]
16:32:37 apf.py[line:59] INFO psi = -0.8948048079249251
16:32:37 apf.py[line:60] INFO tan(psi_hat) = [-0.5947010885602828, 0.399325050306378]
16:32:37 apf.py[line:62] INFO psi_hat = -0.979474419737597
16:32:37 apf.py[line:65] INFO term1 = 1.8 * cos(0.13194689145082764 - -0.8948048079249251) + 0.04 * 10.0 = 1.3316815999703815
16:32:37 apf.py[line:69] INFO term1 = 1.3316815999703815
16:32:37 apf.py[line:73] INFO theta_term_tmp = 1.8 * sin(0.13194689145082764 - -0.979474419737597)/2.0919882464753043 = 0.7712249877016055
16:32:37 apf.py[line:78] INFO [v, theta] = [2.0919882464753043, -0.09871112616574329]
16:32:37 apf.py[line:161] INFO 
16:32:37 apf.py[line:162] INFO 639
16:32:37 apf.py[line:84] INFO [ 3.53885438  9.35653927  0.57038193  2.         -2.0943951 ]
16:32:37 apf.py[line:85] INFO [array([0., 2.]), array([4., 2.]), array([5., 4.]), array([5., 6.]), array([7., 9.])]
16:32:37 apf.py[line:49] INFO n = [3.71915552e-05 3.46612509e-04 2.46672576e-03 1.54274580e-02
 1.88442690e-02]
16:32:37 apf.py[line:50] INFO beta = [0.00075903 0.00638718 0.03423968 0.14119128 0.16391975]
16:32:37 apf.py[line:58] INFO theta_robo_ob = [-2.0191683585165787, -1.508193109773888, -1.3044971413134538, -1.1602228945036581, -0.10264985686192585]
16:32:37 apf.py[line:59] INFO psi = -0.8956179870506739
16:32:37 apf.py[line:60] INFO tan(psi_hat) = [-0.5942500611276565, 0.39654406153772903]
16:32:37 apf.py[line:62] INFO psi_hat = -0.9823542304879629
16:32:37 apf.py[line:65] INFO term1 = 1.8 * cos(0.1445132620651868 - -0.8956179870506739) + 0.04 * 10.0 = 1.310992713545088
16:32:37 apf.py[line:69] INFO term1 = 1.310992713545088
16:32:37 apf.py[line:73] INFO theta_term_tmp = 1.8 * sin(0.1445132620651868 - -0.9823542304879629)/2.0883112611521826 = 0.778393652728741
16:32:37 apf.py[line:78] INFO [v, theta] = [2.0883112611521826, -0.09025127663923349]
16:32:37 apf.py[line:161] INFO 
16:32:37 apf.py[line:162] INFO 640
16:32:37 apf.py[line:84] INFO [ 3.57339708  9.3767086   0.52849403  2.         -2.0943951 ]
16:32:37 apf.py[line:85] INFO [array([0., 2.]), array([4., 2.]), array([5., 4.]), array([5., 6.]), array([7., 9.])]
16:32:37 apf.py[line:49] INFO n = [2.78042321e-05 3.37320894e-04 2.44287928e-03 1.53454311e-02
 1.95414356e-02]
16:32:37 apf.py[line:50] INFO beta = [0.00056975 0.00623119 0.03397282 0.14062937 0.16841042]
16:32:37 apf.py[line:58] INFO theta_robo_ob = [-2.0218993451629066, -1.5130296026803192, -1.311442131508904, -1.1710592950865908, -0.10949674828690019]
16:32:37 apf.py[line:59] INFO psi = -0.8963886372050753
16:32:37 apf.py[line:60] INFO tan(psi_hat) = [-0.5935605782261664, 0.393479430851739]
16:32:37 apf.py[line:62] INFO psi_hat = -0.985396442964522
16:32:37 apf.py[line:65] INFO term1 = 1.8 * cos(0.15707963267954597 - -0.8963886372050753) + 0.04 * 10.0 = 1.2902072862286962
16:32:37 apf.py[line:69] INFO term1 = 1.2902072862286962
16:32:37 apf.py[line:73] INFO theta_term_tmp = 1.8 * sin(0.15707963267954597 - -0.985396442964522)/2.0846347496841093 = 0.7854596445222447
16:32:37 apf.py[line:78] INFO [v, theta] = [2.0846347496841093, -0.08195800117347696]
16:32:37 apf.py[line:161] INFO 
16:32:37 apf.py[line:162] INFO 641
16:32:37 apf.py[line:84] INFO [ 3.60875408  9.39541375  0.48660613  2.         -2.0943951 ]
16:32:37 apf.py[line:85] INFO [array([0., 2.]), array([4., 2.]), array([5., 4.]), array([5., 6.]), array([7., 9.])]
16:32:37 apf.py[line:49] INFO n = [1.88899635e-05 3.28828109e-04 2.42228857e-03 1.52843141e-02
 2.02883313e-02]
16:32:37 apf.py[line:50] INFO beta = [0.00038861 0.00608805 0.03374187 0.14021015 0.17317209]
16:32:37 apf.py[line:58] INFO theta_robo_ob = [-2.0247752352604462, -1.517941742088578, -1.3184364953196388, -1.181919407476646, -0.11607424757766122]
16:32:37 apf.py[line:59] INFO psi = -0.8971113540145225
16:32:37 apf.py[line:60] INFO tan(psi_hat) = [-0.5926289745359768, 0.3901265188005526]
16:32:37 apf.py[line:62] INFO psi_hat = -0.9886097556519414
16:32:37 apf.py[line:65] INFO term1 = 1.8 * cos(0.16964600329390514 - -0.8971113540145225) + 0.04 * 10.0 = 1.269339065790706
16:32:37 apf.py[line:69] INFO term1 = 1.269339065790706
16:32:37 apf.py[line:73] INFO theta_term_tmp = 1.8 * sin(0.16964600329390514 - -0.9886097556519414)/2.0809582878564923 = 0.792418241053014
16:32:37 apf.py[line:78] INFO [v, theta] = [2.0809582878564923, -0.07384643301436855]
16:32:37 apf.py[line:161] INFO 
16:32:37 apf.py[line:162] INFO 642
16:32:37 apf.py[line:84] INFO [ 3.64486336  9.41262189  0.44471822  2.         -2.0943951 ]
16:32:37 apf.py[line:85] INFO [array([0., 2.]), array([4., 2.]), array([5., 4.]), array([5., 6.]), array([7., 9.])]
16:32:37 apf.py[line:49] INFO n = [1.04379995e-05 3.21117032e-04 2.40489811e-03 1.52438627e-02
 2.10883788e-02]
16:32:37 apf.py[line:50] INFO beta = [0.00021555 0.00595762 0.03354643 0.13993243 0.17821863]
16:32:37 apf.py[line:58] INFO theta_robo_ob = [-2.027790300220425, -1.5229232123313523, -1.3254731966142859, -1.1927963728257927, -0.12236768939258612]
16:32:37 apf.py[line:59] INFO psi = -0.8977807469034875
16:32:37 apf.py[line:60] INFO tan(psi_hat) = [-0.5914515657990738, 0.3864796613624356]
16:32:37 apf.py[line:62] INFO psi_hat = -0.9920047917398914
16:32:37 apf.py[line:65] INFO term1 = 1.8 * cos(0.1822123739082643 - -0.8977807469034875) + 0.04 * 10.0 = 1.2484019763694625
16:32:37 apf.py[line:69] INFO term1 = 1.2484019763694625
16:32:37 apf.py[line:73] INFO theta_term_tmp = 1.8 * sin(0.1822123739082643 - -0.9920047917398914)/2.0772810872144643 = 0.7992649341122151
16:32:37 apf.py[line:78] INFO [v, theta] = [2.0772810872144643, -0.06593368489167928]
16:32:37 apf.py[line:161] INFO 
16:32:37 apf.py[line:162] INFO 643
16:32:37 apf.py[line:84] INFO [ 3.68166156  9.42830284  0.40283032  2.         -2.0943951 ]
16:32:37 apf.py[line:85] INFO [array([0., 2.]), array([4., 2.]), array([5., 4.]), array([5., 6.]), array([7., 9.])]
16:32:37 apf.py[line:49] INFO n = [2.43747339e-06 3.14171952e-04 2.39066098e-03 1.52239156e-02
 2.19452618e-02]
16:32:37 apf.py[line:50] INFO beta = [5.05203901e-05 5.83976610e-03 3.33861648e-02 1.39795406e-01
 1.83564715e-01]
16:32:37 apf.py[line:58] INFO theta_robo_ob = [-2.030938783692247, -1.527967732008718, -1.3325452504462998, -1.203683371059282, -0.1283618024369487]
16:32:37 apf.py[line:59] INFO psi = -0.8983914394749666
16:32:37 apf.py[line:60] INFO tan(psi_hat) = [-0.5900247158859031, 0.3825321465381178]
16:32:37 apf.py[line:62] INFO psi_hat = -0.9955942942506563
16:32:37 apf.py[line:65] INFO term1 = 1.8 * cos(0.19477874452262348 - -0.8983914394749666) + 0.04 * 10.0 = 1.2274100988248775
16:32:37 apf.py[line:69] INFO term1 = 1.2274100988248775
16:32:37 apf.py[line:73] INFO theta_term_tmp = 1.8 * sin(0.19477874452262348 - -0.9955942942506563)/2.0736018527951003 = 0.8059954136788847
16:32:37 apf.py[line:78] INFO [v, theta] = [2.0736018527951003, -0.058239082013679555]
16:32:37 apf.py[line:161] INFO 
16:32:37 apf.py[line:162] INFO 644
16:32:37 apf.py[line:84] INFO [ 3.71908414  9.44242908  0.36094242  2.         -2.0943951 ]
16:32:37 apf.py[line:85] INFO [array([4., 2.]), array([5., 4.]), array([5., 6.]), array([7., 9.])]
16:32:37 apf.py[line:49] INFO n = [0.00030798 0.00237954 0.01522439 0.02286294]
16:32:37 apf.py[line:50] INFO beta = [0.00573435 0.0332608  0.13979869 0.18922581]
16:32:37 apf.py[line:58] INFO theta_robo_ob = [-1.5330690518933976, -1.3396457147753331, -1.21457360516313, -0.13404068454970536]
16:32:37 apf.py[line:59] INFO psi = -0.8989380701543753
16:32:37 apf.py[line:60] INFO tan(psi_hat) = [-0.5882496034637179, 0.3783238222095103]
16:32:37 apf.py[line:62] INFO psi_hat = -0.9992623693495258
16:32:37 apf.py[line:65] INFO term1 = 1.8 * cos(0.20734511513698264 - -0.8989380701543753) + 0.04 * 10.0 = 1.20637765064955
16:32:37 apf.py[line:69] INFO term1 = 1.20637765064955
16:32:37 apf.py[line:73] INFO theta_term_tmp = 1.8 * sin(0.20734511513698264 - -0.9992623693495258)/2.0698503840775726 = 0.8125917726747058
16:32:37 apf.py[line:78] INFO [v, theta] = [2.0698503840775726, -0.050677088819003346]
16:32:37 apf.py[line:161] INFO 
16:32:37 apf.py[line:162] INFO 645
16:32:37 apf.py[line:84] INFO [ 3.75706544  9.45497584  0.31905452  2.         -2.0943951 ]
16:32:37 apf.py[line:85] INFO [array([4., 2.]), array([5., 4.]), array([5., 6.]), array([7., 9.])]
16:32:37 apf.py[line:49] INFO n = [0.00030252 0.0023715  0.0152453  0.02384566]
16:32:37 apf.py[line:50] INFO beta = [0.00564127 0.03317012 0.13994228 0.19521817]
16:32:37 apf.py[line:58] INFO theta_robo_ob = [-1.5382209525553068, -1.3467676821498475, -1.2254602855575942, -0.1393877790858043]
16:32:37 apf.py[line:59] INFO psi = -0.8994152931290605
16:32:37 apf.py[line:60] INFO tan(psi_hat) = [-0.5861804973621161, 0.3738180302880061]
16:32:37 apf.py[line:62] INFO psi_hat = -1.0031034990391896
16:32:37 apf.py[line:65] INFO term1 = 1.8 * cos(0.2199114857513418 - -0.8994152931290605) + 0.04 * 10.0 = 1.1853189654284586
16:32:37 apf.py[line:69] INFO term1 = 1.1853189654284586
16:32:37 apf.py[line:73] INFO theta_term_tmp = 1.8 * sin(0.2199114857513418 - -1.0031034990391896)/2.066069724776698 = 0.819060504799932
16:32:37 apf.py[line:78] INFO [v, theta] = [2.066069724776698, -0.043331986488311935]
16:32:37 apf.py[line:161] INFO 
16:32:37 apf.py[line:162] INFO 646
16:32:37 apf.py[line:84] INFO [ 3.79551581  9.46600165  0.27926101  2.         -1.98967535]
16:32:37 apf.py[line:85] INFO [array([4., 2.]), array([5., 4.]), array([5., 6.]), array([7., 9.])]
16:32:37 apf.py[line:49] INFO n = [0.00029776 0.00236634 0.01528533 0.02489696]
16:32:37 apf.py[line:50] INFO beta = [0.00555974 0.03311189 0.14021711 0.20155273]
16:32:37 apf.py[line:58] INFO theta_robo_ob = [-1.5434144575974762, -1.353903354095627, -1.2363378979932291, -0.14440944831736796]
16:32:37 apf.py[line:59] INFO psi = -0.8998207504403897
16:32:37 apf.py[line:60] INFO tan(psi_hat) = [-0.583869222776658, 0.36899047411110797]
16:32:37 apf.py[line:62] INFO psi_hat = -1.0071973373007168
16:32:37 apf.py[line:65] INFO term1 = 1.8 * cos(0.23247785636570098 - -0.8998207504403897) + 0.04 * 10.0 = 1.1642436302779509
16:32:37 apf.py[line:69] INFO term1 = 1.1642436302779509
16:32:37 apf.py[line:73] INFO theta_term_tmp = 1.8 * sin(0.23247785636570098 - -1.0071973373007168)/2.062285213280365 = 0.8254053346485722
16:32:37 apf.py[line:78] INFO [v, theta] = [2.062285213280365, -0.036277523458442595]
16:32:38 apf.py[line:161] INFO 
16:32:38 apf.py[line:162] INFO 647
16:32:38 apf.py[line:84] INFO [ 3.83435443  9.47557043  0.2415619   2.         -1.88495559]
16:32:38 apf.py[line:85] INFO [array([4., 2.]), array([5., 4.]), array([5., 6.]), array([7., 9.])]
16:32:38 apf.py[line:49] INFO n = [0.00029363 0.00236387 0.01534325 0.0260207 ]
16:32:38 apf.py[line:50] INFO beta = [0.005489   0.03308394 0.14061441 0.2082416 ]
16:32:38 apf.py[line:58] INFO theta_robo_ob = [-1.5486417010056341, -1.3610463082643358, -1.2472026401639533, -0.1491134881589273]
16:32:38 apf.py[line:59] INFO psi = -0.9001529445239962
16:32:38 apf.py[line:60] INFO tan(psi_hat) = [-0.5813224237953759, 0.3638372128606837]
16:32:38 apf.py[line:62] INFO psi_hat = -1.0115655228148237
16:32:38 apf.py[line:65] INFO term1 = 1.8 * cos(0.24504422698006015 - -0.9001529445239962) + 0.04 * 10.0 = 1.1431598104819565
16:32:38 apf.py[line:69] INFO term1 = 1.1431598104819565
16:32:38 apf.py[line:73] INFO theta_term_tmp = 1.8 * sin(0.24504422698006015 - -1.0115655228148237)/2.0584872766871185 = 0.8316235696524054
16:32:38 apf.py[line:78] INFO [v, theta] = [2.0584872766871185, -0.029540645167523194]
16:32:38 apf.py[line:161] INFO 
16:32:38 apf.py[line:162] INFO 648
16:32:38 apf.py[line:84] INFO [ 3.87350906  9.4837506   0.20595718  2.         -1.78023584]
16:32:38 apf.py[line:85] INFO [array([4., 2.]), array([5., 4.]), array([5., 6.]), array([7., 9.])]
16:32:38 apf.py[line:49] INFO n = [0.0002901  0.00236389 0.01541788 0.02722111]
16:32:38 apf.py[line:50] INFO beta = [0.00542831 0.03308416 0.14112568 0.21529817]
16:32:38 apf.py[line:58] INFO theta_robo_ob = [-1.5538958575521582, -1.368191396317286, -1.258052274135477, -0.15350908064786836]
16:32:38 apf.py[line:59] INFO psi = -0.9004111783846199
16:32:38 apf.py[line:60] INFO tan(psi_hat) = [-0.5785467965928864, 0.35835220320561695]
16:32:38 apf.py[line:62] INFO psi_hat = -1.0162337201779923
16:32:38 apf.py[line:65] INFO term1 = 1.8 * cos(0.25761059759441934 - -0.9004111783846199) + 0.04 * 10.0 = 1.1220742997934896
16:32:38 apf.py[line:69] INFO term1 = 1.1220742997934896
16:32:38 apf.py[line:73] INFO theta_term_tmp = 1.8 * sin(0.25761059759441934 - -1.0162337201779923)/2.0546643702919107 = 0.8377129872346325
16:32:38 apf.py[line:78] INFO [v, theta] = [2.0546643702919107, -0.02315186713020767]
16:32:38 apf.py[line:161] INFO 
16:32:38 apf.py[line:162] INFO 649
16:32:38 apf.py[line:84] INFO [ 3.91291577  9.49061434  0.17244686  2.         -1.67551608]
16:32:38 apf.py[line:85] INFO [array([4., 2.]), array([5., 4.]), array([5., 6.]), array([7., 9.])]
16:32:38 apf.py[line:49] INFO n = [0.00028711 0.00236622 0.01550806 0.02850282]
16:32:38 apf.py[line:50] INFO beta = [0.00537692 0.03311047 0.14174261 0.22273717]
16:32:38 apf.py[line:58] INFO theta_robo_ob = [-1.5591710716359342, -1.3753346434899827, -1.2688859840939588, -0.15760675443628427]
16:32:38 apf.py[line:59] INFO psi = -0.9005954975846091
16:32:38 apf.py[line:60] INFO tan(psi_hat) = [-0.5755490499617795, 0.3525272639580749]
16:32:38 apf.py[line:62] INFO psi_hat = -1.0212319279504152
16:32:38 apf.py[line:65] INFO term1 = 1.8 * cos(0.2701769682087785 - -0.9005954975846091) + 0.04 * 10.0 = 1.1009925753440064
16:32:38 apf.py[line:69] INFO term1 = 1.1009925753440064
16:32:38 apf.py[line:73] INFO theta_term_tmp = 1.8 * sin(0.2701769682087785 - -1.0212319279504152)/2.0508025645713284 = 0.8436717463069243
16:32:38 apf.py[line:78] INFO [v, theta] = [2.0508025645713284, -0.017145710470535258]
16:32:38 apf.py[line:161] INFO 
16:32:38 apf.py[line:162] INFO 650
16:32:38 apf.py[line:84] INFO [ 3.95251864  9.49623689  0.14103093  2.         -1.57079633]
16:32:38 apf.py[line:85] INFO [array([4., 2.]), array([5., 4.]), array([5., 6.]), array([7., 9.])]
16:32:38 apf.py[line:49] INFO n = [0.00028462 0.00237068 0.01561267 0.02987088]
16:32:38 apf.py[line:50] INFO beta = [0.00533409 0.03316084 0.14245702 0.23057481]
16:32:38 apf.py[line:58] INFO theta_robo_ob = [-1.5644623851981982, -1.3824731499565541, -1.279704238503599, -0.16141835346908476]
16:32:38 apf.py[line:59] INFO psi = -0.9007066342914
16:32:38 apf.py[line:60] INFO tan(psi_hat) = [-0.5723358580509025, 0.3463520272076969]
16:32:38 apf.py[line:62] INFO psi_hat = -1.0265948495014545
16:32:38 apf.py[line:65] INFO term1 = 1.8 * cos(0.2827433388231377 - -0.9007066342914) + 0.04 * 10.0 = 1.0799188561642872
16:32:38 apf.py[line:69] INFO term1 = 1.0799188561642872
16:32:38 apf.py[line:73] INFO theta_term_tmp = 1.8 * sin(0.2827433388231377 - -1.0265948495014545)/2.0468850449273024 = 0.8494982997103088
16:32:38 apf.py[line:78] INFO [v, theta] = [2.0468850449273024, -0.011561210850969283]
16:32:38 apf.py[line:161] INFO 
16:32:38 apf.py[line:162] INFO 651
16:32:38 apf.py[line:84] INFO [ 3.99226932  9.50069598  0.1117094   2.         -1.46607657]
16:32:38 apf.py[line:85] INFO [array([4., 2.]), array([5., 4.]), array([5., 6.]), array([7., 9.])]
16:32:38 apf.py[line:49] INFO n = [0.00028259 0.0023771  0.01573061 0.03133085]
16:32:38 apf.py[line:50] INFO beta = [0.00529911 0.03323326 0.14326079 0.23882892]
16:32:38 apf.py[line:58] INFO theta_robo_ob = [-1.56976566519964, -1.3896049939920827, -1.2905086557261884, -0.16495701408837285]
16:32:38 apf.py[line:59] INFO psi = -0.9007459535551628
16:32:38 apf.py[line:60] INFO tan(psi_hat) = [-0.5689138041966023, 0.33981387448652023]
16:32:38 apf.py[line:62] INFO psi_hat = -1.0323623360845777
16:32:38 apf.py[line:65] INFO term1 = 1.8 * cos(0.29530970943749685 - -0.9007459535551628) + 0.04 * 10.0 = 1.0588561644337933
16:32:38 apf.py[line:69] INFO term1 = 1.0588561644337933
16:32:38 apf.py[line:73] INFO theta_term_tmp = 1.8 * sin(0.29530970943749685 - -1.0323623360845777)/2.0428915025981453 = 0.8551913068873761
16:32:38 apf.py[line:78] INFO [v, theta] = [2.0428915025981453, -0.006442513159666374]
16:32:38 apf.py[line:161] INFO 
16:32:38 apf.py[line:162] INFO 652
16:32:38 apf.py[line:84] INFO [ 4.03212666  9.50407125  0.08448227  2.         -1.36135682]
16:32:38 apf.py[line:85] INFO [array([4., 2.]), array([5., 4.]), array([5., 6.]), array([7., 9.])]
16:32:38 apf.py[line:49] INFO n = [0.00028098 0.0023853  0.01586075 0.0328888 ]
16:32:38 apf.py[line:50] INFO beta = [0.00527127 0.03332577 0.14414582 0.24751907]
16:32:38 apf.py[line:58] INFO theta_robo_ob = [-1.575077531013636, -1.396729136832907, -1.301301872132601, -0.16823715086217395]
16:32:38 apf.py[line:59] INFO psi = -0.9007154019222445
16:32:38 apf.py[line:60] INFO tan(psi_hat) = [-0.5652893144208163, 0.3328978567227029]
16:32:38 apf.py[line:62] INFO psi_hat = -1.0385799131169036
16:32:38 apf.py[line:65] INFO term1 = 1.8 * cos(0.307876080051856 - -0.9007154019222445) + 0.04 * 10.0 = 1.037806388689882
16:32:38 apf.py[line:69] INFO term1 = 1.037806388689882
16:32:38 apf.py[line:73] INFO theta_term_tmp = 1.8 * sin(0.307876080051856 - -1.0385799131169036)/2.038797389765335 = 0.860749545844608
16:32:38 apf.py[line:78] INFO [v, theta] = [2.038797389765335, -0.001839566660525982]
16:32:38 apf.py[line:161] INFO 
16:32:38 apf.py[line:162] INFO 653
16:32:38 apf.py[line:84] INFO [ 4.07205623  9.50644384  0.05934953  2.         -1.25663706]
16:32:38 apf.py[line:85] INFO [array([4., 2.]), array([5., 4.]), array([5., 6.]), array([7., 9.])]
16:32:38 apf.py[line:49] INFO n = [0.00027974 0.00239512 0.01600197 0.03455139]
16:32:38 apf.py[line:50] INFO beta = [0.00524986 0.03343639 0.14510396 0.25666676]
16:32:38 apf.py[line:58] INFO theta_robo_ob = [-1.5803952819814133, -1.4038453290563289, -1.3120874117238743, -0.17127445148559434]
16:32:38 apf.py[line:59] INFO psi = -0.9006174584316228
16:32:38 apf.py[line:60] INFO tan(psi_hat) = [-0.5614685787988124, 0.3255865969611783]
16:32:38 apf.py[line:62] INFO psi_hat = -1.0452994024650408
16:32:38 apf.py[line:65] INFO term1 = 1.8 * cos(0.3204424506662152 - -0.9006174584316228) + 0.04 * 10.0 = 1.0167703483428854
16:32:38 apf.py[line:69] INFO term1 = 1.0167703483428854
16:32:38 apf.py[line:73] INFO theta_term_tmp = 1.8 * sin(0.3204424506662152 - -1.0452994024650408)/2.034573005078212 = 0.8661718231951367
16:32:38 apf.py[line:78] INFO [v, theta] = [2.034573005078212, 0.002191061860476351]
16:32:38 apf.py[line:161] INFO 
16:32:38 apf.py[line:162] INFO 654
16:32:38 apf.py[line:84] INFO [ 4.11202986  9.50789597  0.03631118  2.         -1.15191731]
16:32:38 apf.py[line:85] INFO [array([4., 2.]), array([5., 4.]), array([5., 6.]), array([7., 9.])]
16:32:38 apf.py[line:49] INFO n = [0.00027883 0.00240639 0.01615314 0.03632594]
16:32:38 apf.py[line:50] INFO beta = [0.00523418 0.03356318 0.14612692 0.26629556]
16:32:38 apf.py[line:58] INFO theta_robo_ob = [-1.5857168252845644, -1.410954018238936, -1.3228695562771762, -0.17408588114332568]
16:32:38 apf.py[line:59] INFO psi = -0.900455087989136
16:32:38 apf.py[line:60] INFO tan(psi_hat) = [-0.5574574584644414, 0.31786017508464554]
16:32:38 apf.py[line:62] INFO psi_hat = -1.05257965568247
16:32:38 apf.py[line:65] INFO term1 = 1.8 * cos(0.33300882128057435 - -0.900455087989136) + 0.04 * 10.0 = 0.995747858957012
16:32:38 apf.py[line:69] INFO term1 = 0.995747858957012
16:32:38 apf.py[line:73] INFO theta_term_tmp = 1.8 * sin(0.33300882128057435 - -1.05257965568247)/2.0301823671965478 = 0.8714568807427634
16:32:38 apf.py[line:78] INFO [v, theta] = [2.0301823671965478, 0.00558523599888372]
16:32:38 apf.py[line:161] INFO 
16:32:38 apf.py[line:162] INFO 655
16:32:38 apf.py[line:84] INFO [ 4.15202514  9.50851063  0.01536723  2.         -1.04719755]
16:32:38 apf.py[line:85] INFO [array([4., 2.]), array([5., 4.]), array([5., 6.]), array([7., 9.])]
16:32:38 apf.py[line:49] INFO n = [0.00027822 0.00241893 0.01631307 0.0382205 ]
16:32:38 apf.py[line:50] INFO beta = [0.00522355 0.03370418 0.14720629 0.27643131]
16:32:38 apf.py[line:58] INFO theta_robo_ob = [-1.591040604216493, -1.4180562576047946, -1.3336532150400795, -0.1766896967526475]
16:32:38 apf.py[line:59] INFO psi = -0.9002316970667793
16:32:38 apf.py[line:60] INFO tan(psi_hat) = [-0.5532613755167101, 0.309695994082588]
16:32:38 apf.py[line:62] INFO psi_hat = -1.060487415634071
16:32:38 apf.py[line:65] INFO term1 = 1.8 * cos(0.3455751918949335 - -0.9002316970667793) + 0.04 * 10.0 = 0.9747377978694417
16:32:38 apf.py[line:69] INFO term1 = 0.9747377978694417
16:32:38 apf.py[line:73] INFO theta_term_tmp = 1.8 * sin(0.3455751918949335 - -1.060487415634071)/2.0255818230194027 = 0.8766032966487611
16:32:38 apf.py[line:78] INFO [v, theta] = [2.0255818230194027, 0.00827013359327644]
16:32:38 apf.py[line:161] INFO 
16:32:38 apf.py[line:162] INFO 656
16:32:38 apf.py[line:84] INFO [ 4.19202490e+00  9.50837134e+00 -3.48232714e-03  2.00000000e+00
 -9.42477796e-01]
16:32:38 apf.py[line:85] INFO [array([4., 2.]), array([5., 4.]), array([5., 6.]), array([7., 9.])]
16:32:38 apf.py[line:49] INFO n = [0.00027785 0.00243259 0.01648054 0.0402439 ]
16:32:38 apf.py[line:50] INFO beta = [0.00521729 0.03385745 0.1483334  0.28710235]
16:32:38 apf.py[line:58] INFO theta_robo_ob = [-1.596365526875265, -1.4251536153396813, -1.344443793016626, -0.1791054715239653]
16:32:38 apf.py[line:59] INFO psi = -0.8999510916310589
16:32:38 apf.py[line:60] INFO tan(psi_hat) = [-0.5488851825134548, 0.30106862781819066]
16:32:38 apf.py[line:62] INFO psi_hat = -1.0690983267975767
16:32:38 apf.py[line:65] INFO term1 = 1.8 * cos(0.3581415625092927 - -0.8999510916310589) + 0.04 * 10.0 = 0.9537381698301994
16:32:38 apf.py[line:69] INFO term1 = 0.9537381698301994
16:32:38 apf.py[line:73] INFO theta_term_tmp = 1.8 * sin(0.3581415625092927 - -1.0690983267975767)/2.020718323409616 = 0.8816093786733133
16:32:38 apf.py[line:78] INFO [v, theta] = [2.020718323409616, 0.010162936445877735]
16:32:38 apf.py[line:161] INFO 
16:32:38 apf.py[line:162] INFO 657
16:32:38 apf.py[line:84] INFO [ 4.23201671  9.5075619  -0.02023749  2.         -0.83775804]
16:32:38 apf.py[line:85] INFO [array([4., 2.]), array([5., 4.]), array([5., 6.]), array([7., 9.])]
16:32:38 apf.py[line:49] INFO n = [0.00027771 0.00244718 0.01665428 0.0424059 ]
16:32:38 apf.py[line:50] INFO beta = [0.00521472 0.03402101 0.14949932 0.29833969]
16:32:38 apf.py[line:58] INFO theta_robo_ob = [-1.601690895254581, -1.4322480842244214, -1.3552470569230373, -0.18135413027908548]
16:32:38 apf.py[line:59] INFO psi = -0.8996174371646438
16:32:38 apf.py[line:60] INFO tan(psi_hat) = [-0.5443330075822588, 0.2919496507684215]
16:32:38 apf.py[line:62] INFO psi_hat = -1.0784981177394293
16:32:38 apf.py[line:65] INFO term1 = 1.8 * cos(0.37070793312365186 - -0.8996174371646438) + 0.04 * 10.0 = 0.9327461724527072
16:32:38 apf.py[line:69] INFO term1 = 0.9327461724527072
16:32:38 apf.py[line:73] INFO theta_term_tmp = 1.8 * sin(0.37070793312365186 - -1.0784981177394293)/2.0155272816715457 = 0.8864730462456614
16:32:38 apf.py[line:78] INFO [v, theta] = [2.0155272816715457, 0.011169289752071654]
16:32:38 apf.py[line:161] INFO 
16:32:38 apf.py[line:162] INFO 658
16:32:38 apf.py[line:84] INFO [ 4.27199235  9.50616625 -0.03489825  2.         -0.73303829]
16:32:38 apf.py[line:85] INFO [array([4., 2.]), array([5., 4.]), array([5., 6.]), array([7., 9.])]
16:32:38 apf.py[line:49] INFO n = [0.00027773 0.00246254 0.01683295 0.04471719]
16:32:38 apf.py[line:50] INFO beta = [0.00521515 0.03419287 0.15069483 0.31017727]
16:32:38 apf.py[line:58] INFO theta_robo_ob = [-1.6070163346761335, -1.4393419912290313, -1.3660689979427942, -0.18345799595277715]
16:32:38 apf.py[line:59] INFO psi = -0.8992352206088211
16:32:38 apf.py[line:60] INFO tan(psi_hat) = [-0.5396080704442274, 0.28230745090499254]
16:32:38 apf.py[line:62] INFO psi_hat = -1.0887839827603683
16:32:38 apf.py[line:65] INFO term1 = 1.8 * cos(0.383274303738011 - -0.8992352206088211) + 0.04 * 10.0 = 0.9117582613687569
16:32:38 apf.py[line:69] INFO term1 = 0.9117582613687569
16:32:38 apf.py[line:73] INFO theta_term_tmp = 1.8 * sin(0.383274303738011 - -1.0887839827603683)/2.0099299078695063 = 0.8911916971072359
16:32:38 apf.py[line:78] INFO [v, theta] = [2.0099299078695063, 0.011181487793330946]
16:32:38 apf.py[line:161] INFO 
16:32:38 apf.py[line:162] INFO 659
16:32:38 apf.py[line:84] INFO [ 4.3119473   9.50426838 -0.04746462  2.         -0.62831853]
16:32:38 apf.py[line:85] INFO [array([4., 2.]), array([5., 4.]), array([5., 6.]), array([7., 9.])]
16:32:38 apf.py[line:49] INFO n = [0.00027789 0.00247848 0.01701515 0.04718961]
16:32:38 apf.py[line:50] INFO beta = [0.00521791 0.03437102 0.15191032 0.32265223]
16:32:38 apf.py[line:58] INFO theta_robo_ob = [-1.6123417234846795, -1.4464379067098265, -1.3769156904840074, -0.18544084766658497]
16:32:38 apf.py[line:59] INFO psi = -0.8988092140201914
16:32:38 apf.py[line:60] INFO tan(psi_hat) = [-0.5347124638354508, 0.27210702779781243]
16:32:38 apf.py[line:62] INFO psi_hat = -1.1000661933357814
16:32:38 apf.py[line:65] INFO term1 = 1.8 * cos(0.3958406743523702 - -0.8988092140201914) + 0.04 * 10.0 = 0.8907702150814476
16:32:38 apf.py[line:69] INFO term1 = 0.8907702150814476
16:32:38 apf.py[line:73] INFO theta_term_tmp = 1.8 * sin(0.3958406743523702 - -1.1000661933357814)/2.0038298842032796 = 0.8957620528667594
16:32:38 apf.py[line:78] INFO [v, theta] = [2.0038298842032796, 0.010076333692375927]
16:32:39 apf.py[line:161] INFO 
16:32:39 apf.py[line:162] INFO 660
16:32:39 apf.py[line:84] INFO [ 4.35188019  9.50195221 -0.0579366   2.         -0.52359878]
16:32:39 apf.py[line:85] INFO [array([4., 2.]), array([5., 4.]), array([5., 6.]), array([7., 9.])]
16:32:39 apf.py[line:49] INFO n = [0.00027815 0.00249483 0.0171994  0.04983616]
16:32:39 apf.py[line:50] INFO beta = [0.00522234 0.03455342 0.15313577 0.33580511]
16:32:39 apf.py[line:58] INFO theta_robo_ob = [-1.6176671229162962, -1.453538552864516, -1.3877931462409794, -0.1873279906999338]
16:32:39 apf.py[line:59] INFO psi = -0.8983444397033601
16:32:39 apf.py[line:60] INFO tan(psi_hat) = [-0.5296468939324067, 0.2613097792254841]
16:32:39 apf.py[line:62] INFO psi_hat = -1.1124699734141086
16:32:39 apf.py[line:65] INFO term1 = 1.8 * cos(0.40840704496672936 - -0.8983444397033601) + 0.04 * 10.0 = 0.8697771996048431
16:32:39 apf.py[line:69] INFO term1 = 0.8697771996048431
16:32:39 apf.py[line:73] INFO theta_term_tmp = 1.8 * sin(0.40840704496672936 - -1.1124699734141086)/1.997109211894589 = 0.9001799758211237
16:32:39 apf.py[line:78] INFO [v, theta] = [1.997109211894589, 0.007712610596399827]
16:32:39 apf.py[line:161] INFO 
16:32:39 apf.py[line:162] INFO 661
16:32:39 apf.py[line:84] INFO [ 4.39173458  9.49930542 -0.06631418  1.99710921 -0.41887902]
16:32:39 apf.py[line:85] INFO [array([4., 2.]), array([5., 4.]), array([5., 6.]), array([7., 9.])]
16:32:39 apf.py[line:49] INFO n = [0.00027846 0.00251138 0.01738386 0.05266697]
16:32:39 apf.py[line:50] INFO beta = [0.00522774 0.03473771 0.15435903 0.34965955]
16:32:39 apf.py[line:58] INFO theta_robo_ob = [-1.622985008831751, -1.46063642384299, -1.3986913454149044, -0.18914367112079838]
16:32:39 apf.py[line:59] INFO psi = -0.8978421163920665
16:32:39 apf.py[line:60] INFO tan(psi_hat) = [-0.5244150910062317, 0.24989399778476662]
16:32:39 apf.py[line:62] INFO psi_hat = -1.126108974847214
16:32:39 apf.py[line:65] INFO term1 = 1.8 * cos(0.42097341558108853 - -0.8978421163920665) + 0.04 * 10.0 = 0.8487808408419413
16:32:39 apf.py[line:69] INFO term1 = 0.8487808408419413
16:32:39 apf.py[line:73] INFO theta_term_tmp = 1.8 * sin(0.42097341558108853 - -1.126108974847214)/1.989624899515358 = 0.9044387755981368
16:32:39 apf.py[line:78] INFO [v, theta] = [1.989624899515358, 0.003953341721889991]
16:32:39 apf.py[line:161] INFO 
16:32:39 apf.py[line:162] INFO 662
16:32:39 apf.py[line:84] INFO [ 4.43142226  9.49641912 -0.07259737  1.9896249  -0.31415927]
16:32:39 apf.py[line:85] INFO [array([4., 2.]), array([5., 4.]), array([5., 6.]), array([7., 9.])]
16:32:39 apf.py[line:49] INFO n = [0.00027879 0.0025279  0.01756649 0.05568971]
16:32:39 apf.py[line:50] INFO beta = [0.00523344 0.03492137 0.15556655 0.36422579]
16:32:39 apf.py[line:58] INFO theta_robo_ob = [-1.6282833620671027, -1.4677178407464415, -1.4095902820014055, -0.19091239718191935]
16:32:39 apf.py[line:59] INFO psi = -0.8973013386126335
16:32:39 apf.py[line:60] INFO tan(psi_hat) = [-0.5190225981751249, 0.23785090286205374]
16:32:39 apf.py[line:62] INFO psi_hat = -1.1410889084821814
16:32:39 apf.py[line:65] INFO term1 = 1.8 * cos(0.4335397861954477 - -0.8973013386126335) + 0.04 * 10.0 = 0.8277864019190084
16:32:39 apf.py[line:69] INFO term1 = 0.8277864019190084
16:32:39 apf.py[line:73] INFO theta_term_tmp = 1.8 * sin(0.4335397861954477 - -1.1410889084821814)/1.981207394851371 = 0.908530215642559
16:32:39 apf.py[line:78] INFO [v, theta] = [1.981207394851371, -0.0013361643692397784]
16:32:39 apf.py[line:161] INFO 
16:32:39 apf.py[line:162] INFO 663
16:32:39 apf.py[line:84] INFO [ 4.47092966  9.49337953 -0.07678616  1.98120739 -0.20943951]
16:32:39 apf.py[line:85] INFO [array([4., 2.]), array([5., 4.]), array([5., 6.]), array([7., 9.])]
16:32:39 apf.py[line:49] INFO n = [0.0002791  0.00254419 0.01774551 0.05891758]
16:32:39 apf.py[line:50] INFO beta = [0.00523877 0.03510219 0.15674681 0.37953912]
16:32:39 apf.py[line:58] INFO theta_robo_ob = [-1.633559879490369, -1.4747819243311968, -1.4204891442079872, -0.19266357754667549]
16:32:39 apf.py[line:59] INFO psi = -0.8967264253806473
16:32:39 apf.py[line:60] INFO tan(psi_hat) = [-0.5134675313560251, 0.22514602649295917]
16:32:39 apf.py[line:62] INFO psi_hat = -1.1575623443345968
16:32:39 apf.py[line:65] INFO term1 = 1.8 * cos(0.44610615680980686 - -0.8967264253806473) + 0.04 * 10.0 = 0.8067899538750081
16:32:39 apf.py[line:69] INFO term1 = 0.8067899538750081
16:32:39 apf.py[line:73] INFO theta_term_tmp = 1.8 * sin(0.44610615680980686 - -1.1575623443345968)/1.971651645665239 = 0.9124469678323894
16:32:39 apf.py[line:78] INFO [v, theta] = [1.971651645665239, -0.008337639007737652]
16:32:39 apf.py[line:161] INFO 
16:32:39 apf.py[line:162] INFO 664
16:32:39 apf.py[line:84] INFO [ 4.51024007  9.49027225 -0.07888055  1.97165165 -0.10471976]
16:32:39 apf.py[line:85] INFO [array([4., 2.]), array([5., 4.]), array([5., 6.]), array([7., 9.])]
16:32:39 apf.py[line:49] INFO n = [0.00027935 0.00256005 0.01791907 0.06236427]
16:32:39 apf.py[line:50] INFO beta = [0.00524306 0.03527792 0.15788789 0.39563455]
16:32:39 apf.py[line:58] INFO theta_robo_ob = [-1.6388116150523986, -1.4818267861723913, -1.4313851668263264, -0.1944279164701616]
16:32:39 apf.py[line:59] INFO psi = -0.8961214722527796
16:32:39 apf.py[line:60] INFO tan(psi_hat) = [-0.5077460302341454, 0.21174500775519572]
16:32:39 apf.py[line:62] INFO psi_hat = -1.17569619681724
16:32:39 apf.py[line:65] INFO term1 = 1.8 * cos(0.45867252742416603 - -0.8961214722527796) + 0.04 * 10.0 = 0.7857878276192036
16:32:39 apf.py[line:69] INFO term1 = 0.7857878276192036
16:32:39 apf.py[line:73] INFO theta_term_tmp = 1.8 * sin(0.45867252742416603 - -1.17569619681724)/1.960710545549612 = 0.9161800675605288
16:32:39 apf.py[line:78] INFO [v, theta] = [1.960710545549612, -0.017253592398742246]
16:32:39 apf.py[line:161] INFO 
16:32:39 apf.py[line:162] INFO 665
16:32:39 apf.py[line:84] INFO [ 4.54933235e+00  9.48718222e+00 -7.88805508e-02  1.96071055e+00
 -4.71844785e-16]
16:32:39 apf.py[line:85] INFO [array([4., 2.]), array([5., 4.]), array([5., 6.]), array([7., 9.])]
16:32:39 apf.py[line:49] INFO n = [0.0002795  0.00257526 0.01808525 0.06604369]
16:32:39 apf.py[line:50] INFO beta = [0.00524568 0.03544631 0.15897757 0.41254575]
16:32:39 apf.py[line:58] INFO theta_robo_ob = [-1.6440348026359077, -1.4888492747822524, -1.4422732152228281, -0.19623732301213864]
16:32:39 apf.py[line:59] INFO psi = -0.8954902429580526
16:32:39 apf.py[line:60] INFO tan(psi_hat) = [-0.5018520323583038, 0.197614706796513]
16:32:39 apf.py[line:62] INFO psi_hat = -1.1956714046476984
16:32:39 apf.py[line:65] INFO term1 = 1.8 * cos(0.4712388980385252 - -0.8954902429580526) + 0.04 * 10.0 = 0.7647768210646448
16:32:39 apf.py[line:69] INFO term1 = 0.7647768210646448
16:32:39 apf.py[line:73] INFO theta_term_tmp = 1.8 * sin(0.4712388980385252 - -1.1956714046476984)/1.9480874862813495 = 0.9197185980229131
16:32:39 apf.py[line:78] INFO [v, theta] = [1.9480874862813495, -0.028308327140739387]
16:32:39 apf.py[line:161] INFO 
16:32:39 apf.py[line:162] INFO 666
16:32:39 apf.py[line:84] INFO [ 4.58817929  9.48419344 -0.07678616  1.94808749  0.10471976]
16:32:39 apf.py[line:85] INFO [array([4., 2.]), array([5., 4.]), array([5., 6.]), array([7., 9.])]
16:32:39 apf.py[line:49] INFO n = [0.00027951 0.00258963 0.01824208 0.06996966]
16:32:39 apf.py[line:50] INFO beta = [0.00524598 0.03560508 0.16000342 0.43030356]
16:32:39 apf.py[line:58] INFO theta_robo_ob = [-1.6492246623660356, -1.4958446946135622, -1.453145326446993, -0.19812475224050377]
16:32:39 apf.py[line:59] INFO psi = -0.8948360440189269
16:32:39 apf.py[line:60] INFO tan(psi_hat) = [-0.49577708360926964, 0.18272470838931842]
16:32:39 apf.py[line:62] INFO psi_hat = -1.2176816381624609
16:32:39 apf.py[line:65] INFO term1 = 1.8 * cos(0.48380526865288437 - -0.8948360440189269) + 0.04 * 10.0 = 0.7437544380324769
16:32:39 apf.py[line:69] INFO term1 = 0.7437544380324769
16:32:39 apf.py[line:73] INFO theta_term_tmp = 1.8 * sin(0.48380526865288437 - -1.2176816381624609)/1.9334284892966047 = 0.9230493147495717
16:32:39 apf.py[line:78] INFO [v, theta] = [1.9334284892966047, -0.0417482065364394]
16:32:39 apf.py[line:161] INFO 
16:32:39 apf.py[line:162] INFO 667
16:32:39 apf.py[line:84] INFO [ 4.62675788  9.48137029 -0.07304877  1.93408749  0.18686906]
16:32:39 apf.py[line:85] INFO [array([4., 2.]), array([5., 4.]), array([5., 6.]), array([7., 9.])]
16:32:39 apf.py[line:49] INFO n = [0.00027937 0.00260299 0.01838798 0.07415716]
16:32:39 apf.py[line:50] INFO beta = [0.00524349 0.03575248 0.16095555 0.44894165]
16:32:39 apf.py[line:58] INFO theta_robo_ob = [-1.654376971315469, -1.5028084272328344, -1.4639930223347175, -0.20011749182955846]
16:32:39 apf.py[line:59] INFO psi = -0.89416136606706
16:32:39 apf.py[line:60] INFO tan(psi_hat) = [-0.4895081097854432, 0.167041638024924]
16:32:39 apf.py[line:62] INFO psi_hat = -1.2419432713791785
16:32:39 apf.py[line:65] INFO term1 = 1.8 * cos(0.49637163926724354 - -0.89416136606706) + 0.04 * 10.0 = 0.722719541873591
16:32:39 apf.py[line:69] INFO term1 = 0.722719541873591
16:32:39 apf.py[line:73] INFO theta_term_tmp = 1.8 * sin(0.49637163926724354 - -1.2419432713791785)/1.9163111545389477 = 0.9261558463119831
16:32:39 apf.py[line:78] INFO [v, theta] = [1.9163111545389477, -0.05785436074472394]
16:32:39 apf.py[line:161] INFO 
16:32:39 apf.py[line:162] INFO 668
16:32:39 apf.py[line:84] INFO [ 4.66506177  9.47863052 -0.07140579  1.92008749  0.08214931]
16:32:39 apf.py[line:85] INFO [array([4., 2.]), array([5., 4.]), array([5., 6.]), array([7., 9.])]
16:32:39 apf.py[line:49] INFO n = [0.00027911 0.00261553 0.01852441 0.0786271 ]
16:32:39 apf.py[line:50] INFO beta = [0.00523893 0.03589067 0.16184397 0.46851722]
16:32:39 apf.py[line:58] INFO theta_robo_ob = [-1.659491294200478, -1.5097369293835166, -1.4748077169593592, -0.20218551909180263]
16:32:39 apf.py[line:59] INFO psi = -0.8934612114746048
16:32:39 apf.py[line:60] INFO tan(psi_hat) = [-0.48302123553321236, 0.15050772916165983]
16:32:39 apf.py[line:62] INFO psi_hat = -1.2687347822739699
16:32:39 apf.py[line:65] INFO term1 = 1.8 * cos(0.5089380098816028 - -0.8934612114746048) + 0.04 * 10.0 = 0.7016842190979165
16:32:39 apf.py[line:69] INFO term1 = 0.7016842190979165
16:32:39 apf.py[line:73] INFO theta_term_tmp = 1.8 * sin(0.5089380098816028 - -1.2687347822739699)/1.8962232397342915 = 0.9290146101304294
16:32:39 apf.py[line:78] INFO [v, theta] = [1.8962232397342915, -0.07699380834944458]
16:32:39 apf.py[line:161] INFO 
16:32:39 apf.py[line:162] INFO 669
16:32:39 apf.py[line:84] INFO [ 4.70308515  9.47589355 -0.0718572   1.90608749 -0.02257045]
16:32:39 apf.py[line:85] INFO [array([4., 2.]), array([5., 4.]), array([5., 6.]), array([7., 9.])]
16:32:39 apf.py[line:49] INFO n = [0.00027876 0.00262744 0.0186529  0.08340256]
16:32:39 apf.py[line:50] INFO beta = [0.00523297 0.03602181 0.16267901 0.48909275]
16:32:39 apf.py[line:58] INFO theta_robo_ob = [-1.6645674837263824, -1.516627197607827, -1.4855820297273254, -0.20429759716497353]
16:32:39 apf.py[line:59] INFO psi = -0.8927306691800168
16:32:39 apf.py[line:60] INFO tan(psi_hat) = [-0.47629303809739615, 0.13306017479051552]
16:32:39 apf.py[line:62] INFO psi_hat = -1.2983754455529664
16:32:39 apf.py[line:65] INFO term1 = 1.8 * cos(0.5215043804959619 - -0.8927306691800168) + 0.04 * 10.0 = 0.6806604465459699
16:32:39 apf.py[line:69] INFO term1 = 0.6806604465459699
16:32:39 apf.py[line:73] INFO theta_term_tmp = 1.8 * sin(0.5215043804959619 - -1.2983754455529664)/1.8725393562547465 = 0.9315957837490442
16:32:39 apf.py[line:78] INFO [v, theta] = [1.8725393562547465, -0.09959690979211966]
16:32:39 apf.py[line:161] INFO 
16:32:39 apf.py[line:162] INFO 670
16:32:39 apf.py[line:84] INFO [ 4.7408222   9.47308061 -0.074403    1.89208749 -0.1272902 ]
16:32:39 apf.py[line:85] INFO [array([4., 2.]), array([5., 4.]), array([5., 6.]), array([7., 9.])]
16:32:39 apf.py[line:49] INFO n = [0.00027837 0.00263892 0.01877502 0.08850897]
16:32:39 apf.py[line:50] INFO beta = [0.00522629 0.03614808 0.16347122 0.51073635]
16:32:39 apf.py[line:58] INFO theta_robo_ob = [-1.669605602367585, -1.5234766650190334, -1.4963096330874344, -0.20642118972085627]
16:32:39 apf.py[line:59] INFO psi = -0.8919648775428319
16:32:39 apf.py[line:60] INFO tan(psi_hat) = [-0.46930092221107306, 0.11463070346307586]
16:32:39 apf.py[line:62] INFO psi_hat = -1.3312287576857245
16:32:39 apf.py[line:65] INFO term1 = 1.8 * cos(0.5340707511103211 - -0.8919648775428319) + 0.04 * 10.0 = 0.6596601429523874
16:32:39 apf.py[line:69] INFO term1 = 0.6596601429523874
16:32:39 apf.py[line:73] INFO theta_term_tmp = 1.8 * sin(0.5340707511103211 - -1.3312287576857245)/1.8444973051277085 = 0.9338607540669223
16:32:39 apf.py[line:78] INFO [v, theta] = [1.8444973051277085, -0.1261685411568778]
16:32:39 apf.py[line:161] INFO 
16:32:39 apf.py[line:162] INFO 671
16:32:39 apf.py[line:84] INFO [ 4.77826667  9.4701147  -0.0790432   1.87808749 -0.23200996]
16:32:39 apf.py[line:85] INFO [array([4., 2.]), array([5., 4.]), array([5., 6.]), array([7., 9.])]
16:32:39 apf.py[line:49] INFO n = [0.00027798 0.00265017 0.01889241 0.09397436]
16:32:39 apf.py[line:50] INFO beta = [0.00521955 0.03627161 0.16423128 0.53352217]
16:32:39 apf.py[line:58] INFO theta_robo_ob = [-1.6746058466924312, -1.5302830991778578, -1.506985096363563, -0.20852236560936074]
16:32:39 apf.py[line:59] INFO psi = -0.8911589878077878
16:32:39 apf.py[line:60] INFO tan(psi_hat) = [-0.4620235503216213, 0.09514514259722373]
16:32:39 apf.py[line:62] INFO psi_hat = -1.3677040863553178
16:32:39 apf.py[line:65] INFO term1 = 1.8 * cos(0.5466371217246803 - -0.8911589878077878) + 0.04 * 10.0 = 0.638695220492717
16:32:39 apf.py[line:69] INFO term1 = 0.638695220492717
16:32:39 apf.py[line:73] INFO theta_term_tmp = 1.8 * sin(0.5466371217246803 - -1.3677040863553178)/1.8111725048153122 = 0.9357583697270786
16:32:39 apf.py[line:78] INFO [v, theta] = [1.8111725048153122, -0.15730058347977116]
16:32:40 apf.py[line:161] INFO 
16:32:40 apf.py[line:162] INFO 672
16:32:40 apf.py[line:84] INFO [ 4.81541135  9.46692067 -0.08577779  1.86408749 -0.33672971]
16:32:40 apf.py[line:85] INFO [array([4., 2.]), array([5., 4.]), array([5., 6.]), array([7., 9.])]
16:32:40 apf.py[line:49] INFO n = [0.00027763 0.00266138 0.01900669 0.09982956]
16:32:40 apf.py[line:50] INFO beta = [0.00521338 0.03639456 0.16497002 0.5575306 ]
16:32:40 apf.py[line:58] INFO theta_robo_ob = [-1.6795684743356998, -1.5370445016290997, -1.5176037275810947, -0.21056569449798715]
16:32:40 apf.py[line:59] INFO psi = -0.8903081285540604
16:32:40 apf.py[line:60] INFO tan(psi_hat) = [-0.4544413437535319, 0.0745229825649204]
16:32:40 apf.py[line:62] INFO psi_hat = -1.4082549274425809
16:32:40 apf.py[line:65] INFO term1 = 1.8 * cos(0.5592034923390394 - -0.8903081285540604) + 0.04 * 10.0 = 0.6177776354702632
16:32:40 apf.py[line:69] INFO term1 = 0.6177776354702632
16:32:40 apf.py[line:73] INFO theta_term_tmp = 1.8 * sin(0.5592034923390394 - -1.4082549274425809)/1.771453342389692 = 0.9372193019291679
16:32:40 apf.py[line:78] INFO [v, theta] = [1.771453342389692, -0.19368556564215544]
16:32:40 apf.py[line:161] INFO 
16:32:40 apf.py[line:162] INFO 673
16:32:40 apf.py[line:84] INFO [ 4.85224763  9.46342528 -0.09460678  1.85008749 -0.44144947]
16:32:40 apf.py[line:85] INFO [array([4., 2.]), array([5., 4.]), array([5., 6.]), array([7., 9.])]
16:32:40 apf.py[line:49] INFO n = [0.00027734 0.00267273 0.01911953 0.10610846]
16:32:40 apf.py[line:50] INFO beta = [0.00520843 0.03651903 0.16569827 0.58284866]
16:32:40 apf.py[line:58] INFO theta_robo_ob = [-1.6844937336555548, -1.5437590095195504, -1.528161414834835, -0.21251413502068742]
16:32:40 apf.py[line:59] INFO psi = -0.8894073715000517
16:32:40 apf.py[line:60] INFO tan(psi_hat) = [-0.4465370735838007, 0.052676959616401065]
16:32:40 apf.py[line:62] INFO psi_hat = -1.4533713123343717
16:32:40 apf.py[line:65] INFO term1 = 1.8 * cos(0.5717698629533986 - -0.8894073715000517) + 0.04 * 10.0 = 0.5969194373064106
16:32:40 apf.py[line:69] INFO term1 = 0.5969194373064106
16:32:40 apf.py[line:73] INFO theta_term_tmp = 1.8 * sin(0.5717698629533986 - -1.4533713123343717)/1.7240231863842725 = 0.9381473302526487
16:32:40 apf.py[line:78] INFO [v, theta] = [1.7240231863842725, -0.2361312781709899]
16:32:40 apf.py[line:161] INFO 
16:32:40 apf.py[line:162] INFO 674
16:32:40 apf.py[line:84] INFO [ 4.88876509  9.45955721 -0.10553017  1.83608749 -0.54616922]
16:32:40 apf.py[line:85] INFO [array([4., 2.]), array([5., 4.]), array([5., 6.]), array([7., 9.])]
16:32:40 apf.py[line:49] INFO n = [0.00027716 0.00268443 0.01923263 0.11284821]
16:32:40 apf.py[line:50] INFO beta = [0.00520529 0.03664712 0.16642692 0.60957006]
16:32:40 apf.py[line:58] INFO theta_robo_ob = [-1.6893817960622945, -1.5504247996036067, -1.538654468439073, -0.21432891751320957]
16:32:40 apf.py[line:59] INFO psi = -0.8884516990354373
16:32:40 apf.py[line:60] INFO tan(psi_hat) = [-0.43829656335869027, 0.029512681650340156]
16:32:40 apf.py[line:62] INFO psi_hat = -1.5035628561433492
16:32:40 apf.py[line:65] INFO term1 = 1.8 * cos(0.5843362335677578 - -0.8884516990354373) + 0.04 * 10.0 = 0.5761328149979922
16:32:40 apf.py[line:69] INFO term1 = 0.5761328149979922
16:32:40 apf.py[line:73] INFO theta_term_tmp = 1.8 * sin(0.5843362335677578 - -1.5035628561433492)/1.667359425725956 = 0.93840547086331
16:32:40 apf.py[line:78] INFO [v, theta] = [1.667359425725956, -0.28557650540061563]
16:32:40 apf.py[line:161] INFO 
16:32:40 apf.py[line:162] INFO 675
16:32:40 apf.py[line:84] INFO [ 4.92495107  9.45524723 -0.11854795  1.82208749 -0.65088898]
16:32:40 apf.py[line:85] INFO [array([4., 2.]), array([5., 4.]), array([5., 6.]), array([7., 9.])]
16:32:40 apf.py[line:49] INFO n = [0.00027712 0.00269666 0.01934767 0.12008948]
16:32:40 apf.py[line:50] INFO beta = [0.00520457 0.03678091 0.16716685 0.63779541]
16:32:40 apf.py[line:58] INFO theta_robo_ob = [-1.6942326909723484, -1.5570399948493576, -1.5490794648173296, -0.2159694241095267]
16:32:40 apf.py[line:59] INFO psi = -0.8874359738602209
16:32:40 apf.py[line:60] INFO tan(psi_hat) = [-0.42970952923751937, 0.004928328593906683]
16:32:40 apf.py[line:62] INFO psi_hat = -1.5593278528861405
16:32:40 apf.py[line:65] INFO term1 = 1.8 * cos(0.5969026041821169 - -0.8874359738602209) + 0.04 * 10.0 = 0.5554301401983077
16:32:40 apf.py[line:69] INFO term1 = 0.5554301401983077
16:32:40 apf.py[line:73] INFO theta_term_tmp = 1.8 * sin(0.5969026041821169 - -1.5593278528861405)/1.5997665516707276 = 0.9377931448707442
16:32:40 apf.py[line:78] INFO [v, theta] = [1.5997665516707276, -0.34310936361308]
16:32:40 apf.py[line:161] INFO 
16:32:40 apf.py[line:162] INFO 676
16:32:40 apf.py[line:84] INFO [ 4.96079029  9.45042822 -0.13366012  1.80808749 -0.75560873]
16:32:40 apf.py[line:85] INFO [array([4., 2.]), array([5., 4.]), array([5., 6.]), array([7., 9.])]
16:32:40 apf.py[line:49] INFO n = [0.00027725 0.00270962 0.01946635 0.1278766 ]
16:32:40 apf.py[line:50] INFO beta = [0.00520684 0.03692244 0.16792894 0.66763206]
16:32:40 apf.py[line:58] INFO theta_robo_ob = [-1.69904624332171, -1.5636025737854204, -1.5594330928357452, -0.21739306983576967]
16:32:40 apf.py[line:59] INFO psi = -0.8863549111253181
16:32:40 apf.py[line:60] INFO tan(psi_hat) = [-0.42077058656689537, -0.021185530831390853]
16:32:40 apf.py[line:62] INFO psi_hat = -1.621103207794795
16:32:40 apf.py[line:65] INFO term1 = 1.8 * cos(0.6094689747964761 - -0.8863549111253181) + 0.04 * 10.0 = 0.5348240060640013
16:32:40 apf.py[line:69] INFO term1 = 0.5348240060640013
16:32:40 apf.py[line:73] INFO theta_term_tmp = 1.8 * sin(0.6094689747964761 - -1.621103207794795)/1.519468464954639 = 0.9360071509442207
16:32:40 apf.py[line:78] INFO [v, theta] = [1.519468464954639, -0.40999356485366656]
16:32:40 apf.py[line:161] INFO 
16:32:40 apf.py[line:162] INFO 677
16:32:40 apf.py[line:84] INFO [ 4.99626446  9.44503538 -0.15086669  1.79408749 -0.86032849]
16:32:40 apf.py[line:85] INFO [array([4., 2.]), array([5., 4.]), array([5., 6.]), array([7., 9.])]
16:32:40 apf.py[line:49] INFO n = [0.00027759 0.00272349 0.01959039 0.13625776]
16:32:40 apf.py[line:50] INFO beta = [0.00521269 0.03707373 0.16872404 0.6991939 ]
16:32:40 apf.py[line:58] INFO theta_robo_ob = [-1.7038220135674196, -1.5701102826772122, -1.5697120030638227, -0.21855518939832544]
16:32:40 apf.py[line:59] INFO psi = -0.8852030534905724
16:32:40 apf.py[line:60] INFO tan(psi_hat) = [-0.41148045501873953, -0.04894595139369584]
16:32:40 apf.py[line:62] INFO psi_hat = -1.6891908717207806
16:32:40 apf.py[line:65] INFO term1 = 1.8 * cos(0.6220353454108353 - -0.8852030534905724) + 0.04 * 10.0 = 0.5143272609881808
16:32:40 apf.py[line:69] INFO term1 = 0.5143272609881808
16:32:40 apf.py[line:73] INFO theta_term_tmp = 1.8 * sin(0.6220353454108353 - -1.6891908717207806)/1.4247924064789372 = 0.9325720091699671
16:32:40 apf.py[line:78] INFO [v, theta] = [1.4247924064789372, -0.4877173687643346]
16:32:40 apf.py[line:161] INFO 
16:32:40 apf.py[line:162] INFO 678
16:32:40 apf.py[line:84] INFO [ 5.031352    9.4390063  -0.17016766  1.78008749 -0.96504824]
16:32:40 apf.py[line:85] INFO [array([4., 2.]), array([5., 4.]), array([5., 6.]), array([7., 9.])]
16:32:40 apf.py[line:49] INFO n = [0.00027817 0.00273845 0.0197215  0.14528501]
16:32:40 apf.py[line:50] INFO beta = [0.00522266 0.0372368  0.16956299 0.73260081]
16:32:40 apf.py[line:58] INFO theta_robo_ob = [-1.7085592401128848, -1.5765605505902496, -1.579912660261555, -0.21940893565955316]
16:32:40 apf.py[line:59] INFO psi = -0.8839747495437493
16:32:40 apf.py[line:60] INFO tan(psi_hat) = [-0.4018473968634743, -0.07847738199307652]
16:32:40 apf.py[line:62] INFO psi_hat = -1.7636604132325162
16:32:40 apf.py[line:65] INFO term1 = 1.8 * cos(0.6346017160251944 - -0.8839747495437493) + 0.04 * 10.0 = 0.49395303631125576
16:32:40 apf.py[line:69] INFO term1 = 0.49395303631125576
16:32:40 apf.py[line:73] INFO theta_term_tmp = 1.8 * sin(0.6346017160251944 - -1.7636604132325162)/1.3144775384513978 = 0.9267093146179198
16:32:40 apf.py[line:78] INFO [v, theta] = [1.3144775384513978, -0.5781013113358846]
16:32:40 apf.py[line:161] INFO 
16:32:40 apf.py[line:162] INFO 679
16:32:40 apf.py[line:84] INFO [ 5.06602764  9.43228127 -0.19156302  1.76608749 -1.069768  ]
16:32:40 apf.py[line:85] INFO [array([4., 2.]), array([5., 4.]), array([5., 6.]), array([7., 9.])]
16:32:40 apf.py[line:49] INFO n = [0.00027901 0.00275471 0.01986144 0.1550143 ]
16:32:40 apf.py[line:50] INFO beta = [0.00523731 0.03741362 0.17045664 0.76797779]
16:32:40 apf.py[line:58] INFO theta_robo_ob = [-1.7132567841119752, -1.5829504073869503, -1.5900311992439309, -0.21990519736830705]
16:32:40 apf.py[line:59] INFO psi = -0.8826641360574495
16:32:40 apf.py[line:60] INFO tan(psi_hat) = [-0.3918889240719596, -0.10991110393736747]
16:32:40 apf.py[line:62] INFO psi_hat = -1.8442361173923272
16:32:40 apf.py[line:65] INFO term1 = 1.8 * cos(0.6471680866395536 - -0.8826641360574495) + 0.04 * 10.0 = 0.47371476706576593
16:32:40 apf.py[line:69] INFO term1 = 0.47371476706576593
16:32:40 apf.py[line:73] INFO theta_term_tmp = 1.8 * sin(0.6471680866395536 - -1.8442361173923272)/1.1881270702156266 = 0.9170782967973515
16:32:40 apf.py[line:78] INFO [v, theta] = [1.1881270702156266, -0.6835464634681931]
16:32:40 apf.py[line:161] INFO 
16:32:40 apf.py[line:162] INFO 680
16:32:40 apf.py[line:84] INFO [ 5.1002622   9.4248034  -0.21505277  1.75208749 -1.17448775]
16:32:40 apf.py[line:85] INFO [array([4., 2.]), array([5., 4.]), array([5., 6.]), array([7., 9.])]
16:32:40 apf.py[line:49] INFO n = [0.00028016 0.00277243 0.02001194 0.16550525]
16:32:40 apf.py[line:50] INFO beta = [0.00525718 0.03760615 0.17141584 0.80545361]
16:32:40 apf.py[line:58] INFO theta_robo_ob = [-1.7179130766372495, -1.5892764047118066, -1.6000632841627858, -0.21999254560356485]
16:32:40 apf.py[line:59] INFO psi = -0.8812651245993223
16:32:40 apf.py[line:60] INFO tan(psi_hat) = [-0.38163380882053, -0.14338422168799247]
16:32:40 apf.py[line:62] INFO psi_hat = -1.9301906570137748
16:32:40 apf.py[line:65] INFO term1 = 1.8 * cos(0.6597344572539128 - -0.8812651245993223) + 0.04 * 10.0 = 0.4536262047709773
16:32:40 apf.py[line:69] INFO term1 = 0.4536262047709773
16:32:40 apf.py[line:73] INFO theta_term_tmp = 1.8 * sin(0.6597344572539128 - -1.9301906570137748)/1.0467903964997394 = 0.9012258983763632
16:32:40 apf.py[line:78] INFO [v, theta] = [1.0467903964997394, -0.8076005210824571]
16:32:40 apf.py[line:161] INFO 
16:32:40 apf.py[line:162] INFO 681
16:32:40 apf.py[line:84] INFO [ 5.13402234  9.41651893 -0.24063692  1.73808749 -1.27920751]
16:32:40 apf.py[line:85] INFO [array([4., 2.]), array([5., 4.]), array([5., 6.]), array([7., 9.])]
16:32:40 apf.py[line:49] INFO n = [0.00028165 0.00279181 0.0201748  0.17682076]
16:32:40 apf.py[line:50] INFO beta = [0.00528278 0.03781634 0.17245147 0.84515891]
16:32:40 apf.py[line:58] INFO theta_robo_ob = [-1.722526068238861, -1.5955345400473273, -1.6100039711718388, -0.21961722063352898]
16:32:40 apf.py[line:59] INFO psi = -0.8797713930534444
16:32:40 apf.py[line:60] INFO tan(psi_hat) = [-0.37112442728658346, -0.17903806176133807]
16:32:40 apf.py[line:62] INFO psi_hat = -2.0202817555168555
16:32:40 apf.py[line:65] INFO term1 = 1.8 * cos(0.6723008278682719 - -0.8797713930534444) + 0.04 * 10.0 = 0.43370142124893774
16:32:40 apf.py[line:69] INFO term1 = 0.43370142124893774
16:32:40 apf.py[line:73] INFO theta_term_tmp = 1.8 * sin(0.6723008278682719 - -2.0202817555168555)/0.8936320989510692 = 0.8743341874209182
16:32:40 apf.py[line:78] INFO [v, theta] = [0.8936320989510692, -0.9562195309349426]
16:32:40 apf.py[line:161] INFO 
16:32:40 apf.py[line:162] INFO 682
16:32:40 apf.py[line:84] INFO [ 5.16727029  9.40737756 -0.26831547  1.72408749 -1.38392726]
16:32:40 apf.py[line:85] INFO [array([4., 2.]), array([5., 4.]), array([5., 6.]), array([7., 9.])]
16:32:40 apf.py[line:49] INFO n = [0.00028349 0.00281304 0.0203518  0.18902638]
16:32:40 apf.py[line:50] INFO beta = [0.00531464 0.03804611 0.17357444 0.88722352]
16:32:40 apf.py[line:58] INFO theta_robo_ob = [-1.7270931809722572, -1.6017201839696409, -1.619847574403483, -0.2187231735135516]
16:32:40 apf.py[line:59] INFO psi = -0.8781763826560024
16:32:40 apf.py[line:60] INFO tan(psi_hat) = [-0.3604194565296934, -0.21701580169812684]
16:32:40 apf.py[line:62] INFO psi_hat = -2.1127732712029945
16:32:40 apf.py[line:65] INFO term1 = 1.8 * cos(0.6848671984826311 - -0.8781763826560024) + 0.04 * 10.0 = 0.41395480238790855
16:32:40 apf.py[line:69] INFO term1 = 0.41395480238790855
16:32:40 apf.py[line:73] INFO theta_term_tmp = 1.8 * sin(0.6848671984826311 - -2.1127732712029945)/0.7346984304954356 = 0.8261604037569833
16:32:40 apf.py[line:78] INFO [v, theta] = [0.7346984304954356, -1.1405146535148791]
16:32:40 apf.py[line:161] INFO 
16:32:40 apf.py[line:162] INFO 683
16:32:40 apf.py[line:84] INFO [ 5.19996374  9.39733273 -0.29808841  1.71008749 -1.48864702]
16:32:40 apf.py[line:85] INFO [array([4., 2.]), array([5., 4.]), array([5., 6.]), array([7., 9.])]
16:32:40 apf.py[line:49] INFO n = [0.00028574 0.0028363  0.0205448  0.20218927]
16:32:40 apf.py[line:50] INFO beta = [0.00535327 0.03829736 0.17479578 0.93177285]
16:32:40 apf.py[line:58] INFO theta_robo_ob = [-1.7316112630345144, -1.6078280107981187, -1.6295875351855191, -0.21725217974541136]
16:32:40 apf.py[line:59] INFO psi = -0.8764733011948235
16:32:40 apf.py[line:60] INFO tan(psi_hat) = [-0.3495969262954034, -0.2574591134150003]
16:32:40 apf.py[line:62] INFO psi_hat = -2.2055660237817425
16:32:40 apf.py[line:65] INFO term1 = 1.8 * cos(0.6974335690969903 - -0.8764733011948235) + 0.04 * 10.0 = 0.394401030734346
16:32:40 apf.py[line:69] INFO term1 = 0.394401030734346
16:32:40 apf.py[line:73] INFO theta_term_tmp = 1.8 * sin(0.6974335690969903 - -2.2055660237817425)/0.5801043673408444 = 0.7333239059182778
16:32:40 apf.py[line:78] INFO [v, theta] = [0.5801043673408444, -1.3823679130637059]
16:32:41 apf.py[line:161] INFO 
16:32:41 apf.py[line:162] INFO 684
16:32:41 apf.py[line:84] INFO [ 5.23205563  9.38634205 -0.32995574  1.69608749 -1.59336677]
16:32:41 apf.py[line:85] INFO [array([4., 2.]), array([5., 4.]), array([5., 6.]), array([7., 9.])]
16:32:41 apf.py[line:49] INFO n = [0.0002884  0.00286177 0.02075567 0.21637667]
16:32:41 apf.py[line:50] INFO beta = [0.00539915 0.03857198 0.17612656 0.97892324]
16:32:41 apf.py[line:58] INFO theta_robo_ob = [-1.7360765462209606, -1.6138519329180971, -1.6392162944631752, -0.2151440456610977]
16:32:41 apf.py[line:59] INFO psi = -0.8746551330677967
16:32:41 apf.py[line:60] INFO tan(psi_hat) = [-0.3387575985929169, -0.3005035657885262]
16:32:41 apf.py[line:62] INFO psi_hat = -2.2964247577080865
16:32:41 apf.py[line:65] INFO term1 = 1.8 * cos(0.7099999397113494 - -0.8746551330677967) + 0.04 * 10.0 = 0.3750550557540324
16:32:41 apf.py[line:69] INFO term1 = 0.3750550557540324
16:32:41 apf.py[line:73] INFO theta_term_tmp = 1.8 * sin(0.7099999397113494 - -2.2964247577080865)/0.44665722897494736 = 0.543061011994551
16:32:41 apf.py[line:78] INFO [v, theta] = [0.44665722897494736, -1.7223465342256228]
16:32:41 apf.py[line:161] INFO 
16:32:41 apf.py[line:162] INFO 685
16:32:41 apf.py[line:84] INFO [ 5.26349417  9.37436767 -0.36391747  1.68208749 -1.69808653]
16:32:41 apf.py[line:85] INFO [array([4., 2.]), array([5., 4.]), array([5., 6.]), array([7., 9.])]
16:32:41 apf.py[line:49] INFO n = [0.00029152 0.00288966 0.02098634 0.23165383]
16:32:41 apf.py[line:50] INFO beta = [0.00545279 0.03887183 0.177578   1.02877577]
16:32:41 apf.py[line:58] INFO theta_robo_ob = [-1.7404846064956367, -1.619785039160266, -1.6487251684676836, -0.2123369317797495]
16:32:41 apf.py[line:59] INFO psi = -0.8727146569372524
16:32:41 apf.py[line:60] INFO tan(psi_hat) = [-0.32802860401629336, -0.3462724937461128]
16:32:41 apf.py[line:62] INFO psi_hat = -2.3832438900388393
16:32:41 apf.py[line:65] INFO term1 = 1.8 * cos(0.7225663103257086 - -0.8727146569372524) + 0.04 * 10.0 = 0.3559320505705878
16:32:41 apf.py[line:69] INFO term1 = 0.3559320505705878
16:32:41 apf.py[line:73] INFO theta_term_tmp = 1.8 * sin(0.7225663103257086 - -2.3832438900388393)/0.3617102409643051 = 0.17802833541545063
16:32:41 apf.py[line:78] INFO [v, theta] = [0.3617102409643051, -2.2042614759619155]
16:32:41 apf.py[line:161] INFO 
16:32:41 apf.py[line:162] INFO 686
16:32:41 apf.py[line:84] INFO [ 5.29422272  9.36137681 -0.3999736   1.66808749 -1.80280628]
16:32:41 apf.py[line:85] INFO [array([4., 2.]), array([5., 4.]), array([5., 6.]), array([7., 9.])]
16:32:41 apf.py[line:49] INFO n = [0.00029513 0.00292013 0.0212388  0.24808116]
16:32:41 apf.py[line:50] INFO beta = [0.00551465 0.03919874 0.17916143 1.08140859]
16:32:41 apf.py[line:58] INFO theta_robo_ob = [-1.744830328061252, -1.6256195377452662, -1.6581042277895968, -0.20876782103181468]
16:32:41 apf.py[line:59] INFO psi = -0.8706444717527964
16:32:41 apf.py[line:60] INFO tan(psi_hat) = [-0.3175672005918608, -0.39486901182658307]
16:32:41 apf.py[line:62] INFO psi_hat = -2.464275152949677
16:32:41 apf.py[line:65] INFO term1 = 1.8 * cos(0.7351326809400678 - -0.8706444717527964) + 0.04 * 10.0 = 0.33704735397014013
16:32:41 apf.py[line:69] INFO term1 = 0.33704735397014013
16:32:41 apf.py[line:73] INFO theta_term_tmp = 1.8 * sin(0.7351326809400678 - -2.464275152949677)/0.3527305848018134 = -0.294869123600435
16:32:41 apf.py[line:78] INFO [v, theta] = [0.3527305848018134, -2.7635937024841666]
16:32:41 apf.py[line:161] INFO 
16:32:41 apf.py[line:162] INFO 687
16:32:41 apf.py[line:84] INFO [ 5.32417987  9.34734216 -0.43812412  1.65408749 -1.90752604]
16:32:41 apf.py[line:85] INFO [array([4., 2.]), array([5., 4.]), array([5., 6.]), array([7., 9.])]
16:32:41 apf.py[line:49] INFO n = [0.00029925 0.00295339 0.02151509 0.26571046]
16:32:41 apf.py[line:50] INFO beta = [0.0055852  0.03955451 0.18088834 1.13686737]
16:32:41 apf.py[line:58] INFO theta_robo_ob = [-1.7491078714167057, -1.6313467044483987, -1.6673421801760873, -0.20437316314047613]
16:32:41 apf.py[line:59] INFO psi = -0.8684370319401632
16:32:41 apf.py[line:60] INFO tan(psi_hat) = [-0.307564433945702, -0.44636583912105676]
16:32:41 apf.py[line:62] INFO psi_hat = -2.5382595455791495
16:32:41 apf.py[line:65] INFO term1 = 1.8 * cos(0.747699051554427 - -0.8684370319401632) + 0.04 * 10.0 = 0.3184163964601425
16:32:41 apf.py[line:69] INFO term1 = 0.3184163964601425
16:32:41 apf.py[line:73] INFO theta_term_tmp = 1.8 * sin(0.747699051554427 - -2.5382595455791495)/0.4104238389907942 = -0.6309501836342626
16:32:41 apf.py[line:78] INFO [v, theta] = [0.4104238389907942, -3.2210368903615976]
16:32:41 apf.py[line:161] INFO 
16:32:41 apf.py[line:162] INFO 688
16:32:41 apf.py[line:84] INFO [ 5.35329952  9.33224246 -0.47836904  1.64008749 -2.0122458 ]
16:32:41 apf.py[line:85] INFO [array([4., 2.]), array([5., 4.]), array([5., 6.]), array([7., 9.])]
16:32:41 apf.py[line:49] INFO n = [0.00030391 0.00298963 0.02181734 0.28458016]
16:32:41 apf.py[line:50] INFO beta = [0.00567855 0.04003729 0.18321135 1.19803718]
16:32:41 apf.py[line:58] INFO theta_robo_ob = [-1.7533106460030612, -1.6369568368080822, -1.6764262575810753, -0.19908972912102876]
16:32:41 apf.py[line:59] INFO psi = -0.8660846925638652
16:32:41 apf.py[line:60] INFO tan(psi_hat) = [-0.2971299320513515, -0.5035639273292293]
16:32:41 apf.py[line:62] INFO psi_hat = -2.608518454877606
16:32:41 apf.py[line:65] INFO term1 = 1.8 * cos(0.7602654221687861 - -0.8660846925638652) + 0.04 * 9.975930557267176 = 0.29909183148557705
16:32:41 apf.py[line:69] INFO term1 = 0.29909183148557705
16:32:41 apf.py[line:73] INFO theta_term_tmp = 1.8 * sin(0.7602654221687861 - -2.608518454877606)/0.5038190961081987 = -0.8047239036052246
16:32:41 apf.py[line:78] INFO [v, theta] = [0.5038190961081987, -3.54372869300815]
16:32:41 apf.py[line:161] INFO 
16:32:41 apf.py[line:162] INFO 689
16:32:41 apf.py[line:84] INFO [ 5.38151837  9.3160758  -0.52025694  1.62608749 -2.0943951 ]
16:32:41 apf.py[line:85] INFO [array([4., 2.]), array([5., 4.]), array([5., 6.]), array([7., 9.])]
16:32:41 apf.py[line:49] INFO n = [0.00030913 0.00302898 0.02214738 0.30471254]
16:32:41 apf.py[line:50] INFO beta = [0.00578704 0.04059099 0.18587826 1.26343265]
16:32:41 apf.py[line:58] INFO theta_robo_ob = [-1.7574319342751161, -1.642440410612841, -1.6853438449771956, -0.19286414001562413]
16:32:41 apf.py[line:59] INFO psi = -0.8635811556971885
16:32:41 apf.py[line:60] INFO tan(psi_hat) = [-0.2871776003671591, -0.5650635877347987]
16:32:41 apf.py[line:62] INFO psi_hat = -2.6713893058045044
16:32:41 apf.py[line:65] INFO term1 = 1.8 * cos(0.7728317927831453 - -0.8635811556971885) + 0.04 * 9.942914981696234 = 0.2796914165075297
16:32:41 apf.py[line:69] INFO term1 = 0.2796914165075297
16:32:41 apf.py[line:73] INFO theta_term_tmp = 1.8 * sin(0.7728317927831453 - -2.6713893058045044)/0.6049881249349878 = -0.8867189224468238
16:32:41 apf.py[line:78] INFO [v, theta] = [0.6049881249349878, -3.761588286262576]
16:32:41 apf.py[line:161] INFO 
16:32:41 apf.py[line:162] INFO 690
16:32:41 apf.py[line:84] INFO [ 5.40883449  9.29894805 -0.56005045  1.61208749 -1.98967535]
16:32:41 apf.py[line:85] INFO [array([4., 2.]), array([5., 4.]), array([5., 6.]), array([7., 9.])]
16:32:41 apf.py[line:49] INFO n = [3.14888207e-04 3.07130904e-03 2.25042831e-02 3.26138928e-01]
16:32:41 apf.py[line:50] INFO beta = [0.00590546 0.04118091 0.18873145 1.33212452]
16:32:41 apf.py[line:58] INFO theta_robo_ob = [-1.7614703103794471, -1.6477976757404416, -1.6940964076857488, -0.18571494245386358]
16:32:41 apf.py[line:59] INFO psi = -0.8609318168349267
16:32:41 apf.py[line:60] INFO tan(psi_hat) = [-0.2783184665541786, -0.6299881990650714]
16:32:41 apf.py[line:62] INFO psi_hat = -2.7255924430589853
16:32:41 apf.py[line:65] INFO term1 = 1.8 * cos(0.7853981633975045 - -0.8609318168349267) + 0.04 * 9.909370150237207 = 0.2605434763358726
16:32:41 apf.py[line:69] INFO term1 = 0.2605434763358726
16:32:41 apf.py[line:73] INFO theta_term_tmp = 1.8 * sin(0.7853981633975045 - -2.7255924430589853)/0.7001781326324905 = -0.9281885285105402
16:32:41 apf.py[line:78] INFO [v, theta] = [0.7001781326324905, -3.915107242796112]
16:32:41 apf.py[line:161] INFO 
16:32:41 apf.py[line:162] INFO 691
16:32:41 apf.py[line:84] INFO [ 5.43525421  9.2809605  -0.59774956  1.59808749 -1.88495559]
16:32:41 apf.py[line:85] INFO [array([4., 2.]), array([5., 4.]), array([5., 6.]), array([7., 9.])]
16:32:41 apf.py[line:49] INFO n = [3.21142068e-04 3.11646184e-03 2.28871496e-02 3.48884286e-01]
16:32:41 apf.py[line:50] INFO beta = [0.00603323 0.04180527 0.19176406 1.40411237]
16:32:41 apf.py[line:58] INFO theta_robo_ob = [-1.7654252628494698, -1.6530299747341117, -1.7026868237139758, -0.177663460257546]
16:32:41 apf.py[line:59] INFO psi = -0.8581425142620909
16:32:41 apf.py[line:60] INFO tan(psi_hat) = [-0.2707982501629721, -0.6983472964964129]
16:32:41 apf.py[line:62] INFO psi_hat = -2.7716734873084237
16:32:41 apf.py[line:65] INFO term1 = 1.8 * cos(0.7979645340118636 - -0.8581425142620909) + 0.04 * 9.87537985634522 = 0.2416420931833631
16:32:41 apf.py[line:69] INFO term1 = 0.2416420931833631
16:32:41 apf.py[line:73] INFO theta_term_tmp = 1.8 * sin(0.7979645340118636 - -2.7716734873084237)/0.785271206579715 = -0.9514776015110167
16:32:41 apf.py[line:78] INFO [v, theta] = [0.785271206579715, -4.029676078987585]
16:32:41 apf.py[line:161] INFO 
16:32:41 apf.py[line:162] INFO 692
16:32:41 apf.py[line:84] INFO [ 5.46079118  9.2622096  -0.63335427  1.58408749 -1.78023584]
16:32:41 apf.py[line:85] INFO [array([4., 2.]), array([5., 4.]), array([5., 6.]), array([7., 9.])]
16:32:41 apf.py[line:49] INFO n = [3.27861906e-04 3.16429935e-03 2.32951199e-02 3.72966492e-01]
16:32:41 apf.py[line:50] INFO beta = [0.00616982 0.04246238 0.19496946 1.47937835]
16:32:41 apf.py[line:58] INFO theta_robo_ob = [-1.7692971090180196, -1.6581396385629872, -1.7111192525701342, -0.16873370101830462]
16:32:41 apf.py[line:59] INFO psi = -0.8552194552567042
16:32:41 apf.py[line:60] INFO tan(psi_hat) = [-0.2648744741392084, -0.770125867877707]
16:32:41 apf.py[line:62] INFO psi_hat = -2.8103297039389514
16:32:41 apf.py[line:65] INFO term1 = 1.8 * cos(0.8105309046262228 - -0.8552194552567042) + 0.04 * 9.84101926737137 = 0.22298023468902964
16:32:41 apf.py[line:69] INFO term1 = 0.22298023468902964
16:32:41 apf.py[line:73] INFO theta_term_tmp = 1.8 * sin(0.8105309046262228 - -2.8103297039389514)/0.8594625206194727 = -0.9657588283990951
16:32:41 apf.py[line:78] INFO [v, theta] = [0.8594625206194727, -4.118682187593303]
16:32:41 apf.py[line:161] INFO 
16:32:41 apf.py[line:162] INFO 693
16:32:41 apf.py[line:84] INFO [ 5.48546557  9.24278682 -0.6668646   1.57008749 -1.67551608]
16:32:41 apf.py[line:85] INFO [array([4., 2.]), array([5., 4.]), array([5., 6.]), array([7., 9.])]
16:32:41 apf.py[line:49] INFO n = [3.35016993e-04 3.21468441e-03 2.37273507e-02 3.98395764e-01]
16:32:41 apf.py[line:50] INFO beta = [0.00631469 0.0431506  0.19834123 1.55788685]
16:32:41 apf.py[line:58] INFO theta_robo_ob = [-1.7730869131021085, -1.6631298876419147, -1.719399011026615, -0.1589522353605714]
16:32:41 apf.py[line:59] INFO psi = -0.8521691482404823
16:32:41 apf.py[line:60] INFO tan(psi_hat) = [-0.2608140685814595, -0.8452826784103581]
16:32:41 apf.py[line:62] INFO psi_hat = -2.8423081310706637
16:32:41 apf.py[line:65] INFO term1 = 1.8 * cos(0.823097275240582 - -0.8521691482404823) + 0.04 * 9.806355241517666 = 0.20454990503920664
16:32:41 apf.py[line:69] INFO term1 = 0.20454990503920664
16:32:41 apf.py[line:73] INFO theta_term_tmp = 1.8 * sin(0.823097275240582 - -2.8423081310706637)/0.9232773911399511 = -0.9751495545733028
16:32:41 apf.py[line:78] INFO [v, theta] = [0.9232773911399511, -4.189703217557458]
16:32:41 apf.py[line:161] INFO 
16:32:41 apf.py[line:162] INFO 694
16:32:41 apf.py[line:84] INFO [ 5.50930324  9.2227786  -0.69828052  1.55608749 -1.57079633]
16:32:41 apf.py[line:85] INFO [array([4., 2.]), array([5., 4.]), array([5., 6.]), array([7., 9.])]
16:32:41 apf.py[line:49] INFO n = [3.42577467e-04 3.26748296e-03 2.41830062e-02 4.25174275e-01]
16:32:41 apf.py[line:50] INFO beta = [0.00646733 0.04386835 0.20187306 1.63958468]
16:32:41 apf.py[line:58] INFO theta_robo_ob = [-1.7767964080227585, -1.6680047379208698, -1.7275324550579507, -0.14834804813960242]
16:32:41 apf.py[line:59] INFO psi = -0.8489983408892946
16:32:41 apf.py[line:60] INFO tan(psi_hat) = [-0.25889057253958125, -0.9237491754917713]
16:32:41 apf.py[line:62] INFO psi_hat = -2.868342237912632
16:32:41 apf.py[line:65] INFO term1 = 1.8 * cos(0.8356636458549411 - -0.8489983408892946) + 0.04 * 9.771446693609057 = 0.18634228656563895
16:32:41 apf.py[line:69] INFO term1 = 0.18634228656563895
16:32:41 apf.py[line:73] INFO theta_term_tmp = 1.8 * sin(0.8356636458549411 - -2.868342237912632)/0.9777340347804968 = -0.9816705293210246
16:32:41 apf.py[line:78] INFO [v, theta] = [0.9777340347804968, -4.247379648809439]
16:32:41 apf.py[line:161] INFO 
16:32:41 apf.py[line:162] INFO 695
16:32:41 apf.py[line:84] INFO [ 5.53233497  9.20226634 -0.72760205  1.54208749 -1.46607657]
16:32:41 apf.py[line:85] INFO [array([4., 2.]), array([5., 4.]), array([5., 6.]), array([7., 9.])]
16:32:41 apf.py[line:49] INFO n = [3.50514218e-04 3.32256334e-03 2.46612461e-02 4.53295989e-01]
16:32:41 apf.py[line:50] INFO beta = [0.00662723 0.04461407 0.20555872 1.72440183]
16:32:41 apf.py[line:58] INFO theta_robo_ob = [-1.7804279209631428, -1.672768911825018, -1.7355268672164208, -0.13695236173328523]
16:32:41 apf.py[line:59] INFO psi = -0.8457139641588206
16:32:41 apf.py[line:60] INFO tan(psi_hat) = [-0.25938100039730927, -1.0054290850202352]
16:32:41 apf.py[line:62] INFO psi_hat = -2.889117240738254
16:32:41 apf.py[line:65] INFO term1 = 1.8 * cos(0.8482300164693003 - -0.8457139641588206) + 0.04 * 9.736345000177987 = 0.16834787140780608
16:32:41 apf.py[line:69] INFO term1 = 0.16834787140780608
16:32:41 apf.py[line:73] INFO theta_term_tmp = 1.8 * sin(0.8482300164693003 - -2.889117240738254)/1.0239738675660224 = -0.9863926860516402
16:32:41 apf.py[line:78] INFO [v, theta] = [1.0239738675660224, -4.294757361163711]
16:32:41 apf.py[line:161] INFO 
16:32:41 apf.py[line:162] INFO 696
16:32:41 apf.py[line:84] INFO [ 5.5545958   9.18132652 -0.75482919  1.52808749 -1.36135682]
16:32:41 apf.py[line:85] INFO [array([4., 2.]), array([5., 4.]), array([5., 6.]), array([7., 9.])]
16:32:41 apf.py[line:49] INFO n = [3.58798774e-04 3.37979555e-03 2.51612147e-02 4.82746767e-01]
16:32:41 apf.py[line:50] INFO beta = [0.00679391 0.04538626 0.20939197 1.81225276]
16:32:41 apf.py[line:58] INFO theta_robo_ob = [-1.7839843026170399, -1.6774277538003544, -1.743390348737031, -0.12479843255718882]
16:32:41 apf.py[line:59] INFO psi = -0.8423230821279473
16:32:41 apf.py[line:60] INFO tan(psi_hat) = [-0.26256246458235183, -1.0901987949109988]
16:32:41 apf.py[line:62] INFO psi_hat = -2.905254451679037
16:32:41 apf.py[line:65] INFO term1 = 1.8 * cos(0.8607963870836595 - -0.8423230821279473) + 0.04 * 9.70109443523569 = 0.1505565830048336
16:32:41 apf.py[line:69] INFO term1 = 0.1505565830048336
16:32:41 apf.py[line:73] INFO theta_term_tmp = 1.8 * sin(0.8607963870836595 - -2.905254451679037)/1.063098976714651 = -0.9899210275610552
16:32:41 apf.py[line:78] INFO [v, theta] = [1.063098976714651, -4.333952579750535]
16:32:42 apf.py[line:161] INFO 
16:32:42 apf.py[line:162] INFO 697
16:32:42 apf.py[line:84] INFO [ 5.57612432  9.16003081 -0.77996193  1.51408749 -1.25663706]
16:32:42 apf.py[line:85] INFO [array([4., 2.]), array([5., 4.]), array([5., 6.]), array([7., 9.])]
16:32:42 apf.py[line:49] INFO n = [3.67403196e-04 3.43905049e-03 2.56820294e-02 5.13504771e-01]
16:32:42 apf.py[line:50] INFO beta = [0.00696688 0.04618344 0.21336654 1.90303841]
16:32:42 apf.py[line:58] INFO theta_robo_ob = [-1.7874688600354933, -1.6819871501959347, -1.7511317156861583, -0.11192132292635308]
16:32:42 apf.py[line:59] INFO psi = -0.8388328475134857
16:32:42 apf.py[line:60] INFO tan(psi_hat) = [-0.2687086695372866, -1.1779085987334161]
16:32:42 apf.py[line:62] INFO psi_hat = -2.91730718498
16:32:42 apf.py[line:65] INFO term1 = 1.8 * cos(0.8733627576980186 - -0.8388328475134857) + 0.04 * 9.665732628979095 = 0.1329578873454556
16:32:42 apf.py[line:69] INFO term1 = 0.1329578873454556
16:32:42 apf.py[line:73] INFO theta_term_tmp = 1.8 * sin(0.8733627576980186 - -2.91730718498)/1.0961066551479712 = -0.9926158757464212
16:32:42 apf.py[line:78] INFO [v, theta] = [1.0961066551479712, -4.366503925106596]
16:32:42 apf.py[line:161] INFO 
16:32:42 apf.py[line:162] INFO 698
16:32:42 apf.py[line:84] INFO [ 5.59696207  9.13844626 -0.80300028  1.50008749 -1.15191731]
16:32:42 apf.py[line:85] INFO [array([4., 2.]), array([5., 4.]), array([5., 6.]), array([7., 9.])]
16:32:42 apf.py[line:49] INFO n = [3.76299966e-04 3.50019929e-03 2.62227698e-02 5.45541174e-01]
16:32:42 apf.py[line:50] INFO beta = [0.00714567 0.04700417 0.21747602 1.99664874]
16:32:42 apf.py[line:58] INFO theta_robo_ob = [-1.7908852929414951, -1.6864534531913649, -1.758760398484818, -0.09835765136055692]
16:32:42 apf.py[line:59] INFO psi = -0.835250462664998
16:32:42 apf.py[line:60] INFO tan(psi_hat) = [-0.27808641114645927, -1.2683848429583169]
16:32:42 apf.py[line:62] INFO psi_hat = -2.9257630767953486
16:32:42 apf.py[line:65] INFO term1 = 1.8 * cos(0.8859291283123778 - -0.835250462664998) + 0.04 * 9.630291042541842 = 0.11554089405203855
16:32:42 apf.py[line:69] INFO term1 = 0.11554089405203855
16:32:42 apf.py[line:73] INFO theta_term_tmp = 1.8 * sin(0.8859291283123778 - -2.9257630767953486)/1.1238701665808961 = -0.994701398359595
16:32:42 apf.py[line:78] INFO [v, theta] = [1.1238701665808961, -4.393571176498375]
16:32:42 apf.py[line:161] INFO 
16:32:42 apf.py[line:162] INFO 699
16:32:42 apf.py[line:84] INFO [ 5.61715301  9.11663552 -0.82394423  1.48608749 -1.04719755]
16:32:42 apf.py[line:85] INFO [array([4., 2.]), array([5., 4.]), array([5., 6.]), array([7., 9.])]
16:32:42 apf.py[line:49] INFO n = [3.85461886e-04 3.56311251e-03 2.67824663e-02 5.78821207e-01]
16:32:42 apf.py[line:50] INFO beta = [0.00732982 0.047847   0.22171386 2.09296596]
16:32:42 apf.py[line:58] INFO theta_robo_ob = [-1.7942376333497698, -1.6908334084572403, -1.7662863441494174, -0.08414532533540721]
16:32:42 apf.py[line:59] INFO psi = -0.8315831458081484
16:32:42 apf.py[line:60] INFO tan(psi_hat) = [-0.2909522293300173, -1.3614329866921415]
16:32:42 apf.py[line:62] INFO psi_hat = -2.931049553307015
16:32:42 apf.py[line:65] INFO term1 = 1.8 * cos(0.898495498926737 - -0.8315831458081484) + 0.04 * 9.594795452732537 = 0.09829444750662703
16:32:42 apf.py[line:69] INFO term1 = 0.09829444750662703
16:32:42 apf.py[line:73] INFO theta_term_tmp = 1.8 * sin(0.898495498926737 - -2.931049553307015)/1.1471409701825441 = -0.9963221521045486
16:32:42 apf.py[line:78] INFO [v, theta] = [1.1471409701825441, -4.416054219240923]
16:32:42 apf.py[line:161] INFO 
16:32:42 apf.py[line:162] INFO 700
16:32:42 apf.py[line:84] INFO [ 5.63674296  9.0946571  -0.84279378  1.47208749 -0.9424778 ]
16:32:42 apf.py[line:85] INFO [array([4., 2.]), array([5., 4.]), array([5., 6.]), array([7., 9.])]
16:32:42 apf.py[line:49] INFO n = [3.94861960e-04 3.62765949e-03 2.73600881e-02 6.13305521e-01]
16:32:42 apf.py[line:50] INFO beta = [0.00751886 0.04871051 0.22607326 2.19186827]
16:32:42 apf.py[line:58] INFO theta_robo_ob = [-1.7975301883008035, -1.6951340862166284, -1.7737199206014196, -0.06932326127307899]
16:32:42 apf.py[line:59] INFO psi = -0.8278381022691474
16:32:42 apf.py[line:60] INFO tan(psi_hat) = [-0.3075493677752757, -1.4568415449848287]
16:32:42 apf.py[line:62] INFO psi_hat = -2.933540505249551
16:32:42 apf.py[line:65] INFO term1 = 1.8 * cos(0.9110618695410961 - -0.8278381022691474) + 0.04 * 9.559266441504306 = 0.08120720834343215
16:32:42 apf.py[line:69] INFO term1 = 0.08120720834343215
16:32:42 apf.py[line:73] INFO theta_term_tmp = 1.8 * sin(0.9110618695410961 - -2.933540505249551)/1.1665600624643797 = -0.9975741046931726
16:32:42 apf.py[line:78] INFO [v, theta] = [1.1665600624643797, -4.434667947026355]
16:32:42 apf.py[line:161] INFO 
16:32:42 apf.py[line:162] INFO 701
16:32:42 apf.py[line:84] INFO [ 5.65577914  9.07256567 -0.85954895  1.45808749 -0.83775804]
16:32:42 apf.py[line:85] INFO [array([4., 2.]), array([5., 4.]), array([5., 6.]), array([7., 9.])]
16:32:42 apf.py[line:49] INFO n = [4.04473298e-04 3.69370749e-03 2.79545319e-02 6.48951868e-01]
16:32:42 apf.py[line:50] INFO beta = [0.00771236 0.04959328 0.23054714 2.29323417]
16:32:42 apf.py[line:58] INFO theta_robo_ob = [-1.8007674854948366, -1.6993628153577627, -1.781071822404271, -0.05393109720162426]
16:32:42 apf.py[line:59] INFO psi = -0.824022500381634
16:32:42 apf.py[line:60] INFO tan(psi_hat) = [-0.3281051927686786, -1.5543868483388579]
16:32:42 apf.py[line:62] INFO psi_hat = -2.9335630876654095
16:32:42 apf.py[line:65] INFO term1 = 1.8 * cos(0.9236282401554553 - -0.824022500381634) + 0.04 * 9.52371988565964 = 0.064267725733412
16:32:42 apf.py[line:69] INFO term1 = 0.064267725733412
16:32:42 apf.py[line:73] INFO theta_term_tmp = 1.8 * sin(0.9236282401554553 - -2.9335630876654095)/1.1826723180493828 = -0.9985224303124521
16:32:42 apf.py[line:78] INFO [v, theta] = [1.1826723180493828, -4.449991525045984]
16:32:42 apf.py[line:161] INFO 
16:32:42 apf.py[line:162] INFO 702
16:32:42 apf.py[line:84] INFO [ 5.67430977  9.05041231 -0.87420971  1.44408749 -0.73303829]
16:32:42 apf.py[line:85] INFO [array([4., 2.]), array([5., 4.]), array([5., 6.]), array([7., 9.])]
16:32:42 apf.py[line:49] INFO n = [4.14269000e-04 3.76112098e-03 2.85646093e-02 6.85717049e-01]
16:32:42 apf.py[line:50] INFO beta = [0.00790984 0.05049387 0.23512802 2.39694713]
16:32:42 apf.py[line:58] INFO theta_robo_ob = [-1.803954221592447, -1.7035271202322528, -1.788352977293289, -0.038008903955715094]
16:32:42 apf.py[line:59] INFO psi = -0.8201434517506448
16:32:42 apf.py[line:60] INFO tan(psi_hat) = [-0.3528292124668527, -1.653838514706615]
16:32:42 apf.py[line:62] INFO psi_hat = -2.931404093139416
16:32:42 apf.py[line:65] INFO term1 = 1.8 * cos(0.9361946107698145 - -0.8201434517506448) + 0.04 * 9.48816744300721 = 0.04746450097321231
16:32:42 apf.py[line:69] INFO term1 = 0.04746450097321231
16:32:42 apf.py[line:73] INFO theta_term_tmp = 1.8 * sin(0.9361946107698145 - -2.931404093139416)/1.1959408997689245 = -0.9992121209996858
16:32:42 apf.py[line:78] INFO [v, theta] = [1.1959408997689245, -4.462501994752877]
16:32:42 apf.py[line:161] INFO 
16:32:42 apf.py[line:162] INFO 703
16:32:42 apf.py[line:84] INFO [ 5.69238361  9.02824485 -0.88677608  1.43008749 -0.62831853]
16:32:42 apf.py[line:85] INFO [array([4., 2.]), array([5., 4.]), array([5., 6.]), array([7., 9.])]
16:32:42 apf.py[line:49] INFO n = [4.24222051e-04 3.82976082e-03 2.91890349e-02 7.23559121e-01]
16:32:42 apf.py[line:50] INFO beta = [0.00811087 0.05141085 0.23980804 2.50290066]
16:32:42 apf.py[line:58] INFO theta_robo_ob = [-1.8070952129335567, -1.7076346597599315, -1.7955744528742053, -0.02159690102015573]
16:32:42 apf.py[line:59] INFO psi = -0.8162079955260537
16:32:42 apf.py[line:60] INFO tan(psi_hat) = [-0.38191181909801425, -1.7549654988521057]
16:32:42 apf.py[line:62] INFO psi_hat = -2.927315657503818
16:32:42 apf.py[line:65] INFO term1 = 1.8 * cos(0.9487609813841736 - -0.8162079955260537) + 0.04 * 9.452617031847456 = 0.030786042963355464
16:32:42 apf.py[line:69] INFO term1 = 0.030786042963355464
16:32:42 apf.py[line:73] INFO theta_term_tmp = 1.8 * sin(0.9487609813841736 - -2.927315657503818)/1.206760447538979 = -0.999674533501488
16:32:42 apf.py[line:78] INFO [v, theta] = [1.206760447538979, -4.472597903684878]
16:32:42 apf.py[line:161] INFO 
16:32:42 apf.py[line:162] INFO 704
16:32:42 apf.py[line:84] INFO [ 5.71004968  9.0061082  -0.89724806  1.41608749 -0.52359878]
16:32:42 apf.py[line:85] INFO [array([4., 2.]), array([5., 4.]), array([5., 6.]), array([7., 9.])]
16:32:42 apf.py[line:49] INFO n = [4.34305213e-04 3.89948342e-03 2.98264138e-02 7.62439795e-01]
16:32:42 apf.py[line:50] INFO beta = [0.00831499 0.05234275 0.24457879 2.61100358]
16:32:42 apf.py[line:58] INFO theta_robo_ob = [-1.8101953484162645, -1.7116931684516308, -1.80274736288129, -0.004735183119021658]
16:32:42 apf.py[line:59] INFO psi = -0.8122230863197745
16:32:42 apf.py[line:60] INFO tan(psi_hat) = [-0.4155238506626158, -1.857542560016293]
16:32:42 apf.py[line:62] INFO psi_hat = -2.9215202307677415
16:32:42 apf.py[line:65] INFO term1 = 1.8 * cos(0.9613273519985328 - -0.8122230863197745) + 0.04 * 9.41707330126769 = 0.014220916220047564
16:32:42 apf.py[line:69] INFO term1 = 0.014220916220047564
16:32:42 apf.py[line:73] INFO theta_term_tmp = 1.8 * sin(0.9613273519985328 - -2.9215202307677415)/1.2154685859346337 = -0.9999315532950992
16:32:42 apf.py[line:78] INFO [v, theta] = [1.2154685859346337, -4.480616345108132]
16:32:42 apf.py[line:161] INFO 
16:32:42 apf.py[line:162] INFO 705
16:32:42 apf.py[line:84] INFO [ 5.72735686  8.98404463 -0.90562564  1.40208749 -0.41887902]
16:32:42 apf.py[line:85] INFO [array([4., 2.]), array([5., 4.]), array([5., 6.]), array([7., 9.])]
16:32:42 apf.py[line:49] INFO n = [4.44490917e-04 3.97013993e-03 3.04752287e-02 8.02326979e-01]
16:32:42 apf.py[line:50] INFO beta = [0.00852175 0.05328805 0.24943132 2.72118536]
16:32:42 apf.py[line:58] INFO theta_robo_ob = [-1.813259544270956, -1.715710398955516, -1.809882772409177, 0.012536536570115348]
16:32:42 apf.py[line:59] INFO psi = -0.8081955853867974
16:32:42 apf.py[line:60] INFO tan(psi_hat) = [-0.45381703751961555, -1.9613569743764512]
16:32:42 apf.py[line:62] INFO psi_hat = -2.914214837229168
16:32:42 apf.py[line:65] INFO term1 = 1.8 * cos(0.973893722612892 - -0.8081955853867974) + 0.04 * 9.381538090271885 = -0.0022422178877036236
16:32:42 apf.py[line:69] INFO term1 = -0.0022422178877036236
16:32:42 apf.py[line:73] INFO theta_term_tmp = 1.8 * sin(0.973893722612892 - -2.914214837229168)/1.2223556962117024 = -0.9999983175940558
16:32:42 apf.py[line:78] INFO [v, theta] = [1.2223556962117024, -4.483176821408317]
16:32:42 apf.py[line:161] INFO 
16:32:42 apf.py[line:162] INFO 706
16:32:42 apf.py[line:84] INFO [ 5.74435365  8.96209414 -0.91190882  1.38808749 -0.31415927]
16:32:42 apf.py[line:85] INFO [array([4., 2.]), array([5., 4.]), array([5., 6.]), array([7., 9.])]
16:32:42 apf.py[line:49] INFO n = [4.54751156e-04 4.04157537e-03 3.11338276e-02 8.43197421e-01]
16:32:42 apf.py[line:50] INFO beta = [0.00873068 0.05424523 0.25435601 2.83340162]
16:32:42 apf.py[line:58] INFO theta_robo_ob = [-1.8162927004638856, -1.7196940657319693, -1.816991601566661, 0.03017916112992478]
16:32:42 apf.py[line:59] INFO psi = -0.8041322546794293
16:32:42 apf.py[line:60] INFO tan(psi_hat) = [-0.4969253651168547, -2.0662153150984737]
16:32:42 apf.py[line:62] INFO psi_hat = -2.9055746918100325
16:32:42 apf.py[line:65] INFO term1 = 1.8 * cos(0.9864600932272511 - -0.8041322546794293) + 0.04 * 9.34601087425338 = -0.018614565947837114
16:32:42 apf.py[line:69] INFO term1 = -0.018614565947837114
16:32:42 apf.py[line:73] INFO theta_term_tmp = 1.8 * sin(0.9864600932272511 - -2.9055746918100325)/1.2276730824705646 = -0.9998850430248274
16:32:42 apf.py[line:78] INFO [v, theta] = [1.2276730824705646, -4.461207959694681]
16:32:42 apf.py[line:161] INFO 
16:32:42 apf.py[line:162] INFO 707
16:32:42 apf.py[line:84] INFO [ 5.76108785  8.94029475 -0.91609761  1.37408749 -0.20943951]
16:32:42 apf.py[line:85] INFO [array([4., 2.]), array([5., 4.]), array([5., 6.]), array([7., 9.])]
16:32:42 apf.py[line:49] INFO n = [4.65057387e-04 4.11362779e-03 3.18004119e-02 8.85039398e-01]
16:32:42 apf.py[line:50] INFO beta = [0.00894133 0.05521268 0.25934253 2.94763939]
16:32:42 apf.py[line:58] INFO theta_robo_ob = [-1.819299658468088, -1.723651789467386, -1.8240845270489858, 0.048154417711801595]
16:32:42 apf.py[line:59] INFO psi = -0.8000397533765055
16:32:42 apf.py[line:60] INFO tan(psi_hat) = [-0.5449673496374082, -2.171950130244409]
16:32:42 apf.py[line:62] INFO psi_hat = -2.8957562556564107
16:32:42 apf.py[line:65] INFO term1 = 1.8 * cos(0.9990264638416103 - -0.8000397533765055) + 0.04 * 9.310489197739226 = -0.034907172608031334
16:32:42 apf.py[line:69] INFO term1 = -0.034907172608031334
16:32:42 apf.py[line:73] INFO theta_term_tmp = 1.8 * sin(0.9990264638416103 - -2.8957562556564107)/1.2316397316492484 = -0.9995982839249673
16:32:42 apf.py[line:78] INFO [v, theta] = [1.2316397316492484, -4.438206754755445]
16:32:42 apf.py[line:161] INFO 
16:32:42 apf.py[line:162] INFO 708
16:32:42 apf.py[line:84] INFO [ 5.77760632  8.91868282 -0.91819201  1.36008749 -0.10471976]
16:32:42 apf.py[line:85] INFO [array([4., 2.]), array([5., 4.]), array([5., 6.]), array([7., 9.])]
16:32:42 apf.py[line:49] INFO n = [4.75380427e-04 4.18612740e-03 3.24730240e-02 9.27855400e-01]
16:32:42 apf.py[line:50] INFO beta = [0.00915321 0.05618874 0.26437974 3.06392236]
16:32:42 apf.py[line:58] INFO theta_robo_ob = [-1.8222851601483414, -1.7275910418496039, -1.8311718811907038, 0.06642503436292216]
16:32:42 apf.py[line:59] INFO psi = -0.7959246364844281
16:32:42 apf.py[line:60] INFO tan(psi_hat) = [-0.5980491910881189, -2.278426366917834]
16:32:42 apf.py[line:62] INFO psi_hat = -2.8848998154807015
16:32:42 apf.py[line:65] INFO term1 = 1.8 * cos(1.0115928344559695 - -0.7959246364844281) + 0.04 * 9.274969092692336 = -0.05113089520078218
16:32:42 apf.py[line:69] INFO term1 = -0.05113089520078218
16:32:42 apf.py[line:73] INFO theta_term_tmp = 1.8 * sin(1.0115928344559695 - -2.8848998154807015)/1.2344478804810588 = -0.9991418214176307
16:32:42 apf.py[line:78] INFO [v, theta] = [1.2344478804810588, -4.4142642377684]
16:32:43 apf.py[line:161] INFO 
16:32:43 apf.py[line:162] INFO 709
16:32:43 apf.py[line:84] INFO [ 5.79395475e+00  8.89729336e+00 -9.18192008e-01  1.34608749e+00
 -4.71844785e-16]
16:32:43 apf.py[line:85] INFO [array([4., 2.]), array([5., 4.]), array([5., 6.]), array([7., 9.])]
16:32:43 apf.py[line:49] INFO n = [4.85690366e-04 4.25889577e-03 3.31495375e-02 9.71664797e-01]
16:32:43 apf.py[line:50] INFO beta = [0.00936584 0.05717167 0.26945566 3.18231587]
16:32:43 apf.py[line:58] INFO theta_robo_ob = [-1.8252538075212572, -1.7315190903480786, -1.83826354814733, 0.08495488265160088]
16:32:43 apf.py[line:59] INFO psi = -0.7917933551042234
16:32:43 apf.py[line:60] INFO tan(psi_hat) = [-0.6562687407129026, -2.3855474174957885]
16:32:43 apf.py[line:62] INFO psi_hat = -2.8731316652559578
16:32:43 apf.py[line:65] INFO term1 = 1.8 * cos(1.0241592050703288 - -0.7917933551042234) + 0.04 * 9.23944548195214 = -0.06729638211118033
16:32:43 apf.py[line:69] INFO term1 = -0.06729638211118033
16:32:43 apf.py[line:73] INFO theta_term_tmp = 1.8 * sin(1.0241592050703288 - -2.8731316652559578)/1.2362675897290085 = -0.9985173093387196
16:32:43 apf.py[line:78] INFO [v, theta] = [1.2362675897290085, -4.389465946524038]
16:32:43 apf.py[line:161] INFO 
16:32:43 apf.py[line:162] INFO 710
16:32:43 apf.py[line:84] INFO [ 5.81017746  8.87616029 -0.91609761  1.33208749  0.10471976]
16:32:43 apf.py[line:85] INFO [array([4., 2.]), array([5., 4.]), array([5., 6.]), array([7., 9.])]
16:32:43 apf.py[line:49] INFO n = [4.95956478e-04 4.33174503e-03 3.38276466e-02 1.01650645e+00]
16:32:43 apf.py[line:50] INFO beta = [0.00957872 0.05815964 0.27455735 3.30293173]
16:32:43 apf.py[line:58] INFO theta_robo_ob = [-1.8282100231717286, -1.735442942671434, -1.8453688569639, 0.1037090837775075]
16:32:43 apf.py[line:59] INFO psi = -0.7876522579580082
16:32:43 apf.py[line:60] INFO tan(psi_hat) = [-0.7197201984798525, -2.4932606986573647]
16:32:43 apf.py[line:62] INFO psi_hat = -2.860565959814274
16:32:43 apf.py[line:65] INFO term1 = 1.8 * cos(1.036725575684688 - -0.7876522579580082) + 0.04 * 9.203912567626963 = -0.08341405410614977
16:32:43 apf.py[line:69] INFO term1 = -0.08341405410614977
16:32:43 apf.py[line:73] INFO theta_term_tmp = 1.8 * sin(1.036725575684688 - -2.860565959814274)/1.2372505025863347 = -0.9977247583512348
16:32:43 apf.py[line:78] INFO [v, theta] = [1.2372505025863347, -4.363892219763864]
16:32:43 apf.py[line:161] INFO 
16:32:43 apf.py[line:162] INFO 711
16:32:43 apf.py[line:84] INFO [ 5.82631711  8.85531674 -0.91190882  1.31808749  0.20943951]
16:32:43 apf.py[line:85] INFO [array([4., 2.]), array([5., 4.]), array([5., 6.]), array([7., 9.])]
16:32:43 apf.py[line:49] INFO n = [5.06147155e-04 4.40447715e-03 3.45048594e-02 1.06244125e+00]
16:32:43 apf.py[line:50] INFO beta = [0.00979133 0.05915074 0.27967089 3.4259328 ]
16:32:43 apf.py[line:58] INFO theta_robo_ob = [-1.8311580111331989, -1.7393692906146792, -1.8524964714250278, 0.12265407676365311]
16:32:43 apf.py[line:59] INFO psi = -0.7835075937689414
16:32:43 apf.py[line:60] INFO tan(psi_hat) = [-0.7884994430759114, -2.601562713824249]
16:32:43 apf.py[line:62] INFO psi_hat = -2.8473062999016427
16:32:43 apf.py[line:65] INFO term1 = 1.8 * cos(1.0492919462990473 - -0.7835075937689414) + 0.04 * 9.16836420442278 = -0.0994940878486461
16:32:43 apf.py[line:69] INFO term1 = -0.0994940878486461
16:32:43 apf.py[line:73] INFO theta_term_tmp = 1.8 * sin(1.0492919462990473 - -2.8473062999016427)/1.2375329379574442 = -0.9967629119358511
16:32:43 apf.py[line:78] INFO [v, theta] = [1.2375329379574442, -4.337618640341189]
16:32:43 apf.py[line:161] INFO 
16:32:43 apf.py[line:162] INFO 712
16:32:43 apf.py[line:84] INFO [ 5.84241459  8.83479532 -0.90562564  1.30408749  0.31415927]
16:32:43 apf.py[line:85] INFO [array([4., 2.]), array([5., 4.]), array([5., 6.]), array([7., 9.])]
16:32:43 apf.py[line:49] INFO n = [5.16229844e-04 4.47688328e-03 3.51784913e-02 1.10955466e+00]
16:32:43 apf.py[line:50] INFO beta = [0.01000315 0.06014293 0.28478132 3.55153744]
16:32:43 apf.py[line:58] INFO theta_robo_ob = [-1.8341017180718115, -1.7433044530592505, -1.8596542767466167, 0.14175764819701858]
16:32:43 apf.py[line:59] INFO psi = -0.7793655140906014
16:32:43 apf.py[line:60] INFO tan(psi_hat) = [-0.8627098919860162, -2.7105035920957623]
16:32:43 apf.py[line:62] INFO psi_hat = -2.8334470984754683
16:32:43 apf.py[line:65] INFO term1 = 1.8 * cos(1.0618583169134066 - -0.7793655140906014) + 0.04 * 9.132794258005221 = -0.11554640083074857
16:32:43 apf.py[line:69] INFO term1 = -0.11554640083074857
16:32:43 apf.py[line:73] INFO theta_term_tmp = 1.8 * sin(1.0618583169134066 - -2.8334470984754683)/1.2372384441094326 = -0.9956295505062395
16:32:43 apf.py[line:78] INFO [v, theta] = [1.2372384441094326, -4.310716566233716]
16:32:43 apf.py[line:161] INFO 
16:32:43 apf.py[line:162] INFO 713
16:32:43 apf.py[line:84] INFO [ 5.85850878  8.81462833 -0.89724806  1.29008749  0.41887902]
16:32:43 apf.py[line:85] INFO [array([4., 2.]), array([5., 4.]), array([5., 6.]), array([7., 9.])]
16:32:43 apf.py[line:49] INFO n = [5.26171005e-04 4.54874323e-03 3.58456630e-02 1.15795921e+00]
16:32:43 apf.py[line:50] INFO beta = [0.01021363 0.06113408 0.2898726  3.6800238 ]
16:32:43 apf.py[line:58] INFO theta_robo_ob = [-1.8370447946536717, -1.7472543179520066, -1.8668492633657232, 0.16098892377642998]
16:32:43 apf.py[line:59] INFO psi = -0.7752320761845529
16:32:43 apf.py[line:60] INFO tan(psi_hat) = [-0.9424687928201037, -2.820191139441417]
16:32:43 apf.py[line:62] INFO psi_hat = -2.8190747690630955
16:32:43 apf.py[line:65] INFO term1 = 1.8 * cos(1.0744246875277659 - -0.7752320761845529) + 0.04 * 9.097196948546225 = -0.13158063697529565
16:32:43 apf.py[line:69] INFO term1 = -0.13158063697529565
16:32:43 apf.py[line:73] INFO theta_term_tmp = 1.8 * sin(1.0744246875277659 - -2.8190747690630955)/1.2364799154611243 = -0.9943217486765766
16:32:43 apf.py[line:78] INFO [v, theta] = [1.2364799154611243, -4.2832537123635825]
16:32:43 apf.py[line:161] INFO 
16:32:43 apf.py[line:162] INFO 714
16:32:43 apf.py[line:84] INFO [ 5.87463633  8.79484799 -0.88677608  1.27608749  0.52359878]
16:32:43 apf.py[line:85] INFO [array([4., 2.]), array([5., 4.]), array([5., 6.]), array([7., 9.])]
16:32:43 apf.py[line:49] INFO n = [5.35936094e-04 4.61982509e-03 3.65033013e-02 1.20779701e+00]
16:32:43 apf.py[line:50] INFO beta = [0.01042219 0.06212191 0.29492757 3.81173421]
16:32:43 apf.py[line:58] INFO theta_robo_ob = [-1.8399905570203503, -1.7512242831652154, -1.8740874083129673, 0.18031832261016362]
16:32:43 apf.py[line:59] INFO psi = -0.7711132455484918
16:32:43 apf.py[line:60] INFO tan(psi_hat) = [-1.027913858496273, -2.930794478820426]
16:32:43 apf.py[line:62] INFO psi_hat = -2.804268769059381
16:32:43 apf.py[line:65] INFO term1 = 1.8 * cos(1.0869910581421252 - -0.7711132455484918) + 0.04 * 9.061567179605897 = -0.14760615217636647
16:32:43 apf.py[line:69] INFO term1 = -0.14760615217636647
16:32:43 apf.py[line:73] INFO theta_term_tmp = 1.8 * sin(1.0869910581421252 - -2.804268769059381)/1.2353613555263865 = -0.9928361033410658
16:32:43 apf.py[line:78] INFO [v, theta] = [1.2353613555263865, -4.255294760575599]
16:32:43 apf.py[line:161] INFO 
16:32:43 apf.py[line:162] INFO 715
16:32:43 apf.py[line:84] INFO [ 5.89083152  8.77548664 -0.87420971  1.26208749  0.62831853]
16:32:43 apf.py[line:85] INFO [array([4., 2.]), array([5., 4.]), array([5., 6.]), array([7., 9.])]
16:32:43 apf.py[line:49] INFO n = [5.45489558e-04 4.68988501e-03 3.71481435e-02 1.25924243e+00]
16:32:43 apf.py[line:50] INFO beta = [0.01062824 0.06310403 0.29992799 3.94707962]
16:32:43 apf.py[line:58] INFO theta_robo_ob = [-1.842941948350445, -1.7552191962289754, -1.8813735549107562, 0.19971747576098886]
16:32:43 apf.py[line:59] INFO psi = -0.7670148977017658
16:32:43 apf.py[line:60] INFO tan(psi_hat) = [-1.1192101771712186, -3.0425473935733205]
16:32:43 apf.py[line:62] INFO psi_hat = -2.78910252398074
16:32:43 apf.py[line:65] INFO term1 = 1.8 * cos(1.0995574287564844 - -0.7670148977017658) + 0.04 * 9.025900852446105 = -0.16363199907442977
16:32:43 apf.py[line:69] INFO term1 = -0.16363199907442977
16:32:43 apf.py[line:73] INFO theta_term_tmp = 1.8 * sin(1.0995574287564844 - -2.78910252398074)/1.2339793522182598 = -0.9911689452697313
16:32:43 apf.py[line:78] INFO [v, theta] = [1.2339793522182598, -4.226901983533347]
16:32:43 apf.py[line:161] INFO 
16:32:43 apf.py[line:162] INFO 716
16:32:43 apf.py[line:84] INFO [ 5.90712603  8.75657691 -0.85954895  1.24808749  0.73303829]
16:32:43 apf.py[line:85] INFO [array([4., 2.]), array([5., 4.]), array([5., 6.]), array([7., 9.])]
16:32:43 apf.py[line:49] INFO n = [5.54794872e-04 4.75866719e-03 3.77767477e-02 1.31250489e+00]
16:32:43 apf.py[line:50] INFO beta = [0.01083118 0.06407789 0.30485449 4.08654434]
16:32:43 apf.py[line:58] INFO theta_robo_ob = [-1.8459015005443948, -1.759243293030745, -1.8887112918282436, 0.21915911095156138]
16:32:43 apf.py[line:59] INFO psi = -0.7629428188403194
16:32:43 apf.py[line:60] INFO tan(psi_hat) = [-1.2165573516375907, -3.155751522049471]
16:32:43 apf.py[line:62] INFO psi_hat = -2.773644252877841
16:32:43 apf.py[line:65] INFO term1 = 1.8 * cos(1.1121237993708437 - -0.7629428188403194) + 0.04 * 8.990195165767823 = -0.17966691039256344
16:32:43 apf.py[line:69] INFO term1 = -0.17966691039256344
16:32:43 apf.py[line:73] INFO theta_term_tmp = 1.8 * sin(1.1121237993708437 - -2.773644252877841)/1.2324243176108534 = -0.9893165434795197
16:32:43 apf.py[line:78] INFO [v, theta] = [1.2324243176108534, -4.1981358729220695]
16:32:43 apf.py[line:161] INFO 
16:32:43 apf.py[line:162] INFO 717
16:32:43 apf.py[line:84] INFO [ 5.92354877  8.73815187 -0.84279378  1.23408749  0.83775804]
16:32:43 apf.py[line:85] INFO [array([4., 2.]), array([5., 4.]), array([5., 6.]), array([7., 9.])]
16:32:43 apf.py[line:49] INFO n = [5.63814597e-04 4.82590417e-03 3.83855081e-02 1.36783197e+00]
16:32:43 apf.py[line:50] INFO beta = [0.01103038 0.06504082 0.30968669 4.23069125]
16:32:43 apf.py[line:58] INFO theta_robo_ob = [-1.8488712961355762, -1.7633001356936, -1.8961028328361174, 0.23861690561543486]
16:32:43 apf.py[line:59] INFO psi = -0.7589027049794412
16:32:43 apf.py[line:60] INFO tan(psi_hat) = [-1.3201968508826876, -3.2707795808325115]
16:32:43 apf.py[line:62] INFO psi_hat = -2.757957710269309
16:32:43 apf.py[line:65] INFO term1 = 1.8 * cos(1.124690169985203 - -0.7589027049794412) + 0.04 * 8.954448900711615 = -0.19571928019611318
16:32:43 apf.py[line:69] INFO term1 = -0.19571928019611318
16:32:43 apf.py[line:73] INFO theta_term_tmp = 1.8 * sin(1.124690169985203 - -2.757957710269309)/1.2307815325526563 = -0.9872753091250954
16:32:43 apf.py[line:78] INFO [v, theta] = [1.2307815325526563, -4.169055764591515]
16:32:43 apf.py[line:161] INFO 
16:32:43 apf.py[line:162] INFO 718
16:32:43 apf.py[line:84] INFO [ 5.94027096  8.72008815 -0.82394423  1.23078153  0.9424778 ]
16:32:43 apf.py[line:85] INFO [array([4., 2.]), array([5., 4.]), array([5., 6.]), array([7., 9.])]
16:32:43 apf.py[line:49] INFO n = [5.72586880e-04 4.89189319e-03 3.89758175e-02 1.42602305e+00]
16:32:43 apf.py[line:50] INFO beta = [0.01122675 0.06599761 0.31444119 4.38143862]
16:32:43 apf.py[line:58] INFO theta_robo_ob = [-1.8518791121695866, -1.7674285278089628, -1.9036144280828173, 0.25823759487627546]
16:32:43 apf.py[line:59] INFO psi = -0.7548985047210537
16:32:43 apf.py[line:60] INFO tan(psi_hat) = [-1.4314349555170713, -3.3890774139145976]
16:32:43 apf.py[line:62] INFO psi_hat = -2.7419541689011817
16:32:43 apf.py[line:65] INFO term1 = 1.8 * cos(1.1372565405995623 - -0.7548985047210537) + 0.04 * 8.918449319441935 = -0.21180285170944801
16:32:43 apf.py[line:69] INFO term1 = -0.21180285170944801
16:32:43 apf.py[line:73] INFO theta_term_tmp = 1.8 * sin(1.1372565405995623 - -2.7419541689011817)/1.2289379166342922 = -0.985036429389023
16:32:43 apf.py[line:78] INFO [v, theta] = [1.2289379166342922, -4.139539420328294]
16:32:43 apf.py[line:161] INFO 
16:32:43 apf.py[line:162] INFO 719
16:32:43 apf.py[line:84] INFO [ 5.95734216  8.70240513 -0.80300028  1.22893792  1.04719755]
16:32:43 apf.py[line:85] INFO [array([4., 2.]), array([5., 4.]), array([5., 6.]), array([7., 9.])]
16:32:43 apf.py[line:49] INFO n = [5.81078509e-04 4.95640239e-03 3.95441277e-02 1.48755616e+00]
16:32:43 apf.py[line:50] INFO beta = [0.0114198  0.06694624 0.3190991  4.5398575 ]
16:32:43 apf.py[line:58] INFO theta_robo_ob = [-1.854930584498271, -1.7716372293282678, -1.911257288841344, 0.2780270900977155]
16:32:43 apf.py[line:59] INFO psi = -0.7509362529775463
16:32:43 apf.py[line:60] INFO tan(psi_hat) = [-1.5509828627595308, -3.5113604300525276]
16:32:43 apf.py[line:62] INFO psi_hat = -2.7256588440961447
16:32:43 apf.py[line:65] INFO term1 = 1.8 * cos(1.1498229112139216 - -0.7509362529775463) + 0.04 * 8.882169575365255 = -0.22792738437980625
16:32:43 apf.py[line:69] INFO term1 = -0.22792738437980625
16:32:43 apf.py[line:73] INFO theta_term_tmp = 1.8 * sin(1.1498229112139216 - -2.7256588440961447)/1.226929732369648 = -0.9825931563330359
16:32:43 apf.py[line:78] INFO [v, theta] = [1.226929732369648, -4.109599188388339]
16:32:43 apf.py[line:161] INFO 
16:32:43 apf.py[line:162] INFO 720
16:32:43 apf.py[line:84] INFO [ 5.97478764  8.68514831 -0.77996193  1.22692973  1.15191731]
16:32:43 apf.py[line:85] INFO [array([4., 2.]), array([5., 4.]), array([5., 6.]), array([7., 9.])]
16:32:43 apf.py[line:49] INFO n = [5.89242401e-04 5.01909104e-03 4.00858467e-02 1.55290238e+00]
16:32:43 apf.py[line:50] INFO beta = [0.0116087  0.06788323 0.32363402 4.70696708]
16:32:43 apf.py[line:58] INFO theta_robo_ob = [-1.8580269019625149, -1.7759288552762036, -1.9190311029620648, 0.2979657609460658]
16:32:43 apf.py[line:59] INFO psi = -0.7470223451262222
16:32:43 apf.py[line:60] INFO tan(psi_hat) = [-1.6795091069520536, -3.638289539722043]
16:32:43 apf.py[line:62] INFO psi_hat = -2.709117232454018
16:32:43 apf.py[line:65] INFO term1 = 1.8 * cos(1.1623892818282808 - -0.7470223451262222) + 0.04 * 8.845617732194428 = -0.24410170381046242
16:32:43 apf.py[line:69] INFO term1 = -0.24410170381046242
16:32:43 apf.py[line:73] INFO theta_term_tmp = 1.8 * sin(1.1623892818282808 - -2.709117232454018)/1.2248204852486335 = -0.9799393569558436
16:32:43 apf.py[line:78] INFO [v, theta] = [1.2248204852486335, -4.0792742024887145]
16:32:44 apf.py[line:161] INFO 
16:32:44 apf.py[line:162] INFO 721
16:32:44 apf.py[line:84] INFO [ 5.99263055  8.66836424 -0.75482919  1.22482049  1.25663706]
16:32:44 apf.py[line:85] INFO [array([4., 2.]), array([5., 4.]), array([5., 6.]), array([7., 9.])]
16:32:44 apf.py[line:49] INFO n = [5.97030024e-04 5.07960176e-03 4.05961992e-02 1.62261169e+00]
16:32:44 apf.py[line:50] INFO beta = [0.01179263 0.06880492 0.32801818 4.88394331]
16:32:44 apf.py[line:58] INFO theta_robo_ob = [-1.8611688166109523, -1.7803053326613778, -1.9269339558634961, 0.31803466886328013]
16:32:44 apf.py[line:59] INFO psi = -0.7431632364882004
16:32:44 apf.py[line:60] INFO tan(psi_hat) = [-1.8177969446693476, -3.7706383245262343]
16:32:44 apf.py[line:62] INFO psi_hat = -2.6923732957158153
16:32:44 apf.py[line:65] INFO term1 = 1.8 * cos(1.17495565244264 - -0.7431632364882004) + 0.04 * 8.80880338891775 = -0.2603345092375297
16:32:44 apf.py[line:69] INFO term1 = -0.2603345092375297
16:32:44 apf.py[line:73] INFO theta_term_tmp = 1.8 * sin(1.17495565244264 - -2.6923732957158153)/1.222672479320062 = -0.9770690861711048
16:32:44 apf.py[line:78] INFO [v, theta] = [1.222672479320062, -4.048604520454957]
16:32:44 apf.py[line:161] INFO 
16:32:44 apf.py[line:162] INFO 722
16:32:44 apf.py[line:84] INFO [ 6.01089168  8.65210072 -0.72760205  1.22267248  1.36135682]
16:32:44 apf.py[line:85] INFO [array([4., 2.]), array([5., 4.]), array([5., 6.]), array([7., 9.])]
16:32:44 apf.py[line:49] INFO n = [6.04391520e-04 5.13756133e-03 4.10702659e-02 1.69732621e+00]
16:32:44 apf.py[line:50] INFO beta = [0.01197071 0.06970744 0.33222263 5.07214253]
16:32:44 apf.py[line:58] INFO theta_robo_ob = [-1.8643565903555803, -1.7847678119968593, -1.934962164877926, 0.3382153768567591]
16:32:44 apf.py[line:59] INFO psi = -0.7393654412590144
16:32:44 apf.py[line:60] INFO tan(psi_hat) = [-1.9667646236736813, -3.9093073788292925]
16:32:44 apf.py[line:62] INFO psi_hat = -2.675469737490117
16:32:44 apf.py[line:65] INFO term1 = 1.8 * cos(1.1875220230569994 - -0.7393654412590144) + 0.04 * 8.77173802817077 = -0.27663434575901846
16:32:44 apf.py[line:69] INFO term1 = -0.27663434575901846
16:32:44 apf.py[line:73] INFO theta_term_tmp = 1.8 * sin(1.1875220230569994 - -2.675469737490117)/1.2205471562960835 = -0.9739767800489659
16:32:44 apf.py[line:78] INFO [v, theta] = [1.2205471562960835, -4.017631518294]
16:32:44 apf.py[line:161] INFO 
16:32:44 apf.py[line:162] INFO 723
16:32:44 apf.py[line:84] INFO [ 6.02958921  8.63640689 -0.69828052  1.22054716  1.46607657]
16:32:44 apf.py[line:85] INFO [array([4., 2.]), array([5., 4.]), array([5., 6.]), array([7., 9.])]
16:32:44 apf.py[line:49] INFO n = [6.11275883e-04 5.19258196e-03 4.15030311e-02 1.77779639e+00]
16:32:44 apf.py[line:50] INFO beta = [0.01214201 0.07058667 0.33621733 5.27313047]
16:32:44 apf.py[line:58] INFO theta_robo_ob = [-1.8675899420695785, -1.7893165784661351, -1.94311012015275, 0.3584897292846307]
16:32:44 apf.py[line:59] INFO psi = -0.7356355302022052
16:32:44 apf.py[line:60] INFO tan(psi_hat) = [-2.127489327281974, -4.055341973587925]
16:32:44 apf.py[line:62] INFO psi_hat = -2.658448267244279
16:32:44 apf.py[line:65] INFO term1 = 1.8 * cos(1.2000883936713587 - -0.7356355302022052) + 0.04 * 8.734435357592531 = -0.29300957415022083
16:32:44 apf.py[line:69] INFO term1 = -0.29300957415022083
16:32:44 apf.py[line:73] INFO theta_term_tmp = 1.8 * sin(1.2000883936713587 - -2.658448267244279)/1.2185053828882777 = -0.9706574688222043
16:32:44 apf.py[line:78] INFO [v, theta] = [1.2185053828882777, -3.986398296741526]
16:32:44 apf.py[line:161] INFO 
16:32:44 apf.py[line:162] INFO 724
16:32:44 apf.py[line:84] INFO [ 6.04873839  8.62133336 -0.6668646   1.21850538  1.57079633]
16:32:44 apf.py[line:85] INFO [array([4., 2.]), array([5., 4.]), array([5., 6.]), array([7., 9.])]
16:32:44 apf.py[line:49] INFO n = [6.17631183e-04 5.24426303e-03 4.18894412e-02 1.86490124e+00]
16:32:44 apf.py[line:50] INFO beta = [0.0123056  0.07143831 0.33997148 5.48871784]
16:32:44 apf.py[line:58] INFO theta_robo_ob = [-1.8708679950865374, -1.7939509629114219, -1.951370134329227, 0.3788395993798682]
16:32:44 apf.py[line:59] INFO psi = -0.731980126648984
16:32:44 apf.py[line:60] INFO tan(psi_hat) = [-2.301235780220045, -4.20995396901043]
16:32:44 apf.py[line:62] INFO psi_hat = -2.6413498486707456
16:32:44 apf.py[line:65] INFO term1 = 1.8 * cos(1.212654764285718 - -0.731980126648984) + 0.04 * 8.696911646049783 = -0.3094683374243237
16:32:44 apf.py[line:69] INFO term1 = -0.3094683374243237
16:32:44 apf.py[line:73] INFO theta_term_tmp = 1.8 * sin(1.212654764285718 - -2.6413498486707456)/1.216607684074847 = -0.9671070104494811
16:32:44 apf.py[line:78] INFO [v, theta] = [1.216607684074847, -3.9549500908235076]
16:32:44 apf.py[line:161] INFO 
16:32:44 apf.py[line:162] INFO 725
16:32:44 apf.py[line:84] INFO [ 6.06835124  8.60693233 -0.63335427  1.21660768  1.67551608]
16:32:44 apf.py[line:85] INFO [array([4., 2.]), array([5., 4.]), array([5., 6.]), array([7., 9.])]
16:32:44 apf.py[line:49] INFO n = [6.23404838e-04 5.29219343e-03 4.22244727e-02 1.95967346e+00]
16:32:44 apf.py[line:50] INFO beta = [0.01246049 0.07225785 0.34345373 5.72100431]
16:32:44 apf.py[line:58] INFO theta_robo_ob = [-1.8741892250904706, -1.7986692529138584, -1.9597323034588532, 0.399246601050551]
16:32:44 apf.py[line:59] INFO psi = -0.7284059003148028
16:32:44 apf.py[line:60] INFO tan(psi_hat) = [-2.489490790034444, -4.37454915463496]
16:32:44 apf.py[line:62] INFO psi_hat = -2.6242149315159025
16:32:44 apf.py[line:65] INFO term1 = 1.8 * cos(1.2252211349000772 - -0.7284059003148028) + 0.04 * 8.659186056664465 = -0.32601852326805153
16:32:44 apf.py[line:69] INFO term1 = -0.32601852326805153
16:32:44 apf.py[line:73] INFO theta_term_tmp = 1.8 * sin(1.2252211349000772 - -2.6242149315159025)/1.2149144220758195 = -0.9633223444640657
16:32:44 apf.py[line:78] INFO [v, theta] = [1.2149144220758195, -3.9233346746668563]
16:32:44 apf.py[line:161] INFO 
16:32:44 apf.py[line:162] INFO 726
16:32:44 apf.py[line:84] INFO [ 6.08843631  8.59325765 -0.59774956  1.21491442  1.78023584]
16:32:44 apf.py[line:85] INFO [array([4., 2.]), array([5., 4.]), array([5., 6.]), array([7., 9.])]
16:32:44 apf.py[line:49] INFO n = [6.28543952e-04 5.33595435e-03 4.25032093e-02 2.06333105e+00]
16:32:44 apf.py[line:50] INFO beta = [0.01260567 0.0730406  0.34663256 5.97243319]
16:32:44 apf.py[line:58] INFO theta_robo_ob = [-1.8775514084214329, -1.8034686043358434, -1.968184381817747, 0.41969176009459924]
16:32:44 apf.py[line:59] INFO psi = -0.7249195583955531
16:32:44 apf.py[line:60] INFO tan(psi_hat) = [-2.6940053754361735, -4.550761534473942]
16:32:44 apf.py[line:62] INFO psi_hat = -2.6070836684746967
16:32:44 apf.py[line:65] INFO term1 = 1.8 * cos(1.2377875055144365 - -0.7249195583955531) + 0.04 * 8.6212809785319 = -0.3426677214364396
16:32:44 apf.py[line:69] INFO term1 = -0.3426677214364396
16:32:44 apf.py[line:73] INFO theta_term_tmp = 1.8 * sin(1.2377875055144365 - -2.6070836684746967)/1.2134859237910607 = -0.9593017647412276
16:32:44 apf.py[line:78] INFO [v, theta] = [1.2134859237910607, -3.8916027563226443]
16:32:44 apf.py[line:161] INFO 
16:32:44 apf.py[line:162] INFO 727
16:32:44 apf.py[line:84] INFO [ 6.1089983   8.58036487 -0.56005045  1.21348592  1.88495559]
16:32:44 apf.py[line:85] INFO [array([4., 2.]), array([5., 4.]), array([5., 6.]), array([7., 9.])]
16:32:44 apf.py[line:49] INFO n = [6.32995697e-04 5.37512277e-03 4.27209276e-02 2.17731719e+00]
16:32:44 apf.py[line:50] INFO beta = [0.0127401  0.07378169 0.34947666 6.24585953]
16:32:44 apf.py[line:58] INFO theta_robo_ob = [-1.8809515708678484, -1.8083449538117546, -1.976711673439492, 0.44015513835127035]
16:32:44 apf.py[line:59] INFO psi = -0.7215278333425431
16:32:44 apf.py[line:60] INFO tan(psi_hat) = [-2.9168466330176535, -4.740496535213074]
16:32:44 apf.py[line:62] INFO psi_hat = -2.5899961218697514
16:32:44 apf.py[line:65] INFO term1 = 1.8 * cos(1.2503538761287958 - -0.7215278333425431) + 0.04 * 8.583222358833538 = -0.3594231751324682
16:32:44 apf.py[line:69] INFO term1 = -0.3594231751324682
16:32:44 apf.py[line:73] INFO theta_term_tmp = 1.8 * sin(1.2503538761287958 - -2.5899961218697514)/1.2123825633959056 = -0.9550452087923889
16:32:44 apf.py[line:78] INFO [v, theta] = [1.2123825633959056, -3.8598083609912046]
16:32:44 apf.py[line:161] INFO 
16:32:44 apf.py[line:162] INFO 728
16:32:44 apf.py[line:84] INFO [ 6.13003778  8.56831129 -0.52025694  1.21238256  1.98967535]
16:32:44 apf.py[line:85] INFO [array([4., 2.]), array([5., 4.]), array([5., 6.]), array([7., 9.])]
16:32:44 apf.py[line:49] INFO n = [6.36707761e-04 5.40927551e-03 4.28731893e-02 2.30335097e+00]
16:32:44 apf.py[line:50] INFO beta = [0.01286273 0.07447613 0.35195535 6.54463573]
16:32:44 apf.py[line:58] INFO theta_robo_ob = [-1.8843859370805007, -1.8132929328131453, -1.9852969433068657, 0.46061540243981397]
16:32:44 apf.py[line:59] INFO psi = -0.7182374666384265
16:32:44 apf.py[line:60] INFO tan(psi_hat) = [-3.1604621640249624, -4.945985745782951]
16:32:44 apf.py[line:62] INFO psi_hat = -2.5729924685882337
16:32:44 apf.py[line:65] INFO term1 = 1.8 * cos(1.262920246743155 - -0.7182374666384265) + 0.04 * 8.545040036688595 = -0.37629172533352023
16:32:44 apf.py[line:69] INFO term1 = -0.37629172533352023
16:32:44 apf.py[line:73] INFO theta_term_tmp = 1.8 * sin(1.262920246743155 - -2.5729924685882337)/1.2116648116875028 = -0.9505545603792739
16:32:44 apf.py[line:78] INFO [v, theta] = [1.2116648116875028, -3.828009206000789]
16:32:44 apf.py[line:161] INFO 
16:32:44 apf.py[line:162] INFO 729
16:32:44 apf.py[line:84] INFO [ 6.15155082  8.55715593 -0.47836904  1.21166481  2.0943951 ]
16:32:44 apf.py[line:85] INFO [array([4., 2.]), array([5., 4.]), array([5., 6.]), array([7., 9.])]
16:32:44 apf.py[line:49] INFO n = [6.39628854e-04 5.43799388e-03 4.29559386e-02 2.44349218e+00]
16:32:44 apf.py[line:50] INFO beta = [0.01297248 0.07511882 0.35403907 6.87271962]
16:32:44 apf.py[line:58] INFO theta_robo_ob = [-1.8878498808316289, -1.818305784087263, -1.993920351223097, 0.4810493265471733]
16:32:44 apf.py[line:59] INFO psi = -0.7150551878101434
16:32:44 apf.py[line:60] INFO tan(psi_hat) = [-3.4277607910859467, -5.16985666722211]
16:32:44 apf.py[line:62] INFO psi_hat = -2.556113216165708
16:32:44 apf.py[line:65] INFO term1 = 1.8 * cos(1.2754866173575143 - -0.7150551878101434) + 0.04 * 8.506768079513527 = -0.3932797469682663
16:32:44 apf.py[line:69] INFO term1 = -0.3932797469682663
16:32:44 apf.py[line:73] INFO theta_term_tmp = 1.8 * sin(1.2754866173575143 - -2.556113216165708)/1.2113932695652052 = -0.945833961808566
16:32:44 apf.py[line:78] INFO [v, theta] = [1.2113932695652052, -3.7962670773904863]
16:32:44 apf.py[line:161] INFO 
16:32:44 apf.py[line:162] INFO 730
16:32:44 apf.py[line:84] INFO [ 6.1735072   8.54691353 -0.43648113  1.21139327  2.0943951 ]
16:32:44 apf.py[line:85] INFO [array([4., 2.]), array([5., 4.]), array([5., 6.]), array([7., 9.])]
16:32:44 apf.py[line:49] INFO n = [6.41746843e-04 5.46112658e-03 4.29685173e-02 2.59976682e+00]
16:32:44 apf.py[line:50] INFO beta = [0.01306897 0.07570748 0.35571818 7.23386274]
16:32:44 apf.py[line:58] INFO theta_robo_ob = [-1.8913370331885555, -1.8233733165919135, -2.002559344998973, 0.5014631042440275]
16:32:44 apf.py[line:59] INFO psi = -0.7119819235242243
16:32:44 apf.py[line:60] INFO tan(psi_hat) = [-3.7219361643018423, -5.414266907002791]
16:32:44 apf.py[line:62] INFO psi_hat = -2.5393520062739547
16:32:44 apf.py[line:65] INFO term1 = 1.8 * cos(1.2880529879718736 - -0.7119819235242243) + 0.04 * 8.468431267083147 = -0.41038419552545774
16:32:44 apf.py[line:69] INFO term1 = -0.41038419552545774
16:32:44 apf.py[line:73] INFO theta_term_tmp = 1.8 * sin(1.2880529879718736 - -2.5393520062739547)/1.2115635217739806 = -0.9408862103447257
16:32:44 apf.py[line:78] INFO [v, theta] = [1.2115635217739806, -3.764589205250579]
16:32:44 apf.py[line:161] INFO 
16:32:44 apf.py[line:162] INFO 731
16:32:44 apf.py[line:84] INFO [ 6.19587637  8.53759823 -0.39459323  1.21156352  2.0943951 ]
16:32:44 apf.py[line:85] INFO [array([4., 2.]), array([5., 4.]), array([5., 6.]), array([7., 9.])]
16:32:44 apf.py[line:49] INFO n = [6.43052450e-04 5.47854693e-03 4.29108219e-02 2.77457760e+00]
16:32:44 apf.py[line:50] INFO beta = [0.01315184 0.07623999 0.35698561 7.63245615]
16:32:44 apf.py[line:58] INFO theta_robo_ob = [-1.8948409585891268, -1.8284851402923723, -2.0111912616414207, 0.5218629502378681]
16:32:44 apf.py[line:59] INFO psi = -0.7090185847120589
16:32:44 apf.py[line:60] INFO tan(psi_hat) = [-4.046724616790452, -5.681715152060925]
16:32:44 apf.py[line:62] INFO psi_hat = -2.522701430053461
16:32:44 apf.py[line:65] INFO term1 = 1.8 * cos(1.300619358586233 - -0.7090185847120589) + 0.04 * 8.430054689774536 = -0.42760184664533823
16:32:44 apf.py[line:69] INFO term1 = -0.42760184664533823
16:32:44 apf.py[line:73] INFO theta_term_tmp = 1.8 * sin(1.300619358586233 - -2.522701430053461)/1.2121691021490295 = -0.9357147456982934
16:32:44 apf.py[line:78] INFO [v, theta] = [1.2121691021490295, -3.7329812468964896]
16:32:44 apf.py[line:161] INFO 
16:32:44 apf.py[line:162] INFO 732
16:32:44 apf.py[line:84] INFO [ 6.21862737  8.52922365 -0.35270533  1.2121691   2.0943951 ]
16:32:44 apf.py[line:85] INFO [array([4., 2.]), array([5., 4.]), array([5., 6.]), array([7., 9.])]
16:32:44 apf.py[line:49] INFO n = [6.43539341e-04 5.49015432e-03 4.27833070e-02 2.97078897e+00]
16:32:44 apf.py[line:50] INFO beta = [0.01322076 0.07671445 0.35783695 8.07366438]
16:32:44 apf.py[line:58] INFO theta_robo_ob = [-1.898355158209895, -1.8336306814207217, -2.0197934266405575, 0.5422550852404145]
16:32:44 apf.py[line:59] INFO psi = -0.7061660589235651
16:32:44 apf.py[line:60] INFO tan(psi_hat) = [-4.40652160259009, -5.975109363038578]
16:32:44 apf.py[line:62] INFO psi_hat = -2.5061528373205397
16:32:44 apf.py[line:65] INFO term1 = 1.8 * cos(1.3131857292005922 - -0.7061660589235651) + 0.04 * 8.391663809725785 = -0.4449292777618669
16:32:44 apf.py[line:69] INFO term1 = -0.4449292777618669
16:32:44 apf.py[line:73] INFO theta_term_tmp = 1.8 * sin(1.3131857292005922 - -2.5061528373205397)/1.2132012653439532 = -0.9303235274253854
16:32:44 apf.py[line:78] INFO [v, theta] = [1.2132012653439532, -3.7014468684310016]
16:32:45 apf.py[line:161] INFO 
16:32:45 apf.py[line:162] INFO 733
16:32:45 apf.py[line:84] INFO [ 6.24172875  8.52180281 -0.31081743  1.21320127  2.0943951 ]
16:32:45 apf.py[line:85] INFO [array([4., 2.]), array([5., 4.]), array([5., 6.]), array([7., 9.])]
16:32:45 apf.py[line:49] INFO n = [6.43204196e-04 5.49587545e-03 4.25869794e-02 3.19183491e+00]
16:32:45 apf.py[line:50] INFO beta = [0.01327545 0.07712911 0.35827049 8.56359349]
16:32:45 apf.py[line:58] INFO theta_robo_ob = [-1.9018730731885995, -1.8387991982758236, -2.0283432528196426, 0.5626457184680159]
16:32:45 apf.py[line:59] INFO psi = -0.7034252009880488
16:32:45 apf.py[line:60] INFO tan(psi_hat) = [-4.806527906942117, -6.2978517164696575]
16:32:45 apf.py[line:62] INFO psi_hat = -2.489696181279944
16:32:45 apf.py[line:65] INFO term1 = 1.8 * cos(1.3257520998149515 - -0.7034252009880488) + 0.04 * 8.353284520710819 = -0.4623628474129282
16:32:45 apf.py[line:69] INFO term1 = -0.4623628474129282
16:32:45 apf.py[line:73] INFO theta_term_tmp = 1.8 * sin(1.3257520998149515 - -2.489696181279944)/1.2146488164245322 = -0.9247168922735814
16:32:45 apf.py[line:78] INFO [v, theta] = [1.2146488164245322, -3.6699873648881813]
16:32:45 apf.py[line:161] INFO 
16:32:45 apf.py[line:162] INFO 734
16:32:45 apf.py[line:84] INFO [ 6.26514854  8.51534818 -0.26892953  1.21464882  2.0943951 ]
16:32:45 apf.py[line:85] INFO [array([4., 2.]), array([5., 4.]), array([5., 6.]), array([7., 9.])]
16:32:45 apf.py[line:49] INFO n = [6.42046768e-04 5.49566536e-03 4.23233826e-02 3.44185687e+00]
16:32:45 apf.py[line:50] INFO beta = [0.01331566 0.07748247 0.35828723 9.10950319]
16:32:45 apf.py[line:58] INFO theta_robo_ob = [-1.9053880880693368, -1.8439797980177877, -2.036818338419333, 0.5830410288838865]
16:32:45 apf.py[line:59] INFO psi = -0.7007968219162275
16:32:45 apf.py[line:60] INFO tan(psi_hat) = [-5.252934621007426, -6.6539451999454995]
16:32:45 apf.py[line:62] INFO psi_hat = -2.473319900859355
16:32:45 apf.py[line:65] INFO term1 = 1.8 * cos(1.3383184704293107 - -0.7007968219162275) + 0.04 * 8.314943204104416 = -0.4798986723566965
16:32:45 apf.py[line:69] INFO term1 = -0.4798986723566965
16:32:45 apf.py[line:73] INFO theta_term_tmp = 1.8 * sin(1.3383184704293107 - -2.473319900859355)/1.216498000969123 = -0.9188993954353615
16:32:45 apf.py[line:78] INFO [v, theta] = [1.216498000969123, -3.638601328560409]
16:32:45 apf.py[line:161] INFO 
16:32:45 apf.py[line:162] INFO 735
16:32:45 apf.py[line:84] INFO [ 6.28885411  8.5098716  -0.22704162  1.216498    2.0943951 ]
16:32:45 apf.py[line:85] INFO [array([4., 2.]), array([5., 4.]), array([5., 6.]), array([7., 9.])]
16:32:45 apf.py[line:49] INFO n = [6.40069932e-04 5.48950825e-03 4.19945733e-02 3.72588157e+00]
16:32:45 apf.py[line:50] INFO beta = [0.01334118 0.07777324 0.35789087 9.72007694]
16:32:45 apf.py[line:58] INFO theta_robo_ob = [-1.9088935348652782, -1.8491614549508217, -2.045196564147155, 0.6034471463640921]
16:32:45 apf.py[line:59] INFO psi = -0.6982816760321212
16:32:45 apf.py[line:60] INFO tan(psi_hat) = [-5.753159049220649, -7.048128451005876]
16:32:45 apf.py[line:62] INFO psi_hat = -2.457010841441836
16:32:45 apf.py[line:65] INFO term1 = 1.8 * cos(1.35088484104367 - -0.6982816760321212) + 0.04 * 8.27666677827545 = -0.4975326027400064
16:32:45 apf.py[line:69] INFO term1 = -0.4975326027400064
16:32:45 apf.py[line:73] INFO theta_term_tmp = 1.8 * sin(1.35088484104367 - -2.457010841441836)/1.2187324558439232 = -0.9128756403304832
16:32:45 apf.py[line:78] INFO [v, theta] = [1.2187324558439232, -3.6072843730280146]
16:32:45 apf.py[line:161] INFO 
16:32:45 apf.py[line:162] INFO 736
16:32:45 apf.py[line:84] INFO [ 6.31281215  8.50538429 -0.18515372  1.21873246  2.0943951 ]
16:32:45 apf.py[line:85] INFO [array([4., 2.]), array([5., 4.]), array([5., 6.]), array([7., 9.])]
16:32:45 apf.py[line:49] INFO n = [6.37279716e-04 5.47741805e-03 4.16030897e-02 4.05005234e+00]
16:32:45 apf.py[line:50] INFO beta = [ 0.01335185  0.07800037  0.35708772 10.40576879]
16:32:45 apf.py[line:58] INFO theta_robo_ob = [-1.9123826981374157, -1.8543330307922379, -2.053456188934138, 0.6238701340110547]
16:32:45 apf.py[line:59] INFO psi = -0.6958804463797483
16:32:45 apf.py[line:60] INFO tan(psi_hat) = [-6.31614818949071, -7.486047788663773]
16:32:45 apf.py[line:62] INFO psi_hat = -2.4407542135117217
16:32:45 apf.py[line:65] INFO term1 = 1.8 * cos(1.3634512116580293 - -0.6958804463797483) + 0.04 * 8.238482738818659 = -0.515260195667613
16:32:45 apf.py[line:69] INFO term1 = -0.515260195667613
16:32:45 apf.py[line:73] INFO theta_term_tmp = 1.8 * sin(1.3634512116580293 - -2.4407542135117217)/1.22133321855887 = -0.9066501018827192
16:32:45 apf.py[line:78] INFO [v, theta] = [1.22133321855887, -3.5760289180333347]
16:32:45 apf.py[line:161] INFO 
16:32:45 apf.py[line:162] INFO 737
16:32:45 apf.py[line:84] INFO [ 6.33698856  8.50189674 -0.14326582  1.22133322  2.0943951 ]
16:32:45 apf.py[line:85] INFO [array([4., 2.]), array([5., 4.]), array([5., 6.]), array([7., 9.])]
16:32:45 apf.py[line:49] INFO n = [6.33685313e-04 5.45943878e-03 4.11519126e-02 4.42193295e+00]
16:32:45 apf.py[line:50] INFO beta = [ 0.01334755  0.07816308  0.35588663 11.17925306]
16:32:45 apf.py[line:58] INFO theta_robo_ob = [-1.9158488214689238, -1.8594832973928468, -2.061575944106566, 0.6443159728556077]
16:32:45 apf.py[line:59] INFO psi = -0.693593728504919
16:32:45 apf.py[line:60] INFO tan(psi_hat) = [-6.952772799579873, -7.974478725557156]
16:32:45 apf.py[line:62] INFO psi_hat = -2.424533587592723
16:32:45 apf.py[line:65] INFO term1 = 1.8 * cos(1.3760175822723886 - -0.693593728504919) + 0.04 * 8.200419187206297 = -0.5330766876152444
16:32:45 apf.py[line:69] INFO term1 = -0.5330766876152444
16:32:45 apf.py[line:73] INFO theta_term_tmp = 1.8 * sin(1.3760175822723886 - -2.424533587592723)/1.2242787911568265 = -0.9002269482662634
16:32:45 apf.py[line:78] INFO [v, theta] = [1.2242787911568265, -3.54482403780354]
16:32:45 apf.py[line:161] INFO 
16:32:45 apf.py[line:162] INFO 738
16:32:45 apf.py[line:84] INFO [ 6.36134842  8.49941869 -0.10137792  1.22427879  2.0943951 ]
16:32:45 apf.py[line:85] INFO [array([4., 2.]), array([5., 4.]), array([5., 6.]), array([7., 9.])]
16:32:45 apf.py[line:49] INFO n = [6.29299086e-04 5.43564457e-03 4.06444201e-02 4.85091077e+00]
16:32:45 apf.py[line:50] INFO beta = [ 0.01332819  0.07826083  0.35429885 12.05601314]
16:32:45 apf.py[line:58] INFO theta_robo_ob = [-1.919285115675035, -1.864600962307319, -2.0695351256100145, 0.6647905501906946]
16:32:45 apf.py[line:59] INFO psi = -0.6914220127647713
16:32:45 apf.py[line:60] INFO tan(psi_hat) = [-7.676344264346246, -8.521614038710513]
16:32:45 apf.py[line:62] INFO psi_hat = -2.4083309228728997
16:32:45 apf.py[line:65] INFO term1 = 1.8 * cos(1.3885839528867479 - -0.6914220127647713) + 0.04 * 8.162504845697807 = -0.5509769662110743
16:32:45 apf.py[line:69] INFO term1 = -0.5509769662110743
16:32:45 apf.py[line:73] INFO theta_term_tmp = 1.8 * sin(1.3885839528867479 - -2.4083309228728997)/1.2275452530105289 = -0.8936098657835752
16:32:45 apf.py[line:78] INFO [v, theta] = [1.2275452530105289, -3.5136553728637763]
16:32:45 apf.py[line:161] INFO 
16:32:45 apf.py[line:162] INFO 739
16:32:45 apf.py[line:84] INFO [ 6.38585589  8.49795902 -0.05949002  1.22754525  2.0943951 ]
16:32:45 apf.py[line:85] INFO [array([4., 2.]), array([5., 4.]), array([5., 6.]), array([7., 9.])]
16:32:45 apf.py[line:49] INFO n = [6.24136541e-04 5.40613947e-03 4.00843375e-02 5.34873769e+00]
16:32:45 apf.py[line:50] INFO beta = [ 0.01329376  0.07829337  0.35233786 13.05512087]
16:32:45 apf.py[line:58] INFO theta_robo_ob = [-1.9226847690306905, -1.869674697516709, -2.0773136838268798, 0.6852996527782171]
16:32:45 apf.py[line:59] INFO psi = -0.6893656653653001
16:32:45 apf.py[line:60] INFO tan(psi_hat) = [-8.50329995094615, -9.13744244529563]
16:32:45 apf.py[line:62] INFO psi_hat = -2.3921266260933542
16:32:45 apf.py[line:65] INFO term1 = 1.8 * cos(1.4011503235011071 - -0.6893656653653001) + 0.04 * 8.124769056671195 = -0.5689555419770327
16:32:45 apf.py[line:69] INFO term1 = -0.5689555419770327
16:32:45 apf.py[line:73] INFO theta_term_tmp = 1.8 * sin(1.4011503235011071 - -2.3921266260933542)/1.2311064157300757 = -0.8868018909352949
16:32:45 apf.py[line:78] INFO [v, theta] = [1.2311064157300757, -3.4825051029162517]
16:32:45 apf.py[line:161] INFO 
16:32:45 apf.py[line:162] INFO 740
16:32:45 apf.py[line:84] INFO [ 6.41047421  8.49752564 -0.01760211  1.23110642  2.0943951 ]
16:32:45 apf.py[line:85] INFO [array([4., 2.]), array([5., 4.]), array([5., 6.]), array([7., 9.])]
16:32:45 apf.py[line:49] INFO n = [6.18216290e-04 5.37105689e-03 3.94756829e-02 5.93026454e+00]
16:32:45 apf.py[line:50] INFO beta = [1.32442783e-02 7.82607034e-02 3.50019209e-01 1.42002806e+01]
16:32:45 apf.py[line:58] INFO theta_robo_ob = [-1.9260409597263664, -1.8746931714854818, -2.0848923104213615, 0.7058489661791433]
16:32:45 apf.py[line:59] INFO psi = -0.68742490836864
16:32:45 apf.py[line:60] INFO tan(psi_hat) = [-9.454122766743609, -9.834252222141071]
16:32:45 apf.py[line:62] INFO psi_hat = -2.375899636625528
16:32:45 apf.py[line:65] INFO term1 = 1.8 * cos(1.4137166941154664 - -0.68742490836864) + 0.04 * 8.087241764916085 = -0.5870065206715169
16:32:45 apf.py[line:69] INFO term1 = -0.5870065206715169
16:32:45 apf.py[line:73] INFO theta_term_tmp = 1.8 * sin(1.4137166941154664 - -2.375899636625528)/1.2349340126175843 = -0.8798052529084742
16:32:45 apf.py[line:78] INFO [v, theta] = [1.2349340126175843, -3.451351976091658]
16:32:45 apf.py[line:161] INFO 
16:32:45 apf.py[line:162] INFO 741
16:32:45 apf.py[line:84] INFO [6.4351656  8.49812541 0.02428579 1.23493401 2.0943951 ]
16:32:45 apf.py[line:85] INFO [array([4., 2.]), array([5., 4.]), array([5., 6.]), array([7., 9.])]
16:32:45 apf.py[line:49] INFO n = [6.11559983e-04 5.33055881e-03 3.88227105e-02 6.61445140e+00]
16:32:45 apf.py[line:50] INFO beta = [1.31798173e-02 7.81631410e-02 3.47360310e-01 1.55212457e+01]
16:32:45 apf.py[line:58] INFO theta_robo_ob = [-1.9293468706806174, -1.8796450845993484, -2.0922525215414964, 0.7264440814918345]
16:32:45 apf.py[line:59] INFO psi = -0.6855997989463605
16:32:45 apf.py[line:60] INFO tan(psi_hat) = [-10.554590901295642, -10.627309561453227]
16:32:45 apf.py[line:62] INFO psi_hat = -2.359627533162361
16:32:45 apf.py[line:65] INFO term1 = 1.8 * cos(1.4262830647298257 - -0.6855997989463605) + 0.04 * 8.049953481836907 = -0.6051235769077314
16:32:45 apf.py[line:69] INFO term1 = -0.6051235769077314
16:32:45 apf.py[line:73] INFO theta_term_tmp = 1.8 * sin(1.4262830647298257 - -2.359627533162361)/1.23899791471539 = -0.8726212287062302
16:32:45 apf.py[line:78] INFO [v, theta] = [1.23899791471539, -3.4201713878760387]
16:32:45 apf.py[line:161] INFO 
16:32:45 apf.py[line:162] INFO 742
16:32:45 apf.py[line:84] INFO [6.45989133 8.49976399 0.06617369 1.23899791 2.0943951 ]
16:32:45 apf.py[line:85] INFO [array([4., 2.]), array([5., 4.]), array([5., 6.]), array([7., 9.])]
16:32:45 apf.py[line:49] INFO n = [6.04192217e-04 5.28483458e-03 3.81298521e-02 7.42577706e+00]
16:32:45 apf.py[line:50] INFO beta = [1.31005058e-02 7.80012662e-02 3.44380195e-01 1.70557677e+01]
16:32:45 apf.py[line:58] INFO theta_robo_ob = [-1.9325957067504962, -1.8845192078859925, -2.099376736619786, 0.7470905108630527]
16:32:45 apf.py[line:59] INFO psi = -0.6838902081819748
16:32:45 apf.py[line:60] INFO tan(psi_hat) = [-11.837500300861517, -11.535785077184778]
16:32:45 apf.py[line:62] INFO psi_hat = -2.343286657077049
16:32:45 apf.py[line:65] INFO term1 = 1.8 * cos(1.438849435344185 - -0.6838902081819748) + 0.04 * 8.012935230937767 = -0.6232999297367718
16:32:45 apf.py[line:69] INFO term1 = -0.6232999297367718
16:32:45 apf.py[line:73] INFO theta_term_tmp = 1.8 * sin(1.438849435344185 - -2.343286657077049)/1.2432663654271923 = -0.865250012035873
16:32:45 apf.py[line:78] INFO [v, theta] = [1.2432663654271923, -3.3889355013130915]
16:32:45 apf.py[line:161] INFO 
16:32:45 apf.py[line:162] INFO 743
16:32:45 apf.py[line:84] INFO [6.48461161 8.50244576 0.10806159 1.24326637 2.0943951 ]
16:32:45 apf.py[line:85] INFO [array([4., 2.]), array([5., 4.]), array([5., 6.]), array([7., 9.])]
16:32:45 apf.py[line:49] INFO n = [5.96140425e-04 5.23409955e-03 3.74016585e-02 8.39623648e+00]
16:32:45 apf.py[line:50] INFO beta = [1.30065246e-02 7.77759495e-02 3.41099293e-01 1.88523191e+01]
16:32:45 apf.py[line:58] INFO theta_robo_ob = [-1.9357807142924432, -1.8893044247763335, -2.106248351953365, 0.7677937132822014]
16:32:45 apf.py[line:59] INFO psi = -0.6822957997450567
16:32:45 apf.py[line:60] INFO tan(psi_hat) = [-13.345075486407554, -12.584038696338826]
16:32:45 apf.py[line:62] INFO psi_hat = -2.3268522472246316
16:32:45 apf.py[line:65] INFO term1 = 1.8 * cos(1.4514158059585442 - -0.6822957997450567) + 0.04 * 7.976218474382498 = -0.6415283208821634
16:32:45 apf.py[line:69] INFO term1 = -0.6415283208821634
16:32:45 apf.py[line:73] INFO theta_term_tmp = 1.8 * sin(1.4514158059585442 - -2.3268522472246316)/1.2477062258765401 = -0.8576905959216563
16:32:45 apf.py[line:78] INFO [v, theta] = [1.2477062258765401, -3.3576133986732355]
16:32:45 apf.py[line:161] INFO 
16:32:45 apf.py[line:162] INFO 744
16:32:45 apf.py[line:84] INFO [6.50928572 8.50617361 0.14994949 1.24770623 2.0943951 ]
16:32:45 apf.py[line:85] INFO [array([4., 2.]), array([5., 4.]), array([5., 6.]), array([7., 9.])]
16:32:45 apf.py[line:49] INFO n = [5.87434733e-04 5.17859326e-03 3.66427424e-02 9.56821993e+00]
16:32:45 apf.py[line:50] INFO beta = [1.28981089e-02 7.74883440e-02 3.37539184e-01 2.09739638e+01]
16:32:45 apf.py[line:58] INFO theta_robo_ob = [-1.9388952029405797, -1.8939897755268043, -2.112851808219698, 0.7885591324086911]
16:32:45 apf.py[line:59] INFO psi = -0.6808160087708218
16:32:45 apf.py[line:60] INFO tan(psi_hat) = [-15.132401447485451, -13.803431804155547]
16:32:45 apf.py[line:62] INFO psi_hat = -2.310298580731404
16:32:45 apf.py[line:65] INFO term1 = 1.8 * cos(1.4639821765729035 - -0.6808160087708218) + 0.04 * 7.939835020830686 = -0.6598009962934728
16:32:45 apf.py[line:69] INFO term1 = -0.6598009962934728
16:32:45 apf.py[line:73] INFO theta_term_tmp = 1.8 * sin(1.4639821765729035 - -2.310298580731404)/1.2522832235189212 = -0.8499406678553892
16:32:45 apf.py[line:78] INFO [v, theta] = [1.2522832235189212, -3.3261712536198926]
16:32:46 apf.py[line:161] INFO 
16:32:46 apf.py[line:162] INFO 745
16:32:46 apf.py[line:84] INFO [6.53387194 8.51094889 0.1918374  1.25228322 2.0943951 ]
16:32:46 apf.py[line:85] INFO [array([4., 2.]), array([5., 4.]), array([5., 6.]), array([7., 9.])]
16:32:46 apf.py[line:49] INFO n = [5.78107790e-04 5.11857745e-03 3.58577229e-02 1.09987424e+01]
16:32:46 apf.py[line:50] INFO beta = [1.27755481e-02 7.71398795e-02 3.33722348e-01 2.35039602e+01]
16:32:46 apf.py[line:58] INFO theta_robo_ob = [-1.9419325693900873, -1.898564503799852, -2.119172651099168, 0.809392248548825]
16:32:46 apf.py[line:59] INFO psi = -0.6794500212829564
16:32:46 apf.py[line:60] INFO tan(psi_hat) = [-17.27240159036628, -15.234931118242201]
16:32:46 apf.py[line:62] INFO psi_hat = -2.2935991140793823
16:32:46 apf.py[line:65] INFO term1 = 1.8 * cos(1.4765485471872628 - -0.6794500212829564) + 0.04 * 7.903816915132291 = -0.6781096916519231
16:32:46 apf.py[line:69] INFO term1 = -0.6781096916519231
16:32:46 apf.py[line:73] INFO theta_term_tmp = 1.8 * sin(1.4765485471872628 - -2.2935991140793823)/1.2569621969469735 = -0.8419965151636617
16:32:46 apf.py[line:78] INFO [v, theta] = [1.2569621969469735, -3.294572511900102]
16:32:46 apf.py[line:161] INFO 
16:32:46 apf.py[line:162] INFO 746
16:32:46 apf.py[line:84] INFO [6.55832765 8.51677121 0.2337253  1.2569622  2.0943951 ]
16:32:46 apf.py[line:85] INFO [array([4., 2.]), array([5., 4.]), array([5., 6.]), array([7., 9.])]
16:32:46 apf.py[line:49] INFO n = [5.68194581e-04 5.05433377e-03 3.50511736e-02 1.27657884e+01]
16:32:46 apf.py[line:50] INFO beta = [1.26391856e-02 7.67322548e-02 3.29671919e-01 2.65540460e+01]
16:32:46 apf.py[line:58] INFO theta_robo_ob = [-1.9448863229034075, -1.9030181047958972, -2.125197584232747, 0.8302986474370966]
16:32:46 apf.py[line:59] INFO psi = -0.6781967544941109
16:32:46 apf.py[line:60] INFO tan(psi_hat) = [-19.86321066151619, -16.932928790796026]
16:32:46 apf.py[line:62] INFO psi_hat = -2.2767266184787553
16:32:46 apf.py[line:65] INFO term1 = 1.8 * cos(1.489114917801622 - -0.6781967544941109) + 0.04 * 7.868196310811653 = -0.696445622411634
16:32:46 apf.py[line:69] INFO term1 = -0.696445622411634
16:32:46 apf.py[line:73] INFO theta_term_tmp = 1.8 * sin(1.489114917801622 - -2.2767266184787553)/1.2617073302178217 = -0.8338529371468207
16:32:46 apf.py[line:78] INFO [v, theta] = [1.2617073302178217, -3.262778067604275]
16:32:46 apf.py[line:161] INFO 
16:32:46 apf.py[line:162] INFO 747
16:32:46 apf.py[line:84] INFO [6.58260942 8.52363836 0.2756132  1.26170733 2.0943951 ]
16:32:46 apf.py[line:85] INFO [array([4., 2.]), array([5., 4.]), array([5., 6.]), array([7., 9.])]
16:32:46 apf.py[line:49] INFO n = [5.57732201e-04 4.98616131e-03 3.42275742e-02 1.49780575e+01]
16:32:46 apf.py[line:50] INFO beta = [1.24894182e-02 7.62674262e-02 3.25411439e-01 3.02769779e+01]
16:32:46 apf.py[line:58] INFO theta_robo_ob = [-1.9477501121985679, -1.9073403742493222, -2.130914513839043, 0.8512841092489934]
16:32:46 apf.py[line:59] INFO psi = -0.6770548383079731
16:32:46 apf.py[line:60] INFO tan(psi_hat) = [-23.039353615718344, -18.970979014586117]
16:32:46 apf.py[line:62] INFO psi_hat = -2.2596533030436836
16:32:46 apf.py[line:65] INFO term1 = 1.8 * cos(1.5016812884159814 - -0.6770548383079731) + 0.04 * 7.833005326580153 = -0.7147994788971727
16:32:46 apf.py[line:69] INFO term1 = -0.7147994788971727
16:32:46 apf.py[line:73] INFO theta_term_tmp = 1.8 * sin(1.5016812884159814 - -2.2596533030436836)/1.2664823702716872 = -0.8255031593903142
16:32:46 apf.py[line:78] INFO [v, theta] = [1.2664823702716872, -3.2307464208892114]
16:32:46 apf.py[line:161] INFO 
16:32:46 apf.py[line:162] INFO 748
16:32:46 apf.py[line:84] INFO [6.60667306 8.53154611 0.3175011  1.26648237 2.0943951 ]
16:32:46 apf.py[line:85] INFO [array([4., 2.]), array([5., 4.]), array([5., 6.]), array([7., 9.])]
16:32:46 apf.py[line:49] INFO n = [5.46759627e-04 4.91437388e-03 3.33912681e-02 1.77903355e+01]
16:32:46 apf.py[line:50] INFO beta = [1.23266947e-02 7.57475948e-02 3.20964624e-01 3.48860182e+01]
16:32:46 apf.py[line:58] INFO theta_robo_ob = [-1.9505177533334732, -1.9115214575462638, -2.1363125844455464, 0.8723547223651674]
16:32:46 apf.py[line:59] INFO psi = -0.6760225983292524
16:32:46 apf.py[line:60] INFO tan(psi_hat) = [-26.989149075674227, -21.45064248416255]
16:32:46 apf.py[line:62] INFO psi_hat = -2.242350918534038
16:32:46 apf.py[line:65] INFO term1 = 1.8 * cos(1.5142476590303406 - -0.6760225983292524) + 0.04 * 7.798275888381638 = -0.7331614269024145
16:32:46 apf.py[line:69] INFO term1 = -0.7331614269024145
16:32:46 apf.py[line:73] INFO theta_term_tmp = 1.8 * sin(1.5142476590303406 - -2.242350918534038)/1.2712508209712798 = -0.8169387443803338
16:32:46 apf.py[line:78] INFO [v, theta] = [1.2712508209712798, -3.198433801484759]
